Timestamp        S0C    S1C    S0U    S1U      EC       EU        OC         OU       MC     MU    CCSC   CCSU   YGC     YGCT    FGC    FGCT    CGC    CGCT     GCT   
          224.7 4672.0 4672.0 3165.0  0.0   37504.0  24402.1   93560.0    55358.3   93312.0 90415.3 12928.0 11891.1    246    1.505   5      0.571   -          -    2.076
          225.7 4672.0 4672.0 3165.0  0.0   37504.0  24402.1   93560.0    55358.3   93312.0 90415.3 12928.0 11891.1    246    1.505   5      0.571   -          -    2.076
          226.7 4672.0 4672.0 3165.0  0.0   37504.0  24402.1   93560.0    55358.3   93312.0 90415.3 12928.0 11891.1    246    1.505   5      0.571   -          -    2.076
          227.7 4672.0 4672.0 3165.0  0.0   37504.0  24402.1   93560.0    55358.3   93312.0 90415.3 12928.0 11891.1    246    1.505   5      0.571   -          -    2.076
          228.7 4672.0 4672.0 3165.0  0.0   37504.0  24402.1   93560.0    55358.3   93312.0 90415.3 12928.0 11891.1    246    1.505   5      0.571   -          -    2.076
          229.7 4672.0 4672.0 3165.0  0.0   37504.0  24402.1   93560.0    55358.3   93312.0 90415.3 12928.0 11891.1    246    1.505   5      0.571   -          -    2.076
          230.7 4672.0 4672.0 3165.0  0.0   37504.0  24477.1   93560.0    55358.3   93312.0 90415.3 12928.0 11891.1    246    1.505   5      0.571   -          -    2.076
          231.7 4672.0 4672.0 3165.0  0.0   37504.0  24477.1   93560.0    55358.3   93312.0 90415.3 12928.0 11891.1    246    1.505   5      0.571   -          -    2.076
          232.7 4672.0 4672.0 3165.0  0.0   37504.0  24477.1   93560.0    55358.3   93312.0 90415.3 12928.0 11891.1    246    1.505   5      0.571   -          -    2.076
          233.7 4672.0 4672.0 3165.0  0.0   37504.0  24477.1   93560.0    55358.3   93312.0 90415.3 12928.0 11891.1    246    1.505   5      0.571   -          -    2.076
          234.7 4672.0 4672.0 3165.0  0.0   37504.0  24477.1   93560.0    55358.3   93312.0 90415.3 12928.0 11891.1    246    1.505   5      0.571   -          -    2.076
          235.7 4672.0 4672.0 3165.0  0.0   37504.0  24477.1   93560.0    55358.3   93312.0 90415.3 12928.0 11891.1    246    1.505   5      0.571   -          -    2.076
          236.7 4672.0 4672.0 3165.0  0.0   37504.0  24477.1   93560.0    55358.3   93312.0 90415.3 12928.0 11891.1    246    1.505   5      0.571   -          -    2.076
          237.7 4672.0 4672.0 3165.0  0.0   37504.0  24477.1   93560.0    55358.3   93312.0 90415.3 12928.0 11891.1    246    1.505   5      0.571   -          -    2.076
          238.7 4672.0 4672.0 3165.0  0.0   37504.0  24477.1   93560.0    55358.3   93312.0 90415.3 12928.0 11891.1    246    1.505   5      0.571   -          -    2.076
          239.7 4672.0 4672.0 3165.0  0.0   37504.0  24477.1   93560.0    55358.3   93312.0 90415.3 12928.0 11891.1    246    1.505   5      0.571   -          -    2.076
          240.7 4672.0 4672.0 3165.0  0.0   37504.0  24552.2   93560.0    55358.3   93312.0 90415.3 12928.0 11891.1    246    1.505   5      0.571   -          -    2.076
          241.7 4672.0 4672.0 3165.0  0.0   37504.0  24552.2   93560.0    55358.3   93312.0 90415.3 12928.0 11891.1    246    1.505   5      0.571   -          -    2.076
          242.7 4672.0 4672.0 3165.0  0.0   37504.0  24552.2   93560.0    55358.3   93312.0 90415.3 12928.0 11891.1    246    1.505   5      0.571   -          -    2.076
          243.7 4672.0 4672.0 3165.0  0.0   37504.0  24552.2   93560.0    55358.3   93312.0 90415.3 12928.0 11891.1    246    1.505   5      0.571   -          -    2.076
          244.7 4672.0 4672.0 3165.0  0.0   37504.0  24552.2   93560.0    55358.3   93312.0 90415.3 12928.0 11891.1    246    1.505   5      0.571   -          -    2.076
          245.7 4672.0 4672.0 3165.0  0.0   37504.0  24552.2   93560.0    55358.3   93312.0 90415.3 12928.0 11891.1    246    1.505   5      0.571   -          -    2.076
          246.7 4672.0 4672.0 3165.0  0.0   37504.0  24552.2   93560.0    55358.3   93312.0 90415.3 12928.0 11891.1    246    1.505   5      0.571   -          -    2.076
          247.7 4672.0 4672.0 3165.0  0.0   37504.0  24552.2   93560.0    55358.3   93312.0 90415.3 12928.0 11891.1    246    1.505   5      0.571   -          -    2.076
          248.7 4672.0 4672.0 3165.0  0.0   37504.0  24552.2   93560.0    55358.3   93312.0 90415.3 12928.0 11891.1    246    1.505   5      0.571   -          -    2.076
          249.7 4672.0 4672.0 3165.0  0.0   37504.0  24552.2   93560.0    55358.3   93312.0 90415.3 12928.0 11891.1    246    1.505   5      0.571   -          -    2.076
          250.7 4672.0 4672.0 3165.0  0.0   37504.0  24702.5   93560.0    55358.3   93312.0 90415.3 12928.0 11891.1    246    1.505   5      0.571   -          -    2.076
          251.7 4672.0 4672.0 3165.0  0.0   37504.0  24702.5   93560.0    55358.3   93312.0 90415.3 12928.0 11891.1    246    1.505   5      0.571   -          -    2.076
          252.7 4672.0 4672.0 3165.0  0.0   37504.0  24702.5   93560.0    55358.3   93312.0 90415.3 12928.0 11891.1    246    1.505   5      0.571   -          -    2.076
          253.7 4672.0 4672.0 3165.0  0.0   37504.0  24702.5   93560.0    55358.3   93312.0 90415.3 12928.0 11891.1    246    1.505   5      0.571   -          -    2.076
          254.7 4672.0 4672.0 3165.0  0.0   37504.0  24702.5   93560.0    55358.3   93312.0 90415.3 12928.0 11891.1    246    1.505   5      0.571   -          -    2.076
          255.7 4672.0 4672.0 3165.0  0.0   37504.0  24702.5   93560.0    55358.3   93312.0 90415.3 12928.0 11891.1    246    1.505   5      0.571   -          -    2.076
          256.7 4672.0 4672.0 3165.0  0.0   37504.0  24702.5   93560.0    55358.3   93312.0 90415.3 12928.0 11891.1    246    1.505   5      0.571   -          -    2.076
          257.7 4672.0 4672.0 3165.0  0.0   37504.0  24702.5   93560.0    55358.3   93312.0 90415.3 12928.0 11891.1    246    1.505   5      0.571   -          -    2.076
          258.7 4672.0 4672.0 3165.0  0.0   37504.0  24702.5   93560.0    55358.3   93312.0 90415.3 12928.0 11891.1    246    1.505   5      0.571   -          -    2.076
          259.7 4672.0 4672.0 3165.0  0.0   37504.0  24702.5   93560.0    55358.3   93312.0 90415.3 12928.0 11891.1    246    1.505   5      0.571   -          -    2.076
          260.7 4672.0 4672.0 3165.0  0.0   37504.0  24777.8   93560.0    55358.3   93312.0 90415.3 12928.0 11891.1    246    1.505   5      0.571   -          -    2.076
          261.7 4672.0 4672.0 3165.0  0.0   37504.0  24777.8   93560.0    55358.3   93312.0 90415.3 12928.0 11891.1    246    1.505   5      0.571   -          -    2.076
          262.7 4672.0 4672.0 3165.0  0.0   37504.0  24777.8   93560.0    55358.3   93312.0 90415.3 12928.0 11891.1    246    1.505   5      0.571   -          -    2.076
          263.7 4672.0 4672.0 3165.0  0.0   37504.0  24777.8   93560.0    55358.3   93312.0 90415.3 12928.0 11891.1    246    1.505   5      0.571   -          -    2.076
          264.7 4672.0 4672.0 3165.0  0.0   37504.0  24777.8   93560.0    55358.3   93312.0 90415.3 12928.0 11891.1    246    1.505   5      0.571   -          -    2.076
          265.7 4672.0 4672.0 3165.0  0.0   37504.0  24777.8   93560.0    55358.3   93312.0 90415.3 12928.0 11891.1    246    1.505   5      0.571   -          -    2.076
          266.7 4672.0 4672.0 3165.0  0.0   37504.0  24777.8   93560.0    55358.3   93312.0 90415.3 12928.0 11891.1    246    1.505   5      0.571   -          -    2.076
          267.7 4672.0 4672.0 3165.0  0.0   37504.0  24777.8   93560.0    55358.3   93312.0 90415.3 12928.0 11891.1    246    1.505   5      0.571   -          -    2.076
          268.7 4672.0 4672.0 3165.0  0.0   37504.0  24777.8   93560.0    55358.3   93312.0 90415.3 12928.0 11891.1    246    1.505   5      0.571   -          -    2.076
          269.8 4672.0 4672.0 3165.0  0.0   37504.0  24777.8   93560.0    55358.3   93312.0 90415.3 12928.0 11891.1    246    1.505   5      0.571   -          -    2.076
          270.8 4672.0 4672.0 3165.0  0.0   37504.0  24852.8   93560.0    55358.3   93312.0 90415.3 12928.0 11891.1    246    1.505   5      0.571   -          -    2.076
          271.8 4672.0 4672.0 3165.0  0.0   37504.0  24852.8   93560.0    55358.3   93312.0 90415.3 12928.0 11891.1    246    1.505   5      0.571   -          -    2.076
          272.7 4672.0 4672.0 3165.0  0.0   37504.0  24852.8   93560.0    55358.3   93312.0 90415.3 12928.0 11891.1    246    1.505   5      0.571   -          -    2.076
          273.7 4672.0 4672.0 3165.0  0.0   37504.0  24852.8   93560.0    55358.3   93312.0 90415.3 12928.0 11891.1    246    1.505   5      0.571   -          -    2.076
          274.7 4672.0 4672.0 3165.0  0.0   37504.0  24852.8   93560.0    55358.3   93312.0 90415.3 12928.0 11891.1    246    1.505   5      0.571   -          -    2.076
          275.7 4672.0 4672.0 3165.0  0.0   37504.0  24852.8   93560.0    55358.3   93312.0 90415.3 12928.0 11891.1    246    1.505   5      0.571   -          -    2.076
          276.7 4672.0 4672.0 3165.0  0.0   37504.0  24852.8   93560.0    55358.3   93312.0 90415.3 12928.0 11891.1    246    1.505   5      0.571   -          -    2.076
          277.7 4672.0 4672.0 3165.0  0.0   37504.0  24852.8   93560.0    55358.3   93312.0 90415.3 12928.0 11891.1    246    1.505   5      0.571   -          -    2.076
          278.7 4672.0 4672.0 3165.0  0.0   37504.0  24852.8   93560.0    55358.3   93312.0 90415.3 12928.0 11891.1    246    1.505   5      0.571   -          -    2.076
          279.7 4672.0 4672.0 3165.0  0.0   37504.0  24852.8   93560.0    55358.3   93312.0 90415.3 12928.0 11891.1    246    1.505   5      0.571   -          -    2.076
          280.7 4672.0 4672.0 3165.0  0.0   37504.0  24935.8   93560.0    55358.3   93312.0 90415.3 12928.0 11891.1    246    1.505   5      0.571   -          -    2.076
          281.7 4672.0 4672.0 3165.0  0.0   37504.0  24935.8   93560.0    55358.3   93312.0 90415.3 12928.0 11891.1    246    1.505   5      0.571   -          -    2.076
          282.7 4672.0 4672.0 3165.0  0.0   37504.0  24935.8   93560.0    55358.3   93312.0 90415.3 12928.0 11891.1    246    1.505   5      0.571   -          -    2.076
          283.8 4672.0 4672.0 3165.0  0.0   37504.0  24935.8   93560.0    55358.3   93312.0 90415.3 12928.0 11891.1    246    1.505   5      0.571   -          -    2.076
          284.8 4672.0 4672.0 3165.0  0.0   37504.0  24935.8   93560.0    55358.3   93312.0 90415.3 12928.0 11891.1    246    1.505   5      0.571   -          -    2.076
          285.8 4672.0 4672.0 3165.0  0.0   37504.0  24935.8   93560.0    55358.3   93312.0 90415.3 12928.0 11891.1    246    1.505   5      0.571   -          -    2.076
          286.8 4672.0 4672.0 3165.0  0.0   37504.0  24935.8   93560.0    55358.3   93312.0 90415.3 12928.0 11891.1    246    1.505   5      0.571   -          -    2.076
          287.8 4672.0 4672.0 3165.0  0.0   37504.0  24935.8   93560.0    55358.3   93312.0 90415.3 12928.0 11891.1    246    1.505   5      0.571   -          -    2.076
          288.8 4672.0 4672.0 3165.0  0.0   37504.0  24935.8   93560.0    55358.3   93312.0 90415.3 12928.0 11891.1    246    1.505   5      0.571   -          -    2.076
          289.8 4672.0 4672.0 3165.0  0.0   37504.0  24935.8   93560.0    55358.3   93312.0 90415.3 12928.0 11891.1    246    1.505   5      0.571   -          -    2.076
          290.7 4672.0 4672.0 3165.0  0.0   37504.0  25011.1   93560.0    55358.3   93312.0 90415.3 12928.0 11891.1    246    1.505   5      0.571   -          -    2.076
          291.7 4672.0 4672.0 3165.0  0.0   37504.0  25011.1   93560.0    55358.3   93312.0 90415.3 12928.0 11891.1    246    1.505   5      0.571   -          -    2.076
          292.7 4672.0 4672.0 3165.0  0.0   37504.0  25011.1   93560.0    55358.3   93312.0 90415.3 12928.0 11891.1    246    1.505   5      0.571   -          -    2.076
          293.7 4672.0 4672.0 3165.0  0.0   37504.0  25011.1   93560.0    55358.3   93312.0 90415.3 12928.0 11891.1    246    1.505   5      0.571   -          -    2.076
          294.7 4672.0 4672.0 3165.0  0.0   37504.0  25011.1   93560.0    55358.3   93312.0 90415.3 12928.0 11891.1    246    1.505   5      0.571   -          -    2.076
          295.7 4672.0 4672.0 3165.0  0.0   37504.0  25011.1   93560.0    55358.3   93312.0 90415.3 12928.0 11891.1    246    1.505   5      0.571   -          -    2.076
          296.8 4672.0 4672.0 3165.0  0.0   37504.0  25011.1   93560.0    55358.3   93312.0 90415.3 12928.0 11891.1    246    1.505   5      0.571   -          -    2.076
          297.8 4672.0 4672.0 3165.0  0.0   37504.0  25011.1   93560.0    55358.3   93312.0 90415.3 12928.0 11891.1    246    1.505   5      0.571   -          -    2.076
          298.8 4672.0 4672.0 3165.0  0.0   37504.0  25011.1   93560.0    55358.3   93312.0 90415.3 12928.0 11891.1    246    1.505   5      0.571   -          -    2.076
          299.8 4672.0 4672.0 3165.0  0.0   37504.0  25011.1   93560.0    55358.3   93312.0 90415.3 12928.0 11891.1    246    1.505   5      0.571   -          -    2.076
          300.8 4672.0 4672.0 3165.0  0.0   37504.0  25086.4   93560.0    55358.3   93312.0 90415.3 12928.0 11891.1    246    1.505   5      0.571   -          -    2.076
          301.8 4672.0 4672.0 3165.0  0.0   37504.0  25139.2   93560.0    55358.3   93312.0 90415.3 12928.0 11891.1    246    1.505   5      0.571   -          -    2.076
          302.8 4672.0 4672.0 3165.0  0.0   37504.0  25139.2   93560.0    55358.3   93312.0 90415.3 12928.0 11891.1    246    1.505   5      0.571   -          -    2.076
          303.8 4672.0 4672.0 3165.0  0.0   37504.0  25139.2   93560.0    55358.3   93312.0 90415.3 12928.0 11891.1    246    1.505   5      0.571   -          -    2.076
          304.8 4672.0 4672.0 3165.0  0.0   37504.0  25139.2   93560.0    55358.3   93312.0 90415.3 12928.0 11891.1    246    1.505   5      0.571   -          -    2.076
          305.8 4672.0 4672.0 3165.0  0.0   37504.0  25139.2   93560.0    55358.3   93312.0 90415.3 12928.0 11891.1    246    1.505   5      0.571   -          -    2.076
          306.8 4672.0 4672.0 3165.0  0.0   37504.0  25139.2   93560.0    55358.3   93312.0 90415.3 12928.0 11891.1    246    1.505   5      0.571   -          -    2.076
          307.8 4672.0 4672.0 3165.0  0.0   37504.0  25139.2   93560.0    55358.3   93312.0 90415.3 12928.0 11891.1    246    1.505   5      0.571   -          -    2.076
          308.8 4672.0 4672.0 3165.0  0.0   37504.0  25139.2   93560.0    55358.3   93312.0 90415.3 12928.0 11891.1    246    1.505   5      0.571   -          -    2.076
          309.7 4672.0 4672.0 3165.0  0.0   37504.0  25139.2   93560.0    55358.3   93312.0 90415.3 12928.0 11891.1    246    1.505   5      0.571   -          -    2.076
          310.8 4672.0 4672.0 3165.0  0.0   37504.0  25364.6   93560.0    55358.3   93312.0 90415.3 12928.0 11891.1    246    1.505   5      0.571   -          -    2.076
          311.8 4672.0 4672.0 3165.0  0.0   37504.0  25364.6   93560.0    55358.3   93312.0 90415.3 12928.0 11891.1    246    1.505   5      0.571   -          -    2.076
          312.8 4672.0 4672.0 3165.0  0.0   37504.0  25364.6   93560.0    55358.3   93312.0 90415.3 12928.0 11891.1    246    1.505   5      0.571   -          -    2.076
          313.8 4672.0 4672.0 3165.0  0.0   37504.0  25364.6   93560.0    55358.3   93312.0 90415.3 12928.0 11891.1    246    1.505   5      0.571   -          -    2.076
          314.8 4672.0 4672.0 3165.0  0.0   37504.0  25364.6   93560.0    55358.3   93312.0 90415.3 12928.0 11891.1    246    1.505   5      0.571   -          -    2.076
          315.8 4672.0 4672.0 3165.0  0.0   37504.0  25364.6   93560.0    55358.3   93312.0 90415.3 12928.0 11891.1    246    1.505   5      0.571   -          -    2.076
          316.8 4672.0 4672.0 3165.0  0.0   37504.0  25364.6   93560.0    55358.3   93312.0 90415.3 12928.0 11891.1    246    1.505   5      0.571   -          -    2.076
          317.8 4672.0 4672.0 3165.0  0.0   37504.0  25364.6   93560.0    55358.3   93312.0 90415.3 12928.0 11891.1    246    1.505   5      0.571   -          -    2.076
          318.8 4672.0 4672.0 3165.0  0.0   37504.0  25364.6   93560.0    55358.3   93312.0 90415.3 12928.0 11891.1    246    1.505   5      0.571   -          -    2.076
          319.8 4672.0 4672.0 3165.0  0.0   37504.0  25364.6   93560.0    55358.3   93312.0 90415.3 12928.0 11891.1    246    1.505   5      0.571   -          -    2.076
          320.8 4672.0 4672.0 3165.0  0.0   37504.0  25439.6   93560.0    55358.3   93312.0 90415.3 12928.0 11891.1    246    1.505   5      0.571   -          -    2.076
          321.8 4672.0 4672.0 3165.0  0.0   37504.0  25439.6   93560.0    55358.3   93312.0 90415.3 12928.0 11891.1    246    1.505   5      0.571   -          -    2.076
          322.8 4672.0 4672.0 3165.0  0.0   37504.0  25439.6   93560.0    55358.3   93312.0 90415.3 12928.0 11891.1    246    1.505   5      0.571   -          -    2.076
          323.8 4672.0 4672.0 3165.0  0.0   37504.0  25439.6   93560.0    55358.3   93312.0 90415.3 12928.0 11891.1    246    1.505   5      0.571   -          -    2.076
          324.8 4672.0 4672.0 3165.0  0.0   37504.0  25439.6   93560.0    55358.3   93312.0 90415.3 12928.0 11891.1    246    1.505   5      0.571   -          -    2.076
          325.8 4672.0 4672.0 3165.0  0.0   37504.0  25439.6   93560.0    55358.3   93312.0 90415.3 12928.0 11891.1    246    1.505   5      0.571   -          -    2.076
          326.8 4672.0 4672.0 3165.0  0.0   37504.0  25439.6   93560.0    55358.3   93312.0 90415.3 12928.0 11891.1    246    1.505   5      0.571   -          -    2.076
          327.8 4672.0 4672.0 3165.0  0.0   37504.0  25439.6   93560.0    55358.3   93312.0 90415.3 12928.0 11891.1    246    1.505   5      0.571   -          -    2.076
          328.8 4672.0 4672.0 3165.0  0.0   37504.0  25439.6   93560.0    55358.3   93312.0 90415.3 12928.0 11891.1    246    1.505   5      0.571   -          -    2.076
          329.8 4672.0 4672.0 3165.0  0.0   37504.0  25439.6   93560.0    55358.3   93312.0 90415.3 12928.0 11891.1    246    1.505   5      0.571   -          -    2.076
          330.8 4672.0 4672.0 3165.0  0.0   37504.0  25514.9   93560.0    55358.3   93312.0 90415.3 12928.0 11891.1    246    1.505   5      0.571   -          -    2.076
          331.8 4672.0 4672.0 3165.0  0.0   37504.0  25514.9   93560.0    55358.3   93312.0 90415.3 12928.0 11891.1    246    1.505   5      0.571   -          -    2.076
          332.8 4672.0 4672.0 3165.0  0.0   37504.0  25514.9   93560.0    55358.3   93312.0 90415.3 12928.0 11891.1    246    1.505   5      0.571   -          -    2.076
          333.8 4672.0 4672.0 3165.0  0.0   37504.0  25514.9   93560.0    55358.3   93312.0 90415.3 12928.0 11891.1    246    1.505   5      0.571   -          -    2.076
          334.8 4672.0 4672.0 3165.0  0.0   37504.0  25514.9   93560.0    55358.3   93312.0 90415.3 12928.0 11891.1    246    1.505   5      0.571   -          -    2.076
          335.8 4672.0 4672.0 3165.0  0.0   37504.0  25514.9   93560.0    55358.3   93312.0 90415.3 12928.0 11891.1    246    1.505   5      0.571   -          -    2.076
          336.8 4672.0 4672.0 3165.0  0.0   37504.0  25514.9   93560.0    55358.3   93312.0 90415.3 12928.0 11891.1    246    1.505   5      0.571   -          -    2.076
          337.8 4672.0 4672.0 3165.0  0.0   37504.0  25514.9   93560.0    55358.3   93312.0 90415.3 12928.0 11891.1    246    1.505   5      0.571   -          -    2.076
          338.8 4672.0 4672.0 3165.0  0.0   37504.0  25514.9   93560.0    55358.3   93312.0 90415.3 12928.0 11891.1    246    1.505   5      0.571   -          -    2.076
          339.8 4672.0 4672.0 3165.0  0.0   37504.0  25777.5   93560.0    55358.3   93312.0 90415.3 12928.0 11891.1    246    1.505   5      0.571   -          -    2.076
          340.8 4672.0 4672.0 3165.0  0.0   37504.0  25927.8   93560.0    55358.3   93312.0 90415.3 12928.0 11891.1    246    1.505   5      0.571   -          -    2.076
          341.8 4672.0 4672.0 3165.0  0.0   37504.0  25927.8   93560.0    55358.3   93312.0 90415.3 12928.0 11891.1    246    1.505   5      0.571   -          -    2.076
          342.8 4672.0 4672.0 3165.0  0.0   37504.0  25927.8   93560.0    55358.3   93312.0 90415.3 12928.0 11891.1    246    1.505   5      0.571   -          -    2.076
          343.8 4672.0 4672.0 3165.0  0.0   37504.0  25927.8   93560.0    55358.3   93312.0 90415.3 12928.0 11891.1    246    1.505   5      0.571   -          -    2.076
          344.8 4672.0 4672.0 3165.0  0.0   37504.0  25927.8   93560.0    55358.3   93312.0 90415.3 12928.0 11891.1    246    1.505   5      0.571   -          -    2.076
          345.8 4672.0 4672.0 3165.0  0.0   37504.0  25927.8   93560.0    55358.3   93312.0 90415.3 12928.0 11891.1    246    1.505   5      0.571   -          -    2.076
          346.8 4672.0 4672.0 3165.0  0.0   37504.0  25927.8   93560.0    55358.3   93312.0 90415.3 12928.0 11891.1    246    1.505   5      0.571   -          -    2.076
          347.8 4672.0 4672.0 3165.0  0.0   37504.0  25927.8   93560.0    55358.3   93312.0 90415.3 12928.0 11891.1    246    1.505   5      0.571   -          -    2.076
          348.8 4672.0 4672.0 3165.0  0.0   37504.0  25927.8   93560.0    55358.3   93312.0 90415.3 12928.0 11891.1    246    1.505   5      0.571   -          -    2.076
          349.8 4672.0 4672.0 3165.0  0.0   37504.0  25927.8   93560.0    55358.3   93312.0 90415.3 12928.0 11891.1    246    1.505   5      0.571   -          -    2.076
          350.8 4672.0 4672.0 3165.0  0.0   37504.0  26002.9   93560.0    55358.3   93312.0 90415.3 12928.0 11891.1    246    1.505   5      0.571   -          -    2.076
          351.8 4672.0 4672.0 3165.0  0.0   37504.0  26002.9   93560.0    55358.3   93312.0 90415.3 12928.0 11891.1    246    1.505   5      0.571   -          -    2.076
          352.8 4672.0 4672.0 3165.0  0.0   37504.0  26002.9   93560.0    55358.3   93312.0 90415.3 12928.0 11891.1    246    1.505   5      0.571   -          -    2.076
          353.8 4672.0 4672.0 3165.0  0.0   37504.0  26002.9   93560.0    55358.3   93312.0 90415.3 12928.0 11891.1    246    1.505   5      0.571   -          -    2.076
          354.8 4672.0 4672.0 3165.0  0.0   37504.0  26002.9   93560.0    55358.3   93312.0 90415.3 12928.0 11891.1    246    1.505   5      0.571   -          -    2.076
          355.8 4672.0 4672.0 3165.0  0.0   37504.0  26002.9   93560.0    55358.3   93312.0 90415.3 12928.0 11891.1    246    1.505   5      0.571   -          -    2.076
          356.8 4672.0 4672.0 3165.0  0.0   37504.0  26002.9   93560.0    55358.3   93312.0 90415.3 12928.0 11891.1    246    1.505   5      0.571   -          -    2.076
          357.8 4672.0 4672.0 3165.0  0.0   37504.0  26002.9   93560.0    55358.3   93312.0 90415.3 12928.0 11891.1    246    1.505   5      0.571   -          -    2.076
          358.8 4672.0 4672.0 3165.0  0.0   37504.0  26002.9   93560.0    55358.3   93312.0 90415.3 12928.0 11891.1    246    1.505   5      0.571   -          -    2.076
          359.8 4672.0 4672.0 3165.0  0.0   37504.0  26002.9   93560.0    55358.3   93312.0 90415.3 12928.0 11891.1    246    1.505   5      0.571   -          -    2.076
          360.8 4672.0 4672.0 3165.0  0.0   37504.0  26078.1   93560.0    55358.3   93312.0 90415.3 12928.0 11891.1    246    1.505   5      0.571   -          -    2.076
          361.8 4672.0 4672.0 3165.0  0.0   37504.0  26078.1   93560.0    55358.3   93312.0 90415.3 12928.0 11891.1    246    1.505   5      0.571   -          -    2.076
          362.8 4672.0 4672.0 3165.0  0.0   37504.0  26078.1   93560.0    55358.3   93312.0 90415.3 12928.0 11891.1    246    1.505   5      0.571   -          -    2.076
          363.8 4672.0 4672.0 3165.0  0.0   37504.0  26078.1   93560.0    55358.3   93312.0 90415.3 12928.0 11891.1    246    1.505   5      0.571   -          -    2.076
          364.8 4672.0 4672.0 3165.0  0.0   37504.0  26078.1   93560.0    55358.3   93312.0 90415.3 12928.0 11891.1    246    1.505   5      0.571   -          -    2.076
          365.8 4672.0 4672.0 3165.0  0.0   37504.0  26078.1   93560.0    55358.3   93312.0 90415.3 12928.0 11891.1    246    1.505   5      0.571   -          -    2.076
          366.8 4672.0 4672.0 3165.0  0.0   37504.0  26078.1   93560.0    55358.3   93312.0 90415.3 12928.0 11891.1    246    1.505   5      0.571   -          -    2.076
          367.8 4672.0 4672.0 3165.0  0.0   37504.0  26078.1   93560.0    55358.3   93312.0 90415.3 12928.0 11891.1    246    1.505   5      0.571   -          -    2.076
          368.8 4672.0 4672.0 3165.0  0.0   37504.0  26078.1   93560.0    55358.3   93312.0 90415.3 12928.0 11891.1    246    1.505   5      0.571   -          -    2.076
          369.8 4672.0 4672.0 3165.0  0.0   37504.0  26078.1   93560.0    55358.3   93312.0 90415.3 12928.0 11891.1    246    1.505   5      0.571   -          -    2.076
          370.8 4672.0 4672.0 3165.0  0.0   37504.0  26228.2   93560.0    55358.3   93312.0 90415.3 12928.0 11891.1    246    1.505   5      0.571   -          -    2.076
          371.8 4672.0 4672.0 3165.0  0.0   37504.0  26228.2   93560.0    55358.3   93312.0 90415.3 12928.0 11891.1    246    1.505   5      0.571   -          -    2.076
          372.8 4672.0 4672.0 3165.0  0.0   37504.0  26228.2   93560.0    55358.3   93312.0 90415.3 12928.0 11891.1    246    1.505   5      0.571   -          -    2.076
          373.8 4672.0 4672.0 3165.0  0.0   37504.0  26228.2   93560.0    55358.3   93312.0 90415.3 12928.0 11891.1    246    1.505   5      0.571   -          -    2.076
          374.8 4672.0 4672.0 3165.0  0.0   37504.0  26228.2   93560.0    55358.3   93312.0 90415.3 12928.0 11891.1    246    1.505   5      0.571   -          -    2.076
          375.8 4672.0 4672.0 3165.0  0.0   37504.0  26228.2   93560.0    55358.3   93312.0 90415.3 12928.0 11891.1    246    1.505   5      0.571   -          -    2.076
          376.8 4672.0 4672.0 3165.0  0.0   37504.0  26228.2   93560.0    55358.3   93312.0 90415.3 12928.0 11891.1    246    1.505   5      0.571   -          -    2.076
          377.8 4672.0 4672.0 3165.0  0.0   37504.0  26228.2   93560.0    55358.3   93312.0 90415.3 12928.0 11891.1    246    1.505   5      0.571   -          -    2.076
          378.8 4672.0 4672.0 3165.0  0.0   37504.0  26228.2   93560.0    55358.3   93312.0 90415.3 12928.0 11891.1    246    1.505   5      0.571   -          -    2.076
          379.8 4672.0 4672.0 3165.0  0.0   37504.0  26228.2   93560.0    55358.3   93312.0 90415.3 12928.0 11891.1    246    1.505   5      0.571   -          -    2.076
          380.8 4672.0 4672.0 3165.0  0.0   37504.0  26303.3   93560.0    55358.3   93312.0 90415.3 12928.0 11891.1    246    1.505   5      0.571   -          -    2.076
          381.8 4672.0 4672.0 3165.0  0.0   37504.0  26303.3   93560.0    55358.3   93312.0 90415.3 12928.0 11891.1    246    1.505   5      0.571   -          -    2.076
          382.8 4672.0 4672.0 3165.0  0.0   37504.0  26303.3   93560.0    55358.3   93312.0 90415.3 12928.0 11891.1    246    1.505   5      0.571   -          -    2.076
          383.8 4672.0 4672.0 3165.0  0.0   37504.0  26303.3   93560.0    55358.3   93312.0 90415.3 12928.0 11891.1    246    1.505   5      0.571   -          -    2.076
          384.8 4672.0 4672.0 3165.0  0.0   37504.0  26303.3   93560.0    55358.3   93312.0 90415.3 12928.0 11891.1    246    1.505   5      0.571   -          -    2.076
          385.8 4672.0 4672.0 3165.0  0.0   37504.0  26303.3   93560.0    55358.3   93312.0 90415.3 12928.0 11891.1    246    1.505   5      0.571   -          -    2.076
          386.8 4672.0 4672.0 3165.0  0.0   37504.0  26303.3   93560.0    55358.3   93312.0 90415.3 12928.0 11891.1    246    1.505   5      0.571   -          -    2.076
          387.8 4672.0 4672.0 3165.0  0.0   37504.0  26303.3   93560.0    55358.3   93312.0 90415.3 12928.0 11891.1    246    1.505   5      0.571   -          -    2.076
          388.8 4672.0 4672.0 3165.0  0.0   37504.0  26303.3   93560.0    55358.3   93312.0 90415.3 12928.0 11891.1    246    1.505   5      0.571   -          -    2.076
          389.8 4672.0 4672.0 3165.0  0.0   37504.0  26303.3   93560.0    55358.3   93312.0 90415.3 12928.0 11891.1    246    1.505   5      0.571   -          -    2.076
          390.8 4672.0 4672.0 3165.0  0.0   37504.0  26378.3   93560.0    55358.3   93312.0 90415.3 12928.0 11891.1    246    1.505   5      0.571   -          -    2.076
          391.8 4672.0 4672.0 3165.0  0.0   37504.0  26378.3   93560.0    55358.3   93312.0 90415.3 12928.0 11891.1    246    1.505   5      0.571   -          -    2.076
          392.8 4672.0 4672.0 3165.0  0.0   37504.0  26378.3   93560.0    55358.3   93312.0 90415.3 12928.0 11891.1    246    1.505   5      0.571   -          -    2.076
          393.9 4672.0 4672.0 3165.0  0.0   37504.0  26378.3   93560.0    55358.3   93312.0 90415.3 12928.0 11891.1    246    1.505   5      0.571   -          -    2.076
          394.8 4672.0 4672.0 3165.0  0.0   37504.0  26378.3   93560.0    55358.3   93312.0 90415.3 12928.0 11891.1    246    1.505   5      0.571   -          -    2.076
          395.8 4672.0 4672.0 3165.0  0.0   37504.0  26378.3   93560.0    55358.3   93312.0 90415.3 12928.0 11891.1    246    1.505   5      0.571   -          -    2.076
          396.8 4672.0 4672.0 3165.0  0.0   37504.0  26378.3   93560.0    55358.3   93312.0 90415.3 12928.0 11891.1    246    1.505   5      0.571   -          -    2.076
          397.8 4672.0 4672.0 3165.0  0.0   37504.0  26378.3   93560.0    55358.3   93312.0 90415.3 12928.0 11891.1    246    1.505   5      0.571   -          -    2.076
          398.8 4672.0 4672.0 3165.0  0.0   37504.0  26378.3   93560.0    55358.3   93312.0 90415.3 12928.0 11891.1    246    1.505   5      0.571   -          -    2.076
          399.8 4672.0 4672.0 3165.0  0.0   37504.0  26378.3   93560.0    55358.3   93312.0 90415.3 12928.0 11891.1    246    1.505   5      0.571   -          -    2.076
          400.8 4672.0 4672.0 3165.0  0.0   37504.0  26528.6   93560.0    55358.3   93312.0 90415.3 12928.0 11891.1    246    1.505   5      0.571   -          -    2.076
          401.8 4672.0 4672.0 3165.0  0.0   37504.0  26528.6   93560.0    55358.3   93312.0 90415.3 12928.0 11891.1    246    1.505   5      0.571   -          -    2.076
          402.8 4672.0 4672.0 3165.0  0.0   37504.0  26528.6   93560.0    55358.3   93312.0 90415.3 12928.0 11891.1    246    1.505   5      0.571   -          -    2.076
          403.8 4672.0 4672.0 3165.0  0.0   37504.0  26528.6   93560.0    55358.3   93312.0 90415.3 12928.0 11891.1    246    1.505   5      0.571   -          -    2.076
          404.8 4672.0 4672.0 3165.0  0.0   37504.0  26528.6   93560.0    55358.3   93312.0 90415.3 12928.0 11891.1    246    1.505   5      0.571   -          -    2.076
          405.8 4672.0 4672.0 3165.0  0.0   37504.0  26528.6   93560.0    55358.3   93312.0 90415.3 12928.0 11891.1    246    1.505   5      0.571   -          -    2.076
          406.9 4672.0 4672.0 3165.0  0.0   37504.0  26528.6   93560.0    55358.3   93312.0 90415.3 12928.0 11891.1    246    1.505   5      0.571   -          -    2.076
          407.9 4672.0 4672.0 3165.0  0.0   37504.0  26528.6   93560.0    55358.3   93312.0 90415.3 12928.0 11891.1    246    1.505   5      0.571   -          -    2.076
          408.9 4672.0 4672.0 3165.0  0.0   37504.0  26528.6   93560.0    55358.3   93312.0 90415.3 12928.0 11891.1    246    1.505   5      0.571   -          -    2.076
          409.9 4672.0 4672.0 3165.0  0.0   37504.0  26528.6   93560.0    55358.3   93312.0 90415.3 12928.0 11891.1    246    1.505   5      0.571   -          -    2.076
          410.9 4672.0 4672.0 3165.0  0.0   37504.0  26603.9   93560.0    55358.3   93312.0 90415.3 12928.0 11891.1    246    1.505   5      0.571   -          -    2.076
          411.9 4672.0 4672.0 3165.0  0.0   37504.0  26603.9   93560.0    55358.3   93312.0 90415.3 12928.0 11891.1    246    1.505   5      0.571   -          -    2.076
          412.8 4672.0 4672.0 3165.0  0.0   37504.0  26603.9   93560.0    55358.3   93312.0 90415.3 12928.0 11891.1    246    1.505   5      0.571   -          -    2.076
          413.8 4672.0 4672.0 3165.0  0.0   37504.0  26603.9   93560.0    55358.3   93312.0 90415.3 12928.0 11891.1    246    1.505   5      0.571   -          -    2.076
          414.8 4672.0 4672.0 3165.0  0.0   37504.0  26603.9   93560.0    55358.3   93312.0 90415.3 12928.0 11891.1    246    1.505   5      0.571   -          -    2.076
          415.8 4672.0 4672.0 3165.0  0.0   37504.0  26603.9   93560.0    55358.3   93312.0 90415.3 12928.0 11891.1    246    1.505   5      0.571   -          -    2.076
          416.8 4672.0 4672.0 3165.0  0.0   37504.0  26603.9   93560.0    55358.3   93312.0 90415.3 12928.0 11891.1    246    1.505   5      0.571   -          -    2.076
          417.8 4672.0 4672.0 3165.0  0.0   37504.0  26603.9   93560.0    55358.3   93312.0 90415.3 12928.0 11891.1    246    1.505   5      0.571   -          -    2.076
          418.8 4672.0 4672.0 3165.0  0.0   37504.0  26603.9   93560.0    55358.3   93312.0 90415.3 12928.0 11891.1    246    1.505   5      0.571   -          -    2.076
          419.8 4672.0 4672.0 3165.0  0.0   37504.0  26603.9   93560.0    55358.3   93312.0 90415.3 12928.0 11891.1    246    1.505   5      0.571   -          -    2.076
          420.9 4672.0 4672.0  0.0   2711.9 37504.0  28246.4   93560.0    56495.4   95360.0 92349.3 13184.0 12099.0    247    1.518   5      0.571   -          -    2.090
          421.9 4672.0 4672.0 3023.1  0.0   37504.0  16428.8   93560.0    57329.4   97280.0 94223.4 13568.0 12351.3    248    1.533   5      0.571   -          -    2.104
          422.9 4672.0 4672.0  0.0   2619.6 37504.0   9189.6   93560.0    58196.4   98688.0 95590.9 13696.0 12532.3    249    1.548   5      0.571   -          -    2.119
          423.9 4672.0 4672.0  0.0   2619.6 37504.0   9272.5   93560.0    58196.4   98688.0 95590.9 13696.0 12532.3    249    1.548   5      0.571   -          -    2.119
          424.9 4672.0 4672.0  0.0   2619.6 37504.0   9272.5   93560.0    58196.4   98688.0 95590.9 13696.0 12532.3    249    1.548   5      0.571   -          -    2.119
          425.9 4672.0 4672.0  0.0   2619.6 37504.0   9272.5   93560.0    58196.4   98688.0 95590.9 13696.0 12532.3    249    1.548   5      0.571   -          -    2.119
          426.9 4672.0 4672.0  0.0   2619.6 37504.0   9326.1   93560.0    58196.4   98688.0 95590.9 13696.0 12532.3    249    1.548   5      0.571   -          -    2.119
          427.9 4672.0 4672.0  0.0   2619.6 37504.0   9326.1   93560.0    58196.4   98688.0 95590.9 13696.0 12532.3    249    1.548   5      0.571   -          -    2.119
          428.9 4672.0 4672.0  0.0   2619.6 37504.0   9326.1   93560.0    58196.4   98688.0 95590.9 13696.0 12532.3    249    1.548   5      0.571   -          -    2.119
          429.9 4672.0 4672.0  0.0   2619.6 37504.0   9626.6   93560.0    58196.4   98688.0 95590.9 13696.0 12532.3    249    1.548   5      0.571   -          -    2.119
          430.9 4672.0 4672.0  0.0   2619.6 37504.0   9927.1   93560.0    58196.4   98688.0 95590.9 13696.0 12532.3    249    1.548   5      0.571   -          -    2.119
          431.9 4672.0 4672.0  0.0   2619.6 37504.0   9927.1   93560.0    58196.4   98688.0 95590.9 13696.0 12532.3    249    1.548   5      0.571   -          -    2.119
          432.9 4672.0 4672.0  0.0   2619.6 37504.0   9927.1   93560.0    58196.4   98688.0 95590.9 13696.0 12532.3    249    1.548   5      0.571   -          -    2.119
          433.9 4672.0 4672.0  0.0   2619.6 37504.0   9927.1   93560.0    58196.4   98688.0 95590.9 13696.0 12532.3    249    1.548   5      0.571   -          -    2.119
          434.9 4672.0 4672.0  0.0   2619.6 37504.0   9927.1   93560.0    58196.4   98688.0 95590.9 13696.0 12532.3    249    1.548   5      0.571   -          -    2.119
          435.9 4672.0 4672.0  0.0   2619.6 37504.0   9927.1   93560.0    58196.4   98688.0 95590.9 13696.0 12532.3    249    1.548   5      0.571   -          -    2.119
          436.9 4672.0 4672.0  0.0   2619.6 37504.0   9927.1   93560.0    58196.4   98688.0 95590.9 13696.0 12532.3    249    1.548   5      0.571   -          -    2.119
          437.9 4672.0 4672.0  0.0   2619.6 37504.0   9927.1   93560.0    58196.4   98688.0 95590.9 13696.0 12532.3    249    1.548   5      0.571   -          -    2.119
          438.9 4672.0 4672.0  0.0   2619.6 37504.0   9927.1   93560.0    58196.4   98688.0 95590.9 13696.0 12532.3    249    1.548   5      0.571   -          -    2.119
          439.9 4672.0 4672.0  0.0   2619.6 37504.0   9927.1   93560.0    58196.4   98688.0 95590.9 13696.0 12532.3    249    1.548   5      0.571   -          -    2.119
          440.8 4672.0 4672.0  0.0   2619.6 37504.0  10015.5   93560.0    58196.4   98688.0 95590.9 13696.0 12532.3    249    1.548   5      0.571   -          -    2.119
          441.8 4672.0 4672.0  0.0   2619.6 37504.0  10015.5   93560.0    58196.4   98688.0 95590.9 13696.0 12532.3    249    1.548   5      0.571   -          -    2.119
          442.9 4672.0 4672.0  0.0   2619.6 37504.0  26293.6   93560.0    58196.4   98688.0 95590.9 13696.0 12532.3    249    1.548   5      0.571   -          -    2.119
          443.9 4672.0 4672.0 2126.5  0.0   37504.0   9662.5   93560.0    59142.6   100480.0 97125.1 13952.0 12705.2    250    1.557   5      0.571   -          -    2.129
          444.9 4672.0 4672.0 2126.5  0.0   37504.0   9716.5   93560.0    59142.6   100480.0 97125.1 13952.0 12705.2    250    1.557   5      0.571   -          -    2.129
          445.9 4672.0 4672.0 2126.5  0.0   37504.0   9769.3   93560.0    59142.6   100480.0 97125.1 13952.0 12705.2    250    1.557   5      0.571   -          -    2.129
          446.9 4672.0 4672.0 2126.5  0.0   37504.0   9796.1   93560.0    59142.6   100480.0 97125.1 13952.0 12705.2    250    1.557   5      0.571   -          -    2.129
          447.9 4672.0 4672.0 2126.5  0.0   37504.0   9796.1   93560.0    59142.6   100480.0 97125.1 13952.0 12705.2    250    1.557   5      0.571   -          -    2.129
          448.9 4672.0 4672.0 2126.5  0.0   37504.0   9796.1   93560.0    59142.6   100480.0 97125.1 13952.0 12705.2    250    1.557   5      0.571   -          -    2.129
          449.9 4672.0 4672.0 2126.5  0.0   37504.0   9796.1   93560.0    59142.6   100480.0 97125.1 13952.0 12705.2    250    1.557   5      0.571   -          -    2.129
          450.9 4672.0 4672.0 2126.5  0.0   37504.0   9920.3   93560.0    59142.6   100480.0 97125.1 13952.0 12705.2    250    1.557   5      0.571   -          -    2.129
          451.9 4672.0 4672.0 2126.5  0.0   37504.0   9920.3   93560.0    59142.6   100480.0 97125.1 13952.0 12705.2    250    1.557   5      0.571   -          -    2.129
          452.9 4672.0 4672.0 2126.5  0.0   37504.0  10040.0   93560.0    59142.6   100480.0 97125.1 13952.0 12705.2    250    1.557   5      0.571   -          -    2.129
          453.9 4672.0 4672.0 2126.5  0.0   37504.0  10040.0   93560.0    59142.6   100480.0 97125.1 13952.0 12705.2    250    1.557   5      0.571   -          -    2.129
          454.9 4672.0 4672.0 2126.5  0.0   37504.0  10040.0   93560.0    59142.6   100480.0 97125.1 13952.0 12705.2    250    1.557   5      0.571   -          -    2.129
          455.9 4672.0 4672.0 2126.5  0.0   37504.0  10066.8   93560.0    59142.6   100480.0 97125.1 13952.0 12705.2    250    1.557   5      0.571   -          -    2.129
          456.9 4672.0 4672.0 2126.5  0.0   37504.0  10066.8   93560.0    59142.6   100480.0 97125.1 13952.0 12705.2    250    1.557   5      0.571   -          -    2.129
          457.9 4672.0 4672.0 2126.5  0.0   37504.0  10066.8   93560.0    59142.6   100480.0 97125.1 13952.0 12705.2    250    1.557   5      0.571   -          -    2.129
          458.9 4672.0 4672.0 2126.5  0.0   37504.0  10066.8   93560.0    59142.6   100480.0 97125.1 13952.0 12705.2    250    1.557   5      0.571   -          -    2.129
          459.9 4672.0 4672.0 2126.5  0.0   37504.0  10292.8   93560.0    59142.6   100480.0 97125.1 13952.0 12705.2    250    1.557   5      0.571   -          -    2.129
          460.9 4672.0 4672.0 2126.5  0.0   37504.0  10496.7   93560.0    59142.6   100480.0 97125.1 13952.0 12705.2    250    1.557   5      0.571   -          -    2.129
          461.9 4672.0 4672.0 2126.5  0.0   37504.0  10496.7   93560.0    59142.6   100480.0 97125.1 13952.0 12705.2    250    1.557   5      0.571   -          -    2.129
          462.9 4672.0 4672.0 2126.5  0.0   37504.0  10496.7   93560.0    59142.6   100480.0 97125.1 13952.0 12705.2    250    1.557   5      0.571   -          -    2.129
          463.9 4672.0 4672.0 2126.5  0.0   37504.0  10496.7   93560.0    59142.6   100480.0 97125.1 13952.0 12705.2    250    1.557   5      0.571   -          -    2.129
          464.9 4672.0 4672.0 2126.5  0.0   37504.0  10496.7   93560.0    59142.6   100480.0 97125.1 13952.0 12705.2    250    1.557   5      0.571   -          -    2.129
          465.9 4672.0 4672.0 2126.5  0.0   37504.0  10496.7   93560.0    59142.6   100480.0 97125.1 13952.0 12705.2    250    1.557   5      0.571   -          -    2.129
          466.9 4672.0 4672.0 2126.5  0.0   37504.0  10496.7   93560.0    59142.6   100480.0 97125.1 13952.0 12705.2    250    1.557   5      0.571   -          -    2.129
          467.9 4672.0 4672.0 2126.5  0.0   37504.0  10496.7   93560.0    59142.6   100480.0 97125.1 13952.0 12705.2    250    1.557   5      0.571   -          -    2.129
          468.9 4672.0 4672.0 2126.5  0.0   37504.0  10496.7   93560.0    59142.6   100480.0 97125.1 13952.0 12705.2    250    1.557   5      0.571   -          -    2.129
          469.9 4672.0 4672.0 2126.5  0.0   37504.0  10496.7   93560.0    59142.6   100480.0 97125.1 13952.0 12705.2    250    1.557   5      0.571   -          -    2.129
          470.9 4672.0 4672.0 2126.5  0.0   37504.0  10554.8   93560.0    59142.6   100480.0 97125.1 13952.0 12705.2    250    1.557   5      0.571   -          -    2.129
          471.9 4672.0 4672.0 2126.5  0.0   37504.0  10554.8   93560.0    59142.6   100480.0 97125.1 13952.0 12705.2    250    1.557   5      0.571   -          -    2.129
          472.9 4672.0 4672.0 2126.5  0.0   37504.0  10554.8   93560.0    59142.6   100480.0 97125.1 13952.0 12705.2    250    1.557   5      0.571   -          -    2.129
          473.9 4672.0 4672.0 2126.5  0.0   37504.0  10554.8   93560.0    59142.6   100480.0 97125.1 13952.0 12705.2    250    1.557   5      0.571   -          -    2.129
          474.9 4672.0 4672.0 2126.5  0.0   37504.0  10554.8   93560.0    59142.6   100480.0 97125.1 13952.0 12705.2    250    1.557   5      0.571   -          -    2.129
          475.9 4672.0 4672.0 2126.5  0.0   37504.0  10554.8   93560.0    59142.6   100480.0 97125.1 13952.0 12705.2    250    1.557   5      0.571   -          -    2.129
          476.9 4672.0 4672.0 2126.5  0.0   37504.0  10554.8   93560.0    59142.6   100480.0 97125.1 13952.0 12705.2    250    1.557   5      0.571   -          -    2.129
          477.9 4672.0 4672.0 2126.5  0.0   37504.0  10554.8   93560.0    59142.6   100480.0 97125.1 13952.0 12705.2    250    1.557   5      0.571   -          -    2.129
          478.9 4672.0 4672.0 2126.5  0.0   37504.0  10554.8   93560.0    59142.6   100480.0 97125.1 13952.0 12705.2    250    1.557   5      0.571   -          -    2.129
          479.9 4672.0 4672.0 2126.5  0.0   37504.0  10554.8   93560.0    59142.6   100480.0 97125.1 13952.0 12705.2    250    1.557   5      0.571   -          -    2.129
          480.9 4672.0 4672.0 2126.5  0.0   37504.0  10639.7   93560.0    59142.6   100480.0 97125.1 13952.0 12705.2    250    1.557   5      0.571   -          -    2.129
          481.9 4672.0 4672.0 2126.5  0.0   37504.0  10639.7   93560.0    59142.6   100480.0 97125.1 13952.0 12705.2    250    1.557   5      0.571   -          -    2.129
          482.9 4672.0 4672.0 2126.5  0.0   37504.0  10639.7   93560.0    59142.6   100480.0 97125.1 13952.0 12705.2    250    1.557   5      0.571   -          -    2.129
          483.9 4672.0 4672.0 2126.5  0.0   37504.0  10639.7   93560.0    59142.6   100480.0 97125.1 13952.0 12705.2    250    1.557   5      0.571   -          -    2.129
          484.9 4672.0 4672.0 2126.5  0.0   37504.0  10639.7   93560.0    59142.6   100480.0 97125.1 13952.0 12705.2    250    1.557   5      0.571   -          -    2.129
          485.9 4672.0 4672.0 2126.5  0.0   37504.0  10639.7   93560.0    59142.6   100480.0 97125.1 13952.0 12705.2    250    1.557   5      0.571   -          -    2.129
          486.9 4672.0 4672.0 2126.5  0.0   37504.0  10639.7   93560.0    59142.6   100480.0 97125.1 13952.0 12705.2    250    1.557   5      0.571   -          -    2.129
          487.9 4672.0 4672.0 2126.5  0.0   37504.0  10639.7   93560.0    59142.6   100480.0 97125.1 13952.0 12705.2    250    1.557   5      0.571   -          -    2.129
          488.9 4672.0 4672.0 2126.5  0.0   37504.0  10639.7   93560.0    59142.6   100480.0 97125.1 13952.0 12705.2    250    1.557   5      0.571   -          -    2.129
          489.9 4672.0 4672.0 2126.5  0.0   37504.0  10730.3   93560.0    59142.6   100480.0 97125.1 13952.0 12705.2    250    1.557   5      0.571   -          -    2.129
          490.9 4672.0 4672.0 2126.5  0.0   37504.0  10854.6   93560.0    59142.6   100480.0 97125.1 13952.0 12705.2    250    1.557   5      0.571   -          -    2.129
          491.9 4672.0 4672.0 2126.5  0.0   37504.0  10864.4   93560.0    59142.6   100480.0 97125.1 13952.0 12705.2    250    1.557   5      0.571   -          -    2.129
          492.9 4672.0 4672.0 2126.5  0.0   37504.0  10864.4   93560.0    59142.6   100480.0 97125.1 13952.0 12705.2    250    1.557   5      0.571   -          -    2.129
          493.9 4672.0 4672.0 2126.5  0.0   37504.0  10864.4   93560.0    59142.6   100480.0 97125.1 13952.0 12705.2    250    1.557   5      0.571   -          -    2.129
          494.9 4672.0 4672.0 2126.5  0.0   37504.0  10864.4   93560.0    59142.6   100480.0 97125.1 13952.0 12705.2    250    1.557   5      0.571   -          -    2.129
          495.9 4672.0 4672.0 2126.5  0.0   37504.0  10864.4   93560.0    59142.6   100480.0 97125.1 13952.0 12705.2    250    1.557   5      0.571   -          -    2.129
          496.9 4672.0 4672.0 2126.5  0.0   37504.0  10864.4   93560.0    59142.6   100480.0 97125.1 13952.0 12705.2    250    1.557   5      0.571   -          -    2.129
          497.9 4672.0 4672.0 2126.5  0.0   37504.0  10864.4   93560.0    59142.6   100480.0 97125.1 13952.0 12705.2    250    1.557   5      0.571   -          -    2.129
          498.9 4672.0 4672.0 2126.5  0.0   37504.0  10864.4   93560.0    59142.6   100480.0 97125.1 13952.0 12705.2    250    1.557   5      0.571   -          -    2.129
          499.9 4672.0 4672.0 2126.5  0.0   37504.0  10864.4   93560.0    59142.6   100480.0 97125.1 13952.0 12705.2    250    1.557   5      0.571   -          -    2.129
          500.9 4672.0 4672.0 2126.5  0.0   37504.0  10938.8   93560.0    59142.6   100480.0 97125.1 13952.0 12705.2    250    1.557   5      0.571   -          -    2.129
          501.9 4672.0 4672.0 2126.5  0.0   37504.0  10938.8   93560.0    59142.6   100480.0 97125.1 13952.0 12705.2    250    1.557   5      0.571   -          -    2.129
          502.9 4672.0 4672.0 2126.5  0.0   37504.0  10938.8   93560.0    59142.6   100480.0 97125.1 13952.0 12705.2    250    1.557   5      0.571   -          -    2.129
          503.9 4672.0 4672.0 2126.5  0.0   37504.0  11313.9   93560.0    59142.6   100480.0 97125.1 13952.0 12705.2    250    1.557   5      0.571   -          -    2.129
          504.9 4672.0 4672.0 2126.5  0.0   37504.0  11313.9   93560.0    59142.6   100480.0 97125.1 13952.0 12705.2    250    1.557   5      0.571   -          -    2.129
          505.9 4672.0 4672.0 2126.5  0.0   37504.0  11313.9   93560.0    59142.6   100480.0 97125.1 13952.0 12705.2    250    1.557   5      0.571   -          -    2.129
          506.9 4672.0 4672.0 2126.5  0.0   37504.0  11313.9   93560.0    59142.6   100480.0 97125.1 13952.0 12705.2    250    1.557   5      0.571   -          -    2.129
          507.9 4672.0 4672.0 2126.5  0.0   37504.0  11313.9   93560.0    59142.6   100480.0 97125.1 13952.0 12705.2    250    1.557   5      0.571   -          -    2.129
          508.9 4672.0 4672.0 2126.5  0.0   37504.0  31839.3   93560.0    59142.6   100480.0 97125.1 13952.0 12705.2    250    1.557   5      0.571   -          -    2.129
          509.9 4672.0 4672.0  0.0   4672.0 37504.0   9897.0   93560.0    59849.0   101376.0 97996.0 14080.0 12797.4    251    1.571   5      0.571   -          -    2.143
          510.9 4672.0 4672.0  0.0   4672.0 37504.0  13183.8   93560.0    59849.0   101376.0 97996.0 14080.0 12797.4    251    1.571   5      0.571   -          -    2.143
          511.9 4672.0 4672.0  0.0   4672.0 37504.0  14272.4   93560.0    59849.0   101376.0 97996.0 14080.0 12797.4    251    1.571   5      0.571   -          -    2.143
          512.9 4672.0 4672.0  0.0   4672.0 37504.0  33872.0   93560.0    59849.0   101376.0 97996.0 14080.0 12797.4    251    1.571   5      0.571   -          -    2.143
          513.9 4672.0 4672.0 1488.1  0.0   37504.0   5530.2   93560.0    64157.7   102400.0 99115.2 14080.0 12801.6    252    1.582   5      0.571   -          -    2.153
          514.9 4672.0 4672.0 1488.1  0.0   37504.0  24569.1   93560.0    64157.7   102400.0 99115.2 14080.0 12801.6    252    1.582   5      0.571   -          -    2.153
          515.9 4672.0 4672.0 1488.1  0.0   37504.0  34967.6   93560.0    64157.7   102400.0 99115.2 14080.0 12801.6    252    1.582   5      0.571   -          -    2.153
          516.9 4672.0 4672.0 1488.1  0.0   37504.0  35919.9   93560.0    64157.7   102400.0 99115.2 14080.0 12801.6    252    1.582   5      0.571   -          -    2.153
          517.9 4672.0 4672.0  0.0   1967.1 37504.0   801.8    93560.0    64157.7   103168.0 99915.9 14080.0 12812.3    253    1.587   5      0.571   -          -    2.158
          518.9 4672.0 4672.0  0.0   1967.1 37504.0   1383.6   93560.0    64157.7   103168.0 99915.9 14080.0 12812.3    253    1.587   5      0.571   -          -    2.158
          519.9 4672.0 4672.0  0.0   1967.1 37504.0   1553.5   93560.0    64157.7   103168.0 99915.9 14080.0 12812.3    253    1.587   5      0.571   -          -    2.158
          520.9 4672.0 4672.0  0.0   1967.1 37504.0   1741.5   93560.0    64157.7   103168.0 99915.9 14080.0 12812.3    253    1.587   5      0.571   -          -    2.158
          521.9 4672.0 4672.0  0.0   1967.1 37504.0   1741.5   93560.0    64157.7   103168.0 99915.9 14080.0 12812.3    253    1.587   5      0.571   -          -    2.158
          522.9 4672.0 4672.0  0.0   1967.1 37504.0   1741.5   93560.0    64157.7   103168.0 99915.9 14080.0 12812.3    253    1.587   5      0.571   -          -    2.158
          523.9 4672.0 4672.0  0.0   1967.1 37504.0   1741.5   93560.0    64157.7   103168.0 99915.9 14080.0 12812.3    253    1.587   5      0.571   -          -    2.158
          524.9 4672.0 4672.0  0.0   1967.1 37504.0   1741.5   93560.0    64157.7   103168.0 99915.9 14080.0 12812.3    253    1.587   5      0.571   -          -    2.158
          525.9 4672.0 4672.0  0.0   1967.1 37504.0   1741.5   93560.0    64157.7   103168.0 99915.9 14080.0 12812.3    253    1.587   5      0.571   -          -    2.158
          527.0 4672.0 4672.0  0.0   1967.1 37504.0   1741.5   93560.0    64157.7   103168.0 99915.9 14080.0 12812.3    253    1.587   5      0.571   -          -    2.158
          528.0 4672.0 4672.0  0.0   1967.1 37504.0   1792.1   93560.0    64157.7   103168.0 99915.9 14080.0 12812.3    253    1.587   5      0.571   -          -    2.158
          528.9 4672.0 4672.0  0.0   1967.1 37504.0   1792.1   93560.0    64157.7   103168.0 99915.9 14080.0 12812.3    253    1.587   5      0.571   -          -    2.158
          529.9 4672.0 4672.0  0.0   1967.1 37504.0   1794.8   93560.0    64157.7   103168.0 99915.9 14080.0 12812.3    253    1.587   5      0.571   -          -    2.158
          530.9 4672.0 4672.0  0.0   1967.1 37504.0   1865.8   93560.0    64157.7   103168.0 99915.9 14080.0 12812.3    253    1.587   5      0.571   -          -    2.158
          531.9 4672.0 4672.0  0.0   1967.1 37504.0   1865.8   93560.0    64157.7   103168.0 99915.9 14080.0 12812.3    253    1.587   5      0.571   -          -    2.158
          532.9 4672.0 4672.0  0.0   1967.1 37504.0   1865.8   93560.0    64157.7   103168.0 99915.9 14080.0 12812.3    253    1.587   5      0.571   -          -    2.158
          533.9 4672.0 4672.0  0.0   1967.1 37504.0   1865.8   93560.0    64157.7   103168.0 99915.9 14080.0 12812.3    253    1.587   5      0.571   -          -    2.158
          534.9 4672.0 4672.0  0.0   1967.1 37504.0   1865.8   93560.0    64157.7   103168.0 99915.9 14080.0 12812.3    253    1.587   5      0.571   -          -    2.158
          535.9 4672.0 4672.0  0.0   1967.1 37504.0   1900.2   93560.0    64157.7   103168.0 99915.9 14080.0 12812.3    253    1.587   5      0.571   -          -    2.158
          536.9 4672.0 4672.0  0.0   1967.1 37504.0   1900.2   93560.0    64157.7   103168.0 99915.9 14080.0 12812.3    253    1.587   5      0.571   -          -    2.158
          537.9 4672.0 4672.0  0.0   1967.1 37504.0   1900.2   93560.0    64157.7   103168.0 99915.9 14080.0 12812.3    253    1.587   5      0.571   -          -    2.158
          538.9 4672.0 4672.0  0.0   1967.1 37504.0   1900.2   93560.0    64157.7   103168.0 99915.9 14080.0 12812.3    253    1.587   5      0.571   -          -    2.158
          539.9 4672.0 4672.0  0.0   1967.1 37504.0   1900.2   93560.0    64157.7   103168.0 99915.9 14080.0 12812.3    253    1.587   5      0.571   -          -    2.158
          540.9 4672.0 4672.0  0.0   1967.1 37504.0   2050.1   93560.0    64157.7   103168.0 99915.9 14080.0 12812.3    253    1.587   5      0.571   -          -    2.158
          542.0 4672.0 4672.0  0.0   1967.1 37504.0   2052.8   93560.0    64157.7   103168.0 99915.9 14080.0 12812.3    253    1.587   5      0.571   -          -    2.158
          543.0 4672.0 4672.0  0.0   1967.1 37504.0   2052.8   93560.0    64157.7   103168.0 99915.9 14080.0 12812.3    253    1.587   5      0.571   -          -    2.158
          544.0 4672.0 4672.0  0.0   1967.1 37504.0   2052.8   93560.0    64157.7   103168.0 99915.9 14080.0 12812.3    253    1.587   5      0.571   -          -    2.158
          545.0 4672.0 4672.0  0.0   1967.1 37504.0   2052.8   93560.0    64157.7   103168.0 99915.9 14080.0 12812.3    253    1.587   5      0.571   -          -    2.158
          546.0 4672.0 4672.0  0.0   1967.1 37504.0   2052.8   93560.0    64157.7   103168.0 99915.9 14080.0 12812.3    253    1.587   5      0.571   -          -    2.158
          547.0 4672.0 4672.0  0.0   1967.1 37504.0   2052.8   93560.0    64157.7   103168.0 99915.9 14080.0 12812.3    253    1.587   5      0.571   -          -    2.158
          547.9 4672.0 4672.0  0.0   1967.1 37504.0   2052.8   93560.0    64157.7   103168.0 99915.9 14080.0 12812.3    253    1.587   5      0.571   -          -    2.158
          548.9 4672.0 4672.0  0.0   1967.1 37504.0   2052.8   93560.0    64157.7   103168.0 99915.9 14080.0 12812.3    253    1.587   5      0.571   -          -    2.158
          549.9 4672.0 4672.0  0.0   1967.1 37504.0   2133.7   93560.0    64157.7   103168.0 99915.9 14080.0 12812.3    253    1.587   5      0.571   -          -    2.158
          550.9 4672.0 4672.0  0.0   1967.1 37504.0   2212.5   93560.0    64157.7   103168.0 99915.9 14080.0 12812.3    253    1.587   5      0.571   -          -    2.158
          551.9 4672.0 4672.0  0.0   1967.1 37504.0   2215.2   93560.0    64157.7   103168.0 99915.9 14080.0 12812.3    253    1.587   5      0.571   -          -    2.158
          552.9 4672.0 4672.0  0.0   1967.1 37504.0   2215.2   93560.0    64157.7   103168.0 99915.9 14080.0 12812.3    253    1.587   5      0.571   -          -    2.158
          554.0 4672.0 4672.0  0.0   1967.1 37504.0   2215.2   93560.0    64157.7   103168.0 99915.9 14080.0 12812.3    253    1.587   5      0.571   -          -    2.158
          555.0 4672.0 4672.0  0.0   1967.1 37504.0   2215.2   93560.0    64157.7   103168.0 99915.9 14080.0 12812.3    253    1.587   5      0.571   -          -    2.158
          556.0 4672.0 4672.0  0.0   1967.1 37504.0   2215.2   93560.0    64157.7   103168.0 99915.9 14080.0 12812.3    253    1.587   5      0.571   -          -    2.158
          557.0 4672.0 4672.0  0.0   1967.1 37504.0   2215.2   93560.0    64157.7   103168.0 99915.9 14080.0 12812.3    253    1.587   5      0.571   -          -    2.158
          558.0 4672.0 4672.0  0.0   1967.1 37504.0   2215.2   93560.0    64157.7   103168.0 99915.9 14080.0 12812.3    253    1.587   5      0.571   -          -    2.158
          559.0 4672.0 4672.0  0.0   1967.1 37504.0   2215.2   93560.0    64157.7   103168.0 99915.9 14080.0 12812.3    253    1.587   5      0.571   -          -    2.158
          560.0 4672.0 4672.0  0.0   1967.1 37504.0   2215.2   93560.0    64157.7   103168.0 99915.9 14080.0 12812.3    253    1.587   5      0.571   -          -    2.158
          561.0 4672.0 4672.0  0.0   1967.1 37504.0   2286.0   93560.0    64157.7   103168.0 99915.9 14080.0 12812.3    253    1.587   5      0.571   -          -    2.158
          561.9 4672.0 4672.0  0.0   1967.1 37504.0   2288.8   93560.0    64157.7   103168.0 99915.9 14080.0 12812.3    253    1.587   5      0.571   -          -    2.158
          562.9 4672.0 4672.0  0.0   1967.1 37504.0   2288.8   93560.0    64157.7   103168.0 99915.9 14080.0 12812.3    253    1.587   5      0.571   -          -    2.158
          563.9 4672.0 4672.0  0.0   1967.1 37504.0   2288.8   93560.0    64157.7   103168.0 99915.9 14080.0 12812.3    253    1.587   5      0.571   -          -    2.158
          564.9 4672.0 4672.0  0.0   1967.1 37504.0   2288.8   93560.0    64157.7   103168.0 99915.9 14080.0 12812.3    253    1.587   5      0.571   -          -    2.158
          565.9 4672.0 4672.0  0.0   1967.1 37504.0   2288.8   93560.0    64157.7   103168.0 99915.9 14080.0 12812.3    253    1.587   5      0.571   -          -    2.158
          566.9 4672.0 4672.0  0.0   1967.1 37504.0   2288.8   93560.0    64157.7   103168.0 99915.9 14080.0 12812.3    253    1.587   5      0.571   -          -    2.158
          567.9 4672.0 4672.0  0.0   1967.1 37504.0   2288.8   93560.0    64157.7   103168.0 99915.9 14080.0 12812.3    253    1.587   5      0.571   -          -    2.158
          568.9 4672.0 4672.0  0.0   1967.1 37504.0   2288.8   93560.0    64157.7   103168.0 99915.9 14080.0 12812.3    253    1.587   5      0.571   -          -    2.158
          570.0 4672.0 4672.0  0.0   1967.1 37504.0   2288.8   93560.0    64157.7   103168.0 99915.9 14080.0 12812.3    253    1.587   5      0.571   -          -    2.158
          571.0 4672.0 4672.0  0.0   1967.1 37504.0   2367.8   93560.0    64157.7   103168.0 99915.9 14080.0 12812.3    253    1.587   5      0.571   -          -    2.158
          572.0 4672.0 4672.0  0.0   1967.1 37504.0   2373.3   93560.0    64157.7   103168.0 99915.9 14080.0 12812.3    253    1.587   5      0.571   -          -    2.158
          573.0 4672.0 4672.0  0.0   1967.1 37504.0   2373.3   93560.0    64157.7   103168.0 99915.9 14080.0 12812.3    253    1.587   5      0.571   -          -    2.158
          574.0 4672.0 4672.0  0.0   1967.1 37504.0   2373.3   93560.0    64157.7   103168.0 99915.9 14080.0 12812.3    253    1.587   5      0.571   -          -    2.158
          575.0 4672.0 4672.0  0.0   1967.1 37504.0   2373.3   93560.0    64157.7   103168.0 99915.9 14080.0 12812.3    253    1.587   5      0.571   -          -    2.158
          576.0 4672.0 4672.0  0.0   1967.1 37504.0   3028.0   93560.0    64157.7   103168.0 99915.9 14080.0 12812.3    253    1.587   5      0.571   -          -    2.158
          577.0 4672.0 4672.0  0.0   1967.1 37504.0   3383.0   93560.0    64157.7   103168.0 99915.9 14080.0 12812.3    253    1.587   5      0.571   -          -    2.158
          578.0 4672.0 4672.0  0.0   1967.1 37504.0   3383.0   93560.0    64157.7   103168.0 99915.9 14080.0 12812.3    253    1.587   5      0.571   -          -    2.158
          578.9 4672.0 4672.0  0.0   1967.1 37504.0   3414.0   93560.0    64157.7   103168.0 99915.9 14080.0 12812.3    253    1.587   5      0.571   -          -    2.158
          579.9 4672.0 4672.0  0.0   1967.1 37504.0   3475.8   93560.0    64157.7   103168.0 99915.9 14080.0 12812.3    253    1.587   5      0.571   -          -    2.158
          580.9 4672.0 4672.0  0.0   1967.1 37504.0   3554.8   93560.0    64157.7   103168.0 99915.9 14080.0 12812.3    253    1.587   5      0.571   -          -    2.158
          581.9 4672.0 4672.0  0.0   1967.1 37504.0   3557.6   93560.0    64157.7   103168.0 99915.9 14080.0 12812.3    253    1.587   5      0.571   -          -    2.158
          582.9 4672.0 4672.0  0.0   1967.1 37504.0   3557.6   93560.0    64157.7   103168.0 99915.9 14080.0 12812.3    253    1.587   5      0.571   -          -    2.158
          584.0 4672.0 4672.0  0.0   1967.1 37504.0   3557.6   93560.0    64157.7   103168.0 99915.9 14080.0 12812.3    253    1.587   5      0.571   -          -    2.158
          585.0 4672.0 4672.0  0.0   1967.1 37504.0   3557.6   93560.0    64157.7   103168.0 99915.9 14080.0 12812.3    253    1.587   5      0.571   -          -    2.158
          586.0 4672.0 4672.0  0.0   1967.1 37504.0   3557.6   93560.0    64157.7   103168.0 99915.9 14080.0 12812.3    253    1.587   5      0.571   -          -    2.158
          587.0 4672.0 4672.0  0.0   1967.1 37504.0   3557.6   93560.0    64157.7   103168.0 99915.9 14080.0 12812.3    253    1.587   5      0.571   -          -    2.158
          588.0 4672.0 4672.0  0.0   1967.1 37504.0   3557.6   93560.0    64157.7   103168.0 99915.9 14080.0 12812.3    253    1.587   5      0.571   -          -    2.158
          589.0 4672.0 4672.0  0.0   1967.1 37504.0   3557.6   93560.0    64157.7   103168.0 99915.9 14080.0 12812.3    253    1.587   5      0.571   -          -    2.158
          590.0 4672.0 4672.0  0.0   1967.1 37504.0   3557.6   93560.0    64157.7   103168.0 99915.9 14080.0 12812.3    253    1.587   5      0.571   -          -    2.158
          591.0 4672.0 4672.0  0.0   1967.1 37504.0   3628.4   93560.0    64157.7   103168.0 99915.9 14080.0 12812.3    253    1.587   5      0.571   -          -    2.158
          592.0 4672.0 4672.0  0.0   1967.1 37504.0   3631.2   93560.0    64157.7   103168.0 99915.9 14080.0 12812.3    253    1.587   5      0.571   -          -    2.158
          593.0 4672.0 4672.0  0.0   1967.1 37504.0   3631.2   93560.0    64157.7   103168.0 99915.9 14080.0 12812.3    253    1.587   5      0.571   -          -    2.158
          594.0 4672.0 4672.0  0.0   1967.1 37504.0   3631.2   93560.0    64157.7   103168.0 99915.9 14080.0 12812.3    253    1.587   5      0.571   -          -    2.158
          595.0 4672.0 4672.0  0.0   1967.1 37504.0   3631.2   93560.0    64157.7   103168.0 99915.9 14080.0 12812.3    253    1.587   5      0.571   -          -    2.158
          595.9 4672.0 4672.0  0.0   1967.1 37504.0   3631.2   93560.0    64157.7   103168.0 99915.9 14080.0 12812.3    253    1.587   5      0.571   -          -    2.158
          596.9 4672.0 4672.0  0.0   1967.1 37504.0   3631.2   93560.0    64157.7   103168.0 99915.9 14080.0 12812.3    253    1.587   5      0.571   -          -    2.158
          598.0 4672.0 4672.0  0.0   1967.1 37504.0   3631.2   93560.0    64157.7   103168.0 99915.9 14080.0 12812.3    253    1.587   5      0.571   -          -    2.158
          599.0 4672.0 4672.0  0.0   1967.1 37504.0   3631.2   93560.0    64157.7   103168.0 99915.9 14080.0 12812.3    253    1.587   5      0.571   -          -    2.158
          600.0 4672.0 4672.0  0.0   1967.1 37504.0   3631.2   93560.0    64157.7   103168.0 99915.9 14080.0 12812.3    253    1.587   5      0.571   -          -    2.158
          601.0 4672.0 4672.0  0.0   1967.1 37504.0   3709.9   93560.0    64157.7   103168.0 99915.9 14080.0 12812.3    253    1.587   5      0.571   -          -    2.158
          602.0 4672.0 4672.0  0.0   1967.1 37504.0   3709.9   93560.0    64157.7   103168.0 99915.9 14080.0 12812.3    253    1.587   5      0.571   -          -    2.158
          603.0 4672.0 4672.0  0.0   1967.1 37504.0   3712.7   93560.0    64157.7   103168.0 99915.9 14080.0 12812.3    253    1.587   5      0.571   -          -    2.158
          604.0 4672.0 4672.0  0.0   1967.1 37504.0   3712.7   93560.0    64157.7   103168.0 99915.9 14080.0 12812.3    253    1.587   5      0.571   -          -    2.158
          605.0 4672.0 4672.0  0.0   1967.1 37504.0   3712.7   93560.0    64157.7   103168.0 99915.9 14080.0 12812.3    253    1.587   5      0.571   -          -    2.158
          606.0 4672.0 4672.0  0.0   1967.1 37504.0   3712.7   93560.0    64157.7   103168.0 99915.9 14080.0 12812.3    253    1.587   5      0.571   -          -    2.158
          607.0 4672.0 4672.0  0.0   1967.1 37504.0   3712.7   93560.0    64157.7   103168.0 99915.9 14080.0 12812.3    253    1.587   5      0.571   -          -    2.158
          608.0 4672.0 4672.0  0.0   1967.1 37504.0   3712.7   93560.0    64157.7   103168.0 99915.9 14080.0 12812.3    253    1.587   5      0.571   -          -    2.158
          609.0 4672.0 4672.0  0.0   1967.1 37504.0   3712.7   93560.0    64157.7   103168.0 99915.9 14080.0 12812.3    253    1.587   5      0.571   -          -    2.158
          610.0 4672.0 4672.0  0.0   1967.1 37504.0   3814.4   93560.0    64157.7   103168.0 99915.9 14080.0 12812.3    253    1.587   5      0.571   -          -    2.158
          611.0 4672.0 4672.0  0.0   1967.1 37504.0   3893.3   93560.0    64157.7   103168.0 99915.9 14080.0 12812.3    253    1.587   5      0.571   -          -    2.158
          612.0 4672.0 4672.0  0.0   1967.1 37504.0   3893.3   93560.0    64157.7   103168.0 99915.9 14080.0 12812.3    253    1.587   5      0.571   -          -    2.158
          613.0 4672.0 4672.0  0.0   1967.1 37504.0   3893.3   93560.0    64157.7   103168.0 99915.9 14080.0 12812.3    253    1.587   5      0.571   -          -    2.158
          614.0 4672.0 4672.0  0.0   1967.1 37504.0   3893.3   93560.0    64157.7   103168.0 99915.9 14080.0 12812.3    253    1.587   5      0.571   -          -    2.158
          615.0 4672.0 4672.0  0.0   1967.1 37504.0   3893.3   93560.0    64157.7   103168.0 99915.9 14080.0 12812.3    253    1.587   5      0.571   -          -    2.158
          616.0 4672.0 4672.0  0.0   1967.1 37504.0   3906.0   93560.0    64157.7   103168.0 99915.9 14080.0 12812.3    253    1.587   5      0.571   -          -    2.158
          617.0 4672.0 4672.0  0.0   1967.1 37504.0   3906.0   93560.0    64157.7   103168.0 99915.9 14080.0 12812.3    253    1.587   5      0.571   -          -    2.158
          618.0 4672.0 4672.0  0.0   1967.1 37504.0   3906.0   93560.0    64157.7   103168.0 99915.9 14080.0 12812.3    253    1.587   5      0.571   -          -    2.158
          619.0 4672.0 4672.0  0.0   1967.1 37504.0   3906.0   93560.0    64157.7   103168.0 99915.9 14080.0 12812.3    253    1.587   5      0.571   -          -    2.158
          620.0 4672.0 4672.0  0.0   1967.1 37504.0   3906.0   93560.0    64157.7   103168.0 99915.9 14080.0 12812.3    253    1.587   5      0.571   -          -    2.158
          621.0 4672.0 4672.0  0.0   1967.1 37504.0   3976.9   93560.0    64157.7   103168.0 99915.9 14080.0 12812.3    253    1.587   5      0.571   -          -    2.158
          622.0 4672.0 4672.0  0.0   1967.1 37504.0   3976.9   93560.0    64157.7   103168.0 99915.9 14080.0 12812.3    253    1.587   5      0.571   -          -    2.158
          623.0 4672.0 4672.0  0.0   1967.1 37504.0   3976.9   93560.0    64157.7   103168.0 99915.9 14080.0 12812.3    253    1.587   5      0.571   -          -    2.158
          624.0 4672.0 4672.0  0.0   1967.1 37504.0   3976.9   93560.0    64157.7   103168.0 99915.9 14080.0 12812.3    253    1.587   5      0.571   -          -    2.158
          625.0 4672.0 4672.0  0.0   1967.1 37504.0   3976.9   93560.0    64157.7   103168.0 99915.9 14080.0 12812.3    253    1.587   5      0.571   -          -    2.158
          626.0 4672.0 4672.0  0.0   1967.1 37504.0   3979.6   93560.0    64157.7   103168.0 99915.9 14080.0 12812.3    253    1.587   5      0.571   -          -    2.158
          627.0 4672.0 4672.0  0.0   1967.1 37504.0   3982.4   93560.0    64157.7   103168.0 99915.9 14080.0 12812.3    253    1.587   5      0.571   -          -    2.158
          628.0 4672.0 4672.0  0.0   1967.1 37504.0   3982.4   93560.0    64157.7   103168.0 99915.9 14080.0 12812.3    253    1.587   5      0.571   -          -    2.158
          629.0 4672.0 4672.0  0.0   1967.1 37504.0   3982.4   93560.0    64157.7   103168.0 99915.9 14080.0 12812.3    253    1.587   5      0.571   -          -    2.158
          630.0 4672.0 4672.0  0.0   1967.1 37504.0   3982.4   93560.0    64157.7   103168.0 99915.9 14080.0 12812.3    253    1.587   5      0.571   -          -    2.158
          631.0 4672.0 4672.0  0.0   1967.1 37504.0   4061.4   93560.0    64157.7   103168.0 99915.9 14080.0 12812.3    253    1.587   5      0.571   -          -    2.158
          632.0 4672.0 4672.0  0.0   1967.1 37504.0   4061.4   93560.0    64157.7   103168.0 99915.9 14080.0 12812.3    253    1.587   5      0.571   -          -    2.158
          633.0 4672.0 4672.0  0.0   1967.1 37504.0   4061.4   93560.0    64157.7   103168.0 99915.9 14080.0 12812.3    253    1.587   5      0.571   -          -    2.158
          634.0 4672.0 4672.0  0.0   1967.1 37504.0   4061.4   93560.0    64157.7   103168.0 99915.9 14080.0 12812.3    253    1.587   5      0.571   -          -    2.158
          635.0 4672.0 4672.0  0.0   1967.1 37504.0   4061.4   93560.0    64157.7   103168.0 99915.9 14080.0 12812.3    253    1.587   5      0.571   -          -    2.158
          636.0 4672.0 4672.0  0.0   1967.1 37504.0   4061.4   93560.0    64157.7   103168.0 99915.9 14080.0 12812.3    253    1.587   5      0.571   -          -    2.158
          637.0 4672.0 4672.0  0.0   1967.1 37504.0   4061.4   93560.0    64157.7   103168.0 99915.9 14080.0 12812.3    253    1.587   5      0.571   -          -    2.158
          638.0 4672.0 4672.0  0.0   1967.1 37504.0   4061.4   93560.0    64157.7   103168.0 99915.9 14080.0 12812.3    253    1.587   5      0.571   -          -    2.158
          639.0 4672.0 4672.0  0.0   1967.1 37504.0   4061.4   93560.0    64157.7   103168.0 99915.9 14080.0 12812.3    253    1.587   5      0.571   -          -    2.158
          640.0 4672.0 4672.0  0.0   1967.1 37504.0   4284.5   93560.0    64157.7   103168.0 99915.9 14080.0 12812.3    253    1.587   5      0.571   -          -    2.158
          641.0 4672.0 4672.0  0.0   1967.1 37504.0   4437.3   93560.0    64157.7   103168.0 99915.9 14080.0 12812.3    253    1.587   5      0.571   -          -    2.158
          642.0 4672.0 4672.0  0.0   1967.1 37504.0   4437.3   93560.0    64157.7   103168.0 99915.9 14080.0 12812.3    253    1.587   5      0.571   -          -    2.158
          643.0 4672.0 4672.0  0.0   1967.1 37504.0   4437.3   93560.0    64157.7   103168.0 99915.9 14080.0 12812.3    253    1.587   5      0.571   -          -    2.158
          644.0 4672.0 4672.0  0.0   1967.1 37504.0   4437.3   93560.0    64157.7   103168.0 99915.9 14080.0 12812.3    253    1.587   5      0.571   -          -    2.158
          645.0 4672.0 4672.0  0.0   1967.1 37504.0   4437.3   93560.0    64157.7   103168.0 99915.9 14080.0 12812.3    253    1.587   5      0.571   -          -    2.158
          646.0 4672.0 4672.0  0.0   1967.1 37504.0   4437.3   93560.0    64157.7   103168.0 99915.9 14080.0 12812.3    253    1.587   5      0.571   -          -    2.158
          647.0 4672.0 4672.0  0.0   1967.1 37504.0   4437.3   93560.0    64157.7   103168.0 99915.9 14080.0 12812.3    253    1.587   5      0.571   -          -    2.158
          648.0 4672.0 4672.0  0.0   1967.1 37504.0   4437.3   93560.0    64157.7   103168.0 99915.9 14080.0 12812.3    253    1.587   5      0.571   -          -    2.158
          649.0 4672.0 4672.0  0.0   1967.1 37504.0   4437.3   93560.0    64157.7   103168.0 99915.9 14080.0 12812.3    253    1.587   5      0.571   -          -    2.158
          650.0 4672.0 4672.0  0.0   1967.1 37504.0   4437.3   93560.0    64157.7   103168.0 99915.9 14080.0 12812.3    253    1.587   5      0.571   -          -    2.158
          651.0 4672.0 4672.0  0.0   1967.1 37504.0   4508.1   93560.0    64157.7   103168.0 99915.9 14080.0 12812.3    253    1.587   5      0.571   -          -    2.158
          652.0 4672.0 4672.0  0.0   1967.1 37504.0   4510.9   93560.0    64157.7   103168.0 99915.9 14080.0 12812.3    253    1.587   5      0.571   -          -    2.158
          653.0 4672.0 4672.0  0.0   1967.1 37504.0   4510.9   93560.0    64157.7   103168.0 99915.9 14080.0 12812.3    253    1.587   5      0.571   -          -    2.158
          654.0 4672.0 4672.0  0.0   1967.1 37504.0   4510.9   93560.0    64157.7   103168.0 99915.9 14080.0 12812.3    253    1.587   5      0.571   -          -    2.158
          655.0 4672.0 4672.0  0.0   1967.1 37504.0   4510.9   93560.0    64157.7   103168.0 99915.9 14080.0 12812.3    253    1.587   5      0.571   -          -    2.158
          656.0 4672.0 4672.0  0.0   1967.1 37504.0   4510.9   93560.0    64157.7   103168.0 99915.9 14080.0 12812.3    253    1.587   5      0.571   -          -    2.158
          657.0 4672.0 4672.0  0.0   1967.1 37504.0   4510.9   93560.0    64157.7   103168.0 99915.9 14080.0 12812.3    253    1.587   5      0.571   -          -    2.158
          658.0 4672.0 4672.0  0.0   1967.1 37504.0   4510.9   93560.0    64157.7   103168.0 99915.9 14080.0 12812.3    253    1.587   5      0.571   -          -    2.158
          659.0 4672.0 4672.0  0.0   1967.1 37504.0   4510.9   93560.0    64157.7   103168.0 99915.9 14080.0 12812.3    253    1.587   5      0.571   -          -    2.158
          660.0 4672.0 4672.0  0.0   1967.1 37504.0   4510.9   93560.0    64157.7   103168.0 99915.9 14080.0 12812.3    253    1.587   5      0.571   -          -    2.158
          661.0 4672.0 4672.0  0.0   1967.1 37504.0   4589.6   93560.0    64157.7   103168.0 99915.9 14080.0 12812.3    253    1.587   5      0.571   -          -    2.158
          662.0 4672.0 4672.0  0.0   1967.1 37504.0   4592.4   93560.0    64157.7   103168.0 99915.9 14080.0 12812.3    253    1.587   5      0.571   -          -    2.158
          663.0 4672.0 4672.0  0.0   1967.1 37504.0   4592.4   93560.0    64157.7   103168.0 99915.9 14080.0 12812.3    253    1.587   5      0.571   -          -    2.158
          664.0 4672.0 4672.0  0.0   1967.1 37504.0   4592.4   93560.0    64157.7   103168.0 99915.9 14080.0 12812.3    253    1.587   5      0.571   -          -    2.158
          665.0 4672.0 4672.0  0.0   1967.1 37504.0   4592.4   93560.0    64157.7   103168.0 99915.9 14080.0 12812.3    253    1.587   5      0.571   -          -    2.158
          666.0 4672.0 4672.0  0.0   1967.1 37504.0   4592.4   93560.0    64157.7   103168.0 99915.9 14080.0 12812.3    253    1.587   5      0.571   -          -    2.158
          667.0 4672.0 4672.0  0.0   1967.1 37504.0   4592.4   93560.0    64157.7   103168.0 99915.9 14080.0 12812.3    253    1.587   5      0.571   -          -    2.158
          668.0 4672.0 4672.0  0.0   1967.1 37504.0   4592.4   93560.0    64157.7   103168.0 99915.9 14080.0 12812.3    253    1.587   5      0.571   -          -    2.158
          669.0 4672.0 4672.0  0.0   1967.1 37504.0   4592.4   93560.0    64157.7   103168.0 99915.9 14080.0 12812.3    253    1.587   5      0.571   -          -    2.158
          670.0 4672.0 4672.0  0.0   1967.1 37504.0   4673.3   93560.0    64157.7   103168.0 99915.9 14080.0 12812.3    253    1.587   5      0.571   -          -    2.158
          671.0 4672.0 4672.0  0.0   1967.1 37504.0   4752.0   93560.0    64157.7   103168.0 99915.9 14080.0 12812.3    253    1.587   5      0.571   -          -    2.158
          672.0 4672.0 4672.0  0.0   1967.1 37504.0   4754.8   93560.0    64157.7   103168.0 99915.9 14080.0 12812.3    253    1.587   5      0.571   -          -    2.158
          673.0 4672.0 4672.0  0.0   1967.1 37504.0   4754.8   93560.0    64157.7   103168.0 99915.9 14080.0 12812.3    253    1.587   5      0.571   -          -    2.158
          674.0 4672.0 4672.0  0.0   1967.1 37504.0   4754.8   93560.0    64157.7   103168.0 99915.9 14080.0 12812.3    253    1.587   5      0.571   -          -    2.158
          675.0 4672.0 4672.0  0.0   1967.1 37504.0   4754.8   93560.0    64157.7   103168.0 99915.9 14080.0 12812.3    253    1.587   5      0.571   -          -    2.158
          676.0 4672.0 4672.0  0.0   1967.1 37504.0   4754.8   93560.0    64157.7   103168.0 99915.9 14080.0 12812.3    253    1.587   5      0.571   -          -    2.158
          677.0 4672.0 4672.0  0.0   1967.1 37504.0   4754.8   93560.0    64157.7   103168.0 99915.9 14080.0 12812.3    253    1.587   5      0.571   -          -    2.158
          678.0 4672.0 4672.0  0.0   1967.1 37504.0   4754.8   93560.0    64157.7   103168.0 99915.9 14080.0 12812.3    253    1.587   5      0.571   -          -    2.158
          679.0 4672.0 4672.0  0.0   1967.1 37504.0   4754.8   93560.0    64157.7   103168.0 99915.9 14080.0 12812.3    253    1.587   5      0.571   -          -    2.158
          680.0 4672.0 4672.0  0.0   1967.1 37504.0   4754.8   93560.0    64157.7   103168.0 99915.9 14080.0 12812.3    253    1.587   5      0.571   -          -    2.158
          681.0 4672.0 4672.0  0.0   1967.1 37504.0   4825.7   93560.0    64157.7   103168.0 99915.9 14080.0 12812.3    253    1.587   5      0.571   -          -    2.158
          682.0 4672.0 4672.0  0.0   1967.1 37504.0   4831.1   93560.0    64157.7   103168.0 99915.9 14080.0 12812.3    253    1.587   5      0.571   -          -    2.158
          683.0 4672.0 4672.0  0.0   1967.1 37504.0   4831.1   93560.0    64157.7   103168.0 99915.9 14080.0 12812.3    253    1.587   5      0.571   -          -    2.158
          684.0 4672.0 4672.0  0.0   1967.1 37504.0   4831.1   93560.0    64157.7   103168.0 99915.9 14080.0 12812.3    253    1.587   5      0.571   -          -    2.158
          685.0 4672.0 4672.0  0.0   1967.1 37504.0   4831.1   93560.0    64157.7   103168.0 99915.9 14080.0 12812.3    253    1.587   5      0.571   -          -    2.158
          686.0 4672.0 4672.0  0.0   1967.1 37504.0   4831.1   93560.0    64157.7   103168.0 99915.9 14080.0 12812.3    253    1.587   5      0.571   -          -    2.158
          687.0 4672.0 4672.0  0.0   1967.1 37504.0   4831.1   93560.0    64157.7   103168.0 99915.9 14080.0 12812.3    253    1.587   5      0.571   -          -    2.158
          688.0 4672.0 4672.0  0.0   1967.1 37504.0   4831.1   93560.0    64157.7   103168.0 99915.9 14080.0 12812.3    253    1.587   5      0.571   -          -    2.158
          689.0 4672.0 4672.0  0.0   1967.1 37504.0   4831.1   93560.0    64157.7   103168.0 99915.9 14080.0 12812.3    253    1.587   5      0.571   -          -    2.158
          690.0 4672.0 4672.0  0.0   1967.1 37504.0   4831.1   93560.0    64157.7   103168.0 99915.9 14080.0 12812.3    253    1.587   5      0.571   -          -    2.158
          691.0 4672.0 4672.0  0.0   1967.1 37504.0   4909.9   93560.0    64157.7   103168.0 99915.9 14080.0 12812.3    253    1.587   5      0.571   -          -    2.158
          692.0 4672.0 4672.0  0.0   1967.1 37504.0   4912.7   93560.0    64157.7   103168.0 99915.9 14080.0 12812.3    253    1.587   5      0.571   -          -    2.158
          693.0 4672.0 4672.0  0.0   1967.1 37504.0   4912.7   93560.0    64157.7   103168.0 99915.9 14080.0 12812.3    253    1.587   5      0.571   -          -    2.158
          694.0 4672.0 4672.0  0.0   1967.1 37504.0   4912.7   93560.0    64157.7   103168.0 99915.9 14080.0 12812.3    253    1.587   5      0.571   -          -    2.158
          695.0 4672.0 4672.0  0.0   1967.1 37504.0   4912.7   93560.0    64157.7   103168.0 99915.9 14080.0 12812.3    253    1.587   5      0.571   -          -    2.158
          696.0 4672.0 4672.0  0.0   1967.1 37504.0   4912.7   93560.0    64157.7   103168.0 99915.9 14080.0 12812.3    253    1.587   5      0.571   -          -    2.158
          697.0 4672.0 4672.0  0.0   1967.1 37504.0   4912.7   93560.0    64157.7   103168.0 99915.9 14080.0 12812.3    253    1.587   5      0.571   -          -    2.158
          698.0 4672.0 4672.0  0.0   1967.1 37504.0   4912.7   93560.0    64157.7   103168.0 99915.9 14080.0 12812.3    253    1.587   5      0.571   -          -    2.158
          699.0 4672.0 4672.0  0.0   1967.1 37504.0   4912.7   93560.0    64157.7   103168.0 99915.9 14080.0 12812.3    253    1.587   5      0.571   -          -    2.158
          700.0 4672.0 4672.0  0.0   1967.1 37504.0   4996.6   93560.0    64157.7   103168.0 99915.9 14080.0 12812.3    253    1.587   5      0.571   -          -    2.158
          701.0 4672.0 4672.0  0.0   1967.1 37504.0   5078.9   93560.0    64157.7   103168.0 99915.9 14080.0 12812.3    253    1.587   5      0.571   -          -    2.158
          702.0 4672.0 4672.0  0.0   1967.1 37504.0   5081.7   93560.0    64157.7   103168.0 99915.9 14080.0 12812.3    253    1.587   5      0.571   -          -    2.158
          703.1 4672.0 4672.0  0.0   1967.1 37504.0   5081.7   93560.0    64157.7   103168.0 99915.9 14080.0 12812.3    253    1.587   5      0.571   -          -    2.158
          704.0 4672.0 4672.0  0.0   1967.1 37504.0   5081.7   93560.0    64157.7   103168.0 99915.9 14080.0 12812.3    253    1.587   5      0.571   -          -    2.158
          705.0 4672.0 4672.0  0.0   1967.1 37504.0   5081.7   93560.0    64157.7   103168.0 99915.9 14080.0 12812.3    253    1.587   5      0.571   -          -    2.158
          706.0 4672.0 4672.0  0.0   1967.1 37504.0   5081.7   93560.0    64157.7   103168.0 99915.9 14080.0 12812.3    253    1.587   5      0.571   -          -    2.158
          707.0 4672.0 4672.0  0.0   1967.1 37504.0   5081.7   93560.0    64157.7   103168.0 99915.9 14080.0 12812.3    253    1.587   5      0.571   -          -    2.158
          708.0 4672.0 4672.0  0.0   1967.1 37504.0   5081.7   93560.0    64157.7   103168.0 99915.9 14080.0 12812.3    253    1.587   5      0.571   -          -    2.158
          709.0 4672.0 4672.0  0.0   1967.1 37504.0   5081.7   93560.0    64157.7   103168.0 99915.9 14080.0 12812.3    253    1.587   5      0.571   -          -    2.158
          710.0 4672.0 4672.0  0.0   1967.1 37504.0   5081.7   93560.0    64157.7   103168.0 99915.9 14080.0 12812.3    253    1.587   5      0.571   -          -    2.158
          711.0 4672.0 4672.0  0.0   1967.1 37504.0   5152.6   93560.0    64157.7   103168.0 99915.9 14080.0 12812.3    253    1.587   5      0.571   -          -    2.158
          712.0 4672.0 4672.0  0.0   1967.1 37504.0   5152.6   93560.0    64157.7   103168.0 99915.9 14080.0 12812.3    253    1.587   5      0.571   -          -    2.158
          713.0 4672.0 4672.0  0.0   1967.1 37504.0   5152.6   93560.0    64157.7   103168.0 99915.9 14080.0 12812.3    253    1.587   5      0.571   -          -    2.158
          714.0 4672.0 4672.0  0.0   1967.1 37504.0   5155.4   93560.0    64157.7   103168.0 99915.9 14080.0 12812.3    253    1.587   5      0.571   -          -    2.158
          715.0 4672.0 4672.0  0.0   1967.1 37504.0   5155.4   93560.0    64157.7   103168.0 99915.9 14080.0 12812.3    253    1.587   5      0.571   -          -    2.158
          716.0 4672.0 4672.0  0.0   1967.1 37504.0   5155.4   93560.0    64157.7   103168.0 99915.9 14080.0 12812.3    253    1.587   5      0.571   -          -    2.158
          717.1 4672.0 4672.0  0.0   1967.1 37504.0   5155.4   93560.0    64157.7   103168.0 99915.9 14080.0 12812.3    253    1.587   5      0.571   -          -    2.158
          718.1 4672.0 4672.0  0.0   1967.1 37504.0   5155.4   93560.0    64157.7   103168.0 99915.9 14080.0 12812.3    253    1.587   5      0.571   -          -    2.158
          719.1 4672.0 4672.0  0.0   1967.1 37504.0   5155.4   93560.0    64157.7   103168.0 99915.9 14080.0 12812.3    253    1.587   5      0.571   -          -    2.158
          720.1 4672.0 4672.0  0.0   1967.1 37504.0   5155.4   93560.0    64157.7   103168.0 99915.9 14080.0 12812.3    253    1.587   5      0.571   -          -    2.158
          721.0 4672.0 4672.0  0.0   1967.1 37504.0   5234.2   93560.0    64157.7   103168.0 99915.9 14080.0 12812.3    253    1.587   5      0.571   -          -    2.158
          722.0 4672.0 4672.0  0.0   1967.1 37504.0   5234.2   93560.0    64157.7   103168.0 99915.9 14080.0 12812.3    253    1.587   5      0.571   -          -    2.158
          723.0 4672.0 4672.0  0.0   1967.1 37504.0   5234.2   93560.0    64157.7   103168.0 99915.9 14080.0 12812.3    253    1.587   5      0.571   -          -    2.158
          724.0 4672.0 4672.0  0.0   1967.1 37504.0   5234.2   93560.0    64157.7   103168.0 99915.9 14080.0 12812.3    253    1.587   5      0.571   -          -    2.158
          725.0 4672.0 4672.0  0.0   1967.1 37504.0   5234.2   93560.0    64157.7   103168.0 99915.9 14080.0 12812.3    253    1.587   5      0.571   -          -    2.158
          726.0 4672.0 4672.0  0.0   1967.1 37504.0   5234.2   93560.0    64157.7   103168.0 99915.9 14080.0 12812.3    253    1.587   5      0.571   -          -    2.158
          727.0 4672.0 4672.0  0.0   1967.1 37504.0   5237.0   93560.0    64157.7   103168.0 99915.9 14080.0 12812.3    253    1.587   5      0.571   -          -    2.158
          728.0 4672.0 4672.0  0.0   1967.1 37504.0   5237.0   93560.0    64157.7   103168.0 99915.9 14080.0 12812.3    253    1.587   5      0.571   -          -    2.158
          729.0 4672.0 4672.0  0.0   1967.1 37504.0   5237.0   93560.0    64157.7   103168.0 99915.9 14080.0 12812.3    253    1.587   5      0.571   -          -    2.158
          730.0 4672.0 4672.0  0.0   1967.1 37504.0   5318.0   93560.0    64157.7   103168.0 99915.9 14080.0 12812.3    253    1.587   5      0.571   -          -    2.158
          731.1 4672.0 4672.0  0.0   1967.1 37504.0   5388.8   93560.0    64157.7   103168.0 99915.9 14080.0 12812.3    253    1.587   5      0.571   -          -    2.158
          732.1 4672.0 4672.0  0.0   1967.1 37504.0   5388.8   93560.0    64157.7   103168.0 99915.9 14080.0 12812.3    253    1.587   5      0.571   -          -    2.158
          733.1 4672.0 4672.0  0.0   1967.1 37504.0   5388.8   93560.0    64157.7   103168.0 99915.9 14080.0 12812.3    253    1.587   5      0.571   -          -    2.158
          734.1 4672.0 4672.0  0.0   1967.1 37504.0   5388.8   93560.0    64157.7   103168.0 99915.9 14080.0 12812.3    253    1.587   5      0.571   -          -    2.158
          735.0 4672.0 4672.0  0.0   1967.1 37504.0   5401.3   93560.0    64157.7   103168.0 99915.9 14080.0 12812.3    253    1.587   5      0.571   -          -    2.158
          736.0 4672.0 4672.0  0.0   1967.1 37504.0   5401.3   93560.0    64157.7   103168.0 99915.9 14080.0 12812.3    253    1.587   5      0.571   -          -    2.158
          737.0 4672.0 4672.0  0.0   1967.1 37504.0   5401.3   93560.0    64157.7   103168.0 99915.9 14080.0 12812.3    253    1.587   5      0.571   -          -    2.158
          738.0 4672.0 4672.0  0.0   1967.1 37504.0   5401.3   93560.0    64157.7   103168.0 99915.9 14080.0 12812.3    253    1.587   5      0.571   -          -    2.158
          739.0 4672.0 4672.0  0.0   1967.1 37504.0   5401.3   93560.0    64157.7   103168.0 99915.9 14080.0 12812.3    253    1.587   5      0.571   -          -    2.158
          740.0 4672.0 4672.0  0.0   1967.1 37504.0   5404.1   93560.0    64157.7   103168.0 99915.9 14080.0 12812.3    253    1.587   5      0.571   -          -    2.158
          741.0 4672.0 4672.0  0.0   1967.1 37504.0   5482.9   93560.0    64157.7   103168.0 99915.9 14080.0 12812.3    253    1.587   5      0.571   -          -    2.158
          742.1 4672.0 4672.0  0.0   1967.1 37504.0   5482.9   93560.0    64157.7   103168.0 99915.9 14080.0 12812.3    253    1.587   5      0.571   -          -    2.158
          743.1 4672.0 4672.0  0.0   1967.1 37504.0   5482.9   93560.0    64157.7   103168.0 99915.9 14080.0 12812.3    253    1.587   5      0.571   -          -    2.158
          744.1 4672.0 4672.0  0.0   1967.1 37504.0   5482.9   93560.0    64157.7   103168.0 99915.9 14080.0 12812.3    253    1.587   5      0.571   -          -    2.158
          745.1 4672.0 4672.0  0.0   1967.1 37504.0   5482.9   93560.0    64157.7   103168.0 99915.9 14080.0 12812.3    253    1.587   5      0.571   -          -    2.158
          746.1 4672.0 4672.0  0.0   1967.1 37504.0   5482.9   93560.0    64157.7   103168.0 99915.9 14080.0 12812.3    253    1.587   5      0.571   -          -    2.158
          747.1 4672.0 4672.0  0.0   1967.1 37504.0   5482.9   93560.0    64157.7   103168.0 99915.9 14080.0 12812.3    253    1.587   5      0.571   -          -    2.158
          748.1 4672.0 4672.0  0.0   1967.1 37504.0   5482.9   93560.0    64157.7   103168.0 99915.9 14080.0 12812.3    253    1.587   5      0.571   -          -    2.158
          749.1 4672.0 4672.0  0.0   1967.1 37504.0   5482.9   93560.0    64157.7   103168.0 99915.9 14080.0 12812.3    253    1.587   5      0.571   -          -    2.158
          750.0 4672.0 4672.0  0.0   1967.1 37504.0   5482.9   93560.0    64157.7   103168.0 99915.9 14080.0 12812.3    253    1.587   5      0.571   -          -    2.158
          751.0 4672.0 4672.0  0.0   1967.1 37504.0   5548.4   93560.0    64157.7   103168.0 99915.9 14080.0 12812.3    253    1.587   5      0.571   -          -    2.158
          752.0 4672.0 4672.0  0.0   1967.1 37504.0   5548.4   93560.0    64157.7   103168.0 99915.9 14080.0 12812.3    253    1.587   5      0.571   -          -    2.158
          753.0 4672.0 4672.0  0.0   1967.1 37504.0   5548.4   93560.0    64157.7   103168.0 99915.9 14080.0 12812.3    253    1.587   5      0.571   -          -    2.158
          754.0 4672.0 4672.0  0.0   1967.1 37504.0   5548.4   93560.0    64157.7   103168.0 99915.9 14080.0 12812.3    253    1.587   5      0.571   -          -    2.158
          755.1 4672.0 4672.0  0.0   1967.1 37504.0   5548.4   93560.0    64157.7   103168.0 99915.9 14080.0 12812.3    253    1.587   5      0.571   -          -    2.158
          756.1 4672.0 4672.0  0.0   1967.1 37504.0   5548.4   93560.0    64157.7   103168.0 99915.9 14080.0 12812.3    253    1.587   5      0.571   -          -    2.158
          757.1 4672.0 4672.0  0.0   1967.1 37504.0   5548.4   93560.0    64157.7   103168.0 99915.9 14080.0 12812.3    253    1.587   5      0.571   -          -    2.158
          758.1 4672.0 4672.0  0.0   1967.1 37504.0   5548.4   93560.0    64157.7   103168.0 99915.9 14080.0 12812.3    253    1.587   5      0.571   -          -    2.158
          759.1 4672.0 4672.0  0.0   1967.1 37504.0   5548.4   93560.0    64157.7   103168.0 99915.9 14080.0 12812.3    253    1.587   5      0.571   -          -    2.158
          760.1 4672.0 4672.0  0.0   1967.1 37504.0   5609.2   93560.0    64157.7   103168.0 99915.9 14080.0 12812.3    253    1.587   5      0.571   -          -    2.158
          761.1 4672.0 4672.0  0.0   1967.1 37504.0   5699.3   93560.0    64157.7   103168.0 99915.9 14080.0 12812.3    253    1.587   5      0.571   -          -    2.158
          762.1 4672.0 4672.0  0.0   1967.1 37504.0   5702.1   93560.0    64157.7   103168.0 99915.9 14080.0 12812.3    253    1.587   5      0.571   -          -    2.158
          763.1 4672.0 4672.0  0.0   1967.1 37504.0   5702.1   93560.0    64157.7   103168.0 99915.9 14080.0 12812.3    253    1.587   5      0.571   -          -    2.158
          764.1 4672.0 4672.0  0.0   1967.1 37504.0   5702.1   93560.0    64157.7   103168.0 99915.9 14080.0 12812.3    253    1.587   5      0.571   -          -    2.158
          765.1 4672.0 4672.0  0.0   1967.1 37504.0   5702.1   93560.0    64157.7   103168.0 99915.9 14080.0 12812.3    253    1.587   5      0.571   -          -    2.158
          766.0 4672.0 4672.0  0.0   1967.1 37504.0   5702.1   93560.0    64157.7   103168.0 99915.9 14080.0 12812.3    253    1.587   5      0.571   -          -    2.158
          767.0 4672.0 4672.0  0.0   1967.1 37504.0   5702.1   93560.0    64157.7   103168.0 99915.9 14080.0 12812.3    253    1.587   5      0.571   -          -    2.158
          768.0 4672.0 4672.0  0.0   1967.1 37504.0   5702.1   93560.0    64157.7   103168.0 99915.9 14080.0 12812.3    253    1.587   5      0.571   -          -    2.158
          769.1 4672.0 4672.0  0.0   1967.1 37504.0   5702.1   93560.0    64157.7   103168.0 99915.9 14080.0 12812.3    253    1.587   5      0.571   -          -    2.158
          770.1 4672.0 4672.0  0.0   1967.1 37504.0   5702.1   93560.0    64157.7   103168.0 99915.9 14080.0 12812.3    253    1.587   5      0.571   -          -    2.158
          771.1 4672.0 4672.0  0.0   1967.1 37504.0   5764.8   93560.0    64157.7   103168.0 99915.9 14080.0 12812.3    253    1.587   5      0.571   -          -    2.158
          772.1 4672.0 4672.0  0.0   1967.1 37504.0   5767.6   93560.0    64157.7   103168.0 99915.9 14080.0 12812.3    253    1.587   5      0.571   -          -    2.158
          773.1 4672.0 4672.0  0.0   1967.1 37504.0   5767.6   93560.0    64157.7   103168.0 99915.9 14080.0 12812.3    253    1.587   5      0.571   -          -    2.158
          774.1 4672.0 4672.0  0.0   1967.1 37504.0   5767.6   93560.0    64157.7   103168.0 99915.9 14080.0 12812.3    253    1.587   5      0.571   -          -    2.158
          775.1 4672.0 4672.0  0.0   1967.1 37504.0   5767.6   93560.0    64157.7   103168.0 99915.9 14080.0 12812.3    253    1.587   5      0.571   -          -    2.158
          776.1 4672.0 4672.0  0.0   1967.1 37504.0   5767.6   93560.0    64157.7   103168.0 99915.9 14080.0 12812.3    253    1.587   5      0.571   -          -    2.158
          777.1 4672.0 4672.0  0.0   1967.1 37504.0   5767.6   93560.0    64157.7   103168.0 99915.9 14080.0 12812.3    253    1.587   5      0.571   -          -    2.158
          778.1 4672.0 4672.0  0.0   1967.1 37504.0   5767.6   93560.0    64157.7   103168.0 99915.9 14080.0 12812.3    253    1.587   5      0.571   -          -    2.158
          779.1 4672.0 4672.0  0.0   1967.1 37504.0   5767.6   93560.0    64157.7   103168.0 99915.9 14080.0 12812.3    253    1.587   5      0.571   -          -    2.158
          780.1 4672.0 4672.0  0.0   1967.1 37504.0   5858.1   93560.0    64157.7   103168.0 99915.9 14080.0 12812.3    253    1.587   5      0.571   -          -    2.158
          781.1 4672.0 4672.0  0.0   1967.1 37504.0   5858.1   93560.0    64157.7   103168.0 99915.9 14080.0 12812.3    253    1.587   5      0.571   -          -    2.158
          782.1 4672.0 4672.0  0.0   1967.1 37504.0   5860.9   93560.0    64157.7   103168.0 99915.9 14080.0 12812.3    253    1.587   5      0.571   -          -    2.158
          783.1 4672.0 4672.0  0.0   1967.1 37504.0   5860.9   93560.0    64157.7   103168.0 99915.9 14080.0 12812.3    253    1.587   5      0.571   -          -    2.158
          784.1 4672.0 4672.0  0.0   1967.1 37504.0   5860.9   93560.0    64157.7   103168.0 99915.9 14080.0 12812.3    253    1.587   5      0.571   -          -    2.158
          785.1 4672.0 4672.0  0.0   1967.1 37504.0   5860.9   93560.0    64157.7   103168.0 99915.9 14080.0 12812.3    253    1.587   5      0.571   -          -    2.158
          786.1 4672.0 4672.0  0.0   1967.1 37504.0   5860.9   93560.0    64157.7   103168.0 99915.9 14080.0 12812.3    253    1.587   5      0.571   -          -    2.158
          787.1 4672.0 4672.0  0.0   1967.1 37504.0   5860.9   93560.0    64157.7   103168.0 99915.9 14080.0 12812.3    253    1.587   5      0.571   -          -    2.158
          788.1 4672.0 4672.0  0.0   1967.1 37504.0   5860.9   93560.0    64157.7   103168.0 99915.9 14080.0 12812.3    253    1.587   5      0.571   -          -    2.158
          789.1 4672.0 4672.0  0.0   1967.1 37504.0   5860.9   93560.0    64157.7   103168.0 99915.9 14080.0 12812.3    253    1.587   5      0.571   -          -    2.158
          790.1 4672.0 4672.0  0.0   1967.1 37504.0   6035.5   93560.0    64157.7   103168.0 99915.9 14080.0 12812.3    253    1.587   5      0.571   -          -    2.158
          791.1 4672.0 4672.0  0.0   1967.1 37504.0   6109.4   93560.0    64157.7   103168.0 99915.9 14080.0 12812.3    253    1.587   5      0.571   -          -    2.158
          792.1 4672.0 4672.0  0.0   1967.1 37504.0   6112.2   93560.0    64157.7   103168.0 99915.9 14080.0 12812.3    253    1.587   5      0.571   -          -    2.158
          793.1 4672.0 4672.0  0.0   1967.1 37504.0   6112.2   93560.0    64157.7   103168.0 99915.9 14080.0 12812.3    253    1.587   5      0.571   -          -    2.158
          794.1 4672.0 4672.0  0.0   1967.1 37504.0   6112.2   93560.0    64157.7   103168.0 99915.9 14080.0 12812.3    253    1.587   5      0.571   -          -    2.158
          795.1 4672.0 4672.0  0.0   1967.1 37504.0   6112.2   93560.0    64157.7   103168.0 99915.9 14080.0 12812.3    253    1.587   5      0.571   -          -    2.158
          796.1 4672.0 4672.0  0.0   1967.1 37504.0   6112.2   93560.0    64157.7   103168.0 99915.9 14080.0 12812.3    253    1.587   5      0.571   -          -    2.158
          797.1 4672.0 4672.0  0.0   1967.1 37504.0   6112.2   93560.0    64157.7   103168.0 99915.9 14080.0 12812.3    253    1.587   5      0.571   -          -    2.158
          798.1 4672.0 4672.0  0.0   1967.1 37504.0   6112.2   93560.0    64157.7   103168.0 99915.9 14080.0 12812.3    253    1.587   5      0.571   -          -    2.158
          799.1 4672.0 4672.0  0.0   1967.1 37504.0   6112.2   93560.0    64157.7   103168.0 99915.9 14080.0 12812.3    253    1.587   5      0.571   -          -    2.158
          800.1 4672.0 4672.0  0.0   1967.1 37504.0   6191.1   93560.0    64157.7   103168.0 99915.9 14080.0 12812.3    253    1.587   5      0.571   -          -    2.158
          801.1 4672.0 4672.0  0.0   1967.1 37504.0   6191.1   93560.0    64157.7   103168.0 99915.9 14080.0 12812.3    253    1.587   5      0.571   -          -    2.158
          802.1 4672.0 4672.0  0.0   1967.1 37504.0   6193.9   93560.0    64157.7   103168.0 99915.9 14080.0 12812.3    253    1.587   5      0.571   -          -    2.158
          803.1 4672.0 4672.0  0.0   1967.1 37504.0   6193.9   93560.0    64157.7   103168.0 99915.9 14080.0 12812.3    253    1.587   5      0.571   -          -    2.158
          804.1 4672.0 4672.0  0.0   1967.1 37504.0   6193.9   93560.0    64157.7   103168.0 99915.9 14080.0 12812.3    253    1.587   5      0.571   -          -    2.158
          805.1 4672.0 4672.0  0.0   1967.1 37504.0   6193.9   93560.0    64157.7   103168.0 99915.9 14080.0 12812.3    253    1.587   5      0.571   -          -    2.158
          806.1 4672.0 4672.0  0.0   1967.1 37504.0   6193.9   93560.0    64157.7   103168.0 99915.9 14080.0 12812.3    253    1.587   5      0.571   -          -    2.158
          807.1 4672.0 4672.0  0.0   1967.1 37504.0   6193.9   93560.0    64157.7   103168.0 99915.9 14080.0 12812.3    253    1.587   5      0.571   -          -    2.158
          808.1 4672.0 4672.0  0.0   1967.1 37504.0   6193.9   93560.0    64157.7   103168.0 99915.9 14080.0 12812.3    253    1.587   5      0.571   -          -    2.158
          809.1 4672.0 4672.0  0.0   1967.1 37504.0   6193.9   93560.0    64157.7   103168.0 99915.9 14080.0 12812.3    253    1.587   5      0.571   -          -    2.158
          810.1 4672.0 4672.0  0.0   1967.1 37504.0   6272.8   93560.0    64157.7   103168.0 99915.9 14080.0 12812.3    253    1.587   5      0.571   -          -    2.158
          811.1 4672.0 4672.0  0.0   1967.1 37504.0   6272.8   93560.0    64157.7   103168.0 99915.9 14080.0 12812.3    253    1.587   5      0.571   -          -    2.158
          812.1 4672.0 4672.0  0.0   1967.1 37504.0   6275.6   93560.0    64157.7   103168.0 99915.9 14080.0 12812.3    253    1.587   5      0.571   -          -    2.158
          813.1 4672.0 4672.0  0.0   1967.1 37504.0   6275.6   93560.0    64157.7   103168.0 99915.9 14080.0 12812.3    253    1.587   5      0.571   -          -    2.158
          814.1 4672.0 4672.0  0.0   1967.1 37504.0   6275.6   93560.0    64157.7   103168.0 99915.9 14080.0 12812.3    253    1.587   5      0.571   -          -    2.158
          815.1 4672.0 4672.0  0.0   1967.1 37504.0   6275.6   93560.0    64157.7   103168.0 99915.9 14080.0 12812.3    253    1.587   5      0.571   -          -    2.158
          816.1 4672.0 4672.0  0.0   1967.1 37504.0   6275.6   93560.0    64157.7   103168.0 99915.9 14080.0 12812.3    253    1.587   5      0.571   -          -    2.158
          817.1 4672.0 4672.0  0.0   1967.1 37504.0   6275.6   93560.0    64157.7   103168.0 99915.9 14080.0 12812.3    253    1.587   5      0.571   -          -    2.158
          818.1 4672.0 4672.0  0.0   1967.1 37504.0   6275.6   93560.0    64157.7   103168.0 99915.9 14080.0 12812.3    253    1.587   5      0.571   -          -    2.158
          819.1 4672.0 4672.0  0.0   1967.1 37504.0   6275.6   93560.0    64157.7   103168.0 99915.9 14080.0 12812.3    253    1.587   5      0.571   -          -    2.158
          820.1 4672.0 4672.0  0.0   1967.1 37504.0   6407.1   93560.0    64157.7   103168.0 99915.9 14080.0 12812.3    253    1.587   5      0.571   -          -    2.158
          821.1 4672.0 4672.0  0.0   1967.1 37504.0   6407.1   93560.0    64157.7   103168.0 99915.9 14080.0 12812.3    253    1.587   5      0.571   -          -    2.158
          822.1 4672.0 4672.0  0.0   1967.1 37504.0   6407.1   93560.0    64157.7   103168.0 99915.9 14080.0 12812.3    253    1.587   5      0.571   -          -    2.158
          823.1 4672.0 4672.0  0.0   1967.1 37504.0   6407.1   93560.0    64157.7   103168.0 99915.9 14080.0 12812.3    253    1.587   5      0.571   -          -    2.158
          824.1 4672.0 4672.0  0.0   1967.1 37504.0   6407.1   93560.0    64157.7   103168.0 99915.9 14080.0 12812.3    253    1.587   5      0.571   -          -    2.158
          825.1 4672.0 4672.0  0.0   1967.1 37504.0   6410.0   93560.0    64157.7   103168.0 99915.9 14080.0 12812.3    253    1.587   5      0.571   -          -    2.158
          826.1 4672.0 4672.0  0.0   1967.1 37504.0   6410.0   93560.0    64157.7   103168.0 99915.9 14080.0 12812.3    253    1.587   5      0.571   -          -    2.158
          827.1 4672.0 4672.0  0.0   1967.1 37504.0   6410.0   93560.0    64157.7   103168.0 99915.9 14080.0 12812.3    253    1.587   5      0.571   -          -    2.158
          828.1 4672.0 4672.0  0.0   1967.1 37504.0   6410.0   93560.0    64157.7   103168.0 99915.9 14080.0 12812.3    253    1.587   5      0.571   -          -    2.158
          829.1 4672.0 4672.0  0.0   1967.1 37504.0   6410.0   93560.0    64157.7   103168.0 99915.9 14080.0 12812.3    253    1.587   5      0.571   -          -    2.158
          830.1 4672.0 4672.0  0.0   1967.1 37504.0   6488.9   93560.0    64157.7   103168.0 99915.9 14080.0 12812.3    253    1.587   5      0.571   -          -    2.158
          831.1 4672.0 4672.0  0.0   1967.1 37504.0   6488.9   93560.0    64157.7   103168.0 99915.9 14080.0 12812.3    253    1.587   5      0.571   -          -    2.158
          832.1 4672.0 4672.0  0.0   1967.1 37504.0   6488.9   93560.0    64157.7   103168.0 99915.9 14080.0 12812.3    253    1.587   5      0.571   -          -    2.158
          833.1 4672.0 4672.0  0.0   1967.1 37504.0   6488.9   93560.0    64157.7   103168.0 99915.9 14080.0 12812.3    253    1.587   5      0.571   -          -    2.158
          834.1 4672.0 4672.0  0.0   1967.1 37504.0   6488.9   93560.0    64157.7   103168.0 99915.9 14080.0 12812.3    253    1.587   5      0.571   -          -    2.158
          835.1 4672.0 4672.0  0.0   1967.1 37504.0   6488.9   93560.0    64157.7   103168.0 99915.9 14080.0 12812.3    253    1.587   5      0.571   -          -    2.158
          836.1 4672.0 4672.0  0.0   1967.1 37504.0   6488.9   93560.0    64157.7   103168.0 99915.9 14080.0 12812.3    253    1.587   5      0.571   -          -    2.158
          837.1 4672.0 4672.0  0.0   1967.1 37504.0   6491.7   93560.0    64157.7   103168.0 99915.9 14080.0 12812.3    253    1.587   5      0.571   -          -    2.158
          838.1 4672.0 4672.0  0.0   1967.1 37504.0   6491.7   93560.0    64157.7   103168.0 99915.9 14080.0 12812.3    253    1.587   5      0.571   -          -    2.158
          839.1 4672.0 4672.0  0.0   1967.1 37504.0   6491.7   93560.0    64157.7   103168.0 99915.9 14080.0 12812.3    253    1.587   5      0.571   -          -    2.158
          840.1 4672.0 4672.0  0.0   1967.1 37504.0   6570.7   93560.0    64157.7   103168.0 99915.9 14080.0 12812.3    253    1.587   5      0.571   -          -    2.158
          841.1 4672.0 4672.0  0.0   1967.1 37504.0   6570.7   93560.0    64157.7   103168.0 99915.9 14080.0 12812.3    253    1.587   5      0.571   -          -    2.158
          842.1 4672.0 4672.0  0.0   1967.1 37504.0   6570.7   93560.0    64157.7   103168.0 99915.9 14080.0 12812.3    253    1.587   5      0.571   -          -    2.158
          843.1 4672.0 4672.0  0.0   1967.1 37504.0   6573.4   93560.0    64157.7   103168.0 99915.9 14080.0 12812.3    253    1.587   5      0.571   -          -    2.158
          844.1 4672.0 4672.0  0.0   1967.1 37504.0   6573.4   93560.0    64157.7   103168.0 99915.9 14080.0 12812.3    253    1.587   5      0.571   -          -    2.158
          845.1 4672.0 4672.0  0.0   1967.1 37504.0   6573.4   93560.0    64157.7   103168.0 99915.9 14080.0 12812.3    253    1.587   5      0.571   -          -    2.158
          846.1 4672.0 4672.0  0.0   1967.1 37504.0   6573.4   93560.0    64157.7   103168.0 99915.9 14080.0 12812.3    253    1.587   5      0.571   -          -    2.158
          847.1 4672.0 4672.0  0.0   1967.1 37504.0   6573.4   93560.0    64157.7   103168.0 99915.9 14080.0 12812.3    253    1.587   5      0.571   -          -    2.158
          848.1 4672.0 4672.0  0.0   1967.1 37504.0   6573.4   93560.0    64157.7   103168.0 99915.9 14080.0 12812.3    253    1.587   5      0.571   -          -    2.158
          849.1 4672.0 4672.0  0.0   1967.1 37504.0   6573.4   93560.0    64157.7   103168.0 99915.9 14080.0 12812.3    253    1.587   5      0.571   -          -    2.158
          850.1 4672.0 4672.0  0.0   1967.1 37504.0   6727.9   93560.0    64157.7   103168.0 99915.9 14080.0 12812.3    253    1.587   5      0.571   -          -    2.158
          851.1 4672.0 4672.0  0.0   1967.1 37504.0   6727.9   93560.0    64157.7   103168.0 99915.9 14080.0 12812.3    253    1.587   5      0.571   -          -    2.158
          852.1 4672.0 4672.0  0.0   1967.1 37504.0   6727.9   93560.0    64157.7   103168.0 99915.9 14080.0 12812.3    253    1.587   5      0.571   -          -    2.158
          853.1 4672.0 4672.0  0.0   1967.1 37504.0   6727.9   93560.0    64157.7   103168.0 99915.9 14080.0 12812.3    253    1.587   5      0.571   -          -    2.158
          854.1 4672.0 4672.0  0.0   1967.1 37504.0   6737.7   93560.0    64157.7   103168.0 99915.9 14080.0 12812.3    253    1.587   5      0.571   -          -    2.158
          855.1 4672.0 4672.0  0.0   1967.1 37504.0   6737.7   93560.0    64157.7   103168.0 99915.9 14080.0 12812.3    253    1.587   5      0.571   -          -    2.158
          856.1 4672.0 4672.0  0.0   1967.1 37504.0   6737.7   93560.0    64157.7   103168.0 99915.9 14080.0 12812.3    253    1.587   5      0.571   -          -    2.158
          857.1 4672.0 4672.0  0.0   1967.1 37504.0   6737.7   93560.0    64157.7   103168.0 99915.9 14080.0 12812.3    253    1.587   5      0.571   -          -    2.158
          858.1 4672.0 4672.0  0.0   1967.1 37504.0   6737.7   93560.0    64157.7   103168.0 99915.9 14080.0 12812.3    253    1.587   5      0.571   -          -    2.158
          859.1 4672.0 4672.0  0.0   1967.1 37504.0   6737.7   93560.0    64157.7   103168.0 99915.9 14080.0 12812.3    253    1.587   5      0.571   -          -    2.158
          860.1 4672.0 4672.0  0.0   1967.1 37504.0   6816.5   93560.0    64157.7   103168.0 99915.9 14080.0 12812.3    253    1.587   5      0.571   -          -    2.158
          861.1 4672.0 4672.0  0.0   1967.1 37504.0   6816.5   93560.0    64157.7   103168.0 99915.9 14080.0 12812.3    253    1.587   5      0.571   -          -    2.158
          862.1 4672.0 4672.0  0.0   1967.1 37504.0   6819.3   93560.0    64157.7   103168.0 99915.9 14080.0 12812.3    253    1.587   5      0.571   -          -    2.158
          863.1 4672.0 4672.0  0.0   1967.1 37504.0   6819.3   93560.0    64157.7   103168.0 99915.9 14080.0 12812.3    253    1.587   5      0.571   -          -    2.158
          864.1 4672.0 4672.0  0.0   1967.1 37504.0   6819.3   93560.0    64157.7   103168.0 99915.9 14080.0 12812.3    253    1.587   5      0.571   -          -    2.158
          865.1 4672.0 4672.0  0.0   1967.1 37504.0   6819.3   93560.0    64157.7   103168.0 99915.9 14080.0 12812.3    253    1.587   5      0.571   -          -    2.158
          866.1 4672.0 4672.0  0.0   1967.1 37504.0   6819.3   93560.0    64157.7   103168.0 99915.9 14080.0 12812.3    253    1.587   5      0.571   -          -    2.158
          867.1 4672.0 4672.0  0.0   1967.1 37504.0   6819.3   93560.0    64157.7   103168.0 99915.9 14080.0 12812.3    253    1.587   5      0.571   -          -    2.158
          868.1 4672.0 4672.0  0.0   1967.1 37504.0   6819.3   93560.0    64157.7   103168.0 99915.9 14080.0 12812.3    253    1.587   5      0.571   -          -    2.158
          869.1 4672.0 4672.0  0.0   1967.1 37504.0   6819.3   93560.0    64157.7   103168.0 99915.9 14080.0 12812.3    253    1.587   5      0.571   -          -    2.158
          870.1 4672.0 4672.0  0.0   1967.1 37504.0   6898.0   93560.0    64157.7   103168.0 99915.9 14080.0 12812.3    253    1.587   5      0.571   -          -    2.158
          871.1 4672.0 4672.0  0.0   1967.1 37504.0   6898.0   93560.0    64157.7   103168.0 99915.9 14080.0 12812.3    253    1.587   5      0.571   -          -    2.158
          872.1 4672.0 4672.0  0.0   1967.1 37504.0   6900.8   93560.0    64157.7   103168.0 99915.9 14080.0 12812.3    253    1.587   5      0.571   -          -    2.158
          873.1 4672.0 4672.0  0.0   1967.1 37504.0   6900.8   93560.0    64157.7   103168.0 99915.9 14080.0 12812.3    253    1.587   5      0.571   -          -    2.158
          874.1 4672.0 4672.0  0.0   1967.1 37504.0   6900.8   93560.0    64157.7   103168.0 99915.9 14080.0 12812.3    253    1.587   5      0.571   -          -    2.158
          875.1 4672.0 4672.0  0.0   1967.1 37504.0   6900.8   93560.0    64157.7   103168.0 99915.9 14080.0 12812.3    253    1.587   5      0.571   -          -    2.158
          876.1 4672.0 4672.0  0.0   1967.1 37504.0   6900.8   93560.0    64157.7   103168.0 99915.9 14080.0 12812.3    253    1.587   5      0.571   -          -    2.158
          877.1 4672.0 4672.0  0.0   1967.1 37504.0   6900.8   93560.0    64157.7   103168.0 99915.9 14080.0 12812.3    253    1.587   5      0.571   -          -    2.158
          878.1 4672.0 4672.0  0.0   1967.1 37504.0   6900.8   93560.0    64157.7   103168.0 99915.9 14080.0 12812.3    253    1.587   5      0.571   -          -    2.158
          879.1 4672.0 4672.0  0.0   1967.1 37504.0   6900.8   93560.0    64157.7   103168.0 99915.9 14080.0 12812.3    253    1.587   5      0.571   -          -    2.158
          880.1 4672.0 4672.0  0.0   1967.1 37504.0   7052.9   93560.0    64157.7   103168.0 99915.9 14080.0 12812.3    253    1.587   5      0.571   -          -    2.158
          881.1 4672.0 4672.0  0.0   1967.1 37504.0   7052.9   93560.0    64157.7   103168.0 99915.9 14080.0 12812.3    253    1.587   5      0.571   -          -    2.158
          882.1 4672.0 4672.0  0.0   1967.1 37504.0   7055.7   93560.0    64157.7   103168.0 99915.9 14080.0 12812.3    253    1.587   5      0.571   -          -    2.158
          883.1 4672.0 4672.0  0.0   1967.1 37504.0   7055.7   93560.0    64157.7   103168.0 99915.9 14080.0 12812.3    253    1.587   5      0.571   -          -    2.158
          884.2 4672.0 4672.0  0.0   1967.1 37504.0   7055.7   93560.0    64157.7   103168.0 99915.9 14080.0 12812.3    253    1.587   5      0.571   -          -    2.158
          885.1 4672.0 4672.0  0.0   1967.1 37504.0   7055.7   93560.0    64157.7   103168.0 99915.9 14080.0 12812.3    253    1.587   5      0.571   -          -    2.158
          886.1 4672.0 4672.0  0.0   1967.1 37504.0   7055.7   93560.0    64157.7   103168.0 99915.9 14080.0 12812.3    253    1.587   5      0.571   -          -    2.158
          887.1 4672.0 4672.0  0.0   1967.1 37504.0   7055.7   93560.0    64157.7   103168.0 99915.9 14080.0 12812.3    253    1.587   5      0.571   -          -    2.158
          888.1 4672.0 4672.0  0.0   1967.1 37504.0   7055.7   93560.0    64157.7   103168.0 99915.9 14080.0 12812.3    253    1.587   5      0.571   -          -    2.158
          889.1 4672.0 4672.0  0.0   1967.1 37504.0   7055.7   93560.0    64157.7   103168.0 99915.9 14080.0 12812.3    253    1.587   5      0.571   -          -    2.158
          890.1 4672.0 4672.0  0.0   1967.1 37504.0   7134.5   93560.0    64157.7   103168.0 99915.9 14080.0 12812.3    253    1.587   5      0.571   -          -    2.158
          891.1 4672.0 4672.0  0.0   1967.1 37504.0   7134.5   93560.0    64157.7   103168.0 99915.9 14080.0 12812.3    253    1.587   5      0.571   -          -    2.158
          892.1 4672.0 4672.0  0.0   1967.1 37504.0   7137.2   93560.0    64157.7   103168.0 99915.9 14080.0 12812.3    253    1.587   5      0.571   -          -    2.158
          893.1 4672.0 4672.0  0.0   1967.1 37504.0   7137.2   93560.0    64157.7   103168.0 99915.9 14080.0 12812.3    253    1.587   5      0.571   -          -    2.158
          894.1 4672.0 4672.0  0.0   1967.1 37504.0   7137.2   93560.0    64157.7   103168.0 99915.9 14080.0 12812.3    253    1.587   5      0.571   -          -    2.158
          895.1 4672.0 4672.0  0.0   1967.1 37504.0   7137.2   93560.0    64157.7   103168.0 99915.9 14080.0 12812.3    253    1.587   5      0.571   -          -    2.158
          896.1 4672.0 4672.0  0.0   1967.1 37504.0   7137.2   93560.0    64157.7   103168.0 99915.9 14080.0 12812.3    253    1.587   5      0.571   -          -    2.158
          897.2 4672.0 4672.0  0.0   1967.1 37504.0   7137.2   93560.0    64157.7   103168.0 99915.9 14080.0 12812.3    253    1.587   5      0.571   -          -    2.158
          898.2 4672.0 4672.0  0.0   1967.1 37504.0   7139.9   93560.0    64157.7   103168.0 99915.9 14080.0 12812.3    253    1.587   5      0.571   -          -    2.158
          899.1 4672.0 4672.0  0.0   1967.1 37504.0   7139.9   93560.0    64157.7   103168.0 99915.9 14080.0 12812.3    253    1.587   5      0.571   -          -    2.158
          900.1 4672.0 4672.0  0.0   1967.1 37504.0   7222.3   93560.0    64157.7   103168.0 99915.9 14080.0 12812.3    253    1.587   5      0.571   -          -    2.158
          901.1 4672.0 4672.0  0.0   1967.1 37504.0   7222.3   93560.0    64157.7   103168.0 99915.9 14080.0 12812.3    253    1.587   5      0.571   -          -    2.158
          902.1 4672.0 4672.0  0.0   1967.1 37504.0   7225.1   93560.0    64157.7   103168.0 99915.9 14080.0 12812.3    253    1.587   5      0.571   -          -    2.158
          903.1 4672.0 4672.0  0.0   1967.1 37504.0   7225.1   93560.0    64157.7   103168.0 99915.9 14080.0 12812.3    253    1.587   5      0.571   -          -    2.158
          904.1 4672.0 4672.0  0.0   1967.1 37504.0   7225.1   93560.0    64157.7   103168.0 99915.9 14080.0 12812.3    253    1.587   5      0.571   -          -    2.158
          905.1 4672.0 4672.0  0.0   1967.1 37504.0   7225.1   93560.0    64157.7   103168.0 99915.9 14080.0 12812.3    253    1.587   5      0.571   -          -    2.158
          906.1 4672.0 4672.0  0.0   1967.1 37504.0   7225.1   93560.0    64157.7   103168.0 99915.9 14080.0 12812.3    253    1.587   5      0.571   -          -    2.158
          907.1 4672.0 4672.0  0.0   1967.1 37504.0   7225.1   93560.0    64157.7   103168.0 99915.9 14080.0 12812.3    253    1.587   5      0.571   -          -    2.158
          908.1 4672.0 4672.0  0.0   1967.1 37504.0   7225.1   93560.0    64157.7   103168.0 99915.9 14080.0 12812.3    253    1.587   5      0.571   -          -    2.158
          909.1 4672.0 4672.0  0.0   1967.1 37504.0   7225.1   93560.0    64157.7   103168.0 99915.9 14080.0 12812.3    253    1.587   5      0.571   -          -    2.158
          910.2 4672.0 4672.0  0.0   1967.1 37504.0   7376.8   93560.0    64157.7   103168.0 99915.9 14080.0 12812.3    253    1.587   5      0.571   -          -    2.158
          911.2 4672.0 4672.0  0.0   1967.1 37504.0   7450.7   93560.0    64157.7   103168.0 99915.9 14080.0 12812.3    253    1.587   5      0.571   -          -    2.158
          912.2 4672.0 4672.0  0.0   1967.1 37504.0   7453.5   93560.0    64157.7   103168.0 99915.9 14080.0 12812.3    253    1.587   5      0.571   -          -    2.158
          913.2 4672.0 4672.0  0.0   1967.1 37504.0   7453.5   93560.0    64157.7   103168.0 99915.9 14080.0 12812.3    253    1.587   5      0.571   -          -    2.158
          914.1 4672.0 4672.0  0.0   1967.1 37504.0   7453.5   93560.0    64157.7   103168.0 99915.9 14080.0 12812.3    253    1.587   5      0.571   -          -    2.158
          915.1 4672.0 4672.0  0.0   1967.1 37504.0   7453.5   93560.0    64157.7   103168.0 99915.9 14080.0 12812.3    253    1.587   5      0.571   -          -    2.158
          916.1 4672.0 4672.0  0.0   1967.1 37504.0   7453.5   93560.0    64157.7   103168.0 99915.9 14080.0 12812.3    253    1.587   5      0.571   -          -    2.158
          917.1 4672.0 4672.0  0.0   1967.1 37504.0   7453.5   93560.0    64157.7   103168.0 99915.9 14080.0 12812.3    253    1.587   5      0.571   -          -    2.158
          918.1 4672.0 4672.0  0.0   1967.1 37504.0   7453.5   93560.0    64157.7   103168.0 99915.9 14080.0 12812.3    253    1.587   5      0.571   -          -    2.158
          919.1 4672.0 4672.0  0.0   1967.1 37504.0   7453.5   93560.0    64157.7   103168.0 99915.9 14080.0 12812.3    253    1.587   5      0.571   -          -    2.158
          920.1 4672.0 4672.0  0.0   1967.1 37504.0   7524.4   93560.0    64157.7   103168.0 99915.9 14080.0 12812.3    253    1.587   5      0.571   -          -    2.158
          921.1 4672.0 4672.0  0.0   1967.1 37504.0   7524.4   93560.0    64157.7   103168.0 99915.9 14080.0 12812.3    253    1.587   5      0.571   -          -    2.158
          922.1 4672.0 4672.0  0.0   1967.1 37504.0   7527.2   93560.0    64157.7   103168.0 99915.9 14080.0 12812.3    253    1.587   5      0.571   -          -    2.158
          923.2 4672.0 4672.0  0.0   1967.1 37504.0   7527.2   93560.0    64157.7   103168.0 99915.9 14080.0 12812.3    253    1.587   5      0.571   -          -    2.158
          924.2 4672.0 4672.0  0.0   1967.1 37504.0   7527.2   93560.0    64157.7   103168.0 99915.9 14080.0 12812.3    253    1.587   5      0.571   -          -    2.158
          925.2 4672.0 4672.0  0.0   1967.1 37504.0   7527.2   93560.0    64157.7   103168.0 99915.9 14080.0 12812.3    253    1.587   5      0.571   -          -    2.158
          926.2 4672.0 4672.0  0.0   1967.1 37504.0   7527.2   93560.0    64157.7   103168.0 99915.9 14080.0 12812.3    253    1.587   5      0.571   -          -    2.158
          927.2 4672.0 4672.0  0.0   1967.1 37504.0   7527.2   93560.0    64157.7   103168.0 99915.9 14080.0 12812.3    253    1.587   5      0.571   -          -    2.158
          928.2 4672.0 4672.0  0.0   1967.1 37504.0   7527.2   93560.0    64157.7   103168.0 99915.9 14080.0 12812.3    253    1.587   5      0.571   -          -    2.158
          929.2 4672.0 4672.0  0.0   1967.1 37504.0   7527.2   93560.0    64157.7   103168.0 99915.9 14080.0 12812.3    253    1.587   5      0.571   -          -    2.158
          930.1 4672.0 4672.0  0.0   1967.1 37504.0   7606.1   93560.0    64157.7   103168.0 99915.9 14080.0 12812.3    253    1.587   5      0.571   -          -    2.158
          931.1 4672.0 4672.0  0.0   1967.1 37504.0   7606.1   93560.0    64157.7   103168.0 99915.9 14080.0 12812.3    253    1.587   5      0.571   -          -    2.158
          932.1 4672.0 4672.0  0.0   1967.1 37504.0   7606.1   93560.0    64157.7   103168.0 99915.9 14080.0 12812.3    253    1.587   5      0.571   -          -    2.158
          933.1 4672.0 4672.0  0.0   1967.1 37504.0   7606.1   93560.0    64157.7   103168.0 99915.9 14080.0 12812.3    253    1.587   5      0.571   -          -    2.158
          934.1 4672.0 4672.0  0.0   1967.1 37504.0   7606.1   93560.0    64157.7   103168.0 99915.9 14080.0 12812.3    253    1.587   5      0.571   -          -    2.158
          935.1 4672.0 4672.0  0.0   1967.1 37504.0   7606.1   93560.0    64157.7   103168.0 99915.9 14080.0 12812.3    253    1.587   5      0.571   -          -    2.158
          936.2 4672.0 4672.0  0.0   1967.1 37504.0   7606.1   93560.0    64157.7   103168.0 99915.9 14080.0 12812.3    253    1.587   5      0.571   -          -    2.158
          937.2 4672.0 4672.0  0.0   1967.1 37504.0   7606.1   93560.0    64157.7   103168.0 99915.9 14080.0 12812.3    253    1.587   5      0.571   -          -    2.158
          938.2 4672.0 4672.0  0.0   1967.1 37504.0   7606.1   93560.0    64157.7   103168.0 99915.9 14080.0 12812.3    253    1.587   5      0.571   -          -    2.158
          939.2 4672.0 4672.0  0.0   1967.1 37504.0   7606.1   93560.0    64157.7   103168.0 99915.9 14080.0 12812.3    253    1.587   5      0.571   -          -    2.158
          940.2 4672.0 4672.0  0.0   1967.1 37504.0   7751.2   93560.0    64157.7   103168.0 99915.9 14080.0 12812.3    253    1.587   5      0.571   -          -    2.158
          941.2 4672.0 4672.0  0.0   1967.1 37504.0   7751.2   93560.0    64157.7   103168.0 99915.9 14080.0 12812.3    253    1.587   5      0.571   -          -    2.158
          942.2 4672.0 4672.0  0.0   1967.1 37504.0   7751.2   93560.0    64157.7   103168.0 99915.9 14080.0 12812.3    253    1.587   5      0.571   -          -    2.158
          943.2 4672.0 4672.0  0.0   1967.1 37504.0   7751.2   93560.0    64157.7   103168.0 99915.9 14080.0 12812.3    253    1.587   5      0.571   -          -    2.158
          944.2 4672.0 4672.0  0.0   1967.1 37504.0   7751.2   93560.0    64157.7   103168.0 99915.9 14080.0 12812.3    253    1.587   5      0.571   -          -    2.158
          945.2 4672.0 4672.0  0.0   1967.1 37504.0   7751.2   93560.0    64157.7   103168.0 99915.9 14080.0 12812.3    253    1.587   5      0.571   -          -    2.158
          946.2 4672.0 4672.0  0.0   1967.1 37504.0   7751.2   93560.0    64157.7   103168.0 99915.9 14080.0 12812.3    253    1.587   5      0.571   -          -    2.158
          947.1 4672.0 4672.0  0.0   1967.1 37504.0   7751.2   93560.0    64157.7   103168.0 99915.9 14080.0 12812.3    253    1.587   5      0.571   -          -    2.158
          948.1 4672.0 4672.0  0.0   1967.1 37504.0   7751.2   93560.0    64157.7   103168.0 99915.9 14080.0 12812.3    253    1.587   5      0.571   -          -    2.158
          949.1 4672.0 4672.0  0.0   1967.1 37504.0   7751.2   93560.0    64157.7   103168.0 99915.9 14080.0 12812.3    253    1.587   5      0.571   -          -    2.158
          950.2 4672.0 4672.0  0.0   1967.1 37504.0   7822.1   93560.0    64157.7   103168.0 99915.9 14080.0 12812.3    253    1.587   5      0.571   -          -    2.158
          951.2 4672.0 4672.0  0.0   1967.1 37504.0   7824.7   93560.0    64157.7   103168.0 99915.9 14080.0 12812.3    253    1.587   5      0.571   -          -    2.158
          952.2 4672.0 4672.0  0.0   1967.1 37504.0   7824.7   93560.0    64157.7   103168.0 99915.9 14080.0 12812.3    253    1.587   5      0.571   -          -    2.158
          953.2 4672.0 4672.0  0.0   1967.1 37504.0   7824.7   93560.0    64157.7   103168.0 99915.9 14080.0 12812.3    253    1.587   5      0.571   -          -    2.158
          954.2 4672.0 4672.0  0.0   1967.1 37504.0   7824.7   93560.0    64157.7   103168.0 99915.9 14080.0 12812.3    253    1.587   5      0.571   -          -    2.158
          955.2 4672.0 4672.0  0.0   1967.1 37504.0   7824.7   93560.0    64157.7   103168.0 99915.9 14080.0 12812.3    253    1.587   5      0.571   -          -    2.158
          956.2 4672.0 4672.0  0.0   1967.1 37504.0   7824.7   93560.0    64157.7   103168.0 99915.9 14080.0 12812.3    253    1.587   5      0.571   -          -    2.158
          957.2 4672.0 4672.0  0.0   1967.1 37504.0   7824.7   93560.0    64157.7   103168.0 99915.9 14080.0 12812.3    253    1.587   5      0.571   -          -    2.158
          958.2 4672.0 4672.0  0.0   1967.1 37504.0   7824.7   93560.0    64157.7   103168.0 99915.9 14080.0 12812.3    253    1.587   5      0.571   -          -    2.158
          959.2 4672.0 4672.0  0.0   1967.1 37504.0   7824.7   93560.0    64157.7   103168.0 99915.9 14080.0 12812.3    253    1.587   5      0.571   -          -    2.158
          960.2 4672.0 4672.0  0.0   1967.1 37504.0   7903.8   93560.0    64157.7   103168.0 99915.9 14080.0 12812.3    253    1.587   5      0.571   -          -    2.158
          961.2 4672.0 4672.0  0.0   1967.1 37504.0   7903.8   93560.0    64157.7   103168.0 99915.9 14080.0 12812.3    253    1.587   5      0.571   -          -    2.158
          962.2 4672.0 4672.0  0.0   1967.1 37504.0   7906.4   93560.0    64157.7   103168.0 99915.9 14080.0 12812.3    253    1.587   5      0.571   -          -    2.158
          963.1 4672.0 4672.0  0.0   1967.1 37504.0   7906.4   93560.0    64157.7   103168.0 99915.9 14080.0 12812.3    253    1.587   5      0.571   -          -    2.158
          964.2 4672.0 4672.0  0.0   1967.1 37504.0   7906.4   93560.0    64157.7   103168.0 99915.9 14080.0 12812.3    253    1.587   5      0.571   -          -    2.158
          965.2 4672.0 4672.0  0.0   1967.1 37504.0   7906.4   93560.0    64157.7   103168.0 99915.9 14080.0 12812.3    253    1.587   5      0.571   -          -    2.158
          966.2 4672.0 4672.0  0.0   1967.1 37504.0   7906.4   93560.0    64157.7   103168.0 99915.9 14080.0 12812.3    253    1.587   5      0.571   -          -    2.158
          967.2 4672.0 4672.0  0.0   1967.1 37504.0   7906.4   93560.0    64157.7   103168.0 99915.9 14080.0 12812.3    253    1.587   5      0.571   -          -    2.158
          968.2 4672.0 4672.0  0.0   1967.1 37504.0   7906.4   93560.0    64157.7   103168.0 99915.9 14080.0 12812.3    253    1.587   5      0.571   -          -    2.158
          969.2 4672.0 4672.0  0.0   1967.1 37504.0   7906.4   93560.0    64157.7   103168.0 99915.9 14080.0 12812.3    253    1.587   5      0.571   -          -    2.158
          970.2 4672.0 4672.0  0.0   1967.1 37504.0   8086.8   93560.0    64157.7   103168.0 99915.9 14080.0 12812.3    253    1.587   5      0.571   -          -    2.158
          971.2 4672.0 4672.0  0.0   1967.1 37504.0   8086.8   93560.0    64157.7   103168.0 99915.9 14080.0 12812.3    253    1.587   5      0.571   -          -    2.158
          972.2 4672.0 4672.0  0.0   1967.1 37504.0   8089.5   93560.0    64157.7   103168.0 99915.9 14080.0 12812.3    253    1.587   5      0.571   -          -    2.158
          973.2 4672.0 4672.0  0.0   1967.1 37504.0   8099.4   93560.0    64157.7   103168.0 99915.9 14080.0 12812.3    253    1.587   5      0.571   -          -    2.158
          974.2 4672.0 4672.0  0.0   1967.1 37504.0   8099.4   93560.0    64157.7   103168.0 99915.9 14080.0 12812.3    253    1.587   5      0.571   -          -    2.158
          975.2 4672.0 4672.0  0.0   1967.1 37504.0   8099.4   93560.0    64157.7   103168.0 99915.9 14080.0 12812.3    253    1.587   5      0.571   -          -    2.158
          976.2 4672.0 4672.0  0.0   1967.1 37504.0   8099.4   93560.0    64157.7   103168.0 99915.9 14080.0 12812.3    253    1.587   5      0.571   -          -    2.158
          977.2 4672.0 4672.0  0.0   1967.1 37504.0   8099.4   93560.0    64157.7   103168.0 99915.9 14080.0 12812.3    253    1.587   5      0.571   -          -    2.158
          978.2 4672.0 4672.0  0.0   1967.1 37504.0   8099.4   93560.0    64157.7   103168.0 99915.9 14080.0 12812.3    253    1.587   5      0.571   -          -    2.158
          979.2 4672.0 4672.0  0.0   1967.1 37504.0   8099.4   93560.0    64157.7   103168.0 99915.9 14080.0 12812.3    253    1.587   5      0.571   -          -    2.158
          980.2 4672.0 4672.0  0.0   1967.1 37504.0   8170.2   93560.0    64157.7   103168.0 99915.9 14080.0 12812.3    253    1.587   5      0.571   -          -    2.158
          981.2 4672.0 4672.0  0.0   1967.1 37504.0   8170.2   93560.0    64157.7   103168.0 99915.9 14080.0 12812.3    253    1.587   5      0.571   -          -    2.158
          982.2 4672.0 4672.0  0.0   1967.1 37504.0   8172.8   93560.0    64157.7   103168.0 99915.9 14080.0 12812.3    253    1.587   5      0.571   -          -    2.158
          983.2 4672.0 4672.0  0.0   1967.1 37504.0   8172.8   93560.0    64157.7   103168.0 99915.9 14080.0 12812.3    253    1.587   5      0.571   -          -    2.158
          984.2 4672.0 4672.0  0.0   1967.1 37504.0   8172.8   93560.0    64157.7   103168.0 99915.9 14080.0 12812.3    253    1.587   5      0.571   -          -    2.158
          985.2 4672.0 4672.0  0.0   1967.1 37504.0   8172.8   93560.0    64157.7   103168.0 99915.9 14080.0 12812.3    253    1.587   5      0.571   -          -    2.158
          986.2 4672.0 4672.0  0.0   1967.1 37504.0   8172.8   93560.0    64157.7   103168.0 99915.9 14080.0 12812.3    253    1.587   5      0.571   -          -    2.158
          987.2 4672.0 4672.0  0.0   1967.1 37504.0   8172.8   93560.0    64157.7   103168.0 99915.9 14080.0 12812.3    253    1.587   5      0.571   -          -    2.158
          988.2 4672.0 4672.0  0.0   1967.1 37504.0   8172.8   93560.0    64157.7   103168.0 99915.9 14080.0 12812.3    253    1.587   5      0.571   -          -    2.158
          989.2 4672.0 4672.0  0.0   1967.1 37504.0   8172.8   93560.0    64157.7   103168.0 99915.9 14080.0 12812.3    253    1.587   5      0.571   -          -    2.158
          990.2 4672.0 4672.0  0.0   1967.1 37504.0   8251.6   93560.0    64157.7   103168.0 99915.9 14080.0 12812.3    253    1.587   5      0.571   -          -    2.158
          991.2 4672.0 4672.0  0.0   1967.1 37504.0   8251.6   93560.0    64157.7   103168.0 99915.9 14080.0 12812.3    253    1.587   5      0.571   -          -    2.158
          992.2 4672.0 4672.0  0.0   1967.1 37504.0   8254.3   93560.0    64157.7   103168.0 99915.9 14080.0 12812.3    253    1.587   5      0.571   -          -    2.158
          993.2 4672.0 4672.0  0.0   1967.1 37504.0   8254.3   93560.0    64157.7   103168.0 99915.9 14080.0 12812.3    253    1.587   5      0.571   -          -    2.158
          994.2 4672.0 4672.0  0.0   1967.1 37504.0   8254.3   93560.0    64157.7   103168.0 99915.9 14080.0 12812.3    253    1.587   5      0.571   -          -    2.158
          995.2 4672.0 4672.0  0.0   1967.1 37504.0   8254.3   93560.0    64157.7   103168.0 99915.9 14080.0 12812.3    253    1.587   5      0.571   -          -    2.158
          996.2 4672.0 4672.0  0.0   1967.1 37504.0   8254.3   93560.0    64157.7   103168.0 99915.9 14080.0 12812.3    253    1.587   5      0.571   -          -    2.158
          997.2 4672.0 4672.0  0.0   1967.1 37504.0   8254.3   93560.0    64157.7   103168.0 99915.9 14080.0 12812.3    253    1.587   5      0.571   -          -    2.158
          998.2 4672.0 4672.0  0.0   1967.1 37504.0   8257.1   93560.0    64157.7   103168.0 99915.9 14080.0 12812.3    253    1.587   5      0.571   -          -    2.158
          999.2 4672.0 4672.0  0.0   1967.1 37504.0   8257.1   93560.0    64157.7   103168.0 99915.9 14080.0 12812.3    253    1.587   5      0.571   -          -    2.158
         1000.2 4672.0 4672.0  0.0   1967.1 37504.0   8396.7   93560.0    64157.7   103168.0 99915.9 14080.0 12812.3    253    1.587   5      0.571   -          -    2.158
         1001.2 4672.0 4672.0  0.0   1967.1 37504.0   8396.7   93560.0    64157.7   103168.0 99915.9 14080.0 12812.3    253    1.587   5      0.571   -          -    2.158
         1002.2 4672.0 4672.0  0.0   1967.1 37504.0   8399.4   93560.0    64157.7   103168.0 99915.9 14080.0 12812.3    253    1.587   5      0.571   -          -    2.158
         1003.2 4672.0 4672.0  0.0   1967.1 37504.0   8399.4   93560.0    64157.7   103168.0 99915.9 14080.0 12812.3    253    1.587   5      0.571   -          -    2.158
         1004.2 4672.0 4672.0  0.0   1967.1 37504.0   8399.4   93560.0    64157.7   103168.0 99915.9 14080.0 12812.3    253    1.587   5      0.571   -          -    2.158
         1005.2 4672.0 4672.0  0.0   1967.1 37504.0   8399.4   93560.0    64157.7   103168.0 99915.9 14080.0 12812.3    253    1.587   5      0.571   -          -    2.158
         1006.2 4672.0 4672.0  0.0   1967.1 37504.0   8399.4   93560.0    64157.7   103168.0 99915.9 14080.0 12812.3    253    1.587   5      0.571   -          -    2.158
         1007.2 4672.0 4672.0  0.0   1967.1 37504.0   8399.4   93560.0    64157.7   103168.0 99915.9 14080.0 12812.3    253    1.587   5      0.571   -          -    2.158
         1008.2 4672.0 4672.0  0.0   1967.1 37504.0   8399.4   93560.0    64157.7   103168.0 99915.9 14080.0 12812.3    253    1.587   5      0.571   -          -    2.158
         1009.2 4672.0 4672.0  0.0   1967.1 37504.0   8399.4   93560.0    64157.7   103168.0 99915.9 14080.0 12812.3    253    1.587   5      0.571   -          -    2.158
         1010.2 4672.0 4672.0  0.0   1967.1 37504.0   8470.4   93560.0    64157.7   103168.0 99915.9 14080.0 12812.3    253    1.587   5      0.571   -          -    2.158
         1011.2 4672.0 4672.0  0.0   1967.1 37504.0   8470.4   93560.0    64157.7   103168.0 99915.9 14080.0 12812.3    253    1.587   5      0.571   -          -    2.158
         1012.2 4672.0 4672.0  0.0   1967.1 37504.0   8473.1   93560.0    64157.7   103168.0 99915.9 14080.0 12812.3    253    1.587   5      0.571   -          -    2.158
         1013.2 4672.0 4672.0  0.0   1967.1 37504.0   8473.1   93560.0    64157.7   103168.0 99915.9 14080.0 12812.3    253    1.587   5      0.571   -          -    2.158
         1014.2 4672.0 4672.0  0.0   1967.1 37504.0   8473.1   93560.0    64157.7   103168.0 99915.9 14080.0 12812.3    253    1.587   5      0.571   -          -    2.158
         1015.2 4672.0 4672.0  0.0   1967.1 37504.0   8473.1   93560.0    64157.7   103168.0 99915.9 14080.0 12812.3    253    1.587   5      0.571   -          -    2.158
         1016.2 4672.0 4672.0  0.0   1967.1 37504.0   8473.1   93560.0    64157.7   103168.0 99915.9 14080.0 12812.3    253    1.587   5      0.571   -          -    2.158
         1017.2 4672.0 4672.0  0.0   1967.1 37504.0   8473.1   93560.0    64157.7   103168.0 99915.9 14080.0 12812.3    253    1.587   5      0.571   -          -    2.158
         1018.2 4672.0 4672.0  0.0   1967.1 37504.0   8473.1   93560.0    64157.7   103168.0 99915.9 14080.0 12812.3    253    1.587   5      0.571   -          -    2.158
         1019.2 4672.0 4672.0  0.0   1967.1 37504.0   8473.1   93560.0    64157.7   103168.0 99915.9 14080.0 12812.3    253    1.587   5      0.571   -          -    2.158
         1020.2 4672.0 4672.0  0.0   1967.1 37504.0   8552.1   93560.0    64157.7   103168.0 99915.9 14080.0 12812.3    253    1.587   5      0.571   -          -    2.158
         1021.2 4672.0 4672.0  0.0   1967.1 37504.0   8552.1   93560.0    64157.7   103168.0 99915.9 14080.0 12812.3    253    1.587   5      0.571   -          -    2.158
         1022.2 4672.0 4672.0  0.0   1967.1 37504.0   8554.8   93560.0    64157.7   103168.0 99915.9 14080.0 12812.3    253    1.587   5      0.571   -          -    2.158
         1023.2 4672.0 4672.0  0.0   1967.1 37504.0   8554.8   93560.0    64157.7   103168.0 99915.9 14080.0 12812.3    253    1.587   5      0.571   -          -    2.158
         1024.2 4672.0 4672.0  0.0   1967.1 37504.0   8554.8   93560.0    64157.7   103168.0 99915.9 14080.0 12812.3    253    1.587   5      0.571   -          -    2.158
         1025.2 4672.0 4672.0  0.0   1967.1 37504.0   8554.8   93560.0    64157.7   103168.0 99915.9 14080.0 12812.3    253    1.587   5      0.571   -          -    2.158
         1026.2 4672.0 4672.0  0.0   1967.1 37504.0   8554.8   93560.0    64157.7   103168.0 99915.9 14080.0 12812.3    253    1.587   5      0.571   -          -    2.158
         1027.2 4672.0 4672.0  0.0   1967.1 37504.0   8554.8   93560.0    64157.7   103168.0 99915.9 14080.0 12812.3    253    1.587   5      0.571   -          -    2.158
         1028.2 4672.0 4672.0  0.0   1967.1 37504.0   8554.8   93560.0    64157.7   103168.0 99915.9 14080.0 12812.3    253    1.587   5      0.571   -          -    2.158
         1029.2 4672.0 4672.0  0.0   1967.1 37504.0   8554.8   93560.0    64157.7   103168.0 99915.9 14080.0 12812.3    253    1.587   5      0.571   -          -    2.158
         1030.2 4672.0 4672.0  0.0   1967.1 37504.0   8714.6   93560.0    64157.7   103168.0 99915.9 14080.0 12812.3    253    1.587   5      0.571   -          -    2.158
         1031.2 4672.0 4672.0  0.0   1967.1 37504.0   8714.6   93560.0    64157.7   103168.0 99915.9 14080.0 12812.3    253    1.587   5      0.571   -          -    2.158
         1032.2 4672.0 4672.0  0.0   1967.1 37504.0   8717.3   93560.0    64157.7   103168.0 99915.9 14080.0 12812.3    253    1.587   5      0.571   -          -    2.158
         1033.2 4672.0 4672.0  0.0   1967.1 37504.0   8717.3   93560.0    64157.7   103168.0 99915.9 14080.0 12812.3    253    1.587   5      0.571   -          -    2.158
         1034.2 4672.0 4672.0  0.0   1967.1 37504.0   8717.3   93560.0    64157.7   103168.0 99915.9 14080.0 12812.3    253    1.587   5      0.571   -          -    2.158
         1035.2 4672.0 4672.0  0.0   1967.1 37504.0   8717.3   93560.0    64157.7   103168.0 99915.9 14080.0 12812.3    253    1.587   5      0.571   -          -    2.158
         1036.2 4672.0 4672.0  0.0   1967.1 37504.0   8717.3   93560.0    64157.7   103168.0 99915.9 14080.0 12812.3    253    1.587   5      0.571   -          -    2.158
         1037.2 4672.0 4672.0  0.0   1967.1 37504.0   8717.3   93560.0    64157.7   103168.0 99915.9 14080.0 12812.3    253    1.587   5      0.571   -          -    2.158
         1038.2 4672.0 4672.0  0.0   1967.1 37504.0   8717.3   93560.0    64157.7   103168.0 99915.9 14080.0 12812.3    253    1.587   5      0.571   -          -    2.158
         1039.2 4672.0 4672.0  0.0   1967.1 37504.0   8717.3   93560.0    64157.7   103168.0 99915.9 14080.0 12812.3    253    1.587   5      0.571   -          -    2.158
         1040.2 4672.0 4672.0  0.0   1967.1 37504.0   8788.0   93560.0    64157.7   103168.0 99915.9 14080.0 12812.3    253    1.587   5      0.571   -          -    2.158
         1041.2 4672.0 4672.0  0.0   1967.1 37504.0   8788.0   93560.0    64157.7   103168.0 99915.9 14080.0 12812.3    253    1.587   5      0.571   -          -    2.158
         1042.2 4672.0 4672.0  0.0   1967.1 37504.0   8790.7   93560.0    64157.7   103168.0 99915.9 14080.0 12812.3    253    1.587   5      0.571   -          -    2.158
         1043.2 4672.0 4672.0  0.0   1967.1 37504.0   8790.7   93560.0    64157.7   103168.0 99915.9 14080.0 12812.3    253    1.587   5      0.571   -          -    2.158
         1044.2 4672.0 4672.0  0.0   1967.1 37504.0   8790.7   93560.0    64157.7   103168.0 99915.9 14080.0 12812.3    253    1.587   5      0.571   -          -    2.158
         1045.2 4672.0 4672.0  0.0   1967.1 37504.0   8790.7   93560.0    64157.7   103168.0 99915.9 14080.0 12812.3    253    1.587   5      0.571   -          -    2.158
         1046.2 4672.0 4672.0  0.0   1967.1 37504.0   8790.7   93560.0    64157.7   103168.0 99915.9 14080.0 12812.3    253    1.587   5      0.571   -          -    2.158
         1047.2 4672.0 4672.0  0.0   1967.1 37504.0   8790.7   93560.0    64157.7   103168.0 99915.9 14080.0 12812.3    253    1.587   5      0.571   -          -    2.158
         1048.2 4672.0 4672.0  0.0   1967.1 37504.0   8790.7   93560.0    64157.7   103168.0 99915.9 14080.0 12812.3    253    1.587   5      0.571   -          -    2.158
         1049.2 4672.0 4672.0  0.0   1967.1 37504.0   8790.7   93560.0    64157.7   103168.0 99915.9 14080.0 12812.3    253    1.587   5      0.571   -          -    2.158
         1050.2 4672.0 4672.0  0.0   1967.1 37504.0   8869.6   93560.0    64157.7   103168.0 99915.9 14080.0 12812.3    253    1.587   5      0.571   -          -    2.158
         1051.2 4672.0 4672.0  0.0   1967.1 37504.0   8869.6   93560.0    64157.7   103168.0 99915.9 14080.0 12812.3    253    1.587   5      0.571   -          -    2.158
         1052.2 4672.0 4672.0  0.0   1967.1 37504.0   8872.3   93560.0    64157.7   103168.0 99915.9 14080.0 12812.3    253    1.587   5      0.571   -          -    2.158
         1053.2 4672.0 4672.0  0.0   1967.1 37504.0   8872.3   93560.0    64157.7   103168.0 99915.9 14080.0 12812.3    253    1.587   5      0.571   -          -    2.158
         1054.2 4672.0 4672.0  0.0   1967.1 37504.0   8872.3   93560.0    64157.7   103168.0 99915.9 14080.0 12812.3    253    1.587   5      0.571   -          -    2.158
         1055.2 4672.0 4672.0  0.0   1967.1 37504.0   8875.0   93560.0    64157.7   103168.0 99915.9 14080.0 12812.3    253    1.587   5      0.571   -          -    2.158
         1056.2 4672.0 4672.0  0.0   1967.1 37504.0   8875.0   93560.0    64157.7   103168.0 99915.9 14080.0 12812.3    253    1.587   5      0.571   -          -    2.158
         1057.2 4672.0 4672.0  0.0   1967.1 37504.0   8875.0   93560.0    64157.7   103168.0 99915.9 14080.0 12812.3    253    1.587   5      0.571   -          -    2.158
         1058.2 4672.0 4672.0  0.0   1967.1 37504.0   8875.0   93560.0    64157.7   103168.0 99915.9 14080.0 12812.3    253    1.587   5      0.571   -          -    2.158
         1059.2 4672.0 4672.0  0.0   1967.1 37504.0   8875.0   93560.0    64157.7   103168.0 99915.9 14080.0 12812.3    253    1.587   5      0.571   -          -    2.158
         1060.2 4672.0 4672.0  0.0   1967.1 37504.0   9035.1   93560.0    64157.7   103168.0 99915.9 14080.0 12812.3    253    1.587   5      0.571   -          -    2.158
         1061.2 4672.0 4672.0  0.0   1967.1 37504.0   9109.0   93560.0    64157.7   103168.0 99915.9 14080.0 12812.3    253    1.587   5      0.571   -          -    2.158
         1062.2 4672.0 4672.0  0.0   1967.1 37504.0   9111.7   93560.0    64157.7   103168.0 99915.9 14080.0 12812.3    253    1.587   5      0.571   -          -    2.158
         1063.2 4672.0 4672.0  0.0   1967.1 37504.0   9111.7   93560.0    64157.7   103168.0 99915.9 14080.0 12812.3    253    1.587   5      0.571   -          -    2.158
         1064.2 4672.0 4672.0  0.0   1967.1 37504.0   9111.7   93560.0    64157.7   103168.0 99915.9 14080.0 12812.3    253    1.587   5      0.571   -          -    2.158
         1065.2 4672.0 4672.0  0.0   1967.1 37504.0   9111.7   93560.0    64157.7   103168.0 99915.9 14080.0 12812.3    253    1.587   5      0.571   -          -    2.158
         1066.3 4672.0 4672.0  0.0   1967.1 37504.0   9111.7   93560.0    64157.7   103168.0 99915.9 14080.0 12812.3    253    1.587   5      0.571   -          -    2.158
         1067.2 4672.0 4672.0  0.0   1967.1 37504.0   9111.7   93560.0    64157.7   103168.0 99915.9 14080.0 12812.3    253    1.587   5      0.571   -          -    2.158
         1068.2 4672.0 4672.0  0.0   1967.1 37504.0   9111.7   93560.0    64157.7   103168.0 99915.9 14080.0 12812.3    253    1.587   5      0.571   -          -    2.158
         1069.2 4672.0 4672.0  0.0   1967.1 37504.0   9111.7   93560.0    64157.7   103168.0 99915.9 14080.0 12812.3    253    1.587   5      0.571   -          -    2.158
         1070.2 4672.0 4672.0  0.0   1967.1 37504.0   9182.5   93560.0    64157.7   103168.0 99915.9 14080.0 12812.3    253    1.587   5      0.571   -          -    2.158
         1071.2 4672.0 4672.0  0.0   1967.1 37504.0   9182.5   93560.0    64157.7   103168.0 99915.9 14080.0 12812.3    253    1.587   5      0.571   -          -    2.158
         1072.2 4672.0 4672.0  0.0   1967.1 37504.0   9185.2   93560.0    64157.7   103168.0 99915.9 14080.0 12812.3    253    1.587   5      0.571   -          -    2.158
         1073.2 4672.0 4672.0  0.0   1967.1 37504.0   9185.2   93560.0    64157.7   103168.0 99915.9 14080.0 12812.3    253    1.587   5      0.571   -          -    2.158
         1074.2 4672.0 4672.0  0.0   1967.1 37504.0   9185.2   93560.0    64157.7   103168.0 99915.9 14080.0 12812.3    253    1.587   5      0.571   -          -    2.158
         1075.2 4672.0 4672.0  0.0   1967.1 37504.0   9185.2   93560.0    64157.7   103168.0 99915.9 14080.0 12812.3    253    1.587   5      0.571   -          -    2.158
         1076.2 4672.0 4672.0  0.0   1967.1 37504.0   9185.2   93560.0    64157.7   103168.0 99915.9 14080.0 12812.3    253    1.587   5      0.571   -          -    2.158
         1077.2 4672.0 4672.0  0.0   1967.1 37504.0   9185.2   93560.0    64157.7   103168.0 99915.9 14080.0 12812.3    253    1.587   5      0.571   -          -    2.158
         1078.2 4672.0 4672.0  0.0   1967.1 37504.0   9185.2   93560.0    64157.7   103168.0 99915.9 14080.0 12812.3    253    1.587   5      0.571   -          -    2.158
         1079.2 4672.0 4672.0  0.0   1967.1 37504.0   9185.2   93560.0    64157.7   103168.0 99915.9 14080.0 12812.3    253    1.587   5      0.571   -          -    2.158
         1080.3 4672.0 4672.0  0.0   1967.1 37504.0   9264.2   93560.0    64157.7   103168.0 99915.9 14080.0 12812.3    253    1.587   5      0.571   -          -    2.158
         1081.3 4672.0 4672.0  0.0   1967.1 37504.0   9264.2   93560.0    64157.7   103168.0 99915.9 14080.0 12812.3    253    1.587   5      0.571   -          -    2.158
         1082.3 4672.0 4672.0  0.0   1967.1 37504.0   9266.9   93560.0    64157.7   103168.0 99915.9 14080.0 12812.3    253    1.587   5      0.571   -          -    2.158
         1083.2 4672.0 4672.0  0.0   1967.1 37504.0   9266.9   93560.0    64157.7   103168.0 99915.9 14080.0 12812.3    253    1.587   5      0.571   -          -    2.158
         1084.2 4672.0 4672.0  0.0   1967.1 37504.0   9266.9   93560.0    64157.7   103168.0 99915.9 14080.0 12812.3    253    1.587   5      0.571   -          -    2.158
         1085.2 4672.0 4672.0  0.0   1967.1 37504.0   9266.9   93560.0    64157.7   103168.0 99915.9 14080.0 12812.3    253    1.587   5      0.571   -          -    2.158
         1086.2 4672.0 4672.0  0.0   1967.1 37504.0   9266.9   93560.0    64157.7   103168.0 99915.9 14080.0 12812.3    253    1.587   5      0.571   -          -    2.158
         1087.2 4672.0 4672.0  0.0   1967.1 37504.0   9266.9   93560.0    64157.7   103168.0 99915.9 14080.0 12812.3    253    1.587   5      0.571   -          -    2.158
         1088.2 4672.0 4672.0  0.0   1967.1 37504.0   9266.9   93560.0    64157.7   103168.0 99915.9 14080.0 12812.3    253    1.587   5      0.571   -          -    2.158
         1089.2 4672.0 4672.0  0.0   1967.1 37504.0   9266.9   93560.0    64157.7   103168.0 99915.9 14080.0 12812.3    253    1.587   5      0.571   -          -    2.158
         1090.2 4672.0 4672.0  0.0   1967.1 37504.0   9426.8   93560.0    64157.7   103168.0 99915.9 14080.0 12812.3    253    1.587   5      0.571   -          -    2.158
         1091.2 4672.0 4672.0  0.0   1967.1 37504.0   9426.8   93560.0    64157.7   103168.0 99915.9 14080.0 12812.3    253    1.587   5      0.571   -          -    2.158
         1092.2 4672.0 4672.0  0.0   1967.1 37504.0   9436.6   93560.0    64157.7   103168.0 99915.9 14080.0 12812.3    253    1.587   5      0.571   -          -    2.158
         1093.2 4672.0 4672.0  0.0   1967.1 37504.0   9436.6   93560.0    64157.7   103168.0 99915.9 14080.0 12812.3    253    1.587   5      0.571   -          -    2.158
         1094.2 4672.0 4672.0  0.0   1967.1 37504.0   9439.3   93560.0    64157.7   103168.0 99915.9 14080.0 12812.3    253    1.587   5      0.571   -          -    2.158
         1095.2 4672.0 4672.0  0.0   1967.1 37504.0   9439.3   93560.0    64157.7   103168.0 99915.9 14080.0 12812.3    253    1.587   5      0.571   -          -    2.158
         1096.2 4672.0 4672.0  0.0   1967.1 37504.0   9439.3   93560.0    64157.7   103168.0 99915.9 14080.0 12812.3    253    1.587   5      0.571   -          -    2.158
         1097.2 4672.0 4672.0  0.0   1967.1 37504.0   9439.3   93560.0    64157.7   103168.0 99915.9 14080.0 12812.3    253    1.587   5      0.571   -          -    2.158
         1098.2 4672.0 4672.0  0.0   1967.1 37504.0   9439.3   93560.0    64157.7   103168.0 99915.9 14080.0 12812.3    253    1.587   5      0.571   -          -    2.158
         1099.2 4672.0 4672.0  0.0   1967.1 37504.0   9439.3   93560.0    64157.7   103168.0 99915.9 14080.0 12812.3    253    1.587   5      0.571   -          -    2.158
         1100.2 4672.0 4672.0  0.0   1967.1 37504.0   9510.1   93560.0    64157.7   103168.0 99915.9 14080.0 12812.3    253    1.587   5      0.571   -          -    2.158
         1101.2 4672.0 4672.0  0.0   1967.1 37504.0   9510.1   93560.0    64157.7   103168.0 99915.9 14080.0 12812.3    253    1.587   5      0.571   -          -    2.158
         1102.3 4672.0 4672.0  0.0   1967.1 37504.0   9510.1   93560.0    64157.7   103168.0 99915.9 14080.0 12812.3    253    1.587   5      0.571   -          -    2.158
         1103.3 4672.0 4672.0  0.0   1967.1 37504.0   9510.1   93560.0    64157.7   103168.0 99915.9 14080.0 12812.3    253    1.587   5      0.571   -          -    2.158
         1104.3 4672.0 4672.0  0.0   1967.1 37504.0   9510.2   93560.0    64157.7   103168.0 99915.9 14080.0 12812.3    253    1.587   5      0.571   -          -    2.158
         1105.3 4672.0 4672.0  0.0   1967.1 37504.0   9512.9   93560.0    64157.7   103168.0 99915.9 14080.0 12812.3    253    1.587   5      0.571   -          -    2.158
         1106.3 4672.0 4672.0  0.0   1967.1 37504.0   9512.9   93560.0    64157.7   103168.0 99915.9 14080.0 12812.3    253    1.587   5      0.571   -          -    2.158
         1107.3 4672.0 4672.0  0.0   1967.1 37504.0   9512.9   93560.0    64157.7   103168.0 99915.9 14080.0 12812.3    253    1.587   5      0.571   -          -    2.158
         1108.2 4672.0 4672.0  0.0   1967.1 37504.0   9512.9   93560.0    64157.7   103168.0 99915.9 14080.0 12812.3    253    1.587   5      0.571   -          -    2.158
         1109.2 4672.0 4672.0  0.0   1967.1 37504.0   9512.9   93560.0    64157.7   103168.0 99915.9 14080.0 12812.3    253    1.587   5      0.571   -          -    2.158
         1110.2 4672.0 4672.0  0.0   1967.1 37504.0   9591.7   93560.0    64157.7   103168.0 99915.9 14080.0 12812.3    253    1.587   5      0.571   -          -    2.158
         1111.2 4672.0 4672.0  0.0   1967.1 37504.0   9591.7   93560.0    64157.7   103168.0 99915.9 14080.0 12812.3    253    1.587   5      0.571   -          -    2.158
         1112.2 4672.0 4672.0  0.0   1967.1 37504.0   9594.5   93560.0    64157.7   103168.0 99915.9 14080.0 12812.3    253    1.587   5      0.571   -          -    2.158
         1113.2 4672.0 4672.0  0.0   1967.1 37504.0   9594.5   93560.0    64157.7   103168.0 99915.9 14080.0 12812.3    253    1.587   5      0.571   -          -    2.158
         1114.2 4672.0 4672.0  0.0   1967.1 37504.0   9594.5   93560.0    64157.7   103168.0 99915.9 14080.0 12812.3    253    1.587   5      0.571   -          -    2.158
         1115.3 4672.0 4672.0  0.0   1967.1 37504.0   9594.5   93560.0    64157.7   103168.0 99915.9 14080.0 12812.3    253    1.587   5      0.571   -          -    2.158
         1116.3 4672.0 4672.0  0.0   1967.1 37504.0   9597.1   93560.0    64157.7   103168.0 99915.9 14080.0 12812.3    253    1.587   5      0.571   -          -    2.158
         1117.3 4672.0 4672.0  0.0   1967.1 37504.0   9597.1   93560.0    64157.7   103168.0 99915.9 14080.0 12812.3    253    1.587   5      0.571   -          -    2.158
         1118.3 4672.0 4672.0  0.0   1967.1 37504.0   9597.1   93560.0    64157.7   103168.0 99915.9 14080.0 12812.3    253    1.587   5      0.571   -          -    2.158
         1119.3 4672.0 4672.0  0.0   1967.1 37504.0   9597.1   93560.0    64157.7   103168.0 99915.9 14080.0 12812.3    253    1.587   5      0.571   -          -    2.158
         1120.3 4672.0 4672.0  0.0   1967.1 37504.0   9736.7   93560.0    64157.7   103168.0 99915.9 14080.0 12812.3    253    1.587   5      0.571   -          -    2.158
         1121.3 4672.0 4672.0  0.0   1967.1 37504.0   9736.7   93560.0    64157.7   103168.0 99915.9 14080.0 12812.3    253    1.587   5      0.571   -          -    2.158
         1122.3 4672.0 4672.0  0.0   1967.1 37504.0   9736.7   93560.0    64157.7   103168.0 99915.9 14080.0 12812.3    253    1.587   5      0.571   -          -    2.158
         1123.3 4672.0 4672.0  0.0   1967.1 37504.0   9736.7   93560.0    64157.7   103168.0 99915.9 14080.0 12812.3    253    1.587   5      0.571   -          -    2.158
         1124.2 4672.0 4672.0  0.0   1967.1 37504.0   9736.7   93560.0    64157.7   103168.0 99915.9 14080.0 12812.3    253    1.587   5      0.571   -          -    2.158
         1125.2 4672.0 4672.0  0.0   1967.1 37504.0   9736.7   93560.0    64157.7   103168.0 99915.9 14080.0 12812.3    253    1.587   5      0.571   -          -    2.158
         1126.2 4672.0 4672.0  0.0   1967.1 37504.0   9736.7   93560.0    64157.7   103168.0 99915.9 14080.0 12812.3    253    1.587   5      0.571   -          -    2.158
         1127.2 4672.0 4672.0  0.0   1967.1 37504.0   9739.4   93560.0    64157.7   103168.0 99915.9 14080.0 12812.3    253    1.587   5      0.571   -          -    2.158
         1128.2 4672.0 4672.0  0.0   1967.1 37504.0   9739.4   93560.0    64157.7   103168.0 99915.9 14080.0 12812.3    253    1.587   5      0.571   -          -    2.158
         1129.2 4672.0 4672.0  0.0   1967.1 37504.0   9739.4   93560.0    64157.7   103168.0 99915.9 14080.0 12812.3    253    1.587   5      0.571   -          -    2.158
         1130.3 4672.0 4672.0  0.0   1967.1 37504.0   9810.1   93560.0    64157.7   103168.0 99915.9 14080.0 12812.3    253    1.587   5      0.571   -          -    2.158
         1131.3 4672.0 4672.0  0.0   1967.1 37504.0   9810.1   93560.0    64157.7   103168.0 99915.9 14080.0 12812.3    253    1.587   5      0.571   -          -    2.158
         1132.3 4672.0 4672.0  0.0   1967.1 37504.0   9810.1   93560.0    64157.7   103168.0 99915.9 14080.0 12812.3    253    1.587   5      0.571   -          -    2.158
         1133.3 4672.0 4672.0  0.0   1967.1 37504.0   9810.1   93560.0    64157.7   103168.0 99915.9 14080.0 12812.3    253    1.587   5      0.571   -          -    2.158
         1134.3 4672.0 4672.0  0.0   1967.1 37504.0   9810.1   93560.0    64157.7   103168.0 99915.9 14080.0 12812.3    253    1.587   5      0.571   -          -    2.158
         1135.3 4672.0 4672.0  0.0   1967.1 37504.0   9851.9   93560.0    64157.7   103168.0 99915.9 14080.0 12812.3    253    1.587   5      0.571   -          -    2.158
         1136.3 4672.0 4672.0  0.0   1967.1 37504.0   9851.9   93560.0    64157.7   103168.0 99915.9 14080.0 12812.3    253    1.587   5      0.571   -          -    2.158
         1137.3 4672.0 4672.0  0.0   1967.1 37504.0   9851.9   93560.0    64157.7   103168.0 99915.9 14080.0 12812.3    253    1.587   5      0.571   -          -    2.158
         1138.3 4672.0 4672.0  0.0   1967.1 37504.0   9851.9   93560.0    64157.7   103168.0 99915.9 14080.0 12812.3    253    1.587   5      0.571   -          -    2.158
         1139.3 4672.0 4672.0  0.0   1967.1 37504.0   9854.6   93560.0    64157.7   103168.0 99915.9 14080.0 12812.3    253    1.587   5      0.571   -          -    2.158
         1140.2 4672.0 4672.0  0.0   1967.1 37504.0   9933.5   93560.0    64157.7   103168.0 99915.9 14080.0 12812.3    253    1.587   5      0.571   -          -    2.158
         1141.2 4672.0 4672.0  0.0   1967.1 37504.0   9933.5   93560.0    64157.7   103168.0 99915.9 14080.0 12812.3    253    1.587   5      0.571   -          -    2.158
         1142.2 4672.0 4672.0  0.0   1967.1 37504.0   9933.5   93560.0    64157.7   103168.0 99915.9 14080.0 12812.3    253    1.587   5      0.571   -          -    2.158
         1143.2 4672.0 4672.0  0.0   1967.1 37504.0   9933.5   93560.0    64157.7   103168.0 99915.9 14080.0 12812.3    253    1.587   5      0.571   -          -    2.158
         1144.3 4672.0 4672.0  0.0   1967.1 37504.0   9933.5   93560.0    64157.7   103168.0 99915.9 14080.0 12812.3    253    1.587   5      0.571   -          -    2.158
         1145.3 4672.0 4672.0  0.0   1967.1 37504.0   9933.5   93560.0    64157.7   103168.0 99915.9 14080.0 12812.3    253    1.587   5      0.571   -          -    2.158
         1146.3 4672.0 4672.0  0.0   1967.1 37504.0   9933.5   93560.0    64157.7   103168.0 99915.9 14080.0 12812.3    253    1.587   5      0.571   -          -    2.158
         1147.3 4672.0 4672.0  0.0   1967.1 37504.0   9933.5   93560.0    64157.7   103168.0 99915.9 14080.0 12812.3    253    1.587   5      0.571   -          -    2.158
         1148.3 4672.0 4672.0  0.0   1967.1 37504.0   9933.5   93560.0    64157.7   103168.0 99915.9 14080.0 12812.3    253    1.587   5      0.571   -          -    2.158
         1149.3 4672.0 4672.0  0.0   1967.1 37504.0   9933.5   93560.0    64157.7   103168.0 99915.9 14080.0 12812.3    253    1.587   5      0.571   -          -    2.158
         1150.3 4672.0 4672.0  0.0   1967.1 37504.0  10096.8   93560.0    64157.7   103168.0 99915.9 14080.0 12812.3    253    1.587   5      0.571   -          -    2.158
         1151.3 4672.0 4672.0  0.0   1967.1 37504.0  10096.8   93560.0    64157.7   103168.0 99915.9 14080.0 12812.3    253    1.587   5      0.571   -          -    2.158
         1152.3 4672.0 4672.0  0.0   1967.1 37504.0  10096.8   93560.0    64157.7   103168.0 99915.9 14080.0 12812.3    253    1.587   5      0.571   -          -    2.158
         1153.3 4672.0 4672.0  0.0   1967.1 37504.0  10096.8   93560.0    64157.7   103168.0 99915.9 14080.0 12812.3    253    1.587   5      0.571   -          -    2.158
         1154.2 4672.0 4672.0  0.0   1967.1 37504.0  10096.8   93560.0    64157.7   103168.0 99915.9 14080.0 12812.3    253    1.587   5      0.571   -          -    2.158
         1155.3 4672.0 4672.0  0.0   1967.1 37504.0  10096.8   93560.0    64157.7   103168.0 99915.9 14080.0 12812.3    253    1.587   5      0.571   -          -    2.158
         1156.3 4672.0 4672.0  0.0   1967.1 37504.0  10096.8   93560.0    64157.7   103168.0 99915.9 14080.0 12812.3    253    1.587   5      0.571   -          -    2.158
         1157.3 4672.0 4672.0  0.0   1967.1 37504.0  10096.8   93560.0    64157.7   103168.0 99915.9 14080.0 12812.3    253    1.587   5      0.571   -          -    2.158
         1158.3 4672.0 4672.0  0.0   1967.1 37504.0  10096.8   93560.0    64157.7   103168.0 99915.9 14080.0 12812.3    253    1.587   5      0.571   -          -    2.158
         1159.3 4672.0 4672.0  0.0   1967.1 37504.0  10096.8   93560.0    64157.7   103168.0 99915.9 14080.0 12812.3    253    1.587   5      0.571   -          -    2.158
         1160.3 4672.0 4672.0  0.0   1967.1 37504.0  10167.6   93560.0    64157.7   103168.0 99915.9 14080.0 12812.3    253    1.587   5      0.571   -          -    2.158
         1161.3 4672.0 4672.0  0.0   1967.1 37504.0  10167.6   93560.0    64157.7   103168.0 99915.9 14080.0 12812.3    253    1.587   5      0.571   -          -    2.158
         1162.3 4672.0 4672.0  0.0   1967.1 37504.0  10170.2   93560.0    64157.7   103168.0 99915.9 14080.0 12812.3    253    1.587   5      0.571   -          -    2.158
         1163.3 4672.0 4672.0  0.0   1967.1 37504.0  10170.2   93560.0    64157.7   103168.0 99915.9 14080.0 12812.3    253    1.587   5      0.571   -          -    2.158
         1164.3 4672.0 4672.0  0.0   1967.1 37504.0  10170.2   93560.0    64157.7   103168.0 99915.9 14080.0 12812.3    253    1.587   5      0.571   -          -    2.158
         1165.3 4672.0 4672.0  0.0   1967.1 37504.0  10170.2   93560.0    64157.7   103168.0 99915.9 14080.0 12812.3    253    1.587   5      0.571   -          -    2.158
         1166.3 4672.0 4672.0  0.0   1967.1 37504.0  10170.2   93560.0    64157.7   103168.0 99915.9 14080.0 12812.3    253    1.587   5      0.571   -          -    2.158
         1167.3 4672.0 4672.0  0.0   1967.1 37504.0  10170.2   93560.0    64157.7   103168.0 99915.9 14080.0 12812.3    253    1.587   5      0.571   -          -    2.158
         1168.3 4672.0 4672.0  0.0   1967.1 37504.0  10170.2   93560.0    64157.7   103168.0 99915.9 14080.0 12812.3    253    1.587   5      0.571   -          -    2.158
         1169.3 4672.0 4672.0  0.0   1967.1 37504.0  10170.2   93560.0    64157.7   103168.0 99915.9 14080.0 12812.3    253    1.587   5      0.571   -          -    2.158
         1170.3 4672.0 4672.0  0.0   1967.1 37504.0  10249.0   93560.0    64157.7   103168.0 99915.9 14080.0 12812.3    253    1.587   5      0.571   -          -    2.158
         1171.3 4672.0 4672.0  0.0   1967.1 37504.0  10251.8   93560.0    64157.7   103168.0 99915.9 14080.0 12812.3    253    1.587   5      0.571   -          -    2.158
         1172.3 4672.0 4672.0  0.0   1967.1 37504.0  10254.5   93560.0    64157.7   103168.0 99915.9 14080.0 12812.3    253    1.587   5      0.571   -          -    2.158
         1173.3 4672.0 4672.0  0.0   1967.1 37504.0  10254.5   93560.0    64157.7   103168.0 99915.9 14080.0 12812.3    253    1.587   5      0.571   -          -    2.158
         1174.3 4672.0 4672.0  0.0   1967.1 37504.0  10254.5   93560.0    64157.7   103168.0 99915.9 14080.0 12812.3    253    1.587   5      0.571   -          -    2.158
         1175.3 4672.0 4672.0  0.0   1967.1 37504.0  10254.5   93560.0    64157.7   103168.0 99915.9 14080.0 12812.3    253    1.587   5      0.571   -          -    2.158
         1176.3 4672.0 4672.0  0.0   1967.1 37504.0  10254.5   93560.0    64157.7   103168.0 99915.9 14080.0 12812.3    253    1.587   5      0.571   -          -    2.158
         1177.3 4672.0 4672.0  0.0   1967.1 37504.0  10254.5   93560.0    64157.7   103168.0 99915.9 14080.0 12812.3    253    1.587   5      0.571   -          -    2.158
         1178.3 4672.0 4672.0  0.0   1967.1 37504.0  10254.5   93560.0    64157.7   103168.0 99915.9 14080.0 12812.3    253    1.587   5      0.571   -          -    2.158
         1179.3 4672.0 4672.0  0.0   1967.1 37504.0  10254.5   93560.0    64157.7   103168.0 99915.9 14080.0 12812.3    253    1.587   5      0.571   -          -    2.158
         1180.3 4672.0 4672.0  0.0   1967.1 37504.0  10415.5   93560.0    64157.7   103168.0 99915.9 14080.0 12812.3    253    1.587   5      0.571   -          -    2.158
         1181.3 4672.0 4672.0  0.0   1967.1 37504.0  10489.4   93560.0    64157.7   103168.0 99915.9 14080.0 12812.3    253    1.587   5      0.571   -          -    2.158
         1182.3 4672.0 4672.0  0.0   1967.1 37504.0  10492.0   93560.0    64157.7   103168.0 99915.9 14080.0 12812.3    253    1.587   5      0.571   -          -    2.158
         1183.3 4672.0 4672.0  0.0   1967.1 37504.0  10492.0   93560.0    64157.7   103168.0 99915.9 14080.0 12812.3    253    1.587   5      0.571   -          -    2.158
         1184.3 4672.0 4672.0  0.0   1967.1 37504.0  10492.0   93560.0    64157.7   103168.0 99915.9 14080.0 12812.3    253    1.587   5      0.571   -          -    2.158
         1185.3 4672.0 4672.0  0.0   1967.1 37504.0  10492.0   93560.0    64157.7   103168.0 99915.9 14080.0 12812.3    253    1.587   5      0.571   -          -    2.158
         1186.3 4672.0 4672.0  0.0   1967.1 37504.0  10492.0   93560.0    64157.7   103168.0 99915.9 14080.0 12812.3    253    1.587   5      0.571   -          -    2.158
         1187.3 4672.0 4672.0  0.0   1967.1 37504.0  10492.0   93560.0    64157.7   103168.0 99915.9 14080.0 12812.3    253    1.587   5      0.571   -          -    2.158
         1188.3 4672.0 4672.0  0.0   1967.1 37504.0  10492.0   93560.0    64157.7   103168.0 99915.9 14080.0 12812.3    253    1.587   5      0.571   -          -    2.158
         1189.3 4672.0 4672.0  0.0   1967.1 37504.0  10492.0   93560.0    64157.7   103168.0 99915.9 14080.0 12812.3    253    1.587   5      0.571   -          -    2.158
         1190.3 4672.0 4672.0  0.0   1967.1 37504.0  10562.8   93560.0    64157.7   103168.0 99915.9 14080.0 12812.3    253    1.587   5      0.571   -          -    2.158
         1191.3 4672.0 4672.0  0.0   1967.1 37504.0  10562.8   93560.0    64157.7   103168.0 99915.9 14080.0 12812.3    253    1.587   5      0.571   -          -    2.158
         1192.3 4672.0 4672.0  0.0   1967.1 37504.0  10565.4   93560.0    64157.7   103168.0 99915.9 14080.0 12812.3    253    1.587   5      0.571   -          -    2.158
         1193.3 4672.0 4672.0  0.0   1967.1 37504.0  10565.4   93560.0    64157.7   103168.0 99915.9 14080.0 12812.3    253    1.587   5      0.571   -          -    2.158
         1194.3 4672.0 4672.0  0.0   1967.1 37504.0  10565.4   93560.0    64157.7   103168.0 99915.9 14080.0 12812.3    253    1.587   5      0.571   -          -    2.158
         1195.3 4672.0 4672.0  0.0   1967.1 37504.0  10565.4   93560.0    64157.7   103168.0 99915.9 14080.0 12812.3    253    1.587   5      0.571   -          -    2.158
         1196.3 4672.0 4672.0  0.0   1967.1 37504.0  10565.4   93560.0    64157.7   103168.0 99915.9 14080.0 12812.3    253    1.587   5      0.571   -          -    2.158
         1197.3 4672.0 4672.0  0.0   1967.1 37504.0  10565.4   93560.0    64157.7   103168.0 99915.9 14080.0 12812.3    253    1.587   5      0.571   -          -    2.158
         1198.3 4672.0 4672.0  0.0   1967.1 37504.0  10565.4   93560.0    64157.7   103168.0 99915.9 14080.0 12812.3    253    1.587   5      0.571   -          -    2.158
         1199.3 4672.0 4672.0  0.0   1967.1 37504.0  10565.4   93560.0    64157.7   103168.0 99915.9 14080.0 12812.3    253    1.587   5      0.571   -          -    2.158
         1200.3 4672.0 4672.0  0.0   1967.1 37504.0  10644.2   93560.0    64157.7   103168.0 99915.9 14080.0 12812.3    253    1.587   5      0.571   -          -    2.158
         1201.3 4672.0 4672.0  0.0   1967.1 37504.0  10644.2   93560.0    64157.7   103168.0 99915.9 14080.0 12812.3    253    1.587   5      0.571   -          -    2.158
         1202.3 4672.0 4672.0  0.0   1967.1 37504.0  10646.9   93560.0    64157.7   103168.0 99915.9 14080.0 12812.3    253    1.587   5      0.571   -          -    2.158
         1203.3 4672.0 4672.0  0.0   1967.1 37504.0  10646.9   93560.0    64157.7   103168.0 99915.9 14080.0 12812.3    253    1.587   5      0.571   -          -    2.158
         1204.3 4672.0 4672.0  0.0   1967.1 37504.0  10646.9   93560.0    64157.7   103168.0 99915.9 14080.0 12812.3    253    1.587   5      0.571   -          -    2.158
         1205.3 4672.0 4672.0  0.0   1967.1 37504.0  10646.9   93560.0    64157.7   103168.0 99915.9 14080.0 12812.3    253    1.587   5      0.571   -          -    2.158
         1206.3 4672.0 4672.0  0.0   1967.1 37504.0  10646.9   93560.0    64157.7   103168.0 99915.9 14080.0 12812.3    253    1.587   5      0.571   -          -    2.158
         1207.3 4672.0 4672.0  0.0   1967.1 37504.0  10646.9   93560.0    64157.7   103168.0 99915.9 14080.0 12812.3    253    1.587   5      0.571   -          -    2.158
         1208.3 4672.0 4672.0  0.0   1967.1 37504.0  10646.9   93560.0    64157.7   103168.0 99915.9 14080.0 12812.3    253    1.587   5      0.571   -          -    2.158
         1209.3 4672.0 4672.0  0.0   1967.1 37504.0  10646.9   93560.0    64157.7   103168.0 99915.9 14080.0 12812.3    253    1.587   5      0.571   -          -    2.158
         1210.3 4672.0 4672.0  0.0   1967.1 37504.0  10790.6   93560.0    64157.7   103168.0 99915.9 14080.0 12812.3    253    1.587   5      0.571   -          -    2.158
         1211.3 4672.0 4672.0  0.0   1967.1 37504.0  10800.5   93560.0    64157.7   103168.0 99915.9 14080.0 12812.3    253    1.587   5      0.571   -          -    2.158
         1212.3 4672.0 4672.0  0.0   1967.1 37504.0  10803.2   93560.0    64157.7   103168.0 99915.9 14080.0 12812.3    253    1.587   5      0.571   -          -    2.158
         1213.3 4672.0 4672.0  0.0   1967.1 37504.0  10803.2   93560.0    64157.7   103168.0 99915.9 14080.0 12812.3    253    1.587   5      0.571   -          -    2.158
         1214.3 4672.0 4672.0  0.0   1967.1 37504.0  10803.2   93560.0    64157.7   103168.0 99915.9 14080.0 12812.3    253    1.587   5      0.571   -          -    2.158
         1215.3 4672.0 4672.0  0.0   1967.1 37504.0  10803.2   93560.0    64157.7   103168.0 99915.9 14080.0 12812.3    253    1.587   5      0.571   -          -    2.158
         1216.3 4672.0 4672.0  0.0   1967.1 37504.0  10803.2   93560.0    64157.7   103168.0 99915.9 14080.0 12812.3    253    1.587   5      0.571   -          -    2.158
         1217.3 4672.0 4672.0  0.0   1967.1 37504.0  10803.2   93560.0    64157.7   103168.0 99915.9 14080.0 12812.3    253    1.587   5      0.571   -          -    2.158
         1218.3 4672.0 4672.0  0.0   1967.1 37504.0  10803.2   93560.0    64157.7   103168.0 99915.9 14080.0 12812.3    253    1.587   5      0.571   -          -    2.158
         1219.3 4672.0 4672.0  0.0   1967.1 37504.0  10803.2   93560.0    64157.7   103168.0 99915.9 14080.0 12812.3    253    1.587   5      0.571   -          -    2.158
         1220.3 4672.0 4672.0  0.0   1967.1 37504.0  10893.3   93560.0    64157.7   103168.0 99915.9 14080.0 12812.3    253    1.587   5      0.571   -          -    2.158
         1221.3 4672.0 4672.0  0.0   1967.1 37504.0  10893.3   93560.0    64157.7   103168.0 99915.9 14080.0 12812.3    253    1.587   5      0.571   -          -    2.158
         1222.3 4672.0 4672.0  0.0   1967.1 37504.0  10896.0   93560.0    64157.7   103168.0 99915.9 14080.0 12812.3    253    1.587   5      0.571   -          -    2.158
         1223.3 4672.0 4672.0  0.0   1967.1 37504.0  10896.0   93560.0    64157.7   103168.0 99915.9 14080.0 12812.3    253    1.587   5      0.571   -          -    2.158
         1224.3 4672.0 4672.0  0.0   1967.1 37504.0  10896.0   93560.0    64157.7   103168.0 99915.9 14080.0 12812.3    253    1.587   5      0.571   -          -    2.158
         1225.3 4672.0 4672.0  0.0   1967.1 37504.0  10896.0   93560.0    64157.7   103168.0 99915.9 14080.0 12812.3    253    1.587   5      0.571   -          -    2.158
         1226.3 4672.0 4672.0  0.0   1967.1 37504.0  10896.0   93560.0    64157.7   103168.0 99915.9 14080.0 12812.3    253    1.587   5      0.571   -          -    2.158
         1227.3 4672.0 4672.0  0.0   1967.1 37504.0  10896.0   93560.0    64157.7   103168.0 99915.9 14080.0 12812.3    253    1.587   5      0.571   -          -    2.158
         1228.3 4672.0 4672.0  0.0   1967.1 37504.0  10898.8   93560.0    64157.7   103168.0 99915.9 14080.0 12812.3    253    1.587   5      0.571   -          -    2.158
         1229.3 4672.0 4672.0  0.0   1967.1 37504.0  10898.8   93560.0    64157.7   103168.0 99915.9 14080.0 12812.3    253    1.587   5      0.571   -          -    2.158
         1230.3 4672.0 4672.0  0.0   1967.1 37504.0  10977.7   93560.0    64157.7   103168.0 99915.9 14080.0 12812.3    253    1.587   5      0.571   -          -    2.158
         1231.3 4672.0 4672.0  0.0   1967.1 37504.0  10977.7   93560.0    64157.7   103168.0 99915.9 14080.0 12812.3    253    1.587   5      0.571   -          -    2.158
         1232.3 4672.0 4672.0  0.0   1967.1 37504.0  10980.4   93560.0    64157.7   103168.0 99915.9 14080.0 12812.3    253    1.587   5      0.571   -          -    2.158
         1233.3 4672.0 4672.0  0.0   1967.1 37504.0  10980.4   93560.0    64157.7   103168.0 99915.9 14080.0 12812.3    253    1.587   5      0.571   -          -    2.158
         1234.3 4672.0 4672.0  0.0   1967.1 37504.0  10980.4   93560.0    64157.7   103168.0 99915.9 14080.0 12812.3    253    1.587   5      0.571   -          -    2.158
         1235.3 4672.0 4672.0  0.0   1967.1 37504.0  10980.4   93560.0    64157.7   103168.0 99915.9 14080.0 12812.3    253    1.587   5      0.571   -          -    2.158
         1236.3 4672.0 4672.0  0.0   1967.1 37504.0  10980.4   93560.0    64157.7   103168.0 99915.9 14080.0 12812.3    253    1.587   5      0.571   -          -    2.158
         1237.3 4672.0 4672.0  0.0   1967.1 37504.0  10980.4   93560.0    64157.7   103168.0 99915.9 14080.0 12812.3    253    1.587   5      0.571   -          -    2.158
         1238.3 4672.0 4672.0  0.0   1967.1 37504.0  10980.4   93560.0    64157.7   103168.0 99915.9 14080.0 12812.3    253    1.587   5      0.571   -          -    2.158
         1239.3 4672.0 4672.0  0.0   1967.1 37504.0  10980.4   93560.0    64157.7   103168.0 99915.9 14080.0 12812.3    253    1.587   5      0.571   -          -    2.158
         1240.3 4672.0 4672.0  0.0   1967.1 37504.0  11111.9   93560.0    64157.7   103168.0 99915.9 14080.0 12812.3    253    1.587   5      0.571   -          -    2.158
         1241.3 4672.0 4672.0  0.0   1967.1 37504.0  11111.9   93560.0    64157.7   103168.0 99915.9 14080.0 12812.3    253    1.587   5      0.571   -          -    2.158
         1242.3 4672.0 4672.0  0.0   1967.1 37504.0  11114.6   93560.0    64157.7   103168.0 99915.9 14080.0 12812.3    253    1.587   5      0.571   -          -    2.158
         1243.3 4672.0 4672.0  0.0   1967.1 37504.0  11114.6   93560.0    64157.7   103168.0 99915.9 14080.0 12812.3    253    1.587   5      0.571   -          -    2.158
         1244.3 4672.0 4672.0  0.0   1967.1 37504.0  11114.6   93560.0    64157.7   103168.0 99915.9 14080.0 12812.3    253    1.587   5      0.571   -          -    2.158
         1245.3 4672.0 4672.0  0.0   1967.1 37504.0  11114.6   93560.0    64157.7   103168.0 99915.9 14080.0 12812.3    253    1.587   5      0.571   -          -    2.158
         1246.3 4672.0 4672.0  0.0   1967.1 37504.0  11114.6   93560.0    64157.7   103168.0 99915.9 14080.0 12812.3    253    1.587   5      0.571   -          -    2.158
         1247.3 4672.0 4672.0  0.0   1967.1 37504.0  11114.6   93560.0    64157.7   103168.0 99915.9 14080.0 12812.3    253    1.587   5      0.571   -          -    2.158
         1248.3 4672.0 4672.0  0.0   1967.1 37504.0  11114.6   93560.0    64157.7   103168.0 99915.9 14080.0 12812.3    253    1.587   5      0.571   -          -    2.158
         1249.3 4672.0 4672.0  0.0   1967.1 37504.0  11114.6   93560.0    64157.7   103168.0 99915.9 14080.0 12812.3    253    1.587   5      0.571   -          -    2.158
         1250.3 4672.0 4672.0  0.0   1967.1 37504.0  11193.4   93560.0    64157.7   103168.0 99915.9 14080.0 12812.3    253    1.587   5      0.571   -          -    2.158
         1251.3 4672.0 4672.0  0.0   1967.1 37504.0  11193.4   93560.0    64157.7   103168.0 99915.9 14080.0 12812.3    253    1.587   5      0.571   -          -    2.158
         1252.3 4672.0 4672.0  0.0   1967.1 37504.0  11196.1   93560.0    64157.7   103168.0 99915.9 14080.0 12812.3    253    1.587   5      0.571   -          -    2.158
         1253.3 4672.0 4672.0  0.0   1967.1 37504.0  11196.1   93560.0    64157.7   103168.0 99915.9 14080.0 12812.3    253    1.587   5      0.571   -          -    2.158
         1254.3 4672.0 4672.0  0.0   1967.1 37504.0  11196.1   93560.0    64157.7   103168.0 99915.9 14080.0 12812.3    253    1.587   5      0.571   -          -    2.158
         1255.3 4672.0 4672.0  0.0   1967.1 37504.0  11196.1   93560.0    64157.7   103168.0 99915.9 14080.0 12812.3    253    1.587   5      0.571   -          -    2.158
         1256.3 4672.0 4672.0  0.0   1967.1 37504.0  11196.1   93560.0    64157.7   103168.0 99915.9 14080.0 12812.3    253    1.587   5      0.571   -          -    2.158
         1257.3 4672.0 4672.0  0.0   1967.1 37504.0  11196.1   93560.0    64157.7   103168.0 99915.9 14080.0 12812.3    253    1.587   5      0.571   -          -    2.158
         1258.3 4672.0 4672.0  0.0   1967.1 37504.0  11196.1   93560.0    64157.7   103168.0 99915.9 14080.0 12812.3    253    1.587   5      0.571   -          -    2.158
         1259.3 4672.0 4672.0  0.0   1967.1 37504.0  11196.1   93560.0    64157.7   103168.0 99915.9 14080.0 12812.3    253    1.587   5      0.571   -          -    2.158
         1260.3 4672.0 4672.0  0.0   1967.1 37504.0  11258.8   93560.0    64157.7   103168.0 99915.9 14080.0 12812.3    253    1.587   5      0.571   -          -    2.158
         1261.3 4672.0 4672.0  0.0   1967.1 37504.0  11258.8   93560.0    64157.7   103168.0 99915.9 14080.0 12812.3    253    1.587   5      0.571   -          -    2.158
         1262.3 4672.0 4672.0  0.0   1967.1 37504.0  11261.5   93560.0    64157.7   103168.0 99915.9 14080.0 12812.3    253    1.587   5      0.571   -          -    2.158
         1263.3 4672.0 4672.0  0.0   1967.1 37504.0  11261.5   93560.0    64157.7   103168.0 99915.9 14080.0 12812.3    253    1.587   5      0.571   -          -    2.158
         1264.3 4672.0 4672.0  0.0   1967.1 37504.0  11261.5   93560.0    64157.7   103168.0 99915.9 14080.0 12812.3    253    1.587   5      0.571   -          -    2.158
         1265.3 4672.0 4672.0  0.0   1967.1 37504.0  11261.5   93560.0    64157.7   103168.0 99915.9 14080.0 12812.3    253    1.587   5      0.571   -          -    2.158
         1266.3 4672.0 4672.0  0.0   1967.1 37504.0  11261.5   93560.0    64157.7   103168.0 99915.9 14080.0 12812.3    253    1.587   5      0.571   -          -    2.158
         1267.3 4672.0 4672.0  0.0   1967.1 37504.0  11261.5   93560.0    64157.7   103168.0 99915.9 14080.0 12812.3    253    1.587   5      0.571   -          -    2.158
         1268.3 4672.0 4672.0  0.0   1967.1 37504.0  11261.5   93560.0    64157.7   103168.0 99915.9 14080.0 12812.3    253    1.587   5      0.571   -          -    2.158
         1269.3 4672.0 4672.0  0.0   1967.1 37504.0  11261.5   93560.0    64157.7   103168.0 99915.9 14080.0 12812.3    253    1.587   5      0.571   -          -    2.158
         1270.3 4672.0 4672.0  0.0   1967.1 37504.0  11452.9   93560.0    64157.7   103168.0 99915.9 14080.0 12812.3    253    1.587   5      0.571   -          -    2.158
         1271.3 4672.0 4672.0  0.0   1967.1 37504.0  11452.9   93560.0    64157.7   103168.0 99915.9 14080.0 12812.3    253    1.587   5      0.571   -          -    2.158
         1272.3 4672.0 4672.0  0.0   1967.1 37504.0  11455.6   93560.0    64157.7   103168.0 99915.9 14080.0 12812.3    253    1.587   5      0.571   -          -    2.158
         1273.3 4672.0 4672.0  0.0   1967.1 37504.0  11455.6   93560.0    64157.7   103168.0 99915.9 14080.0 12812.3    253    1.587   5      0.571   -          -    2.158
         1274.3 4672.0 4672.0  0.0   1967.1 37504.0  11455.6   93560.0    64157.7   103168.0 99915.9 14080.0 12812.3    253    1.587   5      0.571   -          -    2.158
         1275.3 4672.0 4672.0  0.0   1967.1 37504.0  11455.6   93560.0    64157.7   103168.0 99915.9 14080.0 12812.3    253    1.587   5      0.571   -          -    2.158
         1276.3 4672.0 4672.0  0.0   1967.1 37504.0  11455.6   93560.0    64157.7   103168.0 99915.9 14080.0 12812.3    253    1.587   5      0.571   -          -    2.158
         1277.3 4672.0 4672.0  0.0   1967.1 37504.0  11455.6   93560.0    64157.7   103168.0 99915.9 14080.0 12812.3    253    1.587   5      0.571   -          -    2.158
         1278.4 4672.0 4672.0  0.0   1967.1 37504.0  11455.6   93560.0    64157.7   103168.0 99915.9 14080.0 12812.3    253    1.587   5      0.571   -          -    2.158
         1279.4 4672.0 4672.0  0.0   1967.1 37504.0  11455.6   93560.0    64157.7   103168.0 99915.9 14080.0 12812.3    253    1.587   5      0.571   -          -    2.158
         1280.4 4672.0 4672.0  0.0   1967.1 37504.0  11518.2   93560.0    64157.7   103168.0 99915.9 14080.0 12812.3    253    1.587   5      0.571   -          -    2.158
         1281.3 4672.0 4672.0  0.0   1967.1 37504.0  11518.2   93560.0    64157.7   103168.0 99915.9 14080.0 12812.3    253    1.587   5      0.571   -          -    2.158
         1282.3 4672.0 4672.0  0.0   1967.1 37504.0  11520.9   93560.0    64157.7   103168.0 99915.9 14080.0 12812.3    253    1.587   5      0.571   -          -    2.158
         1283.3 4672.0 4672.0  0.0   1967.1 37504.0  11520.9   93560.0    64157.7   103168.0 99915.9 14080.0 12812.3    253    1.587   5      0.571   -          -    2.158
         1284.3 4672.0 4672.0  0.0   1967.1 37504.0  11520.9   93560.0    64157.7   103168.0 99915.9 14080.0 12812.3    253    1.587   5      0.571   -          -    2.158
         1285.3 4672.0 4672.0  0.0   1967.1 37504.0  11523.7   93560.0    64157.7   103168.0 99915.9 14080.0 12812.3    253    1.587   5      0.571   -          -    2.158
         1286.3 4672.0 4672.0  0.0   1967.1 37504.0  11523.7   93560.0    64157.7   103168.0 99915.9 14080.0 12812.3    253    1.587   5      0.571   -          -    2.158
         1287.3 4672.0 4672.0  0.0   1967.1 37504.0  11523.7   93560.0    64157.7   103168.0 99915.9 14080.0 12812.3    253    1.587   5      0.571   -          -    2.158
         1288.3 4672.0 4672.0  0.0   1967.1 37504.0  11523.7   93560.0    64157.7   103168.0 99915.9 14080.0 12812.3    253    1.587   5      0.571   -          -    2.158
         1289.3 4672.0 4672.0  0.0   1967.1 37504.0  11523.7   93560.0    64157.7   103168.0 99915.9 14080.0 12812.3    253    1.587   5      0.571   -          -    2.158
         1290.3 4672.0 4672.0  0.0   1967.1 37504.0  11613.8   93560.0    64157.7   103168.0 99915.9 14080.0 12812.3    253    1.587   5      0.571   -          -    2.158
         1291.3 4672.0 4672.0  0.0   1967.1 37504.0  11613.8   93560.0    64157.7   103168.0 99915.9 14080.0 12812.3    253    1.587   5      0.571   -          -    2.158
         1292.4 4672.0 4672.0  0.0   1967.1 37504.0  11616.5   93560.0    64157.7   103168.0 99915.9 14080.0 12812.3    253    1.587   5      0.571   -          -    2.158
         1293.4 4672.0 4672.0  0.0   1967.1 37504.0  11616.5   93560.0    64157.7   103168.0 99915.9 14080.0 12812.3    253    1.587   5      0.571   -          -    2.158
         1294.4 4672.0 4672.0  0.0   1967.1 37504.0  11616.5   93560.0    64157.7   103168.0 99915.9 14080.0 12812.3    253    1.587   5      0.571   -          -    2.158
         1295.4 4672.0 4672.0  0.0   1967.1 37504.0  11616.5   93560.0    64157.7   103168.0 99915.9 14080.0 12812.3    253    1.587   5      0.571   -          -    2.158
         1296.4 4672.0 4672.0  0.0   1967.1 37504.0  11616.5   93560.0    64157.7   103168.0 99915.9 14080.0 12812.3    253    1.587   5      0.571   -          -    2.158
         1297.3 4672.0 4672.0  0.0   1967.1 37504.0  11616.5   93560.0    64157.7   103168.0 99915.9 14080.0 12812.3    253    1.587   5      0.571   -          -    2.158
         1298.3 4672.0 4672.0  0.0   1967.1 37504.0  11616.5   93560.0    64157.7   103168.0 99915.9 14080.0 12812.3    253    1.587   5      0.571   -          -    2.158
         1299.3 4672.0 4672.0  0.0   1967.1 37504.0  11616.5   93560.0    64157.7   103168.0 99915.9 14080.0 12812.3    253    1.587   5      0.571   -          -    2.158
         1300.3 4672.0 4672.0  0.0   1967.1 37504.0  11761.3   93560.0    64157.7   103168.0 99915.9 14080.0 12812.3    253    1.587   5      0.571   -          -    2.158
         1301.3 4672.0 4672.0  0.0   1967.1 37504.0  11761.3   93560.0    64157.7   103168.0 99915.9 14080.0 12812.3    253    1.587   5      0.571   -          -    2.158
         1302.3 4672.0 4672.0  0.0   1967.1 37504.0  11761.3   93560.0    64157.7   103168.0 99915.9 14080.0 12812.3    253    1.587   5      0.571   -          -    2.158
         1303.3 4672.0 4672.0  0.0   1967.1 37504.0  11764.0   93560.0    64157.7   103168.0 99915.9 14080.0 12812.3    253    1.587   5      0.571   -          -    2.158
         1304.3 4672.0 4672.0  0.0   1967.1 37504.0  11764.0   93560.0    64157.7   103168.0 99915.9 14080.0 12812.3    253    1.587   5      0.571   -          -    2.158
         1305.4 4672.0 4672.0  0.0   1967.1 37504.0  11764.0   93560.0    64157.7   103168.0 99915.9 14080.0 12812.3    253    1.587   5      0.571   -          -    2.158
         1306.4 4672.0 4672.0  0.0   1967.1 37504.0  11764.0   93560.0    64157.7   103168.0 99915.9 14080.0 12812.3    253    1.587   5      0.571   -          -    2.158
         1307.4 4672.0 4672.0  0.0   1967.1 37504.0  11764.0   93560.0    64157.7   103168.0 99915.9 14080.0 12812.3    253    1.587   5      0.571   -          -    2.158
         1308.4 4672.0 4672.0  0.0   1967.1 37504.0  11764.0   93560.0    64157.7   103168.0 99915.9 14080.0 12812.3    253    1.587   5      0.571   -          -    2.158
         1309.4 4672.0 4672.0  0.0   1967.1 37504.0  11764.0   93560.0    64157.7   103168.0 99915.9 14080.0 12812.3    253    1.587   5      0.571   -          -    2.158
         1310.4 4672.0 4672.0  0.0   1967.1 37504.0  11834.7   93560.0    64157.7   103168.0 99915.9 14080.0 12812.3    253    1.587   5      0.571   -          -    2.158
         1311.4 4672.0 4672.0  0.0   1967.1 37504.0  11834.7   93560.0    64157.7   103168.0 99915.9 14080.0 12812.3    253    1.587   5      0.571   -          -    2.158
         1312.4 4672.0 4672.0  0.0   1967.1 37504.0  11834.7   93560.0    64157.7   103168.0 99915.9 14080.0 12812.3    253    1.587   5      0.571   -          -    2.158
         1313.3 4672.0 4672.0  0.0   1967.1 37504.0  11834.7   93560.0    64157.7   103168.0 99915.9 14080.0 12812.3    253    1.587   5      0.571   -          -    2.158
         1314.3 4672.0 4672.0  0.0   1967.1 37504.0  11834.7   93560.0    64157.7   103168.0 99915.9 14080.0 12812.3    253    1.587   5      0.571   -          -    2.158
         1315.3 4672.0 4672.0  0.0   1967.1 37504.0  11837.4   93560.0    64157.7   103168.0 99915.9 14080.0 12812.3    253    1.587   5      0.571   -          -    2.158
         1316.3 4672.0 4672.0  0.0   1967.1 37504.0  11837.4   93560.0    64157.7   103168.0 99915.9 14080.0 12812.3    253    1.587   5      0.571   -          -    2.158
         1317.3 4672.0 4672.0  0.0   1967.1 37504.0  11837.4   93560.0    64157.7   103168.0 99915.9 14080.0 12812.3    253    1.587   5      0.571   -          -    2.158
         1318.3 4672.0 4672.0  0.0   1967.1 37504.0  11837.4   93560.0    64157.7   103168.0 99915.9 14080.0 12812.3    253    1.587   5      0.571   -          -    2.158
         1319.4 4672.0 4672.0  0.0   1967.1 37504.0  11837.4   93560.0    64157.7   103168.0 99915.9 14080.0 12812.3    253    1.587   5      0.571   -          -    2.158
         1320.4 4672.0 4672.0  0.0   1967.1 37504.0  11916.2   93560.0    64157.7   103168.0 99915.9 14080.0 12812.3    253    1.587   5      0.571   -          -    2.158
         1321.4 4672.0 4672.0  0.0   1967.1 37504.0  11916.2   93560.0    64157.7   103168.0 99915.9 14080.0 12812.3    253    1.587   5      0.571   -          -    2.158
         1322.4 4672.0 4672.0  0.0   1967.1 37504.0  11916.2   93560.0    64157.7   103168.0 99915.9 14080.0 12812.3    253    1.587   5      0.571   -          -    2.158
         1323.4 4672.0 4672.0  0.0   1967.1 37504.0  11916.2   93560.0    64157.7   103168.0 99915.9 14080.0 12812.3    253    1.587   5      0.571   -          -    2.158
         1324.4 4672.0 4672.0  0.0   1967.1 37504.0  11916.2   93560.0    64157.7   103168.0 99915.9 14080.0 12812.3    253    1.587   5      0.571   -          -    2.158
         1325.4 4672.0 4672.0  0.0   1967.1 37504.0  11916.2   93560.0    64157.7   103168.0 99915.9 14080.0 12812.3    253    1.587   5      0.571   -          -    2.158
         1326.4 4672.0 4672.0  0.0   1967.1 37504.0  11918.9   93560.0    64157.7   103168.0 99915.9 14080.0 12812.3    253    1.587   5      0.571   -          -    2.158
         1327.4 4672.0 4672.0  0.0   1967.1 37504.0  11918.9   93560.0    64157.7   103168.0 99915.9 14080.0 12812.3    253    1.587   5      0.571   -          -    2.158
         1328.4 4672.0 4672.0  0.0   1967.1 37504.0  11918.9   93560.0    64157.7   103168.0 99915.9 14080.0 12812.3    253    1.587   5      0.571   -          -    2.158
         1329.3 4672.0 4672.0  0.0   1967.1 37504.0  11918.9   93560.0    64157.7   103168.0 99915.9 14080.0 12812.3    253    1.587   5      0.571   -          -    2.158
         1330.3 4672.0 4672.0  0.0   1967.1 37504.0  12072.3   93560.0    64157.7   103168.0 99915.9 14080.0 12812.3    253    1.587   5      0.571   -          -    2.158
         1331.3 4672.0 4672.0  0.0   1967.1 37504.0  12146.2   93560.0    64157.7   103168.0 99915.9 14080.0 12812.3    253    1.587   5      0.571   -          -    2.158
         1332.4 4672.0 4672.0  0.0   1967.1 37504.0  12146.2   93560.0    64157.7   103168.0 99915.9 14080.0 12812.3    253    1.587   5      0.571   -          -    2.158
         1333.4 4672.0 4672.0  0.0   1967.1 37504.0  12146.2   93560.0    64157.7   103168.0 99915.9 14080.0 12812.3    253    1.587   5      0.571   -          -    2.158
         1334.4 4672.0 4672.0  0.0   1967.1 37504.0  12146.2   93560.0    64157.7   103168.0 99915.9 14080.0 12812.3    253    1.587   5      0.571   -          -    2.158
         1335.4 4672.0 4672.0  0.0   1967.1 37504.0  12146.2   93560.0    64157.7   103168.0 99915.9 14080.0 12812.3    253    1.587   5      0.571   -          -    2.158
         1336.4 4672.0 4672.0  0.0   1967.1 37504.0  12146.2   93560.0    64157.7   103168.0 99915.9 14080.0 12812.3    253    1.587   5      0.571   -          -    2.158
         1337.4 4672.0 4672.0  0.0   1967.1 37504.0  12146.2   93560.0    64157.7   103168.0 99915.9 14080.0 12812.3    253    1.587   5      0.571   -          -    2.158
         1338.4 4672.0 4672.0  0.0   1967.1 37504.0  12148.9   93560.0    64157.7   103168.0 99915.9 14080.0 12812.3    253    1.587   5      0.571   -          -    2.158
         1339.4 4672.0 4672.0  0.0   1967.1 37504.0  12148.9   93560.0    64157.7   103168.0 99915.9 14080.0 12812.3    253    1.587   5      0.571   -          -    2.158
         1340.4 4672.0 4672.0  0.0   1967.1 37504.0  12239.3   93560.0    64157.7   103168.0 99915.9 14080.0 12812.3    253    1.587   5      0.571   -          -    2.158
         1341.4 4672.0 4672.0  0.0   1967.1 37504.0  12239.3   93560.0    64157.7   103168.0 99915.9 14080.0 12812.3    253    1.587   5      0.571   -          -    2.158
         1342.4 4672.0 4672.0  0.0   1967.1 37504.0  12242.1   93560.0    64157.7   103168.0 99915.9 14080.0 12812.3    253    1.587   5      0.571   -          -    2.158
         1343.3 4672.0 4672.0  0.0   1967.1 37504.0  12242.1   93560.0    64157.7   103168.0 99915.9 14080.0 12812.3    253    1.587   5      0.571   -          -    2.158
         1344.3 4672.0 4672.0  0.0   1967.1 37504.0  12242.1   93560.0    64157.7   103168.0 99915.9 14080.0 12812.3    253    1.587   5      0.571   -          -    2.158
         1345.4 4672.0 4672.0  0.0   1967.1 37504.0  12242.1   93560.0    64157.7   103168.0 99915.9 14080.0 12812.3    253    1.587   5      0.571   -          -    2.158
         1346.4 4672.0 4672.0  0.0   1967.1 37504.0  12242.1   93560.0    64157.7   103168.0 99915.9 14080.0 12812.3    253    1.587   5      0.571   -          -    2.158
         1347.4 4672.0 4672.0  0.0   1967.1 37504.0  12242.1   93560.0    64157.7   103168.0 99915.9 14080.0 12812.3    253    1.587   5      0.571   -          -    2.158
         1348.4 4672.0 4672.0  0.0   1967.1 37504.0  12242.1   93560.0    64157.7   103168.0 99915.9 14080.0 12812.3    253    1.587   5      0.571   -          -    2.158
         1349.4 4672.0 4672.0  0.0   1967.1 37504.0  12244.8   93560.0    64157.7   103168.0 99915.9 14080.0 12812.3    253    1.587   5      0.571   -          -    2.158
         1350.4 4672.0 4672.0  0.0   1967.1 37504.0  12315.8   93560.0    64157.7   103168.0 99915.9 14080.0 12812.3    253    1.587   5      0.571   -          -    2.158
         1351.4 4672.0 4672.0  0.0   1967.1 37504.0  12315.8   93560.0    64157.7   103168.0 99915.9 14080.0 12812.3    253    1.587   5      0.571   -          -    2.158
         1352.4 4672.0 4672.0  0.0   1967.1 37504.0  12315.8   93560.0    64157.7   103168.0 99915.9 14080.0 12812.3    253    1.587   5      0.571   -          -    2.158
         1353.4 4672.0 4672.0  0.0   1967.1 37504.0  12315.8   93560.0    64157.7   103168.0 99915.9 14080.0 12812.3    253    1.587   5      0.571   -          -    2.158
         1354.4 4672.0 4672.0  0.0   1967.1 37504.0  12315.8   93560.0    64157.7   103168.0 99915.9 14080.0 12812.3    253    1.587   5      0.571   -          -    2.158
         1355.4 4672.0 4672.0  0.0   1967.1 37504.0  12315.8   93560.0    64157.7   103168.0 99915.9 14080.0 12812.3    253    1.587   5      0.571   -          -    2.158
         1356.4 4672.0 4672.0  0.0   1967.1 37504.0  12315.8   93560.0    64157.7   103168.0 99915.9 14080.0 12812.3    253    1.587   5      0.571   -          -    2.158
         1357.4 4672.0 4672.0  0.0   1967.1 37504.0  12315.8   93560.0    64157.7   103168.0 99915.9 14080.0 12812.3    253    1.587   5      0.571   -          -    2.158
         1358.4 4672.0 4672.0  0.0   1967.1 37504.0  12315.8   93560.0    64157.7   103168.0 99915.9 14080.0 12812.3    253    1.587   5      0.571   -          -    2.158
         1359.4 4672.0 4672.0  0.0   1967.1 37504.0  12315.8   93560.0    64157.7   103168.0 99915.9 14080.0 12812.3    253    1.587   5      0.571   -          -    2.158
         1360.4 4672.0 4672.0  0.0   1967.1 37504.0  12478.4   93560.0    64157.7   103168.0 99915.9 14080.0 12812.3    253    1.587   5      0.571   -          -    2.158
         1361.4 4672.0 4672.0  0.0   1967.1 37504.0  12478.4   93560.0    64157.7   103168.0 99915.9 14080.0 12812.3    253    1.587   5      0.571   -          -    2.158
         1362.4 4672.0 4672.0  0.0   1967.1 37504.0  12478.4   93560.0    64157.7   103168.0 99915.9 14080.0 12812.3    253    1.587   5      0.571   -          -    2.158
         1363.4 4672.0 4672.0  0.0   1967.1 37504.0  12478.4   93560.0    64157.7   103168.0 99915.9 14080.0 12812.3    253    1.587   5      0.571   -          -    2.158
         1364.4 4672.0 4672.0  0.0   1967.1 37504.0  12478.4   93560.0    64157.7   103168.0 99915.9 14080.0 12812.3    253    1.587   5      0.571   -          -    2.158
         1365.4 4672.0 4672.0  0.0   1967.1 37504.0  12478.4   93560.0    64157.7   103168.0 99915.9 14080.0 12812.3    253    1.587   5      0.571   -          -    2.158
         1366.4 4672.0 4672.0  0.0   1967.1 37504.0  12478.4   93560.0    64157.7   103168.0 99915.9 14080.0 12812.3    253    1.587   5      0.571   -          -    2.158
         1367.4 4672.0 4672.0  0.0   1967.1 37504.0  12478.4   93560.0    64157.7   103168.0 99915.9 14080.0 12812.3    253    1.587   5      0.571   -          -    2.158
         1368.4 4672.0 4672.0  0.0   1967.1 37504.0  12478.4   93560.0    64157.7   103168.0 99915.9 14080.0 12812.3    253    1.587   5      0.571   -          -    2.158
         1369.4 4672.0 4672.0  0.0   1967.1 37504.0  12478.4   93560.0    64157.7   103168.0 99915.9 14080.0 12812.3    253    1.587   5      0.571   -          -    2.158
         1370.4 4672.0 4672.0  0.0   1967.1 37504.0  12557.2   93560.0    64157.7   103168.0 99915.9 14080.0 12812.3    253    1.587   5      0.571   -          -    2.158
         1371.4 4672.0 4672.0  0.0   1967.1 37504.0  12559.9   93560.0    64157.7   103168.0 99915.9 14080.0 12812.3    253    1.587   5      0.571   -          -    2.158
         1372.4 4672.0 4672.0  0.0   1967.1 37504.0  12559.9   93560.0    64157.7   103168.0 99915.9 14080.0 12812.3    253    1.587   5      0.571   -          -    2.158
         1373.4 4672.0 4672.0  0.0   1967.1 37504.0  12559.9   93560.0    64157.7   103168.0 99915.9 14080.0 12812.3    253    1.587   5      0.571   -          -    2.158
         1374.4 4672.0 4672.0  0.0   1967.1 37504.0  12559.9   93560.0    64157.7   103168.0 99915.9 14080.0 12812.3    253    1.587   5      0.571   -          -    2.158
         1375.4 4672.0 4672.0  0.0   1967.1 37504.0  12559.9   93560.0    64157.7   103168.0 99915.9 14080.0 12812.3    253    1.587   5      0.571   -          -    2.158
         1376.4 4672.0 4672.0  0.0   1967.1 37504.0  12559.9   93560.0    64157.7   103168.0 99915.9 14080.0 12812.3    253    1.587   5      0.571   -          -    2.158
         1377.4 4672.0 4672.0  0.0   1967.1 37504.0  12559.9   93560.0    64157.7   103168.0 99915.9 14080.0 12812.3    253    1.587   5      0.571   -          -    2.158
         1378.4 4672.0 4672.0  0.0   1967.1 37504.0  12559.9   93560.0    64157.7   103168.0 99915.9 14080.0 12812.3    253    1.587   5      0.571   -          -    2.158
         1379.4 4672.0 4672.0  0.0   1967.1 37504.0  12559.9   93560.0    64157.7   103168.0 99915.9 14080.0 12812.3    253    1.587   5      0.571   -          -    2.158
         1380.4 4672.0 4672.0  0.0   1967.1 37504.0  12622.6   93560.0    64157.7   103168.0 99915.9 14080.0 12812.3    253    1.587   5      0.571   -          -    2.158
         1381.4 4672.0 4672.0  0.0   1967.1 37504.0  12622.6   93560.0    64157.7   103168.0 99915.9 14080.0 12812.3    253    1.587   5      0.571   -          -    2.158
         1382.4 4672.0 4672.0  0.0   1967.1 37504.0  12625.2   93560.0    64157.7   103168.0 99915.9 14080.0 12812.3    253    1.587   5      0.571   -          -    2.158
         1383.4 4672.0 4672.0  0.0   1967.1 37504.0  12625.2   93560.0    64157.7   103168.0 99915.9 14080.0 12812.3    253    1.587   5      0.571   -          -    2.158
         1384.4 4672.0 4672.0  0.0   1967.1 37504.0  12625.2   93560.0    64157.7   103168.0 99915.9 14080.0 12812.3    253    1.587   5      0.571   -          -    2.158
         1385.4 4672.0 4672.0  0.0   1967.1 37504.0  12625.2   93560.0    64157.7   103168.0 99915.9 14080.0 12812.3    253    1.587   5      0.571   -          -    2.158
         1386.4 4672.0 4672.0  0.0   1967.1 37504.0  12625.2   93560.0    64157.7   103168.0 99915.9 14080.0 12812.3    253    1.587   5      0.571   -          -    2.158
         1387.4 4672.0 4672.0  0.0   1967.1 37504.0  12625.2   93560.0    64157.7   103168.0 99915.9 14080.0 12812.3    253    1.587   5      0.571   -          -    2.158
         1388.4 4672.0 4672.0  0.0   1967.1 37504.0  12625.2   93560.0    64157.7   103168.0 99915.9 14080.0 12812.3    253    1.587   5      0.571   -          -    2.158
         1389.4 4672.0 4672.0  0.0   1967.1 37504.0  12625.2   93560.0    64157.7   103168.0 99915.9 14080.0 12812.3    253    1.587   5      0.571   -          -    2.158
         1390.4 4672.0 4672.0  0.0   1967.1 37504.0  15941.9   93560.0    64157.7   103168.0 99915.9 14080.0 12812.3    253    1.587   5      0.571   -          -    2.158
         1391.4 4672.0 4672.0  0.0   1967.1 37504.0  15941.9   93560.0    64157.7   103168.0 99915.9 14080.0 12812.3    253    1.587   5      0.571   -          -    2.158
         1392.4 4672.0 4672.0  0.0   1967.1 37504.0  15944.6   93560.0    64157.7   103168.0 99915.9 14080.0 12812.3    253    1.587   5      0.571   -          -    2.158
         1393.4 4672.0 4672.0  0.0   1967.1 37504.0  15944.6   93560.0    64157.7   103168.0 99915.9 14080.0 12812.3    253    1.587   5      0.571   -          -    2.158
         1394.4 4672.0 4672.0  0.0   1967.1 37504.0  15944.6   93560.0    64157.7   103168.0 99915.9 14080.0 12812.3    253    1.587   5      0.571   -          -    2.158
         1395.4 4672.0 4672.0  0.0   1967.1 37504.0  15944.6   93560.0    64157.7   103168.0 99915.9 14080.0 12812.3    253    1.587   5      0.571   -          -    2.158
         1396.4 4672.0 4672.0  0.0   1967.1 37504.0  15944.6   93560.0    64157.7   103168.0 99915.9 14080.0 12812.3    253    1.587   5      0.571   -          -    2.158
         1397.4 4672.0 4672.0  0.0   1967.1 37504.0  15944.6   93560.0    64157.7   103168.0 99915.9 14080.0 12812.3    253    1.587   5      0.571   -          -    2.158
         1398.4 4672.0 4672.0  0.0   1967.1 37504.0  15944.6   93560.0    64157.7   103168.0 99915.9 14080.0 12812.3    253    1.587   5      0.571   -          -    2.158
         1399.4 4672.0 4672.0  0.0   1967.1 37504.0  15944.6   93560.0    64157.7   103168.0 99915.9 14080.0 12812.3    253    1.587   5      0.571   -          -    2.158
         1400.4 4672.0 4672.0  0.0   1967.1 37504.0  16007.3   93560.0    64157.7   103168.0 99915.9 14080.0 12812.3    253    1.587   5      0.571   -          -    2.158
         1401.4 4672.0 4672.0  0.0   1967.1 37504.0  16007.3   93560.0    64157.7   103168.0 99915.9 14080.0 12812.3    253    1.587   5      0.571   -          -    2.158
         1402.4 4672.0 4672.0  0.0   1967.1 37504.0  16012.8   93560.0    64157.7   103168.0 99915.9 14080.0 12812.3    253    1.587   5      0.571   -          -    2.158
         1403.4 4672.0 4672.0  0.0   1967.1 37504.0  16012.8   93560.0    64157.7   103168.0 99915.9 14080.0 12812.3    253    1.587   5      0.571   -          -    2.158
         1404.4 4672.0 4672.0  0.0   1967.1 37504.0  16012.8   93560.0    64157.7   103168.0 99915.9 14080.0 12812.3    253    1.587   5      0.571   -          -    2.158
         1405.4 4672.0 4672.0  0.0   1967.1 37504.0  16012.8   93560.0    64157.7   103168.0 99915.9 14080.0 12812.3    253    1.587   5      0.571   -          -    2.158
         1406.4 4672.0 4672.0  0.0   1967.1 37504.0  16012.8   93560.0    64157.7   103168.0 99915.9 14080.0 12812.3    253    1.587   5      0.571   -          -    2.158
         1407.4 4672.0 4672.0  0.0   1967.1 37504.0  16012.8   93560.0    64157.7   103168.0 99915.9 14080.0 12812.3    253    1.587   5      0.571   -          -    2.158
         1408.4 4672.0 4672.0  0.0   1967.1 37504.0  16012.8   93560.0    64157.7   103168.0 99915.9 14080.0 12812.3    253    1.587   5      0.571   -          -    2.158
         1409.4 4672.0 4672.0  0.0   1967.1 37504.0  16012.8   93560.0    64157.7   103168.0 99915.9 14080.0 12812.3    253    1.587   5      0.571   -          -    2.158
         1410.4 4672.0 4672.0  0.0   1967.1 37504.0  16102.9   93560.0    64157.7   103168.0 99915.9 14080.0 12812.3    253    1.587   5      0.571   -          -    2.158
         1411.4 4672.0 4672.0  0.0   1967.1 37504.0  16102.9   93560.0    64157.7   103168.0 99915.9 14080.0 12812.3    253    1.587   5      0.571   -          -    2.158
         1412.4 4672.0 4672.0  0.0   1967.1 37504.0  16105.6   93560.0    64157.7   103168.0 99915.9 14080.0 12812.3    253    1.587   5      0.571   -          -    2.158
         1413.4 4672.0 4672.0  0.0   1967.1 37504.0  16105.6   93560.0    64157.7   103168.0 99915.9 14080.0 12812.3    253    1.587   5      0.571   -          -    2.158
         1414.4 4672.0 4672.0  0.0   1967.1 37504.0  16105.6   93560.0    64157.7   103168.0 99915.9 14080.0 12812.3    253    1.587   5      0.571   -          -    2.158
         1415.4 4672.0 4672.0  0.0   1967.1 37504.0  16105.6   93560.0    64157.7   103168.0 99915.9 14080.0 12812.3    253    1.587   5      0.571   -          -    2.158
         1416.4 4672.0 4672.0  0.0   1967.1 37504.0  16105.6   93560.0    64157.7   103168.0 99915.9 14080.0 12812.3    253    1.587   5      0.571   -          -    2.158
         1417.4 4672.0 4672.0  0.0   1967.1 37504.0  16105.6   93560.0    64157.7   103168.0 99915.9 14080.0 12812.3    253    1.587   5      0.571   -          -    2.158
         1418.4 4672.0 4672.0  0.0   1967.1 37504.0  16105.6   93560.0    64157.7   103168.0 99915.9 14080.0 12812.3    253    1.587   5      0.571   -          -    2.158
         1419.4 4672.0 4672.0  0.0   1967.1 37504.0  16105.6   93560.0    64157.7   103168.0 99915.9 14080.0 12812.3    253    1.587   5      0.571   -          -    2.158
         1420.4 4672.0 4672.0  0.0   1967.1 37504.0  16249.1   93560.0    64157.7   103168.0 99915.9 14080.0 12812.3    253    1.587   5      0.571   -          -    2.158
         1421.4 4672.0 4672.0  0.0   1967.1 37504.0  16249.1   93560.0    64157.7   103168.0 99915.9 14080.0 12812.3    253    1.587   5      0.571   -          -    2.158
         1422.4 4672.0 4672.0  0.0   1967.1 37504.0  16251.8   93560.0    64157.7   103168.0 99915.9 14080.0 12812.3    253    1.587   5      0.571   -          -    2.158
         1423.4 4672.0 4672.0  0.0   1967.1 37504.0  16251.8   93560.0    64157.7   103168.0 99915.9 14080.0 12812.3    253    1.587   5      0.571   -          -    2.158
         1424.4 4672.0 4672.0  0.0   1967.1 37504.0  16251.8   93560.0    64157.7   103168.0 99915.9 14080.0 12812.3    253    1.587   5      0.571   -          -    2.158
         1425.4 4672.0 4672.0  0.0   1967.1 37504.0  16251.8   93560.0    64157.7   103168.0 99915.9 14080.0 12812.3    253    1.587   5      0.571   -          -    2.158
         1426.4 4672.0 4672.0  0.0   1967.1 37504.0  16251.8   93560.0    64157.7   103168.0 99915.9 14080.0 12812.3    253    1.587   5      0.571   -          -    2.158
         1427.4 4672.0 4672.0  0.0   1967.1 37504.0  16251.8   93560.0    64157.7   103168.0 99915.9 14080.0 12812.3    253    1.587   5      0.571   -          -    2.158
         1428.4 4672.0 4672.0  0.0   1967.1 37504.0  16251.8   93560.0    64157.7   103168.0 99915.9 14080.0 12812.3    253    1.587   5      0.571   -          -    2.158
         1429.4 4672.0 4672.0  0.0   1967.1 37504.0  16251.8   93560.0    64157.7   103168.0 99915.9 14080.0 12812.3    253    1.587   5      0.571   -          -    2.158
         1430.4 4672.0 4672.0  0.0   1967.1 37504.0  16342.2   93560.0    64157.7   103168.0 99915.9 14080.0 12812.3    253    1.587   5      0.571   -          -    2.158
         1431.4 4672.0 4672.0  0.0   1967.1 37504.0  16342.2   93560.0    64157.7   103168.0 99915.9 14080.0 12812.3    253    1.587   5      0.571   -          -    2.158
         1432.4 4672.0 4672.0  0.0   1967.1 37504.0  16344.9   93560.0    64157.7   103168.0 99915.9 14080.0 12812.3    253    1.587   5      0.571   -          -    2.158
         1433.4 4672.0 4672.0  0.0   1967.1 37504.0  16344.9   93560.0    64157.7   103168.0 99915.9 14080.0 12812.3    253    1.587   5      0.571   -          -    2.158
         1434.4 4672.0 4672.0  0.0   1967.1 37504.0  16344.9   93560.0    64157.7   103168.0 99915.9 14080.0 12812.3    253    1.587   5      0.571   -          -    2.158
         1435.4 4672.0 4672.0  0.0   1967.1 37504.0  16344.9   93560.0    64157.7   103168.0 99915.9 14080.0 12812.3    253    1.587   5      0.571   -          -    2.158
         1436.4 4672.0 4672.0  0.0   1967.1 37504.0  16344.9   93560.0    64157.7   103168.0 99915.9 14080.0 12812.3    253    1.587   5      0.571   -          -    2.158
         1437.4 4672.0 4672.0  0.0   1967.1 37504.0  16344.9   93560.0    64157.7   103168.0 99915.9 14080.0 12812.3    253    1.587   5      0.571   -          -    2.158
         1438.4 4672.0 4672.0  0.0   1967.1 37504.0  16344.9   93560.0    64157.7   103168.0 99915.9 14080.0 12812.3    253    1.587   5      0.571   -          -    2.158
         1439.4 4672.0 4672.0  0.0   1967.1 37504.0  16344.9   93560.0    64157.7   103168.0 99915.9 14080.0 12812.3    253    1.587   5      0.571   -          -    2.158
         1440.4 4672.0 4672.0  0.0   1967.1 37504.0  16407.5   93560.0    64157.7   103168.0 99915.9 14080.0 12812.3    253    1.587   5      0.571   -          -    2.158
         1441.4 4672.0 4672.0  0.0   1967.1 37504.0  16407.5   93560.0    64157.7   103168.0 99915.9 14080.0 12812.3    253    1.587   5      0.571   -          -    2.158
         1442.4 4672.0 4672.0  0.0   1967.1 37504.0  16410.2   93560.0    64157.7   103168.0 99915.9 14080.0 12812.3    253    1.587   5      0.571   -          -    2.158
         1443.4 4672.0 4672.0  0.0   1967.1 37504.0  16410.2   93560.0    64157.7   103168.0 99915.9 14080.0 12812.3    253    1.587   5      0.571   -          -    2.158
         1444.4 4672.0 4672.0  0.0   1967.1 37504.0  16410.2   93560.0    64157.7   103168.0 99915.9 14080.0 12812.3    253    1.587   5      0.571   -          -    2.158
         1445.4 4672.0 4672.0  0.0   1967.1 37504.0  16410.2   93560.0    64157.7   103168.0 99915.9 14080.0 12812.3    253    1.587   5      0.571   -          -    2.158
         1446.4 4672.0 4672.0  0.0   1967.1 37504.0  16410.2   93560.0    64157.7   103168.0 99915.9 14080.0 12812.3    253    1.587   5      0.571   -          -    2.158
         1447.4 4672.0 4672.0  0.0   1967.1 37504.0  16410.2   93560.0    64157.7   103168.0 99915.9 14080.0 12812.3    253    1.587   5      0.571   -          -    2.158
         1448.4 4672.0 4672.0  0.0   1967.1 37504.0  16410.2   93560.0    64157.7   103168.0 99915.9 14080.0 12812.3    253    1.587   5      0.571   -          -    2.158
         1449.4 4672.0 4672.0  0.0   1967.1 37504.0  16420.1   93560.0    64157.7   103168.0 99915.9 14080.0 12812.3    253    1.587   5      0.571   -          -    2.158
         1450.4 4672.0 4672.0  0.0   1967.1 37504.0  16665.3   93560.0    64157.7   103168.0 99915.9 14080.0 12812.3    253    1.587   5      0.571   -          -    2.158
         1451.4 4672.0 4672.0  0.0   1967.1 37504.0  16665.3   93560.0    64157.7   103168.0 99915.9 14080.0 12812.3    253    1.587   5      0.571   -          -    2.158
         1452.4 4672.0 4672.0  0.0   1967.1 37504.0  16667.9   93560.0    64157.7   103168.0 99915.9 14080.0 12812.3    253    1.587   5      0.571   -          -    2.158
         1453.4 4672.0 4672.0  0.0   1967.1 37504.0  16667.9   93560.0    64157.7   103168.0 99915.9 14080.0 12812.3    253    1.587   5      0.571   -          -    2.158
         1454.4 4672.0 4672.0  0.0   1967.1 37504.0  16667.9   93560.0    64157.7   103168.0 99915.9 14080.0 12812.3    253    1.587   5      0.571   -          -    2.158
         1455.4 4672.0 4672.0  0.0   1967.1 37504.0  16667.9   93560.0    64157.7   103168.0 99915.9 14080.0 12812.3    253    1.587   5      0.571   -          -    2.158
         1456.4 4672.0 4672.0  0.0   1967.1 37504.0  16667.9   93560.0    64157.7   103168.0 99915.9 14080.0 12812.3    253    1.587   5      0.571   -          -    2.158
         1457.4 4672.0 4672.0  0.0   1967.1 37504.0  16667.9   93560.0    64157.7   103168.0 99915.9 14080.0 12812.3    253    1.587   5      0.571   -          -    2.158
         1458.4 4672.0 4672.0  0.0   1967.1 37504.0  16667.9   93560.0    64157.7   103168.0 99915.9 14080.0 12812.3    253    1.587   5      0.571   -          -    2.158
         1459.4 4672.0 4672.0  0.0   1967.1 37504.0  16670.7   93560.0    64157.7   103168.0 99915.9 14080.0 12812.3    253    1.587   5      0.571   -          -    2.158
         1460.4 4672.0 4672.0  0.0   1967.1 37504.0  16733.4   93560.0    64157.7   103168.0 99915.9 14080.0 12812.3    253    1.587   5      0.571   -          -    2.158
         1461.5 4672.0 4672.0  0.0   1967.1 37504.0  16733.4   93560.0    64157.7   103168.0 99915.9 14080.0 12812.3    253    1.587   5      0.571   -          -    2.158
         1462.4 4672.0 4672.0  0.0   1967.1 37504.0  16736.1   93560.0    64157.7   103168.0 99915.9 14080.0 12812.3    253    1.587   5      0.571   -          -    2.158
         1463.4 4672.0 4672.0  0.0   1967.1 37504.0  16736.1   93560.0    64157.7   103168.0 99915.9 14080.0 12812.3    253    1.587   5      0.571   -          -    2.158
         1464.4 4672.0 4672.0  0.0   1967.1 37504.0  16736.1   93560.0    64157.7   103168.0 99915.9 14080.0 12812.3    253    1.587   5      0.571   -          -    2.158
         1465.4 4672.0 4672.0  0.0   1967.1 37504.0  16736.1   93560.0    64157.7   103168.0 99915.9 14080.0 12812.3    253    1.587   5      0.571   -          -    2.158
         1466.4 4672.0 4672.0  0.0   1967.1 37504.0  16736.1   93560.0    64157.7   103168.0 99915.9 14080.0 12812.3    253    1.587   5      0.571   -          -    2.158
         1467.4 4672.0 4672.0  0.0   1967.1 37504.0  16736.1   93560.0    64157.7   103168.0 99915.9 14080.0 12812.3    253    1.587   5      0.571   -          -    2.158
         1468.4 4672.0 4672.0  0.0   1967.1 37504.0  16736.1   93560.0    64157.7   103168.0 99915.9 14080.0 12812.3    253    1.587   5      0.571   -          -    2.158
         1469.4 4672.0 4672.0  0.0   1967.1 37504.0  16736.1   93560.0    64157.7   103168.0 99915.9 14080.0 12812.3    253    1.587   5      0.571   -          -    2.158
         1470.4 4672.0 4672.0  0.0   1967.1 37504.0  16826.5   93560.0    64157.7   103168.0 99915.9 14080.0 12812.3    253    1.587   5      0.571   -          -    2.158
         1471.4 4672.0 4672.0  0.0   1967.1 37504.0  16826.5   93560.0    64157.7   103168.0 99915.9 14080.0 12812.3    253    1.587   5      0.571   -          -    2.158
         1472.4 4672.0 4672.0  0.0   1967.1 37504.0  16829.1   93560.0    64157.7   103168.0 99915.9 14080.0 12812.3    253    1.587   5      0.571   -          -    2.158
         1473.4 4672.0 4672.0  0.0   1967.1 37504.0  16829.1   93560.0    64157.7   103168.0 99915.9 14080.0 12812.3    253    1.587   5      0.571   -          -    2.158
         1474.4 4672.0 4672.0  0.0   1967.1 37504.0  16829.1   93560.0    64157.7   103168.0 99915.9 14080.0 12812.3    253    1.587   5      0.571   -          -    2.158
         1475.5 4672.0 4672.0  0.0   1967.1 37504.0  16829.1   93560.0    64157.7   103168.0 99915.9 14080.0 12812.3    253    1.587   5      0.571   -          -    2.158
         1476.5 4672.0 4672.0  0.0   1967.1 37504.0  16829.1   93560.0    64157.7   103168.0 99915.9 14080.0 12812.3    253    1.587   5      0.571   -          -    2.158
         1477.5 4672.0 4672.0  0.0   1967.1 37504.0  16829.1   93560.0    64157.7   103168.0 99915.9 14080.0 12812.3    253    1.587   5      0.571   -          -    2.158
         1478.4 4672.0 4672.0  0.0   1967.1 37504.0  16829.1   93560.0    64157.7   103168.0 99915.9 14080.0 12812.3    253    1.587   5      0.571   -          -    2.158
         1479.4 4672.0 4672.0  0.0   1967.1 37504.0  16829.1   93560.0    64157.7   103168.0 99915.9 14080.0 12812.3    253    1.587   5      0.571   -          -    2.158
         1480.4 4672.0 4672.0  0.0   1967.1 37504.0  16972.8   93560.0    64157.7   103168.0 99915.9 14080.0 12812.3    253    1.587   5      0.571   -          -    2.158
         1481.4 4672.0 4672.0  0.0   1967.1 37504.0  16972.8   93560.0    64157.7   103168.0 99915.9 14080.0 12812.3    253    1.587   5      0.571   -          -    2.158
         1482.4 4672.0 4672.0  0.0   1967.1 37504.0  16975.5   93560.0    64157.7   103168.0 99915.9 14080.0 12812.3    253    1.587   5      0.571   -          -    2.158
         1483.4 4672.0 4672.0  0.0   1967.1 37504.0  16975.5   93560.0    64157.7   103168.0 99915.9 14080.0 12812.3    253    1.587   5      0.571   -          -    2.158
         1484.4 4672.0 4672.0  0.0   1967.1 37504.0  16975.5   93560.0    64157.7   103168.0 99915.9 14080.0 12812.3    253    1.587   5      0.571   -          -    2.158
         1485.4 4672.0 4672.0  0.0   1967.1 37504.0  16975.5   93560.0    64157.7   103168.0 99915.9 14080.0 12812.3    253    1.587   5      0.571   -          -    2.158
         1486.4 4672.0 4672.0  0.0   1967.1 37504.0  16975.5   93560.0    64157.7   103168.0 99915.9 14080.0 12812.3    253    1.587   5      0.571   -          -    2.158
         1487.4 4672.0 4672.0  0.0   1967.1 37504.0  16975.5   93560.0    64157.7   103168.0 99915.9 14080.0 12812.3    253    1.587   5      0.571   -          -    2.158
         1488.5 4672.0 4672.0  0.0   1967.1 37504.0  16975.5   93560.0    64157.7   103168.0 99915.9 14080.0 12812.3    253    1.587   5      0.571   -          -    2.158
         1489.5 4672.0 4672.0  0.0   1967.1 37504.0  16975.5   93560.0    64157.7   103168.0 99915.9 14080.0 12812.3    253    1.587   5      0.571   -          -    2.158
         1490.5 4672.0 4672.0  0.0   1967.1 37504.0  17065.9   93560.0    64157.7   103168.0 99915.9 14080.0 12812.3    253    1.587   5      0.571   -          -    2.158
         1491.5 4672.0 4672.0  0.0   1967.1 37504.0  17065.9   93560.0    64157.7   103168.0 99915.9 14080.0 12812.3    253    1.587   5      0.571   -          -    2.158
         1492.5 4672.0 4672.0  0.0   1967.1 37504.0  17068.5   93560.0    64157.7   103168.0 99915.9 14080.0 12812.3    253    1.587   5      0.571   -          -    2.158
         1493.4 4672.0 4672.0  0.0   1967.1 37504.0  17068.5   93560.0    64157.7   103168.0 99915.9 14080.0 12812.3    253    1.587   5      0.571   -          -    2.158
         1494.4 4672.0 4672.0  0.0   1967.1 37504.0  17068.5   93560.0    64157.7   103168.0 99915.9 14080.0 12812.3    253    1.587   5      0.571   -          -    2.158
         1495.4 4672.0 4672.0  0.0   1967.1 37504.0  17068.5   93560.0    64157.7   103168.0 99915.9 14080.0 12812.3    253    1.587   5      0.571   -          -    2.158
         1496.4 4672.0 4672.0  0.0   1967.1 37504.0  17068.5   93560.0    64157.7   103168.0 99915.9 14080.0 12812.3    253    1.587   5      0.571   -          -    2.158
         1497.4 4672.0 4672.0  0.0   1967.1 37504.0  17068.5   93560.0    64157.7   103168.0 99915.9 14080.0 12812.3    253    1.587   5      0.571   -          -    2.158
         1498.4 4672.0 4672.0  0.0   1967.1 37504.0  17068.5   93560.0    64157.7   103168.0 99915.9 14080.0 12812.3    253    1.587   5      0.571   -          -    2.158
         1499.4 4672.0 4672.0  0.0   1967.1 37504.0  17068.5   93560.0    64157.7   103168.0 99915.9 14080.0 12812.3    253    1.587   5      0.571   -          -    2.158
         1500.4 4672.0 4672.0  0.0   1967.1 37504.0  17139.5   93560.0    64157.7   103168.0 99915.9 14080.0 12812.3    253    1.587   5      0.571   -          -    2.158
         1501.4 4672.0 4672.0  0.0   1967.1 37504.0  17139.5   93560.0    64157.7   103168.0 99915.9 14080.0 12812.3    253    1.587   5      0.571   -          -    2.158
         1502.5 4672.0 4672.0  0.0   1967.1 37504.0  17142.2   93560.0    64157.7   103168.0 99915.9 14080.0 12812.3    253    1.587   5      0.571   -          -    2.158
         1503.5 4672.0 4672.0  0.0   1967.1 37504.0  17142.2   93560.0    64157.7   103168.0 99915.9 14080.0 12812.3    253    1.587   5      0.571   -          -    2.158
         1504.5 4672.0 4672.0  0.0   1967.1 37504.0  17142.2   93560.0    64157.7   103168.0 99915.9 14080.0 12812.3    253    1.587   5      0.571   -          -    2.158
         1505.5 4672.0 4672.0  0.0   1967.1 37504.0  17142.2   93560.0    64157.7   103168.0 99915.9 14080.0 12812.3    253    1.587   5      0.571   -          -    2.158
         1506.5 4672.0 4672.0  0.0   1967.1 37504.0  17142.2   93560.0    64157.7   103168.0 99915.9 14080.0 12812.3    253    1.587   5      0.571   -          -    2.158
         1507.5 4672.0 4672.0  0.0   1967.1 37504.0  17142.2   93560.0    64157.7   103168.0 99915.9 14080.0 12812.3    253    1.587   5      0.571   -          -    2.158
         1508.5 4672.0 4672.0  0.0   1967.1 37504.0  17142.2   93560.0    64157.7   103168.0 99915.9 14080.0 12812.3    253    1.587   5      0.571   -          -    2.158
         1509.5 4672.0 4672.0  0.0   1967.1 37504.0  17142.2   93560.0    64157.7   103168.0 99915.9 14080.0 12812.3    253    1.587   5      0.571   -          -    2.158
         1510.4 4672.0 4672.0  0.0   1967.1 37504.0  17281.9   93560.0    64157.7   103168.0 99915.9 14080.0 12812.3    253    1.587   5      0.571   -          -    2.158
         1511.4 4672.0 4672.0  0.0   1967.1 37504.0  17281.9   93560.0    64157.7   103168.0 99915.9 14080.0 12812.3    253    1.587   5      0.571   -          -    2.158
         1512.4 4672.0 4672.0  0.0   1967.1 37504.0  17281.9   93560.0    64157.7   103168.0 99915.9 14080.0 12812.3    253    1.587   5      0.571   -          -    2.158
         1513.4 4672.0 4672.0  0.0   1967.1 37504.0  17281.9   93560.0    64157.7   103168.0 99915.9 14080.0 12812.3    253    1.587   5      0.571   -          -    2.158
         1514.5 4672.0 4672.0  0.0   1967.1 37504.0  17284.6   93560.0    64157.7   103168.0 99915.9 14080.0 12812.3    253    1.587   5      0.571   -          -    2.158
         1515.5 4672.0 4672.0  0.0   1967.1 37504.0  17284.6   93560.0    64157.7   103168.0 99915.9 14080.0 12812.3    253    1.587   5      0.571   -          -    2.158
         1516.5 4672.0 4672.0  0.0   1967.1 37504.0  17287.4   93560.0    64157.7   103168.0 99915.9 14080.0 12812.3    253    1.587   5      0.571   -          -    2.158
         1517.5 4672.0 4672.0  0.0   1967.1 37504.0  17287.4   93560.0    64157.7   103168.0 99915.9 14080.0 12812.3    253    1.587   5      0.571   -          -    2.158
         1518.5 4672.0 4672.0  0.0   1967.1 37504.0  17287.4   93560.0    64157.7   103168.0 99915.9 14080.0 12812.3    253    1.587   5      0.571   -          -    2.158
         1519.5 4672.0 4672.0  0.0   1967.1 37504.0  17287.4   93560.0    64157.7   103168.0 99915.9 14080.0 12812.3    253    1.587   5      0.571   -          -    2.158
         1520.5 4672.0 4672.0  0.0   1967.1 37504.0  17366.2   93560.0    64157.7   103168.0 99915.9 14080.0 12812.3    253    1.587   5      0.571   -          -    2.158
         1521.5 4672.0 4672.0  0.0   1967.1 37504.0  17366.2   93560.0    64157.7   103168.0 99915.9 14080.0 12812.3    253    1.587   5      0.571   -          -    2.158
         1522.5 4672.0 4672.0  0.0   1967.1 37504.0  17366.2   93560.0    64157.7   103168.0 99915.9 14080.0 12812.3    253    1.587   5      0.571   -          -    2.158
         1523.4 4672.0 4672.0  0.0   1967.1 37504.0  17366.2   93560.0    64157.7   103168.0 99915.9 14080.0 12812.3    253    1.587   5      0.571   -          -    2.158
         1524.4 4672.0 4672.0  0.0   1967.1 37504.0  17366.3   93560.0    64157.7   103168.0 99915.9 14080.0 12812.3    253    1.587   5      0.571   -          -    2.158
         1525.4 4672.0 4672.0  0.0   1967.1 37504.0  17369.0   93560.0    64157.7   103168.0 99915.9 14080.0 12812.3    253    1.587   5      0.571   -          -    2.158
         1526.4 4672.0 4672.0  0.0   1967.1 37504.0  17369.0   93560.0    64157.7   103168.0 99915.9 14080.0 12812.3    253    1.587   5      0.571   -          -    2.158
         1527.5 4672.0 4672.0  0.0   1967.1 37504.0  17369.0   93560.0    64157.7   103168.0 99915.9 14080.0 12812.3    253    1.587   5      0.571   -          -    2.158
         1528.5 4672.0 4672.0  0.0   1967.1 37504.0  17369.0   93560.0    64157.7   103168.0 99915.9 14080.0 12812.3    253    1.587   5      0.571   -          -    2.158
         1529.5 4672.0 4672.0  0.0   1967.1 37504.0  17369.0   93560.0    64157.7   103168.0 99915.9 14080.0 12812.3    253    1.587   5      0.571   -          -    2.158
         1530.5 4672.0 4672.0  0.0   1967.1 37504.0  17439.7   93560.0    64157.7   103168.0 99915.9 14080.0 12812.3    253    1.587   5      0.571   -          -    2.158
         1531.5 4672.0 4672.0  0.0   1967.1 37504.0  17439.7   93560.0    64157.7   103168.0 99915.9 14080.0 12812.3    253    1.587   5      0.571   -          -    2.158
         1532.5 4672.0 4672.0  0.0   1967.1 37504.0  17439.7   93560.0    64157.7   103168.0 99915.9 14080.0 12812.3    253    1.587   5      0.571   -          -    2.158
         1533.5 4672.0 4672.0  0.0   1967.1 37504.0  17439.7   93560.0    64157.7   103168.0 99915.9 14080.0 12812.3    253    1.587   5      0.571   -          -    2.158
         1534.5 4672.0 4672.0  0.0   1967.1 37504.0  17439.7   93560.0    64157.7   103168.0 99915.9 14080.0 12812.3    253    1.587   5      0.571   -          -    2.158
         1535.5 4672.0 4672.0  0.0   1967.1 37504.0  17439.7   93560.0    64157.7   103168.0 99915.9 14080.0 12812.3    253    1.587   5      0.571   -          -    2.158
         1536.5 4672.0 4672.0  0.0   1967.1 37504.0  17442.4   93560.0    64157.7   103168.0 99915.9 14080.0 12812.3    253    1.587   5      0.571   -          -    2.158
         1537.5 4672.0 4672.0  0.0   1967.1 37504.0  17442.4   93560.0    64157.7   103168.0 99915.9 14080.0 12812.3    253    1.587   5      0.571   -          -    2.158
         1538.4 4672.0 4672.0  0.0   1967.1 37504.0  17442.4   93560.0    64157.7   103168.0 99915.9 14080.0 12812.3    253    1.587   5      0.571   -          -    2.158
         1539.4 4672.0 4672.0  0.0   1967.1 37504.0  17442.4   93560.0    64157.7   103168.0 99915.9 14080.0 12812.3    253    1.587   5      0.571   -          -    2.158
         1540.5 4672.0 4672.0  0.0   1967.1 37504.0  17622.9   93560.0    64157.7   103168.0 99915.9 14080.0 12812.3    253    1.587   5      0.571   -          -    2.158
         1541.5 4672.0 4672.0  0.0   1967.1 37504.0  17622.9   93560.0    64157.7   103168.0 99915.9 14080.0 12812.3    253    1.587   5      0.571   -          -    2.158
         1542.5 4672.0 4672.0  0.0   1967.1 37504.0  17622.9   93560.0    64157.7   103168.0 99915.9 14080.0 12812.3    253    1.587   5      0.571   -          -    2.158
         1543.5 4672.0 4672.0  0.0   1967.1 37504.0  17622.9   93560.0    64157.7   103168.0 99915.9 14080.0 12812.3    253    1.587   5      0.571   -          -    2.158
         1544.5 4672.0 4672.0  0.0   1967.1 37504.0  17622.9   93560.0    64157.7   103168.0 99915.9 14080.0 12812.3    253    1.587   5      0.571   -          -    2.158
         1545.5 4672.0 4672.0  0.0   1967.1 37504.0  17622.9   93560.0    64157.7   103168.0 99915.9 14080.0 12812.3    253    1.587   5      0.571   -          -    2.158
         1546.5 4672.0 4672.0  0.0   1967.1 37504.0  17622.9   93560.0    64157.7   103168.0 99915.9 14080.0 12812.3    253    1.587   5      0.571   -          -    2.158
         1547.5 4672.0 4672.0  0.0   1967.1 37504.0  17625.5   93560.0    64157.7   103168.0 99915.9 14080.0 12812.3    253    1.587   5      0.571   -          -    2.158
         1548.5 4672.0 4672.0  0.0   1967.1 37504.0  17625.5   93560.0    64157.7   103168.0 99915.9 14080.0 12812.3    253    1.587   5      0.571   -          -    2.158
         1549.5 4672.0 4672.0  0.0   1967.1 37504.0  17625.5   93560.0    64157.7   103168.0 99915.9 14080.0 12812.3    253    1.587   5      0.571   -          -    2.158
         1550.5 4672.0 4672.0  0.0   1967.1 37504.0  17704.5   93560.0    64157.7   103168.0 99915.9 14080.0 12812.3    253    1.587   5      0.571   -          -    2.158
         1551.5 4672.0 4672.0  0.0   1967.1 37504.0  17704.5   93560.0    64157.7   103168.0 99915.9 14080.0 12812.3    253    1.587   5      0.571   -          -    2.158
         1552.5 4672.0 4672.0  0.0   1967.1 37504.0  17704.5   93560.0    64157.7   103168.0 99915.9 14080.0 12812.3    253    1.587   5      0.571   -          -    2.158
         1553.5 4672.0 4672.0  0.0   1967.1 37504.0  17704.5   93560.0    64157.7   103168.0 99915.9 14080.0 12812.3    253    1.587   5      0.571   -          -    2.158
         1554.5 4672.0 4672.0  0.0   1967.1 37504.0  17704.5   93560.0    64157.7   103168.0 99915.9 14080.0 12812.3    253    1.587   5      0.571   -          -    2.158
         1555.5 4672.0 4672.0  0.0   1967.1 37504.0  17704.5   93560.0    64157.7   103168.0 99915.9 14080.0 12812.3    253    1.587   5      0.571   -          -    2.158
         1556.5 4672.0 4672.0  0.0   1967.1 37504.0  17704.5   93560.0    64157.7   103168.0 99915.9 14080.0 12812.3    253    1.587   5      0.571   -          -    2.158
         1557.5 4672.0 4672.0  0.0   1967.1 37504.0  17704.5   93560.0    64157.7   103168.0 99915.9 14080.0 12812.3    253    1.587   5      0.571   -          -    2.158
         1558.5 4672.0 4672.0  0.0   1967.1 37504.0  17704.5   93560.0    64157.7   103168.0 99915.9 14080.0 12812.3    253    1.587   5      0.571   -          -    2.158
         1559.5 4672.0 4672.0  0.0   1967.1 37504.0  17707.2   93560.0    64157.7   103168.0 99915.9 14080.0 12812.3    253    1.587   5      0.571   -          -    2.158
         1560.5 4672.0 4672.0  0.0   1967.1 37504.0  17778.1   93560.0    64157.7   103168.0 99915.9 14080.0 12812.3    253    1.587   5      0.571   -          -    2.158
         1561.5 4672.0 4672.0  0.0   1967.1 37504.0  17778.1   93560.0    64157.7   103168.0 99915.9 14080.0 12812.3    253    1.587   5      0.571   -          -    2.158
         1562.5 4672.0 4672.0  0.0   1967.1 37504.0  17778.1   93560.0    64157.7   103168.0 99915.9 14080.0 12812.3    253    1.587   5      0.571   -          -    2.158
         1563.5 4672.0 4672.0  0.0   1967.1 37504.0  17778.1   93560.0    64157.7   103168.0 99915.9 14080.0 12812.3    253    1.587   5      0.571   -          -    2.158
         1564.5 4672.0 4672.0  0.0   1967.1 37504.0  17778.1   93560.0    64157.7   103168.0 99915.9 14080.0 12812.3    253    1.587   5      0.571   -          -    2.158
         1565.5 4672.0 4672.0  0.0   1967.1 37504.0  17778.1   93560.0    64157.7   103168.0 99915.9 14080.0 12812.3    253    1.587   5      0.571   -          -    2.158
         1566.5 4672.0 4672.0  0.0   1967.1 37504.0  17778.1   93560.0    64157.7   103168.0 99915.9 14080.0 12812.3    253    1.587   5      0.571   -          -    2.158
         1567.5 4672.0 4672.0  0.0   1967.1 37504.0  17778.1   93560.0    64157.7   103168.0 99915.9 14080.0 12812.3    253    1.587   5      0.571   -          -    2.158
         1568.5 4672.0 4672.0  0.0   1967.1 37504.0  17787.9   93560.0    64157.7   103168.0 99915.9 14080.0 12812.3    253    1.587   5      0.571   -          -    2.158
         1569.5 4672.0 4672.0  0.0   1967.1 37504.0  17787.9   93560.0    64157.7   103168.0 99915.9 14080.0 12812.3    253    1.587   5      0.571   -          -    2.158
         1570.5 4672.0 4672.0  0.0   1967.1 37504.0  17930.5   93560.0    64157.7   103168.0 99915.9 14080.0 12812.3    253    1.587   5      0.571   -          -    2.158
         1571.5 4672.0 4672.0  0.0   1967.1 37504.0  17930.5   93560.0    64157.7   103168.0 99915.9 14080.0 12812.3    253    1.587   5      0.571   -          -    2.158
         1572.5 4672.0 4672.0  0.0   1967.1 37504.0  17930.5   93560.0    64157.7   103168.0 99915.9 14080.0 12812.3    253    1.587   5      0.571   -          -    2.158
         1573.5 4672.0 4672.0  0.0   1967.1 37504.0  17933.3   93560.0    64157.7   103168.0 99915.9 14080.0 12812.3    253    1.587   5      0.571   -          -    2.158
         1574.5 4672.0 4672.0  0.0   1967.1 37504.0  17933.3   93560.0    64157.7   103168.0 99915.9 14080.0 12812.3    253    1.587   5      0.571   -          -    2.158
         1575.5 4672.0 4672.0  0.0   1967.1 37504.0  17933.3   93560.0    64157.7   103168.0 99915.9 14080.0 12812.3    253    1.587   5      0.571   -          -    2.158
         1576.5 4672.0 4672.0  0.0   1967.1 37504.0  17933.3   93560.0    64157.7   103168.0 99915.9 14080.0 12812.3    253    1.587   5      0.571   -          -    2.158
         1577.5 4672.0 4672.0  0.0   1967.1 37504.0  17933.3   93560.0    64157.7   103168.0 99915.9 14080.0 12812.3    253    1.587   5      0.571   -          -    2.158
         1578.5 4672.0 4672.0  0.0   1967.1 37504.0  17933.3   93560.0    64157.7   103168.0 99915.9 14080.0 12812.3    253    1.587   5      0.571   -          -    2.158
         1579.5 4672.0 4672.0  0.0   1967.1 37504.0  17933.3   93560.0    64157.7   103168.0 99915.9 14080.0 12812.3    253    1.587   5      0.571   -          -    2.158
         1580.5 4672.0 4672.0  0.0   1967.1 37504.0  18012.1   93560.0    64157.7   103168.0 99915.9 14080.0 12812.3    253    1.587   5      0.571   -          -    2.158
         1581.5 4672.0 4672.0  0.0   1967.1 37504.0  18012.1   93560.0    64157.7   103168.0 99915.9 14080.0 12812.3    253    1.587   5      0.571   -          -    2.158
         1582.5 4672.0 4672.0  0.0   1967.1 37504.0  18014.8   93560.0    64157.7   103168.0 99915.9 14080.0 12812.3    253    1.587   5      0.571   -          -    2.158
         1583.5 4672.0 4672.0  0.0   1967.1 37504.0  18014.8   93560.0    64157.7   103168.0 99915.9 14080.0 12812.3    253    1.587   5      0.571   -          -    2.158
         1584.5 4672.0 4672.0  0.0   1967.1 37504.0  18014.8   93560.0    64157.7   103168.0 99915.9 14080.0 12812.3    253    1.587   5      0.571   -          -    2.158
         1585.5 4672.0 4672.0  0.0   1967.1 37504.0  18014.8   93560.0    64157.7   103168.0 99915.9 14080.0 12812.3    253    1.587   5      0.571   -          -    2.158
         1586.5 4672.0 4672.0  0.0   1967.1 37504.0  18014.8   93560.0    64157.7   103168.0 99915.9 14080.0 12812.3    253    1.587   5      0.571   -          -    2.158
         1587.5 4672.0 4672.0  0.0   1967.1 37504.0  18014.8   93560.0    64157.7   103168.0 99915.9 14080.0 12812.3    253    1.587   5      0.571   -          -    2.158
         1588.5 4672.0 4672.0  0.0   1967.1 37504.0  18014.8   93560.0    64157.7   103168.0 99915.9 14080.0 12812.3    253    1.587   5      0.571   -          -    2.158
         1589.5 4672.0 4672.0  0.0   1967.1 37504.0  18014.8   93560.0    64157.7   103168.0 99915.9 14080.0 12812.3    253    1.587   5      0.571   -          -    2.158
         1590.5 4672.0 4672.0  0.0   1967.1 37504.0  18085.6   93560.0    64157.7   103168.0 99915.9 14080.0 12812.3    253    1.587   5      0.571   -          -    2.158
         1591.5 4672.0 4672.0  0.0   1967.1 37504.0  18085.6   93560.0    64157.7   103168.0 99915.9 14080.0 12812.3    253    1.587   5      0.571   -          -    2.158
         1592.5 4672.0 4672.0  0.0   1967.1 37504.0  18088.2   93560.0    64157.7   103168.0 99915.9 14080.0 12812.3    253    1.587   5      0.571   -          -    2.158
         1593.5 4672.0 4672.0  0.0   1967.1 37504.0  18088.2   93560.0    64157.7   103168.0 99915.9 14080.0 12812.3    253    1.587   5      0.571   -          -    2.158
         1594.5 4672.0 4672.0  0.0   1967.1 37504.0  18088.2   93560.0    64157.7   103168.0 99915.9 14080.0 12812.3    253    1.587   5      0.571   -          -    2.158
         1595.5 4672.0 4672.0  0.0   1967.1 37504.0  18088.2   93560.0    64157.7   103168.0 99915.9 14080.0 12812.3    253    1.587   5      0.571   -          -    2.158
         1596.5 4672.0 4672.0  0.0   1967.1 37504.0  18088.2   93560.0    64157.7   103168.0 99915.9 14080.0 12812.3    253    1.587   5      0.571   -          -    2.158
         1597.5 4672.0 4672.0  0.0   1967.1 37504.0  18088.2   93560.0    64157.7   103168.0 99915.9 14080.0 12812.3    253    1.587   5      0.571   -          -    2.158
         1598.5 4672.0 4672.0  0.0   1967.1 37504.0  18088.2   93560.0    64157.7   103168.0 99915.9 14080.0 12812.3    253    1.587   5      0.571   -          -    2.158
         1599.5 4672.0 4672.0  0.0   1967.1 37504.0  18088.2   93560.0    64157.7   103168.0 99915.9 14080.0 12812.3    253    1.587   5      0.571   -          -    2.158
         1600.5 4672.0 4672.0  0.0   1967.1 37504.0  21615.9   93560.0    64157.7   103168.0 99915.9 14080.0 12812.3    253    1.587   5      0.571   -          -    2.158
         1601.5 4672.0 4672.0  0.0   1967.1 37504.0  21615.9   93560.0    64157.7   103168.0 99915.9 14080.0 12812.3    253    1.587   5      0.571   -          -    2.158
         1602.5 4672.0 4672.0  0.0   1967.1 37504.0  21618.5   93560.0    64157.7   103168.0 99915.9 14080.0 12812.3    253    1.587   5      0.571   -          -    2.158
         1603.5 4672.0 4672.0  0.0   1967.1 37504.0  21618.5   93560.0    64157.7   103168.0 99915.9 14080.0 12812.3    253    1.587   5      0.571   -          -    2.158
         1604.5 4672.0 4672.0  0.0   1967.1 37504.0  21618.5   93560.0    64157.7   103168.0 99915.9 14080.0 12812.3    253    1.587   5      0.571   -          -    2.158
         1605.5 4672.0 4672.0  0.0   1967.1 37504.0  21618.5   93560.0    64157.7   103168.0 99915.9 14080.0 12812.3    253    1.587   5      0.571   -          -    2.158
         1606.5 4672.0 4672.0  0.0   1967.1 37504.0  21618.5   93560.0    64157.7   103168.0 99915.9 14080.0 12812.3    253    1.587   5      0.571   -          -    2.158
         1607.5 4672.0 4672.0  0.0   1967.1 37504.0  21618.5   93560.0    64157.7   103168.0 99915.9 14080.0 12812.3    253    1.587   5      0.571   -          -    2.158
         1608.5 4672.0 4672.0  0.0   1967.1 37504.0  21618.5   93560.0    64157.7   103168.0 99915.9 14080.0 12812.3    253    1.587   5      0.571   -          -    2.158
         1609.5 4672.0 4672.0  0.0   1967.1 37504.0  21618.5   93560.0    64157.7   103168.0 99915.9 14080.0 12812.3    253    1.587   5      0.571   -          -    2.158
         1610.5 4672.0 4672.0  0.0   1967.1 37504.0  21697.5   93560.0    64157.7   103168.0 99915.9 14080.0 12812.3    253    1.587   5      0.571   -          -    2.158
         1611.5 4672.0 4672.0  0.0   1967.1 37504.0  21697.5   93560.0    64157.7   103168.0 99915.9 14080.0 12812.3    253    1.587   5      0.571   -          -    2.158
         1612.5 4672.0 4672.0  0.0   1967.1 37504.0  21700.2   93560.0    64157.7   103168.0 99915.9 14080.0 12812.3    253    1.587   5      0.571   -          -    2.158
         1613.5 4672.0 4672.0  0.0   1967.1 37504.0  21700.2   93560.0    64157.7   103168.0 99915.9 14080.0 12812.3    253    1.587   5      0.571   -          -    2.158
         1614.5 4672.0 4672.0  0.0   1967.1 37504.0  21700.2   93560.0    64157.7   103168.0 99915.9 14080.0 12812.3    253    1.587   5      0.571   -          -    2.158
         1615.5 4672.0 4672.0  0.0   1967.1 37504.0  21700.2   93560.0    64157.7   103168.0 99915.9 14080.0 12812.3    253    1.587   5      0.571   -          -    2.158
         1616.5 4672.0 4672.0  0.0   1967.1 37504.0  21700.2   93560.0    64157.7   103168.0 99915.9 14080.0 12812.3    253    1.587   5      0.571   -          -    2.158
         1617.5 4672.0 4672.0  0.0   1967.1 37504.0  21700.2   93560.0    64157.7   103168.0 99915.9 14080.0 12812.3    253    1.587   5      0.571   -          -    2.158
         1618.5 4672.0 4672.0  0.0   1967.1 37504.0  21700.2   93560.0    64157.7   103168.0 99915.9 14080.0 12812.3    253    1.587   5      0.571   -          -    2.158
         1619.5 4672.0 4672.0  0.0   1967.1 37504.0  21700.2   93560.0    64157.7   103168.0 99915.9 14080.0 12812.3    253    1.587   5      0.571   -          -    2.158
         1620.5 4672.0 4672.0  0.0   1967.1 37504.0  21770.9   93560.0    64157.7   103168.0 99915.9 14080.0 12812.3    253    1.587   5      0.571   -          -    2.158
         1621.5 4672.0 4672.0  0.0   1967.1 37504.0  21770.9   93560.0    64157.7   103168.0 99915.9 14080.0 12812.3    253    1.587   5      0.571   -          -    2.158
         1622.5 4672.0 4672.0  0.0   1967.1 37504.0  21773.6   93560.0    64157.7   103168.0 99915.9 14080.0 12812.3    253    1.587   5      0.571   -          -    2.158
         1623.5 4672.0 4672.0  0.0   1967.1 37504.0  21773.6   93560.0    64157.7   103168.0 99915.9 14080.0 12812.3    253    1.587   5      0.571   -          -    2.158
         1624.5 4672.0 4672.0  0.0   1967.1 37504.0  21773.6   93560.0    64157.7   103168.0 99915.9 14080.0 12812.3    253    1.587   5      0.571   -          -    2.158
         1625.5 4672.0 4672.0  0.0   1967.1 37504.0  21773.6   93560.0    64157.7   103168.0 99915.9 14080.0 12812.3    253    1.587   5      0.571   -          -    2.158
         1626.5 4672.0 4672.0  0.0   1967.1 37504.0  21773.6   93560.0    64157.7   103168.0 99915.9 14080.0 12812.3    253    1.587   5      0.571   -          -    2.158
         1627.5 4672.0 4672.0  0.0   1967.1 37504.0  21773.6   93560.0    64157.7   103168.0 99915.9 14080.0 12812.3    253    1.587   5      0.571   -          -    2.158
         1628.5 4672.0 4672.0  0.0   1967.1 37504.0  21773.6   93560.0    64157.7   103168.0 99915.9 14080.0 12812.3    253    1.587   5      0.571   -          -    2.158
         1629.5 4672.0 4672.0  0.0   1967.1 37504.0  21773.6   93560.0    64157.7   103168.0 99915.9 14080.0 12812.3    253    1.587   5      0.571   -          -    2.158
         1630.5 4672.0 4672.0  0.0   1967.1 37504.0  21933.7   93560.0    64157.7   103168.0 99915.9 14080.0 12812.3    253    1.587   5      0.571   -          -    2.158
         1631.5 4672.0 4672.0  0.0   1967.1 37504.0  21933.7   93560.0    64157.7   103168.0 99915.9 14080.0 12812.3    253    1.587   5      0.571   -          -    2.158
         1632.5 4672.0 4672.0  0.0   1967.1 37504.0  21939.1   93560.0    64157.7   103168.0 99915.9 14080.0 12812.3    253    1.587   5      0.571   -          -    2.158
         1633.5 4672.0 4672.0  0.0   1967.1 37504.0  21939.1   93560.0    64157.7   103168.0 99915.9 14080.0 12812.3    253    1.587   5      0.571   -          -    2.158
         1634.5 4672.0 4672.0  0.0   1967.1 37504.0  21939.1   93560.0    64157.7   103168.0 99915.9 14080.0 12812.3    253    1.587   5      0.571   -          -    2.158
         1635.5 4672.0 4672.0  0.0   1967.1 37504.0  21939.1   93560.0    64157.7   103168.0 99915.9 14080.0 12812.3    253    1.587   5      0.571   -          -    2.158
         1636.5 4672.0 4672.0  0.0   1967.1 37504.0  21939.1   93560.0    64157.7   103168.0 99915.9 14080.0 12812.3    253    1.587   5      0.571   -          -    2.158
         1637.5 4672.0 4672.0  0.0   1967.1 37504.0  21939.1   93560.0    64157.7   103168.0 99915.9 14080.0 12812.3    253    1.587   5      0.571   -          -    2.158
         1638.5 4672.0 4672.0  0.0   1967.1 37504.0  21939.1   93560.0    64157.7   103168.0 99915.9 14080.0 12812.3    253    1.587   5      0.571   -          -    2.158
         1639.5 4672.0 4672.0  0.0   1967.1 37504.0  21939.1   93560.0    64157.7   103168.0 99915.9 14080.0 12812.3    253    1.587   5      0.571   -          -    2.158
         1640.5 4672.0 4672.0  0.0   1967.1 37504.0  22018.1   93560.0    64157.7   103168.0 99915.9 14080.0 12812.3    253    1.587   5      0.571   -          -    2.158
         1641.5 4672.0 4672.0  0.0   1967.1 37504.0  22018.1   93560.0    64157.7   103168.0 99915.9 14080.0 12812.3    253    1.587   5      0.571   -          -    2.158
         1642.5 4672.0 4672.0  0.0   1967.1 37504.0  22020.8   93560.0    64157.7   103168.0 99915.9 14080.0 12812.3    253    1.587   5      0.571   -          -    2.158
         1643.5 4672.0 4672.0  0.0   1967.1 37504.0  22020.8   93560.0    64157.7   103168.0 99915.9 14080.0 12812.3    253    1.587   5      0.571   -          -    2.158
         1644.5 4672.0 4672.0  0.0   1967.1 37504.0  22020.8   93560.0    64157.7   103168.0 99915.9 14080.0 12812.3    253    1.587   5      0.571   -          -    2.158
         1645.5 4672.0 4672.0  0.0   1967.1 37504.0  22055.1   93560.0    64157.7   103168.0 99915.9 14080.0 12812.3    253    1.587   5      0.571   -          -    2.158
         1646.5 4672.0 4672.0  0.0   1967.1 37504.0  22055.1   93560.0    64157.7   103168.0 99915.9 14080.0 12812.3    253    1.587   5      0.571   -          -    2.158
         1647.5 4672.0 4672.0  0.0   1967.1 37504.0  22055.1   93560.0    64157.7   103168.0 99915.9 14080.0 12812.3    253    1.587   5      0.571   -          -    2.158
         1648.5 4672.0 4672.0  0.0   1967.1 37504.0  22055.1   93560.0    64157.7   103168.0 99915.9 14080.0 12812.3    253    1.587   5      0.571   -          -    2.158
         1649.5 4672.0 4672.0  0.0   1967.1 37504.0  22055.1   93560.0    64157.7   103168.0 99915.9 14080.0 12812.3    253    1.587   5      0.571   -          -    2.158
         1650.5 4672.0 4672.0  0.0   1967.1 37504.0  22125.9   93560.0    64157.7   103168.0 99915.9 14080.0 12812.3    253    1.587   5      0.571   -          -    2.158
         1651.5 4672.0 4672.0  0.0   1967.1 37504.0  22125.9   93560.0    64157.7   103168.0 99915.9 14080.0 12812.3    253    1.587   5      0.571   -          -    2.158
         1652.6 4672.0 4672.0  0.0   1967.1 37504.0  22128.6   93560.0    64157.7   103168.0 99915.9 14080.0 12812.3    253    1.587   5      0.571   -          -    2.158
         1653.5 4672.0 4672.0  0.0   1967.1 37504.0  22128.6   93560.0    64157.7   103168.0 99915.9 14080.0 12812.3    253    1.587   5      0.571   -          -    2.158
         1654.5 4672.0 4672.0  0.0   1967.1 37504.0  22128.6   93560.0    64157.7   103168.0 99915.9 14080.0 12812.3    253    1.587   5      0.571   -          -    2.158
         1655.5 4672.0 4672.0  0.0   1967.1 37504.0  22128.6   93560.0    64157.7   103168.0 99915.9 14080.0 12812.3    253    1.587   5      0.571   -          -    2.158
         1656.5 4672.0 4672.0  0.0   1967.1 37504.0  22128.6   93560.0    64157.7   103168.0 99915.9 14080.0 12812.3    253    1.587   5      0.571   -          -    2.158
         1657.5 4672.0 4672.0  0.0   1967.1 37504.0  22128.6   93560.0    64157.7   103168.0 99915.9 14080.0 12812.3    253    1.587   5      0.571   -          -    2.158
         1658.5 4672.0 4672.0  0.0   1967.1 37504.0  22128.6   93560.0    64157.7   103168.0 99915.9 14080.0 12812.3    253    1.587   5      0.571   -          -    2.158
         1659.5 4672.0 4672.0  0.0   1967.1 37504.0  22128.6   93560.0    64157.7   103168.0 99915.9 14080.0 12812.3    253    1.587   5      0.571   -          -    2.158
         1660.5 4672.0 4672.0  0.0   1967.1 37504.0  22288.3   93560.0    64157.7   103168.0 99915.9 14080.0 12812.3    253    1.587   5      0.571   -          -    2.158
         1661.5 4672.0 4672.0  0.0   1967.1 37504.0  22288.3   93560.0    64157.7   103168.0 99915.9 14080.0 12812.3    253    1.587   5      0.571   -          -    2.158
         1662.5 4672.0 4672.0  0.0   1967.1 37504.0  22290.9   93560.0    64157.7   103168.0 99915.9 14080.0 12812.3    253    1.587   5      0.571   -          -    2.158
         1663.5 4672.0 4672.0  0.0   1967.1 37504.0  22290.9   93560.0    64157.7   103168.0 99915.9 14080.0 12812.3    253    1.587   5      0.571   -          -    2.158
         1664.5 4672.0 4672.0  0.0   1967.1 37504.0  22290.9   93560.0    64157.7   103168.0 99915.9 14080.0 12812.3    253    1.587   5      0.571   -          -    2.158
         1665.5 4672.0 4672.0  0.0   1967.1 37504.0  22290.9   93560.0    64157.7   103168.0 99915.9 14080.0 12812.3    253    1.587   5      0.571   -          -    2.158
         1666.6 4672.0 4672.0  0.0   1967.1 37504.0  22290.9   93560.0    64157.7   103168.0 99915.9 14080.0 12812.3    253    1.587   5      0.571   -          -    2.158
         1667.6 4672.0 4672.0  0.0   1967.1 37504.0  22290.9   93560.0    64157.7   103168.0 99915.9 14080.0 12812.3    253    1.587   5      0.571   -          -    2.158
         1668.5 4672.0 4672.0  0.0   1967.1 37504.0  22290.9   93560.0    64157.7   103168.0 99915.9 14080.0 12812.3    253    1.587   5      0.571   -          -    2.158
         1669.5 4672.0 4672.0  0.0   1967.1 37504.0  22290.9   93560.0    64157.7   103168.0 99915.9 14080.0 12812.3    253    1.587   5      0.571   -          -    2.158
         1670.5 4672.0 4672.0  0.0   1967.1 37504.0  22353.6   93560.0    64157.7   103168.0 99915.9 14080.0 12812.3    253    1.587   5      0.571   -          -    2.158
         1671.5 4672.0 4672.0  0.0   1967.1 37504.0  22353.6   93560.0    64157.7   103168.0 99915.9 14080.0 12812.3    253    1.587   5      0.571   -          -    2.158
         1672.5 4672.0 4672.0  0.0   1967.1 37504.0  22356.3   93560.0    64157.7   103168.0 99915.9 14080.0 12812.3    253    1.587   5      0.571   -          -    2.158
         1673.5 4672.0 4672.0  0.0   1967.1 37504.0  22356.3   93560.0    64157.7   103168.0 99915.9 14080.0 12812.3    253    1.587   5      0.571   -          -    2.158
         1674.5 4672.0 4672.0  0.0   1967.1 37504.0  22356.3   93560.0    64157.7   103168.0 99915.9 14080.0 12812.3    253    1.587   5      0.571   -          -    2.158
         1675.5 4672.0 4672.0  0.0   1967.1 37504.0  22356.3   93560.0    64157.7   103168.0 99915.9 14080.0 12812.3    253    1.587   5      0.571   -          -    2.158
         1676.5 4672.0 4672.0  0.0   1967.1 37504.0  22356.3   93560.0    64157.7   103168.0 99915.9 14080.0 12812.3    253    1.587   5      0.571   -          -    2.158
         1677.5 4672.0 4672.0  0.0   1967.1 37504.0  22356.3   93560.0    64157.7   103168.0 99915.9 14080.0 12812.3    253    1.587   5      0.571   -          -    2.158
         1678.5 4672.0 4672.0  0.0   1967.1 37504.0  22356.3   93560.0    64157.7   103168.0 99915.9 14080.0 12812.3    253    1.587   5      0.571   -          -    2.158
         1679.5 4672.0 4672.0  0.0   1967.1 37504.0  22356.3   93560.0    64157.7   103168.0 99915.9 14080.0 12812.3    253    1.587   5      0.571   -          -    2.158
         1680.6 4672.0 4672.0  0.0   1967.1 37504.0  22446.7   93560.0    64157.7   103168.0 99915.9 14080.0 12812.3    253    1.587   5      0.571   -          -    2.158
         1681.6 4672.0 4672.0  0.0   1967.1 37504.0  22446.7   93560.0    64157.7   103168.0 99915.9 14080.0 12812.3    253    1.587   5      0.571   -          -    2.158
         1682.6 4672.0 4672.0  0.0   1967.1 37504.0  22449.4   93560.0    64157.7   103168.0 99915.9 14080.0 12812.3    253    1.587   5      0.571   -          -    2.158
         1683.6 4672.0 4672.0  0.0   1967.1 37504.0  22449.4   93560.0    64157.7   103168.0 99915.9 14080.0 12812.3    253    1.587   5      0.571   -          -    2.158
         1684.5 4672.0 4672.0  0.0   1967.1 37504.0  22449.4   93560.0    64157.7   103168.0 99915.9 14080.0 12812.3    253    1.587   5      0.571   -          -    2.158
         1685.5 4672.0 4672.0  0.0   1967.1 37504.0  22449.4   93560.0    64157.7   103168.0 99915.9 14080.0 12812.3    253    1.587   5      0.571   -          -    2.158
         1686.5 4672.0 4672.0  0.0   1967.1 37504.0  22449.4   93560.0    64157.7   103168.0 99915.9 14080.0 12812.3    253    1.587   5      0.571   -          -    2.158
         1687.5 4672.0 4672.0  0.0   1967.1 37504.0  22459.3   93560.0    64157.7   103168.0 99915.9 14080.0 12812.3    253    1.587   5      0.571   -          -    2.158
         1688.5 4672.0 4672.0  0.0   1967.1 37504.0  22459.3   93560.0    64157.7   103168.0 99915.9 14080.0 12812.3    253    1.587   5      0.571   -          -    2.158
         1689.5 4672.0 4672.0  0.0   1967.1 37504.0  22462.0   93560.0    64157.7   103168.0 99915.9 14080.0 12812.3    253    1.587   5      0.571   -          -    2.158
         1690.5 4672.0 4672.0  0.0   1967.1 37504.0  22593.6   93560.0    64157.7   103168.0 99915.9 14080.0 12812.3    253    1.587   5      0.571   -          -    2.158
         1691.5 4672.0 4672.0  0.0   1967.1 37504.0  22593.6   93560.0    64157.7   103168.0 99915.9 14080.0 12812.3    253    1.587   5      0.571   -          -    2.158
         1692.6 4672.0 4672.0  0.0   1967.1 37504.0  22596.2   93560.0    64157.7   103168.0 99915.9 14080.0 12812.3    253    1.587   5      0.571   -          -    2.158
         1693.6 4672.0 4672.0  0.0   1967.1 37504.0  22596.2   93560.0    64157.7   103168.0 99915.9 14080.0 12812.3    253    1.587   5      0.571   -          -    2.158
         1694.6 4672.0 4672.0  0.0   1967.1 37504.0  22596.2   93560.0    64157.7   103168.0 99915.9 14080.0 12812.3    253    1.587   5      0.571   -          -    2.158
         1695.6 4672.0 4672.0  0.0   1967.1 37504.0  22596.2   93560.0    64157.7   103168.0 99915.9 14080.0 12812.3    253    1.587   5      0.571   -          -    2.158
         1696.6 4672.0 4672.0  0.0   1967.1 37504.0  22596.2   93560.0    64157.7   103168.0 99915.9 14080.0 12812.3    253    1.587   5      0.571   -          -    2.158
         1697.6 4672.0 4672.0  0.0   1967.1 37504.0  22596.2   93560.0    64157.7   103168.0 99915.9 14080.0 12812.3    253    1.587   5      0.571   -          -    2.158
         1698.5 4672.0 4672.0  0.0   1967.1 37504.0  22596.2   93560.0    64157.7   103168.0 99915.9 14080.0 12812.3    253    1.587   5      0.571   -          -    2.158
         1699.5 4672.0 4672.0  0.0   1967.1 37504.0  22596.2   93560.0    64157.7   103168.0 99915.9 14080.0 12812.3    253    1.587   5      0.571   -          -    2.158
         1700.5 4672.0 4672.0  0.0   1967.1 37504.0  22675.0   93560.0    64157.7   103168.0 99915.9 14080.0 12812.3    253    1.587   5      0.571   -          -    2.158
         1701.5 4672.0 4672.0  0.0   1967.1 37504.0  22675.0   93560.0    64157.7   103168.0 99915.9 14080.0 12812.3    253    1.587   5      0.571   -          -    2.158
         1702.5 4672.0 4672.0  0.0   1967.1 37504.0  22677.7   93560.0    64157.7   103168.0 99915.9 14080.0 12812.3    253    1.587   5      0.571   -          -    2.158
         1703.5 4672.0 4672.0  0.0   1967.1 37504.0  22677.7   93560.0    64157.7   103168.0 99915.9 14080.0 12812.3    253    1.587   5      0.571   -          -    2.158
         1704.5 4672.0 4672.0  0.0   1967.1 37504.0  22677.7   93560.0    64157.7   103168.0 99915.9 14080.0 12812.3    253    1.587   5      0.571   -          -    2.158
         1705.5 4672.0 4672.0  0.0   1967.1 37504.0  22677.7   93560.0    64157.7   103168.0 99915.9 14080.0 12812.3    253    1.587   5      0.571   -          -    2.158
         1706.5 4672.0 4672.0  0.0   1967.1 37504.0  22677.7   93560.0    64157.7   103168.0 99915.9 14080.0 12812.3    253    1.587   5      0.571   -          -    2.158
         1707.6 4672.0 4672.0  0.0   1967.1 37504.0  22677.7   93560.0    64157.7   103168.0 99915.9 14080.0 12812.3    253    1.587   5      0.571   -          -    2.158
         1708.6 4672.0 4672.0  0.0   1967.1 37504.0  22677.7   93560.0    64157.7   103168.0 99915.9 14080.0 12812.3    253    1.587   5      0.571   -          -    2.158
         1709.6 4672.0 4672.0  0.0   1967.1 37504.0  22677.7   93560.0    64157.7   103168.0 99915.9 14080.0 12812.3    253    1.587   5      0.571   -          -    2.158
         1710.6 4672.0 4672.0  0.0   1967.1 37504.0  22756.5   93560.0    64157.7   103168.0 99915.9 14080.0 12812.3    253    1.587   5      0.571   -          -    2.158
         1711.6 4672.0 4672.0  0.0   1967.1 37504.0  22756.5   93560.0    64157.7   103168.0 99915.9 14080.0 12812.3    253    1.587   5      0.571   -          -    2.158
         1712.6 4672.0 4672.0  0.0   1967.1 37504.0  22759.2   93560.0    64157.7   103168.0 99915.9 14080.0 12812.3    253    1.587   5      0.571   -          -    2.158
         1713.6 4672.0 4672.0  0.0   1967.1 37504.0  22759.2   93560.0    64157.7   103168.0 99915.9 14080.0 12812.3    253    1.587   5      0.571   -          -    2.158
         1714.6 4672.0 4672.0  0.0   1967.1 37504.0  22759.2   93560.0    64157.7   103168.0 99915.9 14080.0 12812.3    253    1.587   5      0.571   -          -    2.158
         1715.5 4672.0 4672.0  0.0   1967.1 37504.0  22759.2   93560.0    64157.7   103168.0 99915.9 14080.0 12812.3    253    1.587   5      0.571   -          -    2.158
         1716.5 4672.0 4672.0  0.0   1967.1 37504.0  22759.2   93560.0    64157.7   103168.0 99915.9 14080.0 12812.3    253    1.587   5      0.571   -          -    2.158
         1717.5 4672.0 4672.0  0.0   1967.1 37504.0  22759.2   93560.0    64157.7   103168.0 99915.9 14080.0 12812.3    253    1.587   5      0.571   -          -    2.158
         1718.5 4672.0 4672.0  0.0   1967.1 37504.0  22759.2   93560.0    64157.7   103168.0 99915.9 14080.0 12812.3    253    1.587   5      0.571   -          -    2.158
         1719.5 4672.0 4672.0  0.0   1967.1 37504.0  22759.2   93560.0    64157.7   103168.0 99915.9 14080.0 12812.3    253    1.587   5      0.571   -          -    2.158
         1720.6 4672.0 4672.0  0.0   1967.1 37504.0  22997.2   93560.0    64157.7   103168.0 99915.9 14080.0 12812.3    253    1.587   5      0.571   -          -    2.158
         1721.6 4672.0 4672.0  0.0   1967.1 37504.0  22997.2   93560.0    64157.7   103168.0 99915.9 14080.0 12812.3    253    1.587   5      0.571   -          -    2.158
         1722.6 4672.0 4672.0  0.0   1967.1 37504.0  22997.2   93560.0    64157.7   103168.0 99915.9 14080.0 12812.3    253    1.587   5      0.571   -          -    2.158
         1723.6 4672.0 4672.0  0.0   1967.1 37504.0  22999.8   93560.0    64157.7   103168.0 99915.9 14080.0 12812.3    253    1.587   5      0.571   -          -    2.158
         1724.6 4672.0 4672.0  0.0   1967.1 37504.0  22999.8   93560.0    64157.7   103168.0 99915.9 14080.0 12812.3    253    1.587   5      0.571   -          -    2.158
         1725.6 4672.0 4672.0  0.0   1967.1 37504.0  22999.8   93560.0    64157.7   103168.0 99915.9 14080.0 12812.3    253    1.587   5      0.571   -          -    2.158
         1726.6 4672.0 4672.0  0.0   1967.1 37504.0  22999.8   93560.0    64157.7   103168.0 99915.9 14080.0 12812.3    253    1.587   5      0.571   -          -    2.158
         1727.6 4672.0 4672.0  0.0   1967.1 37504.0  22999.8   93560.0    64157.7   103168.0 99915.9 14080.0 12812.3    253    1.587   5      0.571   -          -    2.158
         1728.6 4672.0 4672.0  0.0   1967.1 37504.0  22999.8   93560.0    64157.7   103168.0 99915.9 14080.0 12812.3    253    1.587   5      0.571   -          -    2.158
         1729.6 4672.0 4672.0  0.0   1967.1 37504.0  22999.8   93560.0    64157.7   103168.0 99915.9 14080.0 12812.3    253    1.587   5      0.571   -          -    2.158
         1730.6 4672.0 4672.0  0.0   1967.1 37504.0  23090.0   93560.0    64157.7   103168.0 99915.9 14080.0 12812.3    253    1.587   5      0.571   -          -    2.158
         1731.5 4672.0 4672.0  0.0   1967.1 37504.0  23090.0   93560.0    64157.7   103168.0 99915.9 14080.0 12812.3    253    1.587   5      0.571   -          -    2.158
         1732.5 4672.0 4672.0  0.0   1967.1 37504.0  23090.0   93560.0    64157.7   103168.0 99915.9 14080.0 12812.3    253    1.587   5      0.571   -          -    2.158
         1733.5 4672.0 4672.0  0.0   1967.1 37504.0  23090.0   93560.0    64157.7   103168.0 99915.9 14080.0 12812.3    253    1.587   5      0.571   -          -    2.158
         1734.6 4672.0 4672.0  0.0   1967.1 37504.0  23090.0   93560.0    64157.7   103168.0 99915.9 14080.0 12812.3    253    1.587   5      0.571   -          -    2.158
         1735.6 4672.0 4672.0  0.0   1967.1 37504.0  23092.7   93560.0    64157.7   103168.0 99915.9 14080.0 12812.3    253    1.587   5      0.571   -          -    2.158
         1736.6 4672.0 4672.0  0.0   1967.1 37504.0  23092.7   93560.0    64157.7   103168.0 99915.9 14080.0 12812.3    253    1.587   5      0.571   -          -    2.158
         1737.6 4672.0 4672.0  0.0   1967.1 37504.0  23092.7   93560.0    64157.7   103168.0 99915.9 14080.0 12812.3    253    1.587   5      0.571   -          -    2.158
         1738.6 4672.0 4672.0  0.0   1967.1 37504.0  23092.7   93560.0    64157.7   103168.0 99915.9 14080.0 12812.3    253    1.587   5      0.571   -          -    2.158
         1739.6 4672.0 4672.0  0.0   1967.1 37504.0  23092.7   93560.0    64157.7   103168.0 99915.9 14080.0 12812.3    253    1.587   5      0.571   -          -    2.158
         1740.6 4672.0 4672.0  0.0   1967.1 37504.0  23175.1   93560.0    64157.7   103168.0 99915.9 14080.0 12812.3    253    1.587   5      0.571   -          -    2.158
         1741.6 4672.0 4672.0  0.0   1967.1 37504.0  23175.1   93560.0    64157.7   103168.0 99915.9 14080.0 12812.3    253    1.587   5      0.571   -          -    2.158
         1742.6 4672.0 4672.0  0.0   1967.1 37504.0  23175.1   93560.0    64157.7   103168.0 99915.9 14080.0 12812.3    253    1.587   5      0.571   -          -    2.158
         1743.6 4672.0 4672.0  0.0   1967.1 37504.0  23175.1   93560.0    64157.7   103168.0 99915.9 14080.0 12812.3    253    1.587   5      0.571   -          -    2.158
         1744.6 4672.0 4672.0  0.0   1967.1 37504.0  23175.1   93560.0    64157.7   103168.0 99915.9 14080.0 12812.3    253    1.587   5      0.571   -          -    2.158
         1745.5 4672.0 4672.0  0.0   1967.1 37504.0  23175.1   93560.0    64157.7   103168.0 99915.9 14080.0 12812.3    253    1.587   5      0.571   -          -    2.158
         1746.6 4672.0 4672.0  0.0   1967.1 37504.0  23180.6   93560.0    64157.7   103168.0 99915.9 14080.0 12812.3    253    1.587   5      0.571   -          -    2.158
         1747.6 4672.0 4672.0  0.0   1967.1 37504.0  23180.6   93560.0    64157.7   103168.0 99915.9 14080.0 12812.3    253    1.587   5      0.571   -          -    2.158
         1748.6 4672.0 4672.0  0.0   1967.1 37504.0  23180.6   93560.0    64157.7   103168.0 99915.9 14080.0 12812.3    253    1.587   5      0.571   -          -    2.158
         1749.6 4672.0 4672.0  0.0   1967.1 37504.0  23180.6   93560.0    64157.7   103168.0 99915.9 14080.0 12812.3    253    1.587   5      0.571   -          -    2.158
         1750.6 4672.0 4672.0  0.0   1967.1 37504.0  23312.2   93560.0    64157.7   103168.0 99915.9 14080.0 12812.3    253    1.587   5      0.571   -          -    2.158
         1751.6 4672.0 4672.0  0.0   1967.1 37504.0  23312.2   93560.0    64157.7   103168.0 99915.9 14080.0 12812.3    253    1.587   5      0.571   -          -    2.158
         1752.6 4672.0 4672.0  0.0   1967.1 37504.0  23312.2   93560.0    64157.7   103168.0 99915.9 14080.0 12812.3    253    1.587   5      0.571   -          -    2.158
         1753.6 4672.0 4672.0  0.0   1967.1 37504.0  23312.2   93560.0    64157.7   103168.0 99915.9 14080.0 12812.3    253    1.587   5      0.571   -          -    2.158
         1754.6 4672.0 4672.0  0.0   1967.1 37504.0  23312.2   93560.0    64157.7   103168.0 99915.9 14080.0 12812.3    253    1.587   5      0.571   -          -    2.158
         1755.6 4672.0 4672.0  0.0   1967.1 37504.0  23312.2   93560.0    64157.7   103168.0 99915.9 14080.0 12812.3    253    1.587   5      0.571   -          -    2.158
         1756.6 4672.0 4672.0  0.0   1967.1 37504.0  23312.2   93560.0    64157.7   103168.0 99915.9 14080.0 12812.3    253    1.587   5      0.571   -          -    2.158
         1757.6 4672.0 4672.0  0.0   1967.1 37504.0  23312.2   93560.0    64157.7   103168.0 99915.9 14080.0 12812.3    253    1.587   5      0.571   -          -    2.158
         1758.6 4672.0 4672.0  0.0   1967.1 37504.0  23314.9   93560.0    64157.7   103168.0 99915.9 14080.0 12812.3    253    1.587   5      0.571   -          -    2.158
         1759.6 4672.0 4672.0  0.0   1967.1 37504.0  23314.9   93560.0    64157.7   103168.0 99915.9 14080.0 12812.3    253    1.587   5      0.571   -          -    2.158
         1760.6 4672.0 4672.0  0.0   1967.1 37504.0  23385.9   93560.0    64157.7   103168.0 99915.9 14080.0 12812.3    253    1.587   5      0.571   -          -    2.158
         1761.6 4672.0 4672.0  0.0   1967.1 37504.0  23385.9   93560.0    64157.7   103168.0 99915.9 14080.0 12812.3    253    1.587   5      0.571   -          -    2.158
         1762.6 4672.0 4672.0  0.0   1967.1 37504.0  23385.9   93560.0    64157.7   103168.0 99915.9 14080.0 12812.3    253    1.587   5      0.571   -          -    2.158
         1763.6 4672.0 4672.0  0.0   1967.1 37504.0  23385.9   93560.0    64157.7   103168.0 99915.9 14080.0 12812.3    253    1.587   5      0.571   -          -    2.158
         1764.6 4672.0 4672.0  0.0   1967.1 37504.0  23385.9   93560.0    64157.7   103168.0 99915.9 14080.0 12812.3    253    1.587   5      0.571   -          -    2.158
         1765.6 4672.0 4672.0  0.0   1967.1 37504.0  23385.9   93560.0    64157.7   103168.0 99915.9 14080.0 12812.3    253    1.587   5      0.571   -          -    2.158
         1766.6 4672.0 4672.0  0.0   1967.1 37504.0  23385.9   93560.0    64157.7   103168.0 99915.9 14080.0 12812.3    253    1.587   5      0.571   -          -    2.158
         1767.6 4672.0 4672.0  0.0   1967.1 37504.0  23385.9   93560.0    64157.7   103168.0 99915.9 14080.0 12812.3    253    1.587   5      0.571   -          -    2.158
         1768.6 4672.0 4672.0  0.0   1967.1 37504.0  23386.0   93560.0    64157.7   103168.0 99915.9 14080.0 12812.3    253    1.587   5      0.571   -          -    2.158
         1769.6 4672.0 4672.0  0.0   1967.1 37504.0  23388.7   93560.0    64157.7   103168.0 99915.9 14080.0 12812.3    253    1.587   5      0.571   -          -    2.158
         1770.6 4672.0 4672.0  0.0   1967.1 37504.0  23467.5   93560.0    64157.7   103168.0 99915.9 14080.0 12812.3    253    1.587   5      0.571   -          -    2.158
         1771.6 4672.0 4672.0  0.0   1967.1 37504.0  23467.5   93560.0    64157.7   103168.0 99915.9 14080.0 12812.3    253    1.587   5      0.571   -          -    2.158
         1772.6 4672.0 4672.0  0.0   1967.1 37504.0  23467.5   93560.0    64157.7   103168.0 99915.9 14080.0 12812.3    253    1.587   5      0.571   -          -    2.158
         1773.6 4672.0 4672.0  0.0   1967.1 37504.0  23467.5   93560.0    64157.7   103168.0 99915.9 14080.0 12812.3    253    1.587   5      0.571   -          -    2.158
         1774.6 4672.0 4672.0  0.0   1967.1 37504.0  23467.5   93560.0    64157.7   103168.0 99915.9 14080.0 12812.3    253    1.587   5      0.571   -          -    2.158
         1775.6 4672.0 4672.0  0.0   1967.1 37504.0  23467.5   93560.0    64157.7   103168.0 99915.9 14080.0 12812.3    253    1.587   5      0.571   -          -    2.158
         1776.6 4672.0 4672.0  0.0   1967.1 37504.0  23467.5   93560.0    64157.7   103168.0 99915.9 14080.0 12812.3    253    1.587   5      0.571   -          -    2.158
         1777.6 4672.0 4672.0  0.0   1967.1 37504.0  23467.5   93560.0    64157.7   103168.0 99915.9 14080.0 12812.3    253    1.587   5      0.571   -          -    2.158
         1778.6 4672.0 4672.0  0.0   1967.1 37504.0  23467.5   93560.0    64157.7   103168.0 99915.9 14080.0 12812.3    253    1.587   5      0.571   -          -    2.158
         1779.6 4672.0 4672.0  0.0   1967.1 37504.0  23467.5   93560.0    64157.7   103168.0 99915.9 14080.0 12812.3    253    1.587   5      0.571   -          -    2.158
         1780.6 4672.0 4672.0  0.0   1967.1 37504.0  23629.9   93560.0    64157.7   103168.0 99915.9 14080.0 12812.3    253    1.587   5      0.571   -          -    2.158
         1781.6 4672.0 4672.0  0.0   1967.1 37504.0  23629.9   93560.0    64157.7   103168.0 99915.9 14080.0 12812.3    253    1.587   5      0.571   -          -    2.158
         1782.6 4672.0 4672.0  0.0   1967.1 37504.0  23629.9   93560.0    64157.7   103168.0 99915.9 14080.0 12812.3    253    1.587   5      0.571   -          -    2.158
         1783.6 4672.0 4672.0  0.0   1967.1 37504.0  23629.9   93560.0    64157.7   103168.0 99915.9 14080.0 12812.3    253    1.587   5      0.571   -          -    2.158
         1784.6 4672.0 4672.0  0.0   1967.1 37504.0  23629.9   93560.0    64157.7   103168.0 99915.9 14080.0 12812.3    253    1.587   5      0.571   -          -    2.158
         1785.6 4672.0 4672.0  0.0   1967.1 37504.0  23629.9   93560.0    64157.7   103168.0 99915.9 14080.0 12812.3    253    1.587   5      0.571   -          -    2.158
         1786.6 4672.0 4672.0  0.0   1967.1 37504.0  23629.9   93560.0    64157.7   103168.0 99915.9 14080.0 12812.3    253    1.587   5      0.571   -          -    2.158
         1787.6 4672.0 4672.0  0.0   1967.1 37504.0  23629.9   93560.0    64157.7   103168.0 99915.9 14080.0 12812.3    253    1.587   5      0.571   -          -    2.158
         1788.6 4672.0 4672.0  0.0   1967.1 37504.0  23629.9   93560.0    64157.7   103168.0 99915.9 14080.0 12812.3    253    1.587   5      0.571   -          -    2.158
         1789.6 4672.0 4672.0  0.0   1967.1 37504.0  23629.9   93560.0    64157.7   103168.0 99915.9 14080.0 12812.3    253    1.587   5      0.571   -          -    2.158
         1790.6 4672.0 4672.0  0.0   1967.1 37504.0  23700.7   93560.0    64157.7   103168.0 99915.9 14080.0 12812.3    253    1.587   5      0.571   -          -    2.158
         1791.6 4672.0 4672.0  0.0   1967.1 37504.0  23703.4   93560.0    64157.7   103168.0 99915.9 14080.0 12812.3    253    1.587   5      0.571   -          -    2.158
         1792.6 4672.0 4672.0  0.0   1967.1 37504.0  23703.4   93560.0    64157.7   103168.0 99915.9 14080.0 12812.3    253    1.587   5      0.571   -          -    2.158
         1793.6 4672.0 4672.0  0.0   1967.1 37504.0  23703.4   93560.0    64157.7   103168.0 99915.9 14080.0 12812.3    253    1.587   5      0.571   -          -    2.158
         1794.6 4672.0 4672.0  0.0   1967.1 37504.0  23703.4   93560.0    64157.7   103168.0 99915.9 14080.0 12812.3    253    1.587   5      0.571   -          -    2.158
         1795.6 4672.0 4672.0  0.0   1967.1 37504.0  23703.4   93560.0    64157.7   103168.0 99915.9 14080.0 12812.3    253    1.587   5      0.571   -          -    2.158
         1796.6 4672.0 4672.0  0.0   1967.1 37504.0  24345.0   93560.0    64157.7   103168.0 99915.9 14080.0 12812.3    253    1.587   5      0.571   -          -    2.158
         1797.6 4672.0 4672.0  0.0   1967.1 37504.0  24345.0   93560.0    64157.7   103168.0 99915.9 14080.0 12812.3    253    1.587   5      0.571   -          -    2.158
         1798.6 4672.0 4672.0  0.0   1967.1 37504.0  24345.0   93560.0    64157.7   103168.0 99915.9 14080.0 12812.3    253    1.587   5      0.571   -          -    2.158
         1799.6 4672.0 4672.0  0.0   1967.1 37504.0  24345.0   93560.0    64157.7   103168.0 99915.9 14080.0 12812.3    253    1.587   5      0.571   -          -    2.158
         1800.6 4672.0 4672.0  0.0   1967.1 37504.0  24423.9   93560.0    64157.7   103168.0 99915.9 14080.0 12812.3    253    1.587   5      0.571   -          -    2.158
         1801.6 4672.0 4672.0  0.0   1967.1 37504.0  24423.9   93560.0    64157.7   103168.0 99915.9 14080.0 12812.3    253    1.587   5      0.571   -          -    2.158
         1802.6 4672.0 4672.0  0.0   1967.1 37504.0  24426.6   93560.0    64157.7   103168.0 99915.9 14080.0 12812.3    253    1.587   5      0.571   -          -    2.158
         1803.6 4672.0 4672.0  0.0   1967.1 37504.0  24429.4   93560.0    64157.7   103168.0 99915.9 14080.0 12812.3    253    1.587   5      0.571   -          -    2.158
         1804.6 4672.0 4672.0  0.0   1967.1 37504.0  24429.4   93560.0    64157.7   103168.0 99915.9 14080.0 12812.3    253    1.587   5      0.571   -          -    2.158
         1805.6 4672.0 4672.0  0.0   1967.1 37504.0  24429.4   93560.0    64157.7   103168.0 99915.9 14080.0 12812.3    253    1.587   5      0.571   -          -    2.158
         1806.6 4672.0 4672.0  0.0   1967.1 37504.0  24439.2   93560.0    64157.7   103168.0 99915.9 14080.0 12812.3    253    1.587   5      0.571   -          -    2.158
         1807.6 4672.0 4672.0  0.0   1967.1 37504.0  24439.2   93560.0    64157.7   103168.0 99915.9 14080.0 12812.3    253    1.587   5      0.571   -          -    2.158
         1808.6 4672.0 4672.0  0.0   1967.1 37504.0  24439.2   93560.0    64157.7   103168.0 99915.9 14080.0 12812.3    253    1.587   5      0.571   -          -    2.158
         1809.6 4672.0 4672.0  0.0   1967.1 37504.0  24439.2   93560.0    64157.7   103168.0 99915.9 14080.0 12812.3    253    1.587   5      0.571   -          -    2.158
         1810.6 4672.0 4672.0  0.0   1967.1 37504.0  24579.8   93560.0    64157.7   103168.0 99915.9 14080.0 12812.3    253    1.587   5      0.571   -          -    2.158
         1811.6 4672.0 4672.0  0.0   1967.1 37504.0  24579.8   93560.0    64157.7   103168.0 99915.9 14080.0 12812.3    253    1.587   5      0.571   -          -    2.158
         1812.6 4672.0 4672.0  0.0   1967.1 37504.0  24582.5   93560.0    64157.7   103168.0 99915.9 14080.0 12812.3    253    1.587   5      0.571   -          -    2.158
         1813.6 4672.0 4672.0  0.0   1967.1 37504.0  24582.5   93560.0    64157.7   103168.0 99915.9 14080.0 12812.3    253    1.587   5      0.571   -          -    2.158
         1814.6 4672.0 4672.0  0.0   1967.1 37504.0  24582.5   93560.0    64157.7   103168.0 99915.9 14080.0 12812.3    253    1.587   5      0.571   -          -    2.158
         1815.6 4672.0 4672.0  0.0   1967.1 37504.0  24582.5   93560.0    64157.7   103168.0 99915.9 14080.0 12812.3    253    1.587   5      0.571   -          -    2.158
         1816.6 4672.0 4672.0  0.0   1967.1 37504.0  24582.5   93560.0    64157.7   103168.0 99915.9 14080.0 12812.3    253    1.587   5      0.571   -          -    2.158
         1817.6 4672.0 4672.0  0.0   1967.1 37504.0  24582.5   93560.0    64157.7   103168.0 99915.9 14080.0 12812.3    253    1.587   5      0.571   -          -    2.158
         1818.6 4672.0 4672.0  0.0   1967.1 37504.0  24582.5   93560.0    64157.7   103168.0 99915.9 14080.0 12812.3    253    1.587   5      0.571   -          -    2.158
         1819.6 4672.0 4672.0  0.0   1967.1 37504.0  24582.5   93560.0    64157.7   103168.0 99915.9 14080.0 12812.3    253    1.587   5      0.571   -          -    2.158
         1820.6 4672.0 4672.0  0.0   1967.1 37504.0  24653.3   93560.0    64157.7   103168.0 99915.9 14080.0 12812.3    253    1.587   5      0.571   -          -    2.158
         1821.6 4672.0 4672.0  0.0   1967.1 37504.0  24653.3   93560.0    64157.7   103168.0 99915.9 14080.0 12812.3    253    1.587   5      0.571   -          -    2.158
         1822.6 4672.0 4672.0  0.0   1967.1 37504.0  24655.9   93560.0    64157.7   103168.0 99915.9 14080.0 12812.3    253    1.587   5      0.571   -          -    2.158
         1823.6 4672.0 4672.0  0.0   1967.1 37504.0  24655.9   93560.0    64157.7   103168.0 99915.9 14080.0 12812.3    253    1.587   5      0.571   -          -    2.158
         1824.6 4672.0 4672.0  0.0   1967.1 37504.0  24655.9   93560.0    64157.7   103168.0 99915.9 14080.0 12812.3    253    1.587   5      0.571   -          -    2.158
         1825.6 4672.0 4672.0  0.0   1967.1 37504.0  24655.9   93560.0    64157.7   103168.0 99915.9 14080.0 12812.3    253    1.587   5      0.571   -          -    2.158
         1826.6 4672.0 4672.0  0.0   1967.1 37504.0  24655.9   93560.0    64157.7   103168.0 99915.9 14080.0 12812.3    253    1.587   5      0.571   -          -    2.158
         1827.6 4672.0 4672.0  0.0   1967.1 37504.0  24655.9   93560.0    64157.7   103168.0 99915.9 14080.0 12812.3    253    1.587   5      0.571   -          -    2.158
         1828.6 4672.0 4672.0  0.0   1967.1 37504.0  24655.9   93560.0    64157.7   103168.0 99915.9 14080.0 12812.3    253    1.587   5      0.571   -          -    2.158
         1829.6 4672.0 4672.0  0.0   1967.1 37504.0  24655.9   93560.0    64157.7   103168.0 99915.9 14080.0 12812.3    253    1.587   5      0.571   -          -    2.158
         1830.6 4672.0 4672.0  0.0   1967.1 37504.0  24734.8   93560.0    64157.7   103168.0 99915.9 14080.0 12812.3    253    1.587   5      0.571   -          -    2.158
         1831.6 4672.0 4672.0  0.0   1967.1 37504.0  24734.8   93560.0    64157.7   103168.0 99915.9 14080.0 12812.3    253    1.587   5      0.571   -          -    2.158
         1832.6 4672.0 4672.0  0.0   1967.1 37504.0  24737.5   93560.0    64157.7   103168.0 99915.9 14080.0 12812.3    253    1.587   5      0.571   -          -    2.158
         1833.6 4672.0 4672.0  0.0   1967.1 37504.0  24737.5   93560.0    64157.7   103168.0 99915.9 14080.0 12812.3    253    1.587   5      0.571   -          -    2.158
         1834.6 4672.0 4672.0  0.0   1967.1 37504.0  24737.5   93560.0    64157.7   103168.0 99915.9 14080.0 12812.3    253    1.587   5      0.571   -          -    2.158
         1835.6 4672.0 4672.0  0.0   1967.1 37504.0  24737.5   93560.0    64157.7   103168.0 99915.9 14080.0 12812.3    253    1.587   5      0.571   -          -    2.158
         1836.6 4672.0 4672.0  0.0   1967.1 37504.0  24737.5   93560.0    64157.7   103168.0 99915.9 14080.0 12812.3    253    1.587   5      0.571   -          -    2.158
         1837.6 4672.0 4672.0  0.0   1967.1 37504.0  24737.5   93560.0    64157.7   103168.0 99915.9 14080.0 12812.3    253    1.587   5      0.571   -          -    2.158
         1838.6 4672.0 4672.0  0.0   1967.1 37504.0  24737.5   93560.0    64157.7   103168.0 99915.9 14080.0 12812.3    253    1.587   5      0.571   -          -    2.158
         1839.6 4672.0 4672.0  0.0   1967.1 37504.0  24737.5   93560.0    64157.7   103168.0 99915.9 14080.0 12812.3    253    1.587   5      0.571   -          -    2.158
         1840.6 4672.0 4672.0  0.0   1967.1 37504.0  24918.6   93560.0    64157.7   103168.0 99915.9 14080.0 12812.3    253    1.587   5      0.571   -          -    2.158
         1841.6 4672.0 4672.0  0.0   1967.1 37504.0  24918.6   93560.0    64157.7   103168.0 99915.9 14080.0 12812.3    253    1.587   5      0.571   -          -    2.158
         1842.6 4672.0 4672.0  0.0   1967.1 37504.0  24921.3   93560.0    64157.7   103168.0 99915.9 14080.0 12812.3    253    1.587   5      0.571   -          -    2.158
         1843.6 4672.0 4672.0  0.0   1967.1 37504.0  24921.3   93560.0    64157.7   103168.0 99915.9 14080.0 12812.3    253    1.587   5      0.571   -          -    2.158
         1844.6 4672.0 4672.0  0.0   1967.1 37504.0  24921.3   93560.0    64157.7   103168.0 99915.9 14080.0 12812.3    253    1.587   5      0.571   -          -    2.158
         1845.6 4672.0 4672.0  0.0   1967.1 37504.0  24921.3   93560.0    64157.7   103168.0 99915.9 14080.0 12812.3    253    1.587   5      0.571   -          -    2.158
         1846.6 4672.0 4672.0  0.0   1967.1 37504.0  24921.3   93560.0    64157.7   103168.0 99915.9 14080.0 12812.3    253    1.587   5      0.571   -          -    2.158
         1847.6 4672.0 4672.0  0.0   1967.1 37504.0  24921.3   93560.0    64157.7   103168.0 99915.9 14080.0 12812.3    253    1.587   5      0.571   -          -    2.158
         1848.6 4672.0 4672.0  0.0   1967.1 37504.0  24921.3   93560.0    64157.7   103168.0 99915.9 14080.0 12812.3    253    1.587   5      0.571   -          -    2.158
         1849.6 4672.0 4672.0  0.0   1967.1 37504.0  24921.3   93560.0    64157.7   103168.0 99915.9 14080.0 12812.3    253    1.587   5      0.571   -          -    2.158
         1850.7 4672.0 4672.0  0.0   1967.1 37504.0  24992.1   93560.0    64157.7   103168.0 99915.9 14080.0 12812.3    253    1.587   5      0.571   -          -    2.158
         1851.6 4672.0 4672.0  0.0   1967.1 37504.0  24992.1   93560.0    64157.7   103168.0 99915.9 14080.0 12812.3    253    1.587   5      0.571   -          -    2.158
         1852.6 4672.0 4672.0  0.0   1967.1 37504.0  24994.8   93560.0    64157.7   103168.0 99915.9 14080.0 12812.3    253    1.587   5      0.571   -          -    2.158
         1853.6 4672.0 4672.0  0.0   1967.1 37504.0  24994.8   93560.0    64157.7   103168.0 99915.9 14080.0 12812.3    253    1.587   5      0.571   -          -    2.158
         1854.6 4672.0 4672.0  0.0   1967.1 37504.0  24994.8   93560.0    64157.7   103168.0 99915.9 14080.0 12812.3    253    1.587   5      0.571   -          -    2.158
         1855.6 4672.0 4672.0  0.0   1967.1 37504.0  24994.8   93560.0    64157.7   103168.0 99915.9 14080.0 12812.3    253    1.587   5      0.571   -          -    2.158
         1856.6 4672.0 4672.0  0.0   1967.1 37504.0  24994.8   93560.0    64157.7   103168.0 99915.9 14080.0 12812.3    253    1.587   5      0.571   -          -    2.158
         1857.6 4672.0 4672.0  0.0   1967.1 37504.0  24994.8   93560.0    64157.7   103168.0 99915.9 14080.0 12812.3    253    1.587   5      0.571   -          -    2.158
         1858.6 4672.0 4672.0  0.0   1967.1 37504.0  24994.8   93560.0    64157.7   103168.0 99915.9 14080.0 12812.3    253    1.587   5      0.571   -          -    2.158
         1859.6 4672.0 4672.0  0.0   1967.1 37504.0  24994.8   93560.0    64157.7   103168.0 99915.9 14080.0 12812.3    253    1.587   5      0.571   -          -    2.158
         1860.6 4672.0 4672.0  0.0   1967.1 37504.0  25073.6   93560.0    64157.7   103168.0 99915.9 14080.0 12812.3    253    1.587   5      0.571   -          -    2.158
         1861.6 4672.0 4672.0  0.0   1967.1 37504.0  25073.6   93560.0    64157.7   103168.0 99915.9 14080.0 12812.3    253    1.587   5      0.571   -          -    2.158
         1862.6 4672.0 4672.0  0.0   1967.1 37504.0  25079.0   93560.0    64157.7   103168.0 99915.9 14080.0 12812.3    253    1.587   5      0.571   -          -    2.158
         1863.6 4672.0 4672.0  0.0   1967.1 37504.0  25079.0   93560.0    64157.7   103168.0 99915.9 14080.0 12812.3    253    1.587   5      0.571   -          -    2.158
         1864.7 4672.0 4672.0  0.0   1967.1 37504.0  25079.0   93560.0    64157.7   103168.0 99915.9 14080.0 12812.3    253    1.587   5      0.571   -          -    2.158
         1865.7 4672.0 4672.0  0.0   1967.1 37504.0  25079.0   93560.0    64157.7   103168.0 99915.9 14080.0 12812.3    253    1.587   5      0.571   -          -    2.158
         1866.6 4672.0 4672.0  0.0   1967.1 37504.0  25079.0   93560.0    64157.7   103168.0 99915.9 14080.0 12812.3    253    1.587   5      0.571   -          -    2.158
         1867.6 4672.0 4672.0  0.0   1967.1 37504.0  25079.0   93560.0    64157.7   103168.0 99915.9 14080.0 12812.3    253    1.587   5      0.571   -          -    2.158
         1868.6 4672.0 4672.0  0.0   1967.1 37504.0  25079.0   93560.0    64157.7   103168.0 99915.9 14080.0 12812.3    253    1.587   5      0.571   -          -    2.158
         1869.6 4672.0 4672.0  0.0   1967.1 37504.0  25079.0   93560.0    64157.7   103168.0 99915.9 14080.0 12812.3    253    1.587   5      0.571   -          -    2.158
         1870.6 4672.0 4672.0  0.0   1967.1 37504.0  25292.9   93560.0    64157.7   103168.0 99915.9 14080.0 12812.3    253    1.587   5      0.571   -          -    2.158
         1871.6 4672.0 4672.0  0.0   1967.1 37504.0  25292.9   93560.0    64157.7   103168.0 99915.9 14080.0 12812.3    253    1.587   5      0.571   -          -    2.158
         1872.7 4672.0 4672.0  0.0   1967.1 37504.0  25295.5   93560.0    64157.7   103168.0 99915.9 14080.0 12812.3    253    1.587   5      0.571   -          -    2.158
         1873.7 4672.0 4672.0  0.0   1967.1 37504.0  25295.5   93560.0    64157.7   103168.0 99915.9 14080.0 12812.3    253    1.587   5      0.571   -          -    2.158
         1874.6 4672.0 4672.0  0.0   1967.1 37504.0  25295.5   93560.0    64157.7   103168.0 99915.9 14080.0 12812.3    253    1.587   5      0.571   -          -    2.158
         1875.6 4672.0 4672.0  0.0   1967.1 37504.0  25295.5   93560.0    64157.7   103168.0 99915.9 14080.0 12812.3    253    1.587   5      0.571   -          -    2.158
         1876.6 4672.0 4672.0  0.0   1967.1 37504.0  25295.5   93560.0    64157.7   103168.0 99915.9 14080.0 12812.3    253    1.587   5      0.571   -          -    2.158
         1877.6 4672.0 4672.0  0.0   1967.1 37504.0  25295.5   93560.0    64157.7   103168.0 99915.9 14080.0 12812.3    253    1.587   5      0.571   -          -    2.158
         1878.6 4672.0 4672.0  0.0   1967.1 37504.0  25295.5   93560.0    64157.7   103168.0 99915.9 14080.0 12812.3    253    1.587   5      0.571   -          -    2.158
         1879.6 4672.0 4672.0  0.0   1967.1 37504.0  25295.5   93560.0    64157.7   103168.0 99915.9 14080.0 12812.3    253    1.587   5      0.571   -          -    2.158
         1880.6 4672.0 4672.0  0.0   1967.1 37504.0  25366.3   93560.0    64157.7   103168.0 99915.9 14080.0 12812.3    253    1.587   5      0.571   -          -    2.158
         1881.6 4672.0 4672.0  0.0   1967.1 37504.0  25366.3   93560.0    64157.7   103168.0 99915.9 14080.0 12812.3    253    1.587   5      0.571   -          -    2.158
         1882.6 4672.0 4672.0  0.0   1967.1 37504.0  25369.0   93560.0    64157.7   103168.0 99915.9 14080.0 12812.3    253    1.587   5      0.571   -          -    2.158
         1883.6 4672.0 4672.0  0.0   1967.1 37504.0  25369.0   93560.0    64157.7   103168.0 99915.9 14080.0 12812.3    253    1.587   5      0.571   -          -    2.158
         1884.7 4672.0 4672.0  0.0   1967.1 37504.0  25369.0   93560.0    64157.7   103168.0 99915.9 14080.0 12812.3    253    1.587   5      0.571   -          -    2.158
         1885.7 4672.0 4672.0  0.0   1967.1 37504.0  25369.0   93560.0    64157.7   103168.0 99915.9 14080.0 12812.3    253    1.587   5      0.571   -          -    2.158
         1886.7 4672.0 4672.0  0.0   1967.1 37504.0  25369.0   93560.0    64157.7   103168.0 99915.9 14080.0 12812.3    253    1.587   5      0.571   -          -    2.158
         1887.7 4672.0 4672.0  0.0   1967.1 37504.0  25369.0   93560.0    64157.7   103168.0 99915.9 14080.0 12812.3    253    1.587   5      0.571   -          -    2.158
         1888.7 4672.0 4672.0  0.0   1967.1 37504.0  25369.0   93560.0    64157.7   103168.0 99915.9 14080.0 12812.3    253    1.587   5      0.571   -          -    2.158
         1889.7 4672.0 4672.0  0.0   1967.1 37504.0  25369.0   93560.0    64157.7   103168.0 99915.9 14080.0 12812.3    253    1.587   5      0.571   -          -    2.158
         1890.6 4672.0 4672.0  0.0   1967.1 37504.0  25448.0   93560.0    64157.7   103168.0 99915.9 14080.0 12812.3    253    1.587   5      0.571   -          -    2.158
         1891.6 4672.0 4672.0  0.0   1967.1 37504.0  25448.0   93560.0    64157.7   103168.0 99915.9 14080.0 12812.3    253    1.587   5      0.571   -          -    2.158
         1892.6 4672.0 4672.0  0.0   1967.1 37504.0  25450.7   93560.0    64157.7   103168.0 99915.9 14080.0 12812.3    253    1.587   5      0.571   -          -    2.158
         1893.6 4672.0 4672.0  0.0   1967.1 37504.0  25450.7   93560.0    64157.7   103168.0 99915.9 14080.0 12812.3    253    1.587   5      0.571   -          -    2.158
         1894.6 4672.0 4672.0  0.0   1967.1 37504.0  25450.7   93560.0    64157.7   103168.0 99915.9 14080.0 12812.3    253    1.587   5      0.571   -          -    2.158
         1895.6 4672.0 4672.0  0.0   1967.1 37504.0  25450.7   93560.0    64157.7   103168.0 99915.9 14080.0 12812.3    253    1.587   5      0.571   -          -    2.158
         1896.6 4672.0 4672.0  0.0   1967.1 37504.0  25450.7   93560.0    64157.7   103168.0 99915.9 14080.0 12812.3    253    1.587   5      0.571   -          -    2.158
         1897.6 4672.0 4672.0  0.0   1967.1 37504.0  25450.7   93560.0    64157.7   103168.0 99915.9 14080.0 12812.3    253    1.587   5      0.571   -          -    2.158
         1898.7 4672.0 4672.0  0.0   1967.1 37504.0  25450.7   93560.0    64157.7   103168.0 99915.9 14080.0 12812.3    253    1.587   5      0.571   -          -    2.158
         1899.7 4672.0 4672.0  0.0   1967.1 37504.0  25450.7   93560.0    64157.7   103168.0 99915.9 14080.0 12812.3    253    1.587   5      0.571   -          -    2.158
         1900.7 4672.0 4672.0  0.0   1967.1 37504.0  25610.5   93560.0    64157.7   103168.0 99915.9 14080.0 12812.3    253    1.587   5      0.571   -          -    2.158
         1901.7 4672.0 4672.0  0.0   1967.1 37504.0  25610.5   93560.0    64157.7   103168.0 99915.9 14080.0 12812.3    253    1.587   5      0.571   -          -    2.158
         1902.7 4672.0 4672.0  0.0   1967.1 37504.0  25613.2   93560.0    64157.7   103168.0 99915.9 14080.0 12812.3    253    1.587   5      0.571   -          -    2.158
         1903.7 4672.0 4672.0  0.0   1967.1 37504.0  25613.2   93560.0    64157.7   103168.0 99915.9 14080.0 12812.3    253    1.587   5      0.571   -          -    2.158
         1904.7 4672.0 4672.0  0.0   1967.1 37504.0  25613.2   93560.0    64157.7   103168.0 99915.9 14080.0 12812.3    253    1.587   5      0.571   -          -    2.158
         1905.7 4672.0 4672.0  0.0   1967.1 37504.0  25613.2   93560.0    64157.7   103168.0 99915.9 14080.0 12812.3    253    1.587   5      0.571   -          -    2.158
         1906.7 4672.0 4672.0  0.0   1967.1 37504.0  25613.2   93560.0    64157.7   103168.0 99915.9 14080.0 12812.3    253    1.587   5      0.571   -          -    2.158
         1907.6 4672.0 4672.0  0.0   1967.1 37504.0  25613.2   93560.0    64157.7   103168.0 99915.9 14080.0 12812.3    253    1.587   5      0.571   -          -    2.158
         1908.6 4672.0 4672.0  0.0   1967.1 37504.0  25613.2   93560.0    64157.7   103168.0 99915.9 14080.0 12812.3    253    1.587   5      0.571   -          -    2.158
         1909.6 4672.0 4672.0  0.0   1967.1 37504.0  25613.2   93560.0    64157.7   103168.0 99915.9 14080.0 12812.3    253    1.587   5      0.571   -          -    2.158
         1910.6 4672.0 4672.0  0.0   1967.1 37504.0  25684.0   93560.0    64157.7   103168.0 99915.9 14080.0 12812.3    253    1.587   5      0.571   -          -    2.158
         1911.6 4672.0 4672.0  0.0   1967.1 37504.0  25684.0   93560.0    64157.7   103168.0 99915.9 14080.0 12812.3    253    1.587   5      0.571   -          -    2.158
         1912.6 4672.0 4672.0  0.0   1967.1 37504.0  25686.7   93560.0    64157.7   103168.0 99915.9 14080.0 12812.3    253    1.587   5      0.571   -          -    2.158
         1913.7 4672.0 4672.0  0.0   1967.1 37504.0  25686.7   93560.0    64157.7   103168.0 99915.9 14080.0 12812.3    253    1.587   5      0.571   -          -    2.158
         1914.7 4672.0 4672.0  0.0   1967.1 37504.0  25686.7   93560.0    64157.7   103168.0 99915.9 14080.0 12812.3    253    1.587   5      0.571   -          -    2.158
         1915.7 4672.0 4672.0  0.0   1967.1 37504.0  25686.7   93560.0    64157.7   103168.0 99915.9 14080.0 12812.3    253    1.587   5      0.571   -          -    2.158
         1916.7 4672.0 4672.0  0.0   1967.1 37504.0  25686.7   93560.0    64157.7   103168.0 99915.9 14080.0 12812.3    253    1.587   5      0.571   -          -    2.158
         1917.7 4672.0 4672.0  0.0   1967.1 37504.0  25686.7   93560.0    64157.7   103168.0 99915.9 14080.0 12812.3    253    1.587   5      0.571   -          -    2.158
         1918.7 4672.0 4672.0  0.0   1967.1 37504.0  25686.7   93560.0    64157.7   103168.0 99915.9 14080.0 12812.3    253    1.587   5      0.571   -          -    2.158
         1919.7 4672.0 4672.0  0.0   1967.1 37504.0  25689.5   93560.0    64157.7   103168.0 99915.9 14080.0 12812.3    253    1.587   5      0.571   -          -    2.158
         1920.7 4672.0 4672.0  0.0   1967.1 37504.0  25768.3   93560.0    64157.7   103168.0 99915.9 14080.0 12812.3    253    1.587   5      0.571   -          -    2.158
         1921.7 4672.0 4672.0  0.0   1967.1 37504.0  25768.3   93560.0    64157.7   103168.0 99915.9 14080.0 12812.3    253    1.587   5      0.571   -          -    2.158
         1922.7 4672.0 4672.0  0.0   1967.1 37504.0  25771.0   93560.0    64157.7   103168.0 99915.9 14080.0 12812.3    253    1.587   5      0.571   -          -    2.158
         1923.7 4672.0 4672.0  0.0   1967.1 37504.0  25771.0   93560.0    64157.7   103168.0 99915.9 14080.0 12812.3    253    1.587   5      0.571   -          -    2.158
         1924.7 4672.0 4672.0  0.0   1967.1 37504.0  25771.0   93560.0    64157.7   103168.0 99915.9 14080.0 12812.3    253    1.587   5      0.571   -          -    2.158
         1925.7 4672.0 4672.0  0.0   1967.1 37504.0  25780.8   93560.0    64157.7   103168.0 99915.9 14080.0 12812.3    253    1.587   5      0.571   -          -    2.158
         1926.6 4672.0 4672.0  0.0   1967.1 37504.0  25780.8   93560.0    64157.7   103168.0 99915.9 14080.0 12812.3    253    1.587   5      0.571   -          -    2.158
         1927.6 4672.0 4672.0  0.0   1967.1 37504.0  25780.8   93560.0    64157.7   103168.0 99915.9 14080.0 12812.3    253    1.587   5      0.571   -          -    2.158
         1928.6 4672.0 4672.0  0.0   1967.1 37504.0  25780.8   93560.0    64157.7   103168.0 99915.9 14080.0 12812.3    253    1.587   5      0.571   -          -    2.158
         1929.7 4672.0 4672.0  0.0   1967.1 37504.0  25780.8   93560.0    64157.7   103168.0 99915.9 14080.0 12812.3    253    1.587   5      0.571   -          -    2.158
         1930.7 4672.0 4672.0  0.0   1967.1 37504.0  25940.9   93560.0    64157.7   103168.0 99915.9 14080.0 12812.3    253    1.587   5      0.571   -          -    2.158
         1931.7 4672.0 4672.0  0.0   1967.1 37504.0  25940.9   93560.0    64157.7   103168.0 99915.9 14080.0 12812.3    253    1.587   5      0.571   -          -    2.158
         1932.7 4672.0 4672.0  0.0   1967.1 37504.0  25940.9   93560.0    64157.7   103168.0 99915.9 14080.0 12812.3    253    1.587   5      0.571   -          -    2.158
         1933.7 4672.0 4672.0  0.0   1967.1 37504.0  25940.9   93560.0    64157.7   103168.0 99915.9 14080.0 12812.3    253    1.587   5      0.571   -          -    2.158
         1934.7 4672.0 4672.0  0.0   1967.1 37504.0  25943.6   93560.0    64157.7   103168.0 99915.9 14080.0 12812.3    253    1.587   5      0.571   -          -    2.158
         1935.7 4672.0 4672.0  0.0   1967.1 37504.0  25943.6   93560.0    64157.7   103168.0 99915.9 14080.0 12812.3    253    1.587   5      0.571   -          -    2.158
         1936.7 4672.0 4672.0  0.0   1967.1 37504.0  25943.6   93560.0    64157.7   103168.0 99915.9 14080.0 12812.3    253    1.587   5      0.571   -          -    2.158
         1937.7 4672.0 4672.0  0.0   1967.1 37504.0  25943.6   93560.0    64157.7   103168.0 99915.9 14080.0 12812.3    253    1.587   5      0.571   -          -    2.158
         1938.7 4672.0 4672.0  0.0   1967.1 37504.0  25943.6   93560.0    64157.7   103168.0 99915.9 14080.0 12812.3    253    1.587   5      0.571   -          -    2.158
         1939.7 4672.0 4672.0  0.0   1967.1 37504.0  25943.6   93560.0    64157.7   103168.0 99915.9 14080.0 12812.3    253    1.587   5      0.571   -          -    2.158
         1940.7 4672.0 4672.0  0.0   1967.1 37504.0  26014.3   93560.0    64157.7   103168.0 99915.9 14080.0 12812.3    253    1.587   5      0.571   -          -    2.158
         1941.7 4672.0 4672.0  0.0   1967.1 37504.0  26014.3   93560.0    64157.7   103168.0 99915.9 14080.0 12812.3    253    1.587   5      0.571   -          -    2.158
         1942.7 4672.0 4672.0  0.0   1967.1 37504.0  26014.3   93560.0    64157.7   103168.0 99915.9 14080.0 12812.3    253    1.587   5      0.571   -          -    2.158
         1943.7 4672.0 4672.0  0.0   1967.1 37504.0  26014.3   93560.0    64157.7   103168.0 99915.9 14080.0 12812.3    253    1.587   5      0.571   -          -    2.158
         1944.7 4672.0 4672.0  0.0   1967.1 37504.0  26014.4   93560.0    64157.7   103168.0 99915.9 14080.0 12812.3    253    1.587   5      0.571   -          -    2.158
         1945.7 4672.0 4672.0  0.0   1967.1 37504.0  26017.1   93560.0    64157.7   103168.0 99915.9 14080.0 12812.3    253    1.587   5      0.571   -          -    2.158
         1946.7 4672.0 4672.0  0.0   1967.1 37504.0  26017.1   93560.0    64157.7   103168.0 99915.9 14080.0 12812.3    253    1.587   5      0.571   -          -    2.158
         1947.7 4672.0 4672.0  0.0   1967.1 37504.0  26017.1   93560.0    64157.7   103168.0 99915.9 14080.0 12812.3    253    1.587   5      0.571   -          -    2.158
         1948.7 4672.0 4672.0  0.0   1967.1 37504.0  26017.1   93560.0    64157.7   103168.0 99915.9 14080.0 12812.3    253    1.587   5      0.571   -          -    2.158
         1949.7 4672.0 4672.0  0.0   1967.1 37504.0  26017.1   93560.0    64157.7   103168.0 99915.9 14080.0 12812.3    253    1.587   5      0.571   -          -    2.158
         1950.7 4672.0 4672.0  0.0   1967.1 37504.0  26095.9   93560.0    64157.7   103168.0 99915.9 14080.0 12812.3    253    1.587   5      0.571   -          -    2.158
         1951.7 4672.0 4672.0  0.0   1967.1 37504.0  26095.9   93560.0    64157.7   103168.0 99915.9 14080.0 12812.3    253    1.587   5      0.571   -          -    2.158
         1952.7 4672.0 4672.0  0.0   1967.1 37504.0  26095.9   93560.0    64157.7   103168.0 99915.9 14080.0 12812.3    253    1.587   5      0.571   -          -    2.158
         1953.7 4672.0 4672.0  0.0   1967.1 37504.0  26095.9   93560.0    64157.7   103168.0 99915.9 14080.0 12812.3    253    1.587   5      0.571   -          -    2.158
         1954.7 4672.0 4672.0  0.0   1967.1 37504.0  26095.9   93560.0    64157.7   103168.0 99915.9 14080.0 12812.3    253    1.587   5      0.571   -          -    2.158
         1955.7 4672.0 4672.0  0.0   1967.1 37504.0  26095.9   93560.0    64157.7   103168.0 99915.9 14080.0 12812.3    253    1.587   5      0.571   -          -    2.158
         1956.7 4672.0 4672.0  0.0   1967.1 37504.0  26098.5   93560.0    64157.7   103168.0 99915.9 14080.0 12812.3    253    1.587   5      0.571   -          -    2.158
         1957.7 4672.0 4672.0  0.0   1967.1 37504.0  26098.5   93560.0    64157.7   103168.0 99915.9 14080.0 12812.3    253    1.587   5      0.571   -          -    2.158
         1958.7 4672.0 4672.0  0.0   1967.1 37504.0  26098.5   93560.0    64157.7   103168.0 99915.9 14080.0 12812.3    253    1.587   5      0.571   -          -    2.158
         1959.7 4672.0 4672.0  0.0   1967.1 37504.0  26098.5   93560.0    64157.7   103168.0 99915.9 14080.0 12812.3    253    1.587   5      0.571   -          -    2.158
         1960.7 4672.0 4672.0  0.0   1967.1 37504.0  26264.4   93560.0    64157.7   103168.0 99915.9 14080.0 12812.3    253    1.587   5      0.571   -          -    2.158
         1961.7 4672.0 4672.0  0.0   1967.1 37504.0  26264.4   93560.0    64157.7   103168.0 99915.9 14080.0 12812.3    253    1.587   5      0.571   -          -    2.158
         1962.7 4672.0 4672.0  0.0   1967.1 37504.0  26264.4   93560.0    64157.7   103168.0 99915.9 14080.0 12812.3    253    1.587   5      0.571   -          -    2.158
         1963.7 4672.0 4672.0  0.0   1967.1 37504.0  26264.4   93560.0    64157.7   103168.0 99915.9 14080.0 12812.3    253    1.587   5      0.571   -          -    2.158
         1964.7 4672.0 4672.0  0.0   1967.1 37504.0  26264.4   93560.0    64157.7   103168.0 99915.9 14080.0 12812.3    253    1.587   5      0.571   -          -    2.158
         1965.7 4672.0 4672.0  0.0   1967.1 37504.0  26264.4   93560.0    64157.7   103168.0 99915.9 14080.0 12812.3    253    1.587   5      0.571   -          -    2.158
         1966.7 4672.0 4672.0  0.0   1967.1 37504.0  26264.4   93560.0    64157.7   103168.0 99915.9 14080.0 12812.3    253    1.587   5      0.571   -          -    2.158
         1967.7 4672.0 4672.0  0.0   1967.1 37504.0  26267.0   93560.0    64157.7   103168.0 99915.9 14080.0 12812.3    253    1.587   5      0.571   -          -    2.158
         1968.7 4672.0 4672.0  0.0   1967.1 37504.0  26267.0   93560.0    64157.7   103168.0 99915.9 14080.0 12812.3    253    1.587   5      0.571   -          -    2.158
         1969.7 4672.0 4672.0  0.0   1967.1 37504.0  26267.0   93560.0    64157.7   103168.0 99915.9 14080.0 12812.3    253    1.587   5      0.571   -          -    2.158
         1970.7 4672.0 4672.0  0.0   1967.1 37504.0  26337.8   93560.0    64157.7   103168.0 99915.9 14080.0 12812.3    253    1.587   5      0.571   -          -    2.158
         1971.7 4672.0 4672.0  0.0   1967.1 37504.0  26337.8   93560.0    64157.7   103168.0 99915.9 14080.0 12812.3    253    1.587   5      0.571   -          -    2.158
         1972.7 4672.0 4672.0  0.0   1967.1 37504.0  26337.8   93560.0    64157.7   103168.0 99915.9 14080.0 12812.3    253    1.587   5      0.571   -          -    2.158
         1973.7 4672.0 4672.0  0.0   1967.1 37504.0  26337.8   93560.0    64157.7   103168.0 99915.9 14080.0 12812.3    253    1.587   5      0.571   -          -    2.158
         1974.7 4672.0 4672.0  0.0   1967.1 37504.0  26337.8   93560.0    64157.7   103168.0 99915.9 14080.0 12812.3    253    1.587   5      0.571   -          -    2.158
         1975.7 4672.0 4672.0  0.0   1967.1 37504.0  26337.8   93560.0    64157.7   103168.0 99915.9 14080.0 12812.3    253    1.587   5      0.571   -          -    2.158
         1976.7 4672.0 4672.0  0.0   1967.1 37504.0  26340.6   93560.0    64157.7   103168.0 99915.9 14080.0 12812.3    253    1.587   5      0.571   -          -    2.158
         1977.7 4672.0 4672.0  0.0   1967.1 37504.0  26340.6   93560.0    64157.7   103168.0 99915.9 14080.0 12812.3    253    1.587   5      0.571   -          -    2.158
         1978.7 4672.0 4672.0  0.0   1967.1 37504.0  26340.6   93560.0    64157.7   103168.0 99915.9 14080.0 12812.3    253    1.587   5      0.571   -          -    2.158
         1979.7 4672.0 4672.0  0.0   1967.1 37504.0  26343.3   93560.0    64157.7   103168.0 99915.9 14080.0 12812.3    253    1.587   5      0.571   -          -    2.158
         1980.7 4672.0 4672.0  0.0   1967.1 37504.0  26406.0   93560.0    64157.7   103168.0 99915.9 14080.0 12812.3    253    1.587   5      0.571   -          -    2.158
         1981.7 4672.0 4672.0  0.0   1967.1 37504.0  26406.0   93560.0    64157.7   103168.0 99915.9 14080.0 12812.3    253    1.587   5      0.571   -          -    2.158
         1982.7 4672.0 4672.0  0.0   1967.1 37504.0  26406.0   93560.0    64157.7   103168.0 99915.9 14080.0 12812.3    253    1.587   5      0.571   -          -    2.158
         1983.7 4672.0 4672.0  0.0   1967.1 37504.0  26406.0   93560.0    64157.7   103168.0 99915.9 14080.0 12812.3    253    1.587   5      0.571   -          -    2.158
         1984.7 4672.0 4672.0  0.0   1967.1 37504.0  26406.0   93560.0    64157.7   103168.0 99915.9 14080.0 12812.3    253    1.587   5      0.571   -          -    2.158
         1985.7 4672.0 4672.0  0.0   1967.1 37504.0  26406.0   93560.0    64157.7   103168.0 99915.9 14080.0 12812.3    253    1.587   5      0.571   -          -    2.158
         1986.7 4672.0 4672.0  0.0   1967.1 37504.0  26406.0   93560.0    64157.7   103168.0 99915.9 14080.0 12812.3    253    1.587   5      0.571   -          -    2.158
         1987.7 4672.0 4672.0  0.0   1967.1 37504.0  26406.0   93560.0    64157.7   103168.0 99915.9 14080.0 12812.3    253    1.587   5      0.571   -          -    2.158
         1988.7 4672.0 4672.0  0.0   1967.1 37504.0  26406.0   93560.0    64157.7   103168.0 99915.9 14080.0 12812.3    253    1.587   5      0.571   -          -    2.158
         1989.7 4672.0 4672.0  0.0   1967.1 37504.0  26406.0   93560.0    64157.7   103168.0 99915.9 14080.0 12812.3    253    1.587   5      0.571   -          -    2.158
         1990.7 4672.0 4672.0  0.0   1967.1 37504.0  26633.8   93560.0    64157.7   103168.0 99915.9 14080.0 12812.3    253    1.587   5      0.571   -          -    2.158
         1991.7 4672.0 4672.0  0.0   1967.1 37504.0  26633.8   93560.0    64157.7   103168.0 99915.9 14080.0 12812.3    253    1.587   5      0.571   -          -    2.158
         1992.7 4672.0 4672.0  0.0   1967.1 37504.0  26633.8   93560.0    64157.7   103168.0 99915.9 14080.0 12812.3    253    1.587   5      0.571   -          -    2.158
         1993.7 4672.0 4672.0  0.0   1967.1 37504.0  26633.8   93560.0    64157.7   103168.0 99915.9 14080.0 12812.3    253    1.587   5      0.571   -          -    2.158
         1994.7 4672.0 4672.0  0.0   1967.1 37504.0  26633.8   93560.0    64157.7   103168.0 99915.9 14080.0 12812.3    253    1.587   5      0.571   -          -    2.158
         1995.7 4672.0 4672.0  0.0   1967.1 37504.0  26633.8   93560.0    64157.7   103168.0 99915.9 14080.0 12812.3    253    1.587   5      0.571   -          -    2.158
         1996.7 4672.0 4672.0  0.0   1967.1 37504.0  26633.8   93560.0    64157.7   103168.0 99915.9 14080.0 12812.3    253    1.587   5      0.571   -          -    2.158
         1997.7 4672.0 4672.0  0.0   1967.1 37504.0  26633.8   93560.0    64157.7   103168.0 99915.9 14080.0 12812.3    253    1.587   5      0.571   -          -    2.158
         1998.7 4672.0 4672.0  0.0   1967.1 37504.0  26633.8   93560.0    64157.7   103168.0 99915.9 14080.0 12812.3    253    1.587   5      0.571   -          -    2.158
         1999.7 4672.0 4672.0  0.0   1967.1 37504.0  26633.8   93560.0    64157.7   103168.0 99915.9 14080.0 12812.3    253    1.587   5      0.571   -          -    2.158
         2000.7 4672.0 4672.0  0.0   1967.1 37504.0  26704.5   93560.0    64157.7   103168.0 99915.9 14080.0 12812.3    253    1.587   5      0.571   -          -    2.158
         2001.7 4672.0 4672.0  0.0   1967.1 37504.0  26707.1   93560.0    64157.7   103168.0 99915.9 14080.0 12812.3    253    1.587   5      0.571   -          -    2.158
         2002.7 4672.0 4672.0  0.0   1967.1 37504.0  26707.1   93560.0    64157.7   103168.0 99915.9 14080.0 12812.3    253    1.587   5      0.571   -          -    2.158
         2003.7 4672.0 4672.0  0.0   1967.1 37504.0  26707.1   93560.0    64157.7   103168.0 99915.9 14080.0 12812.3    253    1.587   5      0.571   -          -    2.158
         2004.7 4672.0 4672.0  0.0   1967.1 37504.0  26707.1   93560.0    64157.7   103168.0 99915.9 14080.0 12812.3    253    1.587   5      0.571   -          -    2.158
         2005.7 4672.0 4672.0  0.0   1967.1 37504.0  26707.1   93560.0    64157.7   103168.0 99915.9 14080.0 12812.3    253    1.587   5      0.571   -          -    2.158
         2006.7 4672.0 4672.0  0.0   1967.1 37504.0  26707.1   93560.0    64157.7   103168.0 99915.9 14080.0 12812.3    253    1.587   5      0.571   -          -    2.158
         2007.7 4672.0 4672.0  0.0   1967.1 37504.0  26707.1   93560.0    64157.7   103168.0 99915.9 14080.0 12812.3    253    1.587   5      0.571   -          -    2.158
         2008.7 4672.0 4672.0  0.0   1967.1 37504.0  26707.1   93560.0    64157.7   103168.0 99915.9 14080.0 12812.3    253    1.587   5      0.571   -          -    2.158
         2009.7 4672.0 4672.0  0.0   1967.1 37504.0  26707.1   93560.0    64157.7   103168.0 99915.9 14080.0 12812.3    253    1.587   5      0.571   -          -    2.158
         2010.7 4672.0 4672.0  0.0   1967.1 37504.0  26785.9   93560.0    64157.7   103168.0 99915.9 14080.0 12812.3    253    1.587   5      0.571   -          -    2.158
         2011.7 4672.0 4672.0  0.0   1967.1 37504.0  26788.6   93560.0    64157.7   103168.0 99915.9 14080.0 12812.3    253    1.587   5      0.571   -          -    2.158
         2012.7 4672.0 4672.0  0.0   1967.1 37504.0  26788.6   93560.0    64157.7   103168.0 99915.9 14080.0 12812.3    253    1.587   5      0.571   -          -    2.158
         2013.7 4672.0 4672.0  0.0   1967.1 37504.0  26788.6   93560.0    64157.7   103168.0 99915.9 14080.0 12812.3    253    1.587   5      0.571   -          -    2.158
         2014.7 4672.0 4672.0  0.0   1967.1 37504.0  26788.6   93560.0    64157.7   103168.0 99915.9 14080.0 12812.3    253    1.587   5      0.571   -          -    2.158
         2015.7 4672.0 4672.0  0.0   1967.1 37504.0  26788.6   93560.0    64157.7   103168.0 99915.9 14080.0 12812.3    253    1.587   5      0.571   -          -    2.158
         2016.7 4672.0 4672.0  0.0   1967.1 37504.0  26788.6   93560.0    64157.7   103168.0 99915.9 14080.0 12812.3    253    1.587   5      0.571   -          -    2.158
         2017.7 4672.0 4672.0  0.0   1967.1 37504.0  26788.6   93560.0    64157.7   103168.0 99915.9 14080.0 12812.3    253    1.587   5      0.571   -          -    2.158
         2018.7 4672.0 4672.0  0.0   1967.1 37504.0  26788.6   93560.0    64157.7   103168.0 99915.9 14080.0 12812.3    253    1.587   5      0.571   -          -    2.158
         2019.7 4672.0 4672.0  0.0   1967.1 37504.0  26788.6   93560.0    64157.7   103168.0 99915.9 14080.0 12812.3    253    1.587   5      0.571   -          -    2.158
         2020.7 4672.0 4672.0  0.0   1967.1 37504.0  26968.5   93560.0    64157.7   103168.0 99915.9 14080.0 12812.3    253    1.587   5      0.571   -          -    2.158
         2021.7 4672.0 4672.0  0.0   1967.1 37504.0  26968.5   93560.0    64157.7   103168.0 99915.9 14080.0 12812.3    253    1.587   5      0.571   -          -    2.158
         2022.7 4672.0 4672.0  0.0   1967.1 37504.0  26971.2   93560.0    64157.7   103168.0 99915.9 14080.0 12812.3    253    1.587   5      0.571   -          -    2.158
         2023.7 4672.0 4672.0  0.0   1967.1 37504.0  26971.2   93560.0    64157.7   103168.0 99915.9 14080.0 12812.3    253    1.587   5      0.571   -          -    2.158
         2024.7 4672.0 4672.0  0.0   1967.1 37504.0  26971.2   93560.0    64157.7   103168.0 99915.9 14080.0 12812.3    253    1.587   5      0.571   -          -    2.158
         2025.7 4672.0 4672.0  0.0   1967.1 37504.0  26971.2   93560.0    64157.7   103168.0 99915.9 14080.0 12812.3    253    1.587   5      0.571   -          -    2.158
         2026.7 4672.0 4672.0  0.0   1967.1 37504.0  26971.2   93560.0    64157.7   103168.0 99915.9 14080.0 12812.3    253    1.587   5      0.571   -          -    2.158
         2027.7 4672.0 4672.0  0.0   1967.1 37504.0  26971.2   93560.0    64157.7   103168.0 99915.9 14080.0 12812.3    253    1.587   5      0.571   -          -    2.158
         2028.7 4672.0 4672.0  0.0   1967.1 37504.0  26971.2   93560.0    64157.7   103168.0 99915.9 14080.0 12812.3    253    1.587   5      0.571   -          -    2.158
         2029.7 4672.0 4672.0  0.0   1967.1 37504.0  26971.2   93560.0    64157.7   103168.0 99915.9 14080.0 12812.3    253    1.587   5      0.571   -          -    2.158
         2030.7 4672.0 4672.0  0.0   1967.1 37504.0  27033.9   93560.0    64157.7   103168.0 99915.9 14080.0 12812.3    253    1.587   5      0.571   -          -    2.158
         2031.7 4672.0 4672.0  0.0   1967.1 37504.0  27036.6   93560.0    64157.7   103168.0 99915.9 14080.0 12812.3    253    1.587   5      0.571   -          -    2.158
         2032.7 4672.0 4672.0  0.0   1967.1 37504.0  27036.6   93560.0    64157.7   103168.0 99915.9 14080.0 12812.3    253    1.587   5      0.571   -          -    2.158
         2033.7 4672.0 4672.0  0.0   1967.1 37504.0  27039.4   93560.0    64157.7   103168.0 99915.9 14080.0 12812.3    253    1.587   5      0.571   -          -    2.158
         2034.7 4672.0 4672.0  0.0   1967.1 37504.0  27039.4   93560.0    64157.7   103168.0 99915.9 14080.0 12812.3    253    1.587   5      0.571   -          -    2.158
         2035.7 4672.0 4672.0  0.0   1967.1 37504.0  27039.4   93560.0    64157.7   103168.0 99915.9 14080.0 12812.3    253    1.587   5      0.571   -          -    2.158
         2036.7 4672.0 4672.0  0.0   1967.1 37504.0  27039.4   93560.0    64157.7   103168.0 99915.9 14080.0 12812.3    253    1.587   5      0.571   -          -    2.158
         2037.7 4672.0 4672.0  0.0   1967.1 37504.0  27039.4   93560.0    64157.7   103168.0 99915.9 14080.0 12812.3    253    1.587   5      0.571   -          -    2.158
         2038.7 4672.0 4672.0  0.0   1967.1 37504.0  27039.4   93560.0    64157.7   103168.0 99915.9 14080.0 12812.3    253    1.587   5      0.571   -          -    2.158
         2039.7 4672.0 4672.0  0.0   1967.1 37504.0  27039.4   93560.0    64157.7   103168.0 99915.9 14080.0 12812.3    253    1.587   5      0.571   -          -    2.158
         2040.7 4672.0 4672.0  0.0   1967.1 37504.0  27129.5   93560.0    64157.7   103168.0 99915.9 14080.0 12812.3    253    1.587   5      0.571   -          -    2.158
         2041.7 4672.0 4672.0  0.0   1967.1 37504.0  27129.5   93560.0    64157.7   103168.0 99915.9 14080.0 12812.3    253    1.587   5      0.571   -          -    2.158
         2042.7 4672.0 4672.0  0.0   1967.1 37504.0  27132.2   93560.0    64157.7   103168.0 99915.9 14080.0 12812.3    253    1.587   5      0.571   -          -    2.158
         2043.7 4672.0 4672.0  0.0   1967.1 37504.0  27132.2   93560.0    64157.7   103168.0 99915.9 14080.0 12812.3    253    1.587   5      0.571   -          -    2.158
         2044.7 4672.0 4672.0  0.0   1967.1 37504.0  27142.1   93560.0    64157.7   103168.0 99915.9 14080.0 12812.3    253    1.587   5      0.571   -          -    2.158
         2045.7 4672.0 4672.0  0.0   1967.1 37504.0  27142.1   93560.0    64157.7   103168.0 99915.9 14080.0 12812.3    253    1.587   5      0.571   -          -    2.158
         2046.7 4672.0 4672.0  0.0   1967.1 37504.0  27142.1   93560.0    64157.7   103168.0 99915.9 14080.0 12812.3    253    1.587   5      0.571   -          -    2.158
         2047.7 4672.0 4672.0  0.0   1967.1 37504.0  27142.1   93560.0    64157.7   103168.0 99915.9 14080.0 12812.3    253    1.587   5      0.571   -          -    2.158
         2048.7 4672.0 4672.0  0.0   1967.1 37504.0  27142.1   93560.0    64157.7   103168.0 99915.9 14080.0 12812.3    253    1.587   5      0.571   -          -    2.158
         2049.7 4672.0 4672.0  0.0   1967.1 37504.0  27142.1   93560.0    64157.7   103168.0 99915.9 14080.0 12812.3    253    1.587   5      0.571   -          -    2.158
         2050.8 4672.0 4672.0  0.0   1967.1 37504.0  27265.6   93560.0    64157.7   103168.0 99915.9 14080.0 12812.3    253    1.587   5      0.571   -          -    2.158
         2051.7 4672.0 4672.0  0.0   1967.1 37504.0  27265.6   93560.0    64157.7   103168.0 99915.9 14080.0 12812.3    253    1.587   5      0.571   -          -    2.158
         2052.7 4672.0 4672.0  0.0   1967.1 37504.0  27268.3   93560.0    64157.7   103168.0 99915.9 14080.0 12812.3    253    1.587   5      0.571   -          -    2.158
         2053.7 4672.0 4672.0  0.0   1967.1 37504.0  27268.3   93560.0    64157.7   103168.0 99915.9 14080.0 12812.3    253    1.587   5      0.571   -          -    2.158
         2054.7 4672.0 4672.0  0.0   1967.1 37504.0  27268.3   93560.0    64157.7   103168.0 99915.9 14080.0 12812.3    253    1.587   5      0.571   -          -    2.158
         2055.7 4672.0 4672.0  0.0   1967.1 37504.0  27268.3   93560.0    64157.7   103168.0 99915.9 14080.0 12812.3    253    1.587   5      0.571   -          -    2.158
         2056.7 4672.0 4672.0  0.0   1967.1 37504.0  27268.3   93560.0    64157.7   103168.0 99915.9 14080.0 12812.3    253    1.587   5      0.571   -          -    2.158
         2057.8 4672.0 4672.0  0.0   1967.1 37504.0  27268.3   93560.0    64157.7   103168.0 99915.9 14080.0 12812.3    253    1.587   5      0.571   -          -    2.158
         2058.8 4672.0 4672.0  0.0   1967.1 37504.0  27268.3   93560.0    64157.7   103168.0 99915.9 14080.0 12812.3    253    1.587   5      0.571   -          -    2.158
         2059.8 4672.0 4672.0  0.0   1967.1 37504.0  27268.3   93560.0    64157.7   103168.0 99915.9 14080.0 12812.3    253    1.587   5      0.571   -          -    2.158
         2060.7 4672.0 4672.0  0.0   1967.1 37504.0  27358.6   93560.0    64157.7   103168.0 99915.9 14080.0 12812.3    253    1.587   5      0.571   -          -    2.158
         2061.7 4672.0 4672.0  0.0   1967.1 37504.0  27358.6   93560.0    64157.7   103168.0 99915.9 14080.0 12812.3    253    1.587   5      0.571   -          -    2.158
         2062.7 4672.0 4672.0  0.0   1967.1 37504.0  27361.3   93560.0    64157.7   103168.0 99915.9 14080.0 12812.3    253    1.587   5      0.571   -          -    2.158
         2063.7 4672.0 4672.0  0.0   1967.1 37504.0  27361.3   93560.0    64157.7   103168.0 99915.9 14080.0 12812.3    253    1.587   5      0.571   -          -    2.158
         2064.7 4672.0 4672.0  0.0   1967.1 37504.0  27361.3   93560.0    64157.7   103168.0 99915.9 14080.0 12812.3    253    1.587   5      0.571   -          -    2.158
         2065.7 4672.0 4672.0  0.0   1967.1 37504.0  27361.3   93560.0    64157.7   103168.0 99915.9 14080.0 12812.3    253    1.587   5      0.571   -          -    2.158
         2066.7 4672.0 4672.0  0.0   1967.1 37504.0  27361.3   93560.0    64157.7   103168.0 99915.9 14080.0 12812.3    253    1.587   5      0.571   -          -    2.158
         2067.7 4672.0 4672.0  0.0   1967.1 37504.0  27361.3   93560.0    64157.7   103168.0 99915.9 14080.0 12812.3    253    1.587   5      0.571   -          -    2.158
         2068.7 4672.0 4672.0  0.0   1967.1 37504.0  27361.3   93560.0    64157.7   103168.0 99915.9 14080.0 12812.3    253    1.587   5      0.571   -          -    2.158
         2069.7 4672.0 4672.0  0.0   1967.1 37504.0  27361.3   93560.0    64157.7   103168.0 99915.9 14080.0 12812.3    253    1.587   5      0.571   -          -    2.158
         2070.7 4672.0 4672.0  0.0   1967.1 37504.0  27432.1   93560.0    64157.7   103168.0 99915.9 14080.0 12812.3    253    1.587   5      0.571   -          -    2.158
         2071.8 4672.0 4672.0  0.0   1967.1 37504.0  27434.7   93560.0    64157.7   103168.0 99915.9 14080.0 12812.3    253    1.587   5      0.571   -          -    2.158
         2072.8 4672.0 4672.0  0.0   1967.1 37504.0  27434.7   93560.0    64157.7   103168.0 99915.9 14080.0 12812.3    253    1.587   5      0.571   -          -    2.158
         2073.8 4672.0 4672.0  0.0   1967.1 37504.0  27434.7   93560.0    64157.7   103168.0 99915.9 14080.0 12812.3    253    1.587   5      0.571   -          -    2.158
         2074.8 4672.0 4672.0  0.0   1967.1 37504.0  27434.7   93560.0    64157.7   103168.0 99915.9 14080.0 12812.3    253    1.587   5      0.571   -          -    2.158
         2075.7 4672.0 4672.0  0.0   1967.1 37504.0  27434.7   93560.0    64157.7   103168.0 99915.9 14080.0 12812.3    253    1.587   5      0.571   -          -    2.158
         2076.7 4672.0 4672.0  0.0   1967.1 37504.0  27434.7   93560.0    64157.7   103168.0 99915.9 14080.0 12812.3    253    1.587   5      0.571   -          -    2.158
         2077.7 4672.0 4672.0  0.0   1967.1 37504.0  27434.7   93560.0    64157.7   103168.0 99915.9 14080.0 12812.3    253    1.587   5      0.571   -          -    2.158
         2078.7 4672.0 4672.0  0.0   1967.1 37504.0  27434.7   93560.0    64157.7   103168.0 99915.9 14080.0 12812.3    253    1.587   5      0.571   -          -    2.158
         2079.7 4672.0 4672.0  0.0   1967.1 37504.0  27434.7   93560.0    64157.7   103168.0 99915.9 14080.0 12812.3    253    1.587   5      0.571   -          -    2.158
         2080.7 4672.0 4672.0  0.0   1967.1 37504.0  27594.4   93560.0    64157.7   103168.0 99915.9 14080.0 12812.3    253    1.587   5      0.571   -          -    2.158
         2081.7 4672.0 4672.0  0.0   1967.1 37504.0  27597.1   93560.0    64157.7   103168.0 99915.9 14080.0 12812.3    253    1.587   5      0.571   -          -    2.158
         2082.7 4672.0 4672.0  0.0   1967.1 37504.0  27597.1   93560.0    64157.7   103168.0 99915.9 14080.0 12812.3    253    1.587   5      0.571   -          -    2.158
         2083.7 4672.0 4672.0  0.0   1967.1 37504.0  27597.1   93560.0    64157.7   103168.0 99915.9 14080.0 12812.3    253    1.587   5      0.571   -          -    2.158
         2084.7 4672.0 4672.0  0.0   1967.1 37504.0  27597.1   93560.0    64157.7   103168.0 99915.9 14080.0 12812.3    253    1.587   5      0.571   -          -    2.158
         2085.8 4672.0 4672.0  0.0   1967.1 37504.0  27597.1   93560.0    64157.7   103168.0 99915.9 14080.0 12812.3    253    1.587   5      0.571   -          -    2.158
         2086.8 4672.0 4672.0  0.0   1967.1 37504.0  27597.1   93560.0    64157.7   103168.0 99915.9 14080.0 12812.3    253    1.587   5      0.571   -          -    2.158
         2087.8 4672.0 4672.0  0.0   1967.1 37504.0  27597.1   93560.0    64157.7   103168.0 99915.9 14080.0 12812.3    253    1.587   5      0.571   -          -    2.158
         2088.8 4672.0 4672.0  0.0   1967.1 37504.0  27597.1   93560.0    64157.7   103168.0 99915.9 14080.0 12812.3    253    1.587   5      0.571   -          -    2.158
         2089.8 4672.0 4672.0  0.0   1967.1 37504.0  27597.1   93560.0    64157.7   103168.0 99915.9 14080.0 12812.3    253    1.587   5      0.571   -          -    2.158
         2090.8 4672.0 4672.0  0.0   1967.1 37504.0  27676.0   93560.0    64157.7   103168.0 99915.9 14080.0 12812.3    253    1.587   5      0.571   -          -    2.158
         2091.8 4672.0 4672.0  0.0   1967.1 37504.0  27681.4   93560.0    64157.7   103168.0 99915.9 14080.0 12812.3    253    1.587   5      0.571   -          -    2.158
         2092.7 4672.0 4672.0  0.0   1967.1 37504.0  27681.4   93560.0    64157.7   103168.0 99915.9 14080.0 12812.3    253    1.587   5      0.571   -          -    2.158
         2093.7 4672.0 4672.0  0.0   1967.1 37504.0  27681.4   93560.0    64157.7   103168.0 99915.9 14080.0 12812.3    253    1.587   5      0.571   -          -    2.158
         2094.7 4672.0 4672.0  0.0   1967.1 37504.0  27681.4   93560.0    64157.7   103168.0 99915.9 14080.0 12812.3    253    1.587   5      0.571   -          -    2.158
         2095.7 4672.0 4672.0  0.0   1967.1 37504.0  27681.4   93560.0    64157.7   103168.0 99915.9 14080.0 12812.3    253    1.587   5      0.571   -          -    2.158
         2096.7 4672.0 4672.0  0.0   1967.1 37504.0  27681.4   93560.0    64157.7   103168.0 99915.9 14080.0 12812.3    253    1.587   5      0.571   -          -    2.158
         2097.7 4672.0 4672.0  0.0   1967.1 37504.0  27681.4   93560.0    64157.7   103168.0 99915.9 14080.0 12812.3    253    1.587   5      0.571   -          -    2.158
         2098.7 4672.0 4672.0  0.0   1967.1 37504.0  27681.4   93560.0    64157.7   103168.0 99915.9 14080.0 12812.3    253    1.587   5      0.571   -          -    2.158
         2099.8 4672.0 4672.0  0.0   1967.1 37504.0  27681.4   93560.0    64157.7   103168.0 99915.9 14080.0 12812.3    253    1.587   5      0.571   -          -    2.158
         2100.8 4672.0 4672.0  0.0   1967.1 37504.0  27752.2   93560.0    64157.7   103168.0 99915.9 14080.0 12812.3    253    1.587   5      0.571   -          -    2.158
         2101.8 4672.0 4672.0  0.0   1967.1 37504.0  27754.9   93560.0    64157.7   103168.0 99915.9 14080.0 12812.3    253    1.587   5      0.571   -          -    2.158
         2102.8 4672.0 4672.0  0.0   1967.1 37504.0  27754.9   93560.0    64157.7   103168.0 99915.9 14080.0 12812.3    253    1.587   5      0.571   -          -    2.158
         2103.8 4672.0 4672.0  0.0   1967.1 37504.0  27754.9   93560.0    64157.7   103168.0 99915.9 14080.0 12812.3    253    1.587   5      0.571   -          -    2.158
         2104.8 4672.0 4672.0  0.0   1967.1 37504.0  27754.9   93560.0    64157.7   103168.0 99915.9 14080.0 12812.3    253    1.587   5      0.571   -          -    2.158
         2105.8 4672.0 4672.0  0.0   1967.1 37504.0  27754.9   93560.0    64157.7   103168.0 99915.9 14080.0 12812.3    253    1.587   5      0.571   -          -    2.158
         2106.8 4672.0 4672.0  0.0   1967.1 37504.0  27754.9   93560.0    64157.7   103168.0 99915.9 14080.0 12812.3    253    1.587   5      0.571   -          -    2.158
         2107.7 4672.0 4672.0  0.0   1967.1 37504.0  27754.9   93560.0    64157.7   103168.0 99915.9 14080.0 12812.3    253    1.587   5      0.571   -          -    2.158
         2108.7 4672.0 4672.0  0.0   1967.1 37504.0  27754.9   93560.0    64157.7   103168.0 99915.9 14080.0 12812.3    253    1.587   5      0.571   -          -    2.158
         2109.7 4672.0 4672.0  0.0   1967.1 37504.0  27754.9   93560.0    64157.7   103168.0 99915.9 14080.0 12812.3    253    1.587   5      0.571   -          -    2.158
         2110.7 4672.0 4672.0  0.0   1967.1 37504.0  27914.9   93560.0    64157.7   103168.0 99915.9 14080.0 12812.3    253    1.587   5      0.571   -          -    2.158
         2111.7 4672.0 4672.0  0.0   1967.1 37504.0  27917.6   93560.0    64157.7   103168.0 99915.9 14080.0 12812.3    253    1.587   5      0.571   -          -    2.158
         2112.8 4672.0 4672.0  0.0   1967.1 37504.0  27917.6   93560.0    64157.7   103168.0 99915.9 14080.0 12812.3    253    1.587   5      0.571   -          -    2.158
         2113.8 4672.0 4672.0  0.0   1967.1 37504.0  27917.6   93560.0    64157.7   103168.0 99915.9 14080.0 12812.3    253    1.587   5      0.571   -          -    2.158
         2114.8 4672.0 4672.0  0.0   1967.1 37504.0  27917.6   93560.0    64157.7   103168.0 99915.9 14080.0 12812.3    253    1.587   5      0.571   -          -    2.158
         2115.8 4672.0 4672.0  0.0   1967.1 37504.0  27917.6   93560.0    64157.7   103168.0 99915.9 14080.0 12812.3    253    1.587   5      0.571   -          -    2.158
         2116.8 4672.0 4672.0  0.0   1967.1 37504.0  27917.6   93560.0    64157.7   103168.0 99915.9 14080.0 12812.3    253    1.587   5      0.571   -          -    2.158
         2117.8 4672.0 4672.0  0.0   1967.1 37504.0  27917.6   93560.0    64157.7   103168.0 99915.9 14080.0 12812.3    253    1.587   5      0.571   -          -    2.158
         2118.8 4672.0 4672.0  0.0   1967.1 37504.0  27917.6   93560.0    64157.7   103168.0 99915.9 14080.0 12812.3    253    1.587   5      0.571   -          -    2.158
         2119.8 4672.0 4672.0  0.0   1967.1 37504.0  27917.6   93560.0    64157.7   103168.0 99915.9 14080.0 12812.3    253    1.587   5      0.571   -          -    2.158
         2120.8 4672.0 4672.0  0.0   1967.1 37504.0  27980.3   93560.0    64157.7   103168.0 99915.9 14080.0 12812.3    253    1.587   5      0.571   -          -    2.158
         2121.8 4672.0 4672.0  0.0   1967.1 37504.0  27983.0   93560.0    64157.7   103168.0 99915.9 14080.0 12812.3    253    1.587   5      0.571   -          -    2.158
         2122.8 4672.0 4672.0  0.0   1967.1 37504.0  27983.0   93560.0    64157.7   103168.0 99915.9 14080.0 12812.3    253    1.587   5      0.571   -          -    2.158
         2123.7 4672.0 4672.0  0.0   1967.1 37504.0  27983.0   93560.0    64157.7   103168.0 99915.9 14080.0 12812.3    253    1.587   5      0.571   -          -    2.158
         2124.7 4672.0 4672.0  0.0   1967.1 37504.0  27983.0   93560.0    64157.7   103168.0 99915.9 14080.0 12812.3    253    1.587   5      0.571   -          -    2.158
         2125.7 4672.0 4672.0  0.0   1967.1 37504.0  27983.0   93560.0    64157.7   103168.0 99915.9 14080.0 12812.3    253    1.587   5      0.571   -          -    2.158
         2126.8 4672.0 4672.0  0.0   1967.1 37504.0  27983.0   93560.0    64157.7   103168.0 99915.9 14080.0 12812.3    253    1.587   5      0.571   -          -    2.158
         2127.8 4672.0 4672.0  0.0   1967.1 37504.0  27983.0   93560.0    64157.7   103168.0 99915.9 14080.0 12812.3    253    1.587   5      0.571   -          -    2.158
         2128.8 4672.0 4672.0  0.0   1967.1 37504.0  27983.0   93560.0    64157.7   103168.0 99915.9 14080.0 12812.3    253    1.587   5      0.571   -          -    2.158
         2129.8 4672.0 4672.0  0.0   1967.1 37504.0  27983.0   93560.0    64157.7   103168.0 99915.9 14080.0 12812.3    253    1.587   5      0.571   -          -    2.158
         2130.8 4672.0 4672.0  0.0   1967.1 37504.0  28073.2   93560.0    64157.7   103168.0 99915.9 14080.0 12812.3    253    1.587   5      0.571   -          -    2.158
         2131.8 4672.0 4672.0  0.0   1967.1 37504.0  28073.2   93560.0    64157.7   103168.0 99915.9 14080.0 12812.3    253    1.587   5      0.571   -          -    2.158
         2132.8 4672.0 4672.0  0.0   1967.1 37504.0  28075.9   93560.0    64157.7   103168.0 99915.9 14080.0 12812.3    253    1.587   5      0.571   -          -    2.158
         2133.8 4672.0 4672.0  0.0   1967.1 37504.0  28075.9   93560.0    64157.7   103168.0 99915.9 14080.0 12812.3    253    1.587   5      0.571   -          -    2.158
         2134.8 4672.0 4672.0  0.0   1967.1 37504.0  28075.9   93560.0    64157.7   103168.0 99915.9 14080.0 12812.3    253    1.587   5      0.571   -          -    2.158
         2135.8 4672.0 4672.0  0.0   1967.1 37504.0  28075.9   93560.0    64157.7   103168.0 99915.9 14080.0 12812.3    253    1.587   5      0.571   -          -    2.158
         2136.8 4672.0 4672.0  0.0   1967.1 37504.0  28075.9   93560.0    64157.7   103168.0 99915.9 14080.0 12812.3    253    1.587   5      0.571   -          -    2.158
         2137.8 4672.0 4672.0  0.0   1967.1 37504.0  28075.9   93560.0    64157.7   103168.0 99915.9 14080.0 12812.3    253    1.587   5      0.571   -          -    2.158
         2138.7 4672.0 4672.0  0.0   1967.1 37504.0  28075.9   93560.0    64157.7   103168.0 99915.9 14080.0 12812.3    253    1.587   5      0.571   -          -    2.158
         2139.8 4672.0 4672.0  0.0   1967.1 37504.0  28075.9   93560.0    64157.7   103168.0 99915.9 14080.0 12812.3    253    1.587   5      0.571   -          -    2.158
         2140.8 4672.0 4672.0  0.0   1967.1 37504.0  28301.4   93560.0    64157.7   103168.0 99915.9 14080.0 12812.3    253    1.587   5      0.571   -          -    2.158
         2141.8 4672.0 4672.0  0.0   1967.1 37504.0  28301.4   93560.0    64157.7   103168.0 99915.9 14080.0 12812.3    253    1.587   5      0.571   -          -    2.158
         2142.8 4672.0 4672.0  0.0   1967.1 37504.0  28301.4   93560.0    64157.7   103168.0 99915.9 14080.0 12812.3    253    1.587   5      0.571   -          -    2.158
         2143.8 4672.0 4672.0  0.0   1967.1 37504.0  28304.1   93560.0    64157.7   103168.0 99915.9 14080.0 12812.3    253    1.587   5      0.571   -          -    2.158
         2144.8 4672.0 4672.0  0.0   1967.1 37504.0  28304.1   93560.0    64157.7   103168.0 99915.9 14080.0 12812.3    253    1.587   5      0.571   -          -    2.158
         2145.8 4672.0 4672.0  0.0   1967.1 37504.0  28304.1   93560.0    64157.7   103168.0 99915.9 14080.0 12812.3    253    1.587   5      0.571   -          -    2.158
         2146.8 4672.0 4672.0  0.0   1967.1 37504.0  28304.1   93560.0    64157.7   103168.0 99915.9 14080.0 12812.3    253    1.587   5      0.571   -          -    2.158
         2147.8 4672.0 4672.0  0.0   1967.1 37504.0  28304.1   93560.0    64157.7   103168.0 99915.9 14080.0 12812.3    253    1.587   5      0.571   -          -    2.158
         2148.8 4672.0 4672.0  0.0   1967.1 37504.0  28304.1   93560.0    64157.7   103168.0 99915.9 14080.0 12812.3    253    1.587   5      0.571   -          -    2.158
         2149.8 4672.0 4672.0  0.0   1967.1 37504.0  28306.9   93560.0    64157.7   103168.0 99915.9 14080.0 12812.3    253    1.587   5      0.571   -          -    2.158
         2150.8 4672.0 4672.0  0.0   1967.1 37504.0  28385.8   93560.0    64157.7   103168.0 99915.9 14080.0 12812.3    253    1.587   5      0.571   -          -    2.158
         2151.8 4672.0 4672.0  0.0   1967.1 37504.0  28385.8   93560.0    64157.7   103168.0 99915.9 14080.0 12812.3    253    1.587   5      0.571   -          -    2.158
         2152.8 4672.0 4672.0  0.0   1967.1 37504.0  28385.8   93560.0    64157.7   103168.0 99915.9 14080.0 12812.3    253    1.587   5      0.571   -          -    2.158
         2153.8 4672.0 4672.0  0.0   1967.1 37504.0  28385.8   93560.0    64157.7   103168.0 99915.9 14080.0 12812.3    253    1.587   5      0.571   -          -    2.158
         2154.8 4672.0 4672.0  0.0   1967.1 37504.0  28385.8   93560.0    64157.7   103168.0 99915.9 14080.0 12812.3    253    1.587   5      0.571   -          -    2.158
         2155.8 4672.0 4672.0  0.0   1967.1 37504.0  28388.5   93560.0    64157.7   103168.0 99915.9 14080.0 12812.3    253    1.587   5      0.571   -          -    2.158
         2156.8 4672.0 4672.0  0.0   1967.1 37504.0  28388.5   93560.0    64157.7   103168.0 99915.9 14080.0 12812.3    253    1.587   5      0.571   -          -    2.158
         2157.8 4672.0 4672.0  0.0   1967.1 37504.0  28388.5   93560.0    64157.7   103168.0 99915.9 14080.0 12812.3    253    1.587   5      0.571   -          -    2.158
         2158.8 4672.0 4672.0  0.0   1967.1 37504.0  28388.5   93560.0    64157.7   103168.0 99915.9 14080.0 12812.3    253    1.587   5      0.571   -          -    2.158
         2159.8 4672.0 4672.0  0.0   1967.1 37504.0  28388.5   93560.0    64157.7   103168.0 99915.9 14080.0 12812.3    253    1.587   5      0.571   -          -    2.158
         2160.8 4672.0 4672.0  0.0   1967.1 37504.0  28467.5   93560.0    64157.7   103168.0 99915.9 14080.0 12812.3    253    1.587   5      0.571   -          -    2.158
         2161.8 4672.0 4672.0  0.0   1967.1 37504.0  28467.5   93560.0    64157.7   103168.0 99915.9 14080.0 12812.3    253    1.587   5      0.571   -          -    2.158
         2162.8 4672.0 4672.0  0.0   1967.1 37504.0  28467.5   93560.0    64157.7   103168.0 99915.9 14080.0 12812.3    253    1.587   5      0.571   -          -    2.158
         2163.8 4672.0 4672.0  0.0   1967.1 37504.0  28477.4   93560.0    64157.7   103168.0 99915.9 14080.0 12812.3    253    1.587   5      0.571   -          -    2.158
         2164.8 4672.0 4672.0  0.0   1967.1 37504.0  28477.4   93560.0    64157.7   103168.0 99915.9 14080.0 12812.3    253    1.587   5      0.571   -          -    2.158
         2165.8 4672.0 4672.0  0.0   1967.1 37504.0  28477.4   93560.0    64157.7   103168.0 99915.9 14080.0 12812.3    253    1.587   5      0.571   -          -    2.158
         2166.8 4672.0 4672.0  0.0   1967.1 37504.0  28480.0   93560.0    64157.7   103168.0 99915.9 14080.0 12812.3    253    1.587   5      0.571   -          -    2.158
         2167.8 4672.0 4672.0  0.0   1967.1 37504.0  28480.0   93560.0    64157.7   103168.0 99915.9 14080.0 12812.3    253    1.587   5      0.571   -          -    2.158
         2168.8 4672.0 4672.0  0.0   1967.1 37504.0  28480.0   93560.0    64157.7   103168.0 99915.9 14080.0 12812.3    253    1.587   5      0.571   -          -    2.158
         2169.8 4672.0 4672.0  0.0   1967.1 37504.0  28480.0   93560.0    64157.7   103168.0 99915.9 14080.0 12812.3    253    1.587   5      0.571   -          -    2.158
         2170.8 4672.0 4672.0  0.0   1967.1 37504.0  28611.6   93560.0    64157.7   103168.0 99915.9 14080.0 12812.3    253    1.587   5      0.571   -          -    2.158
         2171.8 4672.0 4672.0  0.0   1967.1 37504.0  28611.6   93560.0    64157.7   103168.0 99915.9 14080.0 12812.3    253    1.587   5      0.571   -          -    2.158
         2172.8 4672.0 4672.0  0.0   1967.1 37504.0  28611.6   93560.0    64157.7   103168.0 99915.9 14080.0 12812.3    253    1.587   5      0.571   -          -    2.158
         2173.8 4672.0 4672.0  0.0   1967.1 37504.0  28611.6   93560.0    64157.7   103168.0 99915.9 14080.0 12812.3    253    1.587   5      0.571   -          -    2.158
         2174.8 4672.0 4672.0  0.0   1967.1 37504.0  28611.6   93560.0    64157.7   103168.0 99915.9 14080.0 12812.3    253    1.587   5      0.571   -          -    2.158
         2175.8 4672.0 4672.0  0.0   1967.1 37504.0  28611.6   93560.0    64157.7   103168.0 99915.9 14080.0 12812.3    253    1.587   5      0.571   -          -    2.158
         2176.8 4672.0 4672.0  0.0   1967.1 37504.0  28611.6   93560.0    64157.7   103168.0 99915.9 14080.0 12812.3    253    1.587   5      0.571   -          -    2.158
         2177.8 4672.0 4672.0  0.0   1967.1 37504.0  28611.6   93560.0    64157.7   103168.0 99915.9 14080.0 12812.3    253    1.587   5      0.571   -          -    2.158
         2178.8 4672.0 4672.0  0.0   1967.1 37504.0  28614.3   93560.0    64157.7   103168.0 99915.9 14080.0 12812.3    253    1.587   5      0.571   -          -    2.158
         2179.8 4672.0 4672.0  0.0   1967.1 37504.0  28614.3   93560.0    64157.7   103168.0 99915.9 14080.0 12812.3    253    1.587   5      0.571   -          -    2.158
         2180.8 4672.0 4672.0  0.0   1967.1 37504.0  28693.2   93560.0    64157.7   103168.0 99915.9 14080.0 12812.3    253    1.587   5      0.571   -          -    2.158
         2181.8 4672.0 4672.0  0.0   1967.1 37504.0  28693.2   93560.0    64157.7   103168.0 99915.9 14080.0 12812.3    253    1.587   5      0.571   -          -    2.158
         2182.8 4672.0 4672.0  0.0   1967.1 37504.0  28693.2   93560.0    64157.7   103168.0 99915.9 14080.0 12812.3    253    1.587   5      0.571   -          -    2.158
         2183.8 4672.0 4672.0  0.0   1967.1 37504.0  28693.2   93560.0    64157.7   103168.0 99915.9 14080.0 12812.3    253    1.587   5      0.571   -          -    2.158
         2184.8 4672.0 4672.0  0.0   1967.1 37504.0  28693.2   93560.0    64157.7   103168.0 99915.9 14080.0 12812.3    253    1.587   5      0.571   -          -    2.158
         2185.8 4672.0 4672.0  0.0   1967.1 37504.0  28693.2   93560.0    64157.7   103168.0 99915.9 14080.0 12812.3    253    1.587   5      0.571   -          -    2.158
         2186.8 4672.0 4672.0  0.0   1967.1 37504.0  28693.2   93560.0    64157.7   103168.0 99915.9 14080.0 12812.3    253    1.587   5      0.571   -          -    2.158
         2187.8 4672.0 4672.0  0.0   1967.1 37504.0  28693.2   93560.0    64157.7   103168.0 99915.9 14080.0 12812.3    253    1.587   5      0.571   -          -    2.158
         2188.8 4672.0 4672.0  0.0   1967.1 37504.0  28693.3   93560.0    64157.7   103168.0 99915.9 14080.0 12812.3    253    1.587   5      0.571   -          -    2.158
         2189.8 4672.0 4672.0  0.0   1967.1 37504.0  28696.0   93560.0    64157.7   103168.0 99915.9 14080.0 12812.3    253    1.587   5      0.571   -          -    2.158
         2190.8 4672.0 4672.0  0.0   1967.1 37504.0  28766.7   93560.0    64157.7   103168.0 99915.9 14080.0 12812.3    253    1.587   5      0.571   -          -    2.158
         2191.8 4672.0 4672.0  0.0   1967.1 37504.0  28766.7   93560.0    64157.7   103168.0 99915.9 14080.0 12812.3    253    1.587   5      0.571   -          -    2.158
         2192.8 4672.0 4672.0  0.0   1967.1 37504.0  28766.7   93560.0    64157.7   103168.0 99915.9 14080.0 12812.3    253    1.587   5      0.571   -          -    2.158
         2193.8 4672.0 4672.0  0.0   1967.1 37504.0  28766.7   93560.0    64157.7   103168.0 99915.9 14080.0 12812.3    253    1.587   5      0.571   -          -    2.158
         2194.8 4672.0 4672.0  0.0   1967.1 37504.0  28766.7   93560.0    64157.7   103168.0 99915.9 14080.0 12812.3    253    1.587   5      0.571   -          -    2.158
         2195.8 4672.0 4672.0  0.0   1967.1 37504.0  28766.7   93560.0    64157.7   103168.0 99915.9 14080.0 12812.3    253    1.587   5      0.571   -          -    2.158
         2196.8 4672.0 4672.0  0.0   1967.1 37504.0  28766.7   93560.0    64157.7   103168.0 99915.9 14080.0 12812.3    253    1.587   5      0.571   -          -    2.158
         2197.8 4672.0 4672.0  0.0   1967.1 37504.0  28766.7   93560.0    64157.7   103168.0 99915.9 14080.0 12812.3    253    1.587   5      0.571   -          -    2.158
         2198.8 4672.0 4672.0  0.0   1967.1 37504.0  28766.7   93560.0    64157.7   103168.0 99915.9 14080.0 12812.3    253    1.587   5      0.571   -          -    2.158
         2199.8 4672.0 4672.0  0.0   1967.1 37504.0  28766.7   93560.0    64157.7   103168.0 99915.9 14080.0 12812.3    253    1.587   5      0.571   -          -    2.158
         2200.8 4672.0 4672.0  0.0   1967.1 37504.0  28949.7   93560.0    64157.7   103168.0 99915.9 14080.0 12812.3    253    1.587   5      0.571   -          -    2.158
         2201.8 4672.0 4672.0  0.0   1967.1 37504.0  28949.7   93560.0    64157.7   103168.0 99915.9 14080.0 12812.3    253    1.587   5      0.571   -          -    2.158
         2202.8 4672.0 4672.0  0.0   1967.1 37504.0  28949.7   93560.0    64157.7   103168.0 99915.9 14080.0 12812.3    253    1.587   5      0.571   -          -    2.158
         2203.8 4672.0 4672.0  0.0   1967.1 37504.0  28949.7   93560.0    64157.7   103168.0 99915.9 14080.0 12812.3    253    1.587   5      0.571   -          -    2.158
         2204.8 4672.0 4672.0  0.0   1967.1 37504.0  28949.7   93560.0    64157.7   103168.0 99915.9 14080.0 12812.3    253    1.587   5      0.571   -          -    2.158
         2205.8 4672.0 4672.0  0.0   1967.1 37504.0  28949.7   93560.0    64157.7   103168.0 99915.9 14080.0 12812.3    253    1.587   5      0.571   -          -    2.158
         2206.8 4672.0 4672.0  0.0   1967.1 37504.0  28952.5   93560.0    64157.7   103168.0 99915.9 14080.0 12812.3    253    1.587   5      0.571   -          -    2.158
         2207.8 4672.0 4672.0  0.0   1967.1 37504.0  28952.5   93560.0    64157.7   103168.0 99915.9 14080.0 12812.3    253    1.587   5      0.571   -          -    2.158
         2208.8 4672.0 4672.0  0.0   1967.1 37504.0  28952.5   93560.0    64157.7   103168.0 99915.9 14080.0 12812.3    253    1.587   5      0.571   -          -    2.158
         2209.8 4672.0 4672.0  0.0   1967.1 37504.0  28952.5   93560.0    64157.7   103168.0 99915.9 14080.0 12812.3    253    1.587   5      0.571   -          -    2.158
         2210.8 4672.0 4672.0  0.0   1967.1 37504.0  29031.5   93560.0    64157.7   103168.0 99915.9 14080.0 12812.3    253    1.587   5      0.571   -          -    2.158
         2211.8 4672.0 4672.0  0.0   1967.1 37504.0  29034.1   93560.0    64157.7   103168.0 99915.9 14080.0 12812.3    253    1.587   5      0.571   -          -    2.158
         2212.8 4672.0 4672.0  0.0   1967.1 37504.0  29034.1   93560.0    64157.7   103168.0 99915.9 14080.0 12812.3    253    1.587   5      0.571   -          -    2.158
         2213.8 4672.0 4672.0  0.0   1967.1 37504.0  29034.1   93560.0    64157.7   103168.0 99915.9 14080.0 12812.3    253    1.587   5      0.571   -          -    2.158
         2214.8 4672.0 4672.0  0.0   1967.1 37504.0  29034.1   93560.0    64157.7   103168.0 99915.9 14080.0 12812.3    253    1.587   5      0.571   -          -    2.158
         2215.8 4672.0 4672.0  0.0   1967.1 37504.0  29034.1   93560.0    64157.7   103168.0 99915.9 14080.0 12812.3    253    1.587   5      0.571   -          -    2.158
         2216.8 4672.0 4672.0  0.0   1967.1 37504.0  29034.1   93560.0    64157.7   103168.0 99915.9 14080.0 12812.3    253    1.587   5      0.571   -          -    2.158
         2217.8 4672.0 4672.0  0.0   1967.1 37504.0  29034.1   93560.0    64157.7   103168.0 99915.9 14080.0 12812.3    253    1.587   5      0.571   -          -    2.158
         2218.8 4672.0 4672.0  0.0   1967.1 37504.0  29034.1   93560.0    64157.7   103168.0 99915.9 14080.0 12812.3    253    1.587   5      0.571   -          -    2.158
         2219.8 4672.0 4672.0  0.0   1967.1 37504.0  29034.1   93560.0    64157.7   103168.0 99915.9 14080.0 12812.3    253    1.587   5      0.571   -          -    2.158
         2220.8 4672.0 4672.0  0.0   1967.1 37504.0  29104.9   93560.0    64157.7   103168.0 99915.9 14080.0 12812.3    253    1.587   5      0.571   -          -    2.158
         2221.8 4672.0 4672.0  0.0   1967.1 37504.0  29107.5   93560.0    64157.7   103168.0 99915.9 14080.0 12812.3    253    1.587   5      0.571   -          -    2.158
         2222.8 4672.0 4672.0  0.0   1967.1 37504.0  29107.5   93560.0    64157.7   103168.0 99915.9 14080.0 12812.3    253    1.587   5      0.571   -          -    2.158
         2223.8 4672.0 4672.0  0.0   1967.1 37504.0  29107.5   93560.0    64157.7   103168.0 99915.9 14080.0 12812.3    253    1.587   5      0.571   -          -    2.158
         2224.8 4672.0 4672.0  0.0   1967.1 37504.0  29107.5   93560.0    64157.7   103168.0 99915.9 14080.0 12812.3    253    1.587   5      0.571   -          -    2.158
         2225.8 4672.0 4672.0  0.0   1967.1 37504.0  29107.5   93560.0    64157.7   103168.0 99915.9 14080.0 12812.3    253    1.587   5      0.571   -          -    2.158
         2226.8 4672.0 4672.0  0.0   1967.1 37504.0  29107.5   93560.0    64157.7   103168.0 99915.9 14080.0 12812.3    253    1.587   5      0.571   -          -    2.158
         2227.8 4672.0 4672.0  0.0   1967.1 37504.0  29107.5   93560.0    64157.7   103168.0 99915.9 14080.0 12812.3    253    1.587   5      0.571   -          -    2.158
         2228.8 4672.0 4672.0  0.0   1967.1 37504.0  29107.5   93560.0    64157.7   103168.0 99915.9 14080.0 12812.3    253    1.587   5      0.571   -          -    2.158
         2229.8 4672.0 4672.0  0.0   1967.1 37504.0  29107.5   93560.0    64157.7   103168.0 99915.9 14080.0 12812.3    253    1.587   5      0.571   -          -    2.158
         2230.8 4672.0 4672.0  0.0   1967.1 37504.0  29247.2   93560.0    64157.7   103168.0 99915.9 14080.0 12812.3    253    1.587   5      0.571   -          -    2.158
         2231.8 4672.0 4672.0  0.0   1967.1 37504.0  29250.0   93560.0    64157.7   103168.0 99915.9 14080.0 12812.3    253    1.587   5      0.571   -          -    2.158
         2232.8 4672.0 4672.0  0.0   1967.1 37504.0  29250.0   93560.0    64157.7   103168.0 99915.9 14080.0 12812.3    253    1.587   5      0.571   -          -    2.158
         2233.8 4672.0 4672.0  0.0   1967.1 37504.0  29250.0   93560.0    64157.7   103168.0 99915.9 14080.0 12812.3    253    1.587   5      0.571   -          -    2.158
         2234.8 4672.0 4672.0  0.0   1967.1 37504.0  29250.0   93560.0    64157.7   103168.0 99915.9 14080.0 12812.3    253    1.587   5      0.571   -          -    2.158
         2235.8 4672.0 4672.0  0.0   1967.1 37504.0  29250.0   93560.0    64157.7   103168.0 99915.9 14080.0 12812.3    253    1.587   5      0.571   -          -    2.158
         2236.8 4672.0 4672.0  0.0   1967.1 37504.0  29250.0   93560.0    64157.7   103168.0 99915.9 14080.0 12812.3    253    1.587   5      0.571   -          -    2.158
         2237.8 4672.0 4672.0  0.0   1967.1 37504.0  29250.0   93560.0    64157.7   103168.0 99915.9 14080.0 12812.3    253    1.587   5      0.571   -          -    2.158
         2238.8 4672.0 4672.0  0.0   1967.1 37504.0  29250.0   93560.0    64157.7   103168.0 99915.9 14080.0 12812.3    253    1.587   5      0.571   -          -    2.158
         2239.8 4672.0 4672.0  0.0   1967.1 37504.0  29250.0   93560.0    64157.7   103168.0 99915.9 14080.0 12812.3    253    1.587   5      0.571   -          -    2.158
         2240.8 4672.0 4672.0  0.0   1967.1 37504.0  29321.0   93560.0    64157.7   103168.0 99915.9 14080.0 12812.3    253    1.587   5      0.571   -          -    2.158
         2241.8 4672.0 4672.0  0.0   1967.1 37504.0  29323.8   93560.0    64157.7   103168.0 99915.9 14080.0 12812.3    253    1.587   5      0.571   -          -    2.158
         2242.8 4672.0 4672.0  0.0   1967.1 37504.0  29323.8   93560.0    64157.7   103168.0 99915.9 14080.0 12812.3    253    1.587   5      0.571   -          -    2.158
         2243.8 4672.0 4672.0  0.0   1967.1 37504.0  29323.8   93560.0    64157.7   103168.0 99915.9 14080.0 12812.3    253    1.587   5      0.571   -          -    2.158
         2244.8 4672.0 4672.0  0.0   1967.1 37504.0  29323.8   93560.0    64157.7   103168.0 99915.9 14080.0 12812.3    253    1.587   5      0.571   -          -    2.158
         2245.8 4672.0 4672.0  0.0   1967.1 37504.0  29323.8   93560.0    64157.7   103168.0 99915.9 14080.0 12812.3    253    1.587   5      0.571   -          -    2.158
         2246.8 4672.0 4672.0  0.0   1967.1 37504.0  29323.8   93560.0    64157.7   103168.0 99915.9 14080.0 12812.3    253    1.587   5      0.571   -          -    2.158
         2247.8 4672.0 4672.0  0.0   1967.1 37504.0  29323.8   93560.0    64157.7   103168.0 99915.9 14080.0 12812.3    253    1.587   5      0.571   -          -    2.158
         2248.8 4672.0 4672.0  0.0   1967.1 37504.0  29323.8   93560.0    64157.7   103168.0 99915.9 14080.0 12812.3    253    1.587   5      0.571   -          -    2.158
         2249.8 4672.0 4672.0  0.0   1967.1 37504.0  29323.8   93560.0    64157.7   103168.0 99915.9 14080.0 12812.3    253    1.587   5      0.571   -          -    2.158
         2250.8 4672.0 4672.0  0.0   1967.1 37504.0  29405.3   93560.0    64157.7   103168.0 99915.9 14080.0 12812.3    253    1.587   5      0.571   -          -    2.158
         2251.8 4672.0 4672.0  0.0   1967.1 37504.0  29408.1   93560.0    64157.7   103168.0 99915.9 14080.0 12812.3    253    1.587   5      0.571   -          -    2.158
         2252.8 4672.0 4672.0  0.0   1967.1 37504.0  29408.1   93560.0    64157.7   103168.0 99915.9 14080.0 12812.3    253    1.587   5      0.571   -          -    2.158
         2253.8 4672.0 4672.0  0.0   1967.1 37504.0  29408.1   93560.0    64157.7   103168.0 99915.9 14080.0 12812.3    253    1.587   5      0.571   -          -    2.158
         2254.8 4672.0 4672.0  0.0   1967.1 37504.0  29408.1   93560.0    64157.7   103168.0 99915.9 14080.0 12812.3    253    1.587   5      0.571   -          -    2.158
         2255.8 4672.0 4672.0  0.0   1967.1 37504.0  29408.1   93560.0    64157.7   103168.0 99915.9 14080.0 12812.3    253    1.587   5      0.571   -          -    2.158
         2256.8 4672.0 4672.0  0.0   1967.1 37504.0  29408.1   93560.0    64157.7   103168.0 99915.9 14080.0 12812.3    253    1.587   5      0.571   -          -    2.158
         2257.8 4672.0 4672.0  0.0   1967.1 37504.0  29408.1   93560.0    64157.7   103168.0 99915.9 14080.0 12812.3    253    1.587   5      0.571   -          -    2.158
         2258.8 4672.0 4672.0  0.0   1967.1 37504.0  29408.1   93560.0    64157.7   103168.0 99915.9 14080.0 12812.3    253    1.587   5      0.571   -          -    2.158
         2259.9 4672.0 4672.0  0.0   1967.1 37504.0  29408.1   93560.0    64157.7   103168.0 99915.9 14080.0 12812.3    253    1.587   5      0.571   -          -    2.158
         2260.9 4672.0 4672.0  0.0   1967.1 37504.0  29641.9   93560.0    64157.7   103168.0 99915.9 14080.0 12812.3    253    1.587   5      0.571   -          -    2.158
         2261.8 4672.0 4672.0  0.0   1967.1 37504.0  29641.9   93560.0    64157.7   103168.0 99915.9 14080.0 12812.3    253    1.587   5      0.571   -          -    2.158
         2262.8 4672.0 4672.0  0.0   1967.1 37504.0  29641.9   93560.0    64157.7   103168.0 99915.9 14080.0 12812.3    253    1.587   5      0.571   -          -    2.158
         2263.8 4672.0 4672.0  0.0   1967.1 37504.0  29641.9   93560.0    64157.7   103168.0 99915.9 14080.0 12812.3    253    1.587   5      0.571   -          -    2.158
         2264.8 4672.0 4672.0  0.0   1967.1 37504.0  29644.7   93560.0    64157.7   103168.0 99915.9 14080.0 12812.3    253    1.587   5      0.571   -          -    2.158
         2265.8 4672.0 4672.0  0.0   1967.1 37504.0  29644.7   93560.0    64157.7   103168.0 99915.9 14080.0 12812.3    253    1.587   5      0.571   -          -    2.158
         2266.8 4672.0 4672.0  0.0   1967.1 37504.0  29644.7   93560.0    64157.7   103168.0 99915.9 14080.0 12812.3    253    1.587   5      0.571   -          -    2.158
         2267.8 4672.0 4672.0  0.0   1967.1 37504.0  29644.7   93560.0    64157.7   103168.0 99915.9 14080.0 12812.3    253    1.587   5      0.571   -          -    2.158
         2268.8 4672.0 4672.0  0.0   1967.1 37504.0  29644.7   93560.0    64157.7   103168.0 99915.9 14080.0 12812.3    253    1.587   5      0.571   -          -    2.158
         2269.8 4672.0 4672.0  0.0   1967.1 37504.0  29644.7   93560.0    64157.7   103168.0 99915.9 14080.0 12812.3    253    1.587   5      0.571   -          -    2.158
         2270.8 4672.0 4672.0  0.0   1967.1 37504.0  29715.6   93560.0    64157.7   103168.0 99915.9 14080.0 12812.3    253    1.587   5      0.571   -          -    2.158
         2271.8 4672.0 4672.0  0.0   1967.1 37504.0  29715.6   93560.0    64157.7   103168.0 99915.9 14080.0 12812.3    253    1.587   5      0.571   -          -    2.158
         2272.9 4672.0 4672.0  0.0   1967.1 37504.0  29715.6   93560.0    64157.7   103168.0 99915.9 14080.0 12812.3    253    1.587   5      0.571   -          -    2.158
         2273.9 4672.0 4672.0  0.0   1967.1 37504.0  29715.6   93560.0    64157.7   103168.0 99915.9 14080.0 12812.3    253    1.587   5      0.571   -          -    2.158
         2274.9 4672.0 4672.0  0.0   1967.1 37504.0  29715.6   93560.0    64157.7   103168.0 99915.9 14080.0 12812.3    253    1.587   5      0.571   -          -    2.158
         2275.9 4672.0 4672.0  0.0   1967.1 37504.0  29715.6   93560.0    64157.7   103168.0 99915.9 14080.0 12812.3    253    1.587   5      0.571   -          -    2.158
         2276.9 4672.0 4672.0  0.0   1967.1 37504.0  29718.4   93560.0    64157.7   103168.0 99915.9 14080.0 12812.3    253    1.587   5      0.571   -          -    2.158
         2277.9 4672.0 4672.0  0.0   1967.1 37504.0  29718.4   93560.0    64157.7   103168.0 99915.9 14080.0 12812.3    253    1.587   5      0.571   -          -    2.158
         2278.8 4672.0 4672.0  0.0   1967.1 37504.0  29718.4   93560.0    64157.7   103168.0 99915.9 14080.0 12812.3    253    1.587   5      0.571   -          -    2.158
         2279.8 4672.0 4672.0  0.0   1967.1 37504.0  29718.4   93560.0    64157.7   103168.0 99915.9 14080.0 12812.3    253    1.587   5      0.571   -          -    2.158
         2280.8 4672.0 4672.0  0.0   1967.1 37504.0  29797.2   93560.0    64157.7   103168.0 99915.9 14080.0 12812.3    253    1.587   5      0.571   -          -    2.158
         2281.8 4672.0 4672.0  0.0   1967.1 37504.0  29797.2   93560.0    64157.7   103168.0 99915.9 14080.0 12812.3    253    1.587   5      0.571   -          -    2.158
         2282.8 4672.0 4672.0  0.0   1967.1 37504.0  29797.2   93560.0    64157.7   103168.0 99915.9 14080.0 12812.3    253    1.587   5      0.571   -          -    2.158
         2283.8 4672.0 4672.0  0.0   1967.1 37504.0  29807.1   93560.0    64157.7   103168.0 99915.9 14080.0 12812.3    253    1.587   5      0.571   -          -    2.158
         2284.8 4672.0 4672.0  0.0   1967.1 37504.0  29807.1   93560.0    64157.7   103168.0 99915.9 14080.0 12812.3    253    1.587   5      0.571   -          -    2.158
         2285.8 4672.0 4672.0  0.0   1967.1 37504.0  29807.1   93560.0    64157.7   103168.0 99915.9 14080.0 12812.3    253    1.587   5      0.571   -          -    2.158
         2286.8 4672.0 4672.0  0.0   1967.1 37504.0  29807.1   93560.0    64157.7   103168.0 99915.9 14080.0 12812.3    253    1.587   5      0.571   -          -    2.158
         2287.9 4672.0 4672.0  0.0   1967.1 37504.0  29807.1   93560.0    64157.7   103168.0 99915.9 14080.0 12812.3    253    1.587   5      0.571   -          -    2.158
         2288.9 4672.0 4672.0  0.0   1967.1 37504.0  29807.1   93560.0    64157.7   103168.0 99915.9 14080.0 12812.3    253    1.587   5      0.571   -          -    2.158
         2289.9 4672.0 4672.0  0.0   1967.1 37504.0  29807.1   93560.0    64157.7   103168.0 99915.9 14080.0 12812.3    253    1.587   5      0.571   -          -    2.158
         2290.9 4672.0 4672.0  0.0   1967.1 37504.0  29934.4   93560.0    64157.7   103168.0 99915.9 14080.0 12812.3    253    1.587   5      0.571   -          -    2.158
         2291.8 4672.0 4672.0  0.0   1967.1 37504.0  29934.4   93560.0    64157.7   103168.0 99915.9 14080.0 12812.3    253    1.587   5      0.571   -          -    2.158
         2292.8 4672.0 4672.0  0.0   1967.1 37504.0  29934.4   93560.0    64157.7   103168.0 99915.9 14080.0 12812.3    253    1.587   5      0.571   -          -    2.158
         2293.8 4672.0 4672.0  0.0   1967.1 37504.0  29934.4   93560.0    64157.7   103168.0 99915.9 14080.0 12812.3    253    1.587   5      0.571   -          -    2.158
         2294.8 4672.0 4672.0  0.0   1967.1 37504.0  29934.4   93560.0    64157.7   103168.0 99915.9 14080.0 12812.3    253    1.587   5      0.571   -          -    2.158
         2295.8 4672.0 4672.0  0.0   1967.1 37504.0  29934.4   93560.0    64157.7   103168.0 99915.9 14080.0 12812.3    253    1.587   5      0.571   -          -    2.158
         2296.8 4672.0 4672.0  0.0   1967.1 37504.0  29934.4   93560.0    64157.7   103168.0 99915.9 14080.0 12812.3    253    1.587   5      0.571   -          -    2.158
         2297.9 4672.0 4672.0  0.0   1967.1 37504.0  29934.4   93560.0    64157.7   103168.0 99915.9 14080.0 12812.3    253    1.587   5      0.571   -          -    2.158
         2298.9 4672.0 4672.0  0.0   1967.1 37504.0  29934.4   93560.0    64157.7   103168.0 99915.9 14080.0 12812.3    253    1.587   5      0.571   -          -    2.158
         2299.9 4672.0 4672.0  0.0   1967.1 37504.0  29934.4   93560.0    64157.7   103168.0 99915.9 14080.0 12812.3    253    1.587   5      0.571   -          -    2.158
         2300.9 4672.0 4672.0  0.0   1967.1 37504.0  30024.8   93560.0    64157.7   103168.0 99915.9 14080.0 12812.3    253    1.587   5      0.571   -          -    2.158
         2301.9 4672.0 4672.0  0.0   1967.1 37504.0  30027.6   93560.0    64157.7   103168.0 99915.9 14080.0 12812.3    253    1.587   5      0.571   -          -    2.158
         2302.9 4672.0 4672.0  0.0   1967.1 37504.0  30030.2   93560.0    64157.7   103168.0 99915.9 14080.0 12812.3    253    1.587   5      0.571   -          -    2.158
         2303.9 4672.0 4672.0  0.0   1967.1 37504.0  30030.2   93560.0    64157.7   103168.0 99915.9 14080.0 12812.3    253    1.587   5      0.571   -          -    2.158
         2304.9 4672.0 4672.0  0.0   1967.1 37504.0  30030.2   93560.0    64157.7   103168.0 99915.9 14080.0 12812.3    253    1.587   5      0.571   -          -    2.158
         2305.8 4672.0 4672.0  0.0   1967.1 37504.0  30030.2   93560.0    64157.7   103168.0 99915.9 14080.0 12812.3    253    1.587   5      0.571   -          -    2.158
         2306.8 4672.0 4672.0  0.0   1967.1 37504.0  30030.2   93560.0    64157.7   103168.0 99915.9 14080.0 12812.3    253    1.587   5      0.571   -          -    2.158
         2307.8 4672.0 4672.0  0.0   1967.1 37504.0  30030.2   93560.0    64157.7   103168.0 99915.9 14080.0 12812.3    253    1.587   5      0.571   -          -    2.158
         2308.8 4672.0 4672.0  0.0   1967.1 37504.0  30030.2   93560.0    64157.7   103168.0 99915.9 14080.0 12812.3    253    1.587   5      0.571   -          -    2.158
         2309.8 4672.0 4672.0  0.0   1967.1 37504.0  30030.2   93560.0    64157.7   103168.0 99915.9 14080.0 12812.3    253    1.587   5      0.571   -          -    2.158
         2310.9 4672.0 4672.0  0.0   1967.1 37504.0  30101.0   93560.0    64157.7   103168.0 99915.9 14080.0 12812.3    253    1.587   5      0.571   -          -    2.158
         2311.9 4672.0 4672.0  0.0   1967.1 37504.0  30103.8   93560.0    64157.7   103168.0 99915.9 14080.0 12812.3    253    1.587   5      0.571   -          -    2.158
         2312.9 4672.0 4672.0  0.0   1967.1 37504.0  30103.8   93560.0    64157.7   103168.0 99915.9 14080.0 12812.3    253    1.587   5      0.571   -          -    2.158
         2313.9 4672.0 4672.0  0.0   1967.1 37504.0  30103.8   93560.0    64157.7   103168.0 99915.9 14080.0 12812.3    253    1.587   5      0.571   -          -    2.158
         2314.9 4672.0 4672.0  0.0   1967.1 37504.0  30103.8   93560.0    64157.7   103168.0 99915.9 14080.0 12812.3    253    1.587   5      0.571   -          -    2.158
         2315.9 4672.0 4672.0  0.0   1967.1 37504.0  30103.8   93560.0    64157.7   103168.0 99915.9 14080.0 12812.3    253    1.587   5      0.571   -          -    2.158
         2316.9 4672.0 4672.0  0.0   1967.1 37504.0  30103.8   93560.0    64157.7   103168.0 99915.9 14080.0 12812.3    253    1.587   5      0.571   -          -    2.158
         2317.9 4672.0 4672.0  0.0   1967.1 37504.0  30103.8   93560.0    64157.7   103168.0 99915.9 14080.0 12812.3    253    1.587   5      0.571   -          -    2.158
         2318.9 4672.0 4672.0  0.0   1967.1 37504.0  30103.8   93560.0    64157.7   103168.0 99915.9 14080.0 12812.3    253    1.587   5      0.571   -          -    2.158
         2319.9 4672.0 4672.0  0.0   1967.1 37504.0  30103.8   93560.0    64157.7   103168.0 99915.9 14080.0 12812.3    253    1.587   5      0.571   -          -    2.158
         2320.9 4672.0 4672.0  0.0   1967.1 37504.0  30284.6   93560.0    64157.7   103168.0 99915.9 14080.0 12812.3    253    1.587   5      0.571   -          -    2.158
         2321.8 4672.0 4672.0  0.0   1967.1 37504.0  30287.4   93560.0    64157.7   103168.0 99915.9 14080.0 12812.3    253    1.587   5      0.571   -          -    2.158
         2322.8 4672.0 4672.0  0.0   1967.1 37504.0  30287.4   93560.0    64157.7   103168.0 99915.9 14080.0 12812.3    253    1.587   5      0.571   -          -    2.158
         2323.8 4672.0 4672.0  0.0   1967.1 37504.0  30287.4   93560.0    64157.7   103168.0 99915.9 14080.0 12812.3    253    1.587   5      0.571   -          -    2.158
         2324.9 4672.0 4672.0  0.0   1967.1 37504.0  30287.4   93560.0    64157.7   103168.0 99915.9 14080.0 12812.3    253    1.587   5      0.571   -          -    2.158
         2325.9 4672.0 4672.0  0.0   1967.1 37504.0  30287.4   93560.0    64157.7   103168.0 99915.9 14080.0 12812.3    253    1.587   5      0.571   -          -    2.158
         2326.9 4672.0 4672.0  0.0   1967.1 37504.0  30287.4   93560.0    64157.7   103168.0 99915.9 14080.0 12812.3    253    1.587   5      0.571   -          -    2.158
         2327.9 4672.0 4672.0  0.0   1967.1 37504.0  30287.4   93560.0    64157.7   103168.0 99915.9 14080.0 12812.3    253    1.587   5      0.571   -          -    2.158
         2328.9 4672.0 4672.0  0.0   1967.1 37504.0  30287.4   93560.0    64157.7   103168.0 99915.9 14080.0 12812.3    253    1.587   5      0.571   -          -    2.158
         2329.9 4672.0 4672.0  0.0   1967.1 37504.0  30287.4   93560.0    64157.7   103168.0 99915.9 14080.0 12812.3    253    1.587   5      0.571   -          -    2.158
         2330.9 4672.0 4672.0  0.0   1967.1 37504.0  30366.4   93560.0    64157.7   103168.0 99915.9 14080.0 12812.3    253    1.587   5      0.571   -          -    2.158
         2331.9 4672.0 4672.0  0.0   1967.1 37504.0  30369.1   93560.0    64157.7   103168.0 99915.9 14080.0 12812.3    253    1.587   5      0.571   -          -    2.158
         2332.9 4672.0 4672.0  0.0   1967.1 37504.0  30369.1   93560.0    64157.7   103168.0 99915.9 14080.0 12812.3    253    1.587   5      0.571   -          -    2.158
         2333.9 4672.0 4672.0  0.0   1967.1 37504.0  30369.1   93560.0    64157.7   103168.0 99915.9 14080.0 12812.3    253    1.587   5      0.571   -          -    2.158
         2334.9 4672.0 4672.0  0.0   1967.1 37504.0  30369.1   93560.0    64157.7   103168.0 99915.9 14080.0 12812.3    253    1.587   5      0.571   -          -    2.158
         2335.9 4672.0 4672.0  0.0   1967.1 37504.0  30369.1   93560.0    64157.7   103168.0 99915.9 14080.0 12812.3    253    1.587   5      0.571   -          -    2.158
         2336.9 4672.0 4672.0  0.0   1967.1 37504.0  30369.1   93560.0    64157.7   103168.0 99915.9 14080.0 12812.3    253    1.587   5      0.571   -          -    2.158
         2337.8 4672.0 4672.0  0.0   1967.1 37504.0  30369.1   93560.0    64157.7   103168.0 99915.9 14080.0 12812.3    253    1.587   5      0.571   -          -    2.158
         2338.9 4672.0 4672.0  0.0   1967.1 37504.0  30369.1   93560.0    64157.7   103168.0 99915.9 14080.0 12812.3    253    1.587   5      0.571   -          -    2.158
