Timestamp        S0C    S1C    S0U    S1U      EC       EU        OC         OU       MC     MU    CCSC   CCSU   YGC     YGCT    FGC    FGCT    CGC    CGCT     GCT   
          793.4 4544.0 4544.0  0.0   4299.9 36928.0  31694.9   91856.0    60258.1   77568.0 74889.6 10496.0 9493.3    223    1.329   5      0.574   -          -    1.903
          794.5 4544.0 4544.0  0.0   4299.9 36928.0  31694.9   91856.0    60258.1   77568.0 74889.6 10496.0 9493.3    223    1.329   5      0.574   -          -    1.903
          795.4 4544.0 4544.0  0.0   4299.9 36928.0  31694.9   91856.0    60258.1   77568.0 74889.6 10496.0 9493.3    223    1.329   5      0.574   -          -    1.903
          796.4 4544.0 4544.0  0.0   4299.9 36928.0  31694.9   91856.0    60258.1   77568.0 74889.6 10496.0 9493.3    223    1.329   5      0.574   -          -    1.903
          797.5 4544.0 4544.0  0.0   4299.9 36928.0  31694.9   91856.0    60258.1   77568.0 74889.6 10496.0 9493.3    223    1.329   5      0.574   -          -    1.903
          798.4 4544.0 4544.0  0.0   4299.9 36928.0  31694.9   91856.0    60258.1   77568.0 74889.6 10496.0 9493.3    223    1.329   5      0.574   -          -    1.903
          799.4 4544.0 4544.0  0.0   4299.9 36928.0  31694.9   91856.0    60258.1   77568.0 74889.6 10496.0 9493.3    223    1.329   5      0.574   -          -    1.903
          800.4 4544.0 4544.0  0.0   4299.9 36928.0  31694.9   91856.0    60258.1   77568.0 74889.6 10496.0 9493.3    223    1.329   5      0.574   -          -    1.903
          801.4 4544.0 4544.0  0.0   4299.9 36928.0  31694.9   91856.0    60258.1   77568.0 74889.6 10496.0 9493.3    223    1.329   5      0.574   -          -    1.903
          802.5 4544.0 4544.0  0.0   4299.9 36928.0  31694.9   91856.0    60258.1   77568.0 74889.6 10496.0 9493.3    223    1.329   5      0.574   -          -    1.903
          803.5 4544.0 4544.0  0.0   4299.9 36928.0  31694.9   91856.0    60258.1   77568.0 74889.6 10496.0 9493.3    223    1.329   5      0.574   -          -    1.903
          804.5 4544.0 4544.0  0.0   4299.9 36928.0  31694.9   91856.0    60258.1   77568.0 74889.6 10496.0 9493.3    223    1.329   5      0.574   -          -    1.903
          805.5 4544.0 4544.0  0.0   4299.9 36928.0  31694.9   91856.0    60258.1   77568.0 74889.6 10496.0 9493.3    223    1.329   5      0.574   -          -    1.903
          806.5 4544.0 4544.0  0.0   4299.9 36928.0  31694.9   91856.0    60258.1   77568.0 74889.6 10496.0 9493.3    223    1.329   5      0.574   -          -    1.903
          807.5 4544.0 4544.0  0.0   4299.9 36928.0  31694.9   91856.0    60258.1   77568.0 74889.6 10496.0 9493.3    223    1.329   5      0.574   -          -    1.903
          808.5 4544.0 4544.0  0.0   4299.9 36928.0  31694.9   91856.0    60258.1   77568.0 74889.6 10496.0 9493.3    223    1.329   5      0.574   -          -    1.903
          809.5 4544.0 4544.0  0.0   4299.9 36928.0  31694.9   91856.0    60258.1   77568.0 74889.6 10496.0 9493.3    223    1.329   5      0.574   -          -    1.903
          810.5 4544.0 4544.0  0.0   4299.9 36928.0  31694.9   91856.0    60258.1   77568.0 74889.6 10496.0 9493.3    223    1.329   5      0.574   -          -    1.903
          811.5 4544.0 4544.0  0.0   4299.9 36928.0  31694.9   91856.0    60258.1   77568.0 74889.6 10496.0 9493.3    223    1.329   5      0.574   -          -    1.903
          812.5 4544.0 4544.0  0.0   4299.9 36928.0  31694.9   91856.0    60258.1   77568.0 74889.6 10496.0 9493.3    223    1.329   5      0.574   -          -    1.903
          813.5 4544.0 4544.0 829.2   0.0   36928.0  23520.1   91856.0    62349.7   77824.0 75393.1 10496.0 9496.0    224    1.339   5      0.574   -          -    1.913
          814.5 4544.0 4544.0  0.0   2900.2 36928.0  14250.7   91856.0    62349.7   77824.0 75420.5 10496.0 9496.0    225    1.347   5      0.574   -          -    1.922
          815.5 4544.0 4544.0  0.0   2900.2 36928.0  14256.3   91856.0    62349.7   77824.0 75420.5 10496.0 9496.0    225    1.347   5      0.574   -          -    1.922
          816.5 4544.0 4544.0  0.0   2900.2 36928.0  14256.3   91856.0    62349.7   77824.0 75420.5 10496.0 9496.0    225    1.347   5      0.574   -          -    1.922
          817.5 4544.0 4544.0  0.0   2900.2 36928.0  14256.3   91856.0    62349.7   77824.0 75420.5 10496.0 9496.0    225    1.347   5      0.574   -          -    1.922
          818.5 4544.0 4544.0  0.0   2900.2 36928.0  14256.3   91856.0    62349.7   77824.0 75420.5 10496.0 9496.0    225    1.347   5      0.574   -          -    1.922
          819.5 4544.0 4544.0  0.0   2900.2 36928.0  14256.3   91856.0    62349.7   77824.0 75420.5 10496.0 9496.0    225    1.347   5      0.574   -          -    1.922
          820.5 4544.0 4544.0  0.0   2900.2 36928.0  14260.0   91856.0    62349.7   77824.0 75420.5 10496.0 9496.0    225    1.347   5      0.574   -          -    1.922
          821.5 4544.0 4544.0  0.0   2900.2 36928.0  14260.0   91856.0    62349.7   77824.0 75420.5 10496.0 9496.0    225    1.347   5      0.574   -          -    1.922
          822.5 4544.0 4544.0  0.0   2900.2 36928.0  14260.0   91856.0    62349.7   77824.0 75420.5 10496.0 9496.0    225    1.347   5      0.574   -          -    1.922
          823.5 4544.0 4544.0  0.0   2900.2 36928.0  14260.0   91856.0    62349.7   77824.0 75420.5 10496.0 9496.0    225    1.347   5      0.574   -          -    1.922
          824.5 4544.0 4544.0  0.0   2900.2 36928.0  14260.0   91856.0    62349.7   77824.0 75420.5 10496.0 9496.0    225    1.347   5      0.574   -          -    1.922
          825.5 4544.0 4544.0  0.0   2900.2 36928.0  14260.0   91856.0    62349.7   77824.0 75420.5 10496.0 9496.0    225    1.347   5      0.574   -          -    1.922
          826.5 4544.0 4544.0  0.0   2900.2 36928.0  14260.0   91856.0    62349.7   77824.0 75420.5 10496.0 9496.0    225    1.347   5      0.574   -          -    1.922
          827.5 4544.0 4544.0  0.0   2900.2 36928.0  14260.0   91856.0    62349.7   77824.0 75420.5 10496.0 9496.0    225    1.347   5      0.574   -          -    1.922
          828.5 4544.0 4544.0  0.0   2900.2 36928.0  14284.1   91856.0    62349.7   77824.0 75420.5 10496.0 9496.0    225    1.347   5      0.574   -          -    1.922
          829.5 4544.0 4544.0  0.0   2900.2 36928.0  14284.1   91856.0    62349.7   77824.0 75420.5 10496.0 9496.0    225    1.347   5      0.574   -          -    1.922
          830.5 4544.0 4544.0  0.0   2900.2 36928.0  14284.1   91856.0    62349.7   77824.0 75420.5 10496.0 9496.0    225    1.347   5      0.574   -          -    1.922
          831.5 4544.0 4544.0  0.0   2900.2 36928.0  14284.1   91856.0    62349.7   77824.0 75420.5 10496.0 9496.0    225    1.347   5      0.574   -          -    1.922
          832.5 4544.0 4544.0  0.0   2900.2 36928.0  14284.1   91856.0    62349.7   77824.0 75420.5 10496.0 9496.0    225    1.347   5      0.574   -          -    1.922
          833.5 4544.0 4544.0  0.0   2900.2 36928.0  14284.1   91856.0    62349.7   77824.0 75420.5 10496.0 9496.0    225    1.347   5      0.574   -          -    1.922
          834.5 4544.0 4544.0  0.0   2900.2 36928.0  14284.1   91856.0    62349.7   77824.0 75420.5 10496.0 9496.0    225    1.347   5      0.574   -          -    1.922
          835.5 4544.0 4544.0  0.0   2900.2 36928.0  14284.1   91856.0    62349.7   77824.0 75420.5 10496.0 9496.0    225    1.347   5      0.574   -          -    1.922
          836.5 4544.0 4544.0  0.0   2900.2 36928.0  14284.1   91856.0    62349.7   77824.0 75420.5 10496.0 9496.0    225    1.347   5      0.574   -          -    1.922
          837.5 4544.0 4544.0  0.0   2900.2 36928.0  14284.1   91856.0    62349.7   77824.0 75420.5 10496.0 9496.0    225    1.347   5      0.574   -          -    1.922
          838.5 4544.0 4544.0  0.0   2900.2 36928.0  14284.1   91856.0    62349.7   77824.0 75420.5 10496.0 9496.0    225    1.347   5      0.574   -          -    1.922
          839.5 4544.0 4544.0  0.0   2900.2 36928.0  14289.1   91856.0    62349.7   77824.0 75420.5 10496.0 9496.0    225    1.347   5      0.574   -          -    1.922
          840.5 4544.0 4544.0  0.0   2900.2 36928.0  14289.1   91856.0    62349.7   77824.0 75420.5 10496.0 9496.0    225    1.347   5      0.574   -          -    1.922
          841.5 4544.0 4544.0  0.0   2900.2 36928.0  14289.1   91856.0    62349.7   77824.0 75420.5 10496.0 9496.0    225    1.347   5      0.574   -          -    1.922
          842.5 4544.0 4544.0  0.0   2900.2 36928.0  14289.1   91856.0    62349.7   77824.0 75420.5 10496.0 9496.0    225    1.347   5      0.574   -          -    1.922
          843.5 4544.0 4544.0  0.0   2900.2 36928.0  18742.8   91856.0    62349.7   77824.0 75420.5 10496.0 9496.0    225    1.347   5      0.574   -          -    1.922
          844.5 4544.0 4544.0  0.0   2900.2 36928.0  18742.8   91856.0    62349.7   77824.0 75420.5 10496.0 9496.0    225    1.347   5      0.574   -          -    1.922
          845.5 4544.0 4544.0  0.0   2900.2 36928.0  18742.8   91856.0    62349.7   77824.0 75420.5 10496.0 9496.0    225    1.347   5      0.574   -          -    1.922
          846.5 4544.0 4544.0  0.0   2900.2 36928.0  18742.8   91856.0    62349.7   77824.0 75420.5 10496.0 9496.0    225    1.347   5      0.574   -          -    1.922
          847.5 4544.0 4544.0  0.0   2900.2 36928.0  18742.8   91856.0    62349.7   77824.0 75420.5 10496.0 9496.0    225    1.347   5      0.574   -          -    1.922
          848.5 4544.0 4544.0  0.0   2900.2 36928.0  18742.8   91856.0    62349.7   77824.0 75420.5 10496.0 9496.0    225    1.347   5      0.574   -          -    1.922
          849.5 4544.0 4544.0  0.0   2900.2 36928.0  18742.8   91856.0    62349.7   77824.0 75420.5 10496.0 9496.0    225    1.347   5      0.574   -          -    1.922
          850.5 4544.0 4544.0  0.0   2900.2 36928.0  18742.8   91856.0    62349.7   77824.0 75420.5 10496.0 9496.0    225    1.347   5      0.574   -          -    1.922
