Timestamp        S0C    S1C    S0U    S1U      EC       EU        OC         OU       MC     MU    CCSC   CCSU   YGC     YGCT    FGC    FGCT    CGC    CGCT     GCT   
         6738.6 6720.0 6720.0 2095.8  0.0   54144.0  27607.2   135016.0   102165.9  81920.0 78931.6 10496.0 9454.5    240    2.471   6      1.213   -          -    3.684
         6739.6 6720.0 6720.0 2095.8  0.0   54144.0  27607.2   135016.0   102165.9  81920.0 78931.6 10496.0 9454.5    240    2.471   6      1.213   -          -    3.684
         6740.6 6720.0 6720.0 2095.8  0.0   54144.0  27607.2   135016.0   102165.9  81920.0 78931.6 10496.0 9454.5    240    2.471   6      1.213   -          -    3.684
         6741.6 6720.0 6720.0 2095.8  0.0   54144.0  27609.8   135016.0   102165.9  81920.0 78931.6 10496.0 9454.5    240    2.471   6      1.213   -          -    3.684
         6742.6 6720.0 6720.0 2095.8  0.0   54144.0  27612.4   135016.0   102165.9  81920.0 78931.6 10496.0 9454.5    240    2.471   6      1.213   -          -    3.684
         6743.6 6720.0 6720.0 2095.8  0.0   54144.0  27690.5   135016.0   102165.9  81920.0 78931.6 10496.0 9454.5    240    2.471   6      1.213   -          -    3.684
         6744.6 6720.0 6720.0 2095.8  0.0   54144.0  27690.5   135016.0   102165.9  81920.0 78931.6 10496.0 9454.5    240    2.471   6      1.213   -          -    3.684
         6745.6 6720.0 6720.0 2095.8  0.0   54144.0  27690.5   135016.0   102165.9  81920.0 78931.6 10496.0 9454.5    240    2.471   6      1.213   -          -    3.684
         6746.6 6720.0 6720.0 2095.8  0.0   54144.0  27690.5   135016.0   102165.9  81920.0 78931.6 10496.0 9454.5    240    2.471   6      1.213   -          -    3.684
         6747.6 6720.0 6720.0 2095.8  0.0   54144.0  27690.5   135016.0   102165.9  81920.0 78931.6 10496.0 9454.5    240    2.471   6      1.213   -          -    3.684
         6748.6 6720.0 6720.0 2095.8  0.0   54144.0  27690.5   135016.0   102165.9  81920.0 78931.6 10496.0 9454.5    240    2.471   6      1.213   -          -    3.684
         6749.6 6720.0 6720.0 2095.8  0.0   54144.0  27690.5   135016.0   102165.9  81920.0 78931.6 10496.0 9454.5    240    2.471   6      1.213   -          -    3.684
         6750.7 6720.0 6720.0 2095.8  0.0   54144.0  42515.9   135016.0   102165.9  81920.0 78931.6 10496.0 9454.5    240    2.471   6      1.213   -          -    3.684
         6751.7 6720.0 6720.0  0.0   1640.5 54144.0   5193.3   135016.0   102165.9  81920.0 78950.1 10496.0 9454.5    241    2.479   6      1.213   -          -    3.692
         6752.7 6720.0 6720.0  0.0   1640.5 54144.0   5204.9   135016.0   102165.9  81920.0 78950.1 10496.0 9454.5    241    2.479   6      1.213   -          -    3.692
         6753.7 6720.0 6720.0  0.0   1640.5 54144.0   5400.5   135016.0   102165.9  81920.0 78950.1 10496.0 9454.5    241    2.479   6      1.213   -          -    3.692
         6754.7 6720.0 6720.0  0.0   1640.5 54144.0   5462.6   135016.0   102165.9  81920.0 78950.1 10496.0 9454.5    241    2.479   6      1.213   -          -    3.692
         6755.7 6720.0 6720.0  0.0   1640.5 54144.0   5462.6   135016.0   102165.9  81920.0 78950.1 10496.0 9454.5    241    2.479   6      1.213   -          -    3.692
         6756.7 6720.0 6720.0  0.0   1640.5 54144.0   5462.6   135016.0   102165.9  81920.0 78950.1 10496.0 9454.5    241    2.479   6      1.213   -          -    3.692
         6757.7 6720.0 6720.0  0.0   1640.5 54144.0   5462.6   135016.0   102165.9  81920.0 78950.1 10496.0 9454.5    241    2.479   6      1.213   -          -    3.692
         6758.7 6720.0 6720.0  0.0   1640.5 54144.0   5462.6   135016.0   102165.9  81920.0 78950.1 10496.0 9454.5    241    2.479   6      1.213   -          -    3.692
         6759.6 6720.0 6720.0  0.0   1640.5 54144.0   5465.2   135016.0   102165.9  81920.0 78950.1 10496.0 9454.5    241    2.479   6      1.213   -          -    3.692
         6760.6 6720.0 6720.0  0.0   1640.5 54144.0   5465.2   135016.0   102165.9  81920.0 78950.1 10496.0 9454.5    241    2.479   6      1.213   -          -    3.692
         6761.6 6720.0 6720.0  0.0   1640.5 54144.0   5465.2   135016.0   102165.9  81920.0 78950.1 10496.0 9454.5    241    2.479   6      1.213   -          -    3.692
         6762.6 6720.0 6720.0  0.0   1640.5 54144.0   5465.2   135016.0   102165.9  81920.0 78950.1 10496.0 9454.5    241    2.479   6      1.213   -          -    3.692
         6763.6 6720.0 6720.0  0.0   1640.5 54144.0   5541.8   135016.0   102165.9  81920.0 78950.1 10496.0 9454.5    241    2.479   6      1.213   -          -    3.692
         6764.7 6720.0 6720.0  0.0   1640.5 54144.0   5541.8   135016.0   102165.9  81920.0 78950.1 10496.0 9454.5    241    2.479   6      1.213   -          -    3.692
         6765.7 6720.0 6720.0  0.0   1640.5 54144.0   5541.8   135016.0   102165.9  81920.0 78950.1 10496.0 9454.5    241    2.479   6      1.213   -          -    3.692
         6766.7 6720.0 6720.0  0.0   1640.5 54144.0   5541.8   135016.0   102165.9  81920.0 78950.1 10496.0 9454.5    241    2.479   6      1.213   -          -    3.692
         6767.7 6720.0 6720.0  0.0   1640.5 54144.0   5541.8   135016.0   102165.9  81920.0 78950.1 10496.0 9454.5    241    2.479   6      1.213   -          -    3.692
         6768.6 6720.0 6720.0  0.0   1640.5 54144.0   5541.8   135016.0   102165.9  81920.0 78950.1 10496.0 9454.5    241    2.479   6      1.213   -          -    3.692
         6769.6 6720.0 6720.0  0.0   1640.5 54144.0   5541.8   135016.0   102165.9  81920.0 78950.1 10496.0 9454.5    241    2.479   6      1.213   -          -    3.692
