Timestamp        S0C    S1C    S0U    S1U      EC       EU        OC         OU       MC     MU    CCSC   CCSU   YGC     YGCT    FGC    FGCT    CGC    CGCT     GCT   
         2597.5 6720.0 6720.0  0.0   1100.5 54144.0   8027.6   135016.0   94802.0   79104.0 76270.4 10496.0 9447.2    231    2.056   6      1.213   -          -    3.270
         2598.6 6720.0 6720.0  0.0   1100.5 54144.0   8027.6   135016.0   94802.0   79104.0 76270.4 10496.0 9447.2    231    2.056   6      1.213   -          -    3.270
         2599.6 6720.0 6720.0  0.0   1100.5 54144.0   8027.6   135016.0   94802.0   79104.0 76270.4 10496.0 9447.2    231    2.056   6      1.213   -          -    3.270
         2600.6 6720.0 6720.0  0.0   1100.5 54144.0   8030.3   135016.0   94802.0   79104.0 76270.4 10496.0 9447.2    231    2.056   6      1.213   -          -    3.270
         2601.6 6720.0 6720.0  0.0   1100.5 54144.0   8030.3   135016.0   94802.0   79104.0 76270.4 10496.0 9447.2    231    2.056   6      1.213   -          -    3.270
         2602.6 6720.0 6720.0  0.0   1100.5 54144.0   8030.3   135016.0   94802.0   79104.0 76270.4 10496.0 9447.2    231    2.056   6      1.213   -          -    3.270
         2603.6 6720.0 6720.0  0.0   1100.5 54144.0   8103.2   135016.0   94802.0   79104.0 76270.4 10496.0 9447.2    231    2.056   6      1.213   -          -    3.270
         2604.6 6720.0 6720.0  0.0   1100.5 54144.0   8103.2   135016.0   94802.0   79104.0 76270.4 10496.0 9447.2    231    2.056   6      1.213   -          -    3.270
         2605.5 6720.0 6720.0  0.0   1100.5 54144.0   8103.2   135016.0   94802.0   79104.0 76270.4 10496.0 9447.2    231    2.056   6      1.213   -          -    3.270
         2606.6 6720.0 6720.0  0.0   1100.5 54144.0   8103.2   135016.0   94802.0   79104.0 76270.4 10496.0 9447.2    231    2.056   6      1.213   -          -    3.270
         2607.6 6720.0 6720.0  0.0   1100.5 54144.0   8103.2   135016.0   94802.0   79104.0 76270.4 10496.0 9447.2    231    2.056   6      1.213   -          -    3.270
         2608.6 6720.0 6720.0  0.0   1100.5 54144.0   8103.2   135016.0   94802.0   79104.0 76270.4 10496.0 9447.2    231    2.056   6      1.213   -          -    3.270
         2609.6 6720.0 6720.0  0.0   1100.5 54144.0   8103.2   135016.0   94802.0   79104.0 76270.4 10496.0 9447.2    231    2.056   6      1.213   -          -    3.270
         2610.6 6720.0 6720.0  0.0   1100.5 54144.0   8105.8   135016.0   94802.0   79104.0 76270.4 10496.0 9447.2    231    2.056   6      1.213   -          -    3.270
         2611.6 6720.0 6720.0  0.0   1100.5 54144.0   8105.8   135016.0   94802.0   79104.0 76270.4 10496.0 9447.2    231    2.056   6      1.213   -          -    3.270
         2612.6 6720.0 6720.0  0.0   1100.5 54144.0   8105.8   135016.0   94802.0   79104.0 76270.4 10496.0 9447.2    231    2.056   6      1.213   -          -    3.270
         2613.6 6720.0 6720.0  0.0   1100.5 54144.0   8281.8   135016.0   94802.0   79104.0 76270.4 10496.0 9447.2    231    2.056   6      1.213   -          -    3.270
         2614.6 6720.0 6720.0  0.0   1100.5 54144.0   8281.8   135016.0   94802.0   79104.0 76270.4 10496.0 9447.2    231    2.056   6      1.213   -          -    3.270
         2615.6 6720.0 6720.0  0.0   1100.5 54144.0   8281.8   135016.0   94802.0   79104.0 76270.4 10496.0 9447.2    231    2.056   6      1.213   -          -    3.270
         2616.6 6720.0 6720.0  0.0   1100.5 54144.0   8281.8   135016.0   94802.0   79104.0 76270.4 10496.0 9447.2    231    2.056   6      1.213   -          -    3.270
         2617.6 6720.0 6720.0  0.0   1100.5 54144.0   8281.8   135016.0   94802.0   79104.0 76270.4 10496.0 9447.2    231    2.056   6      1.213   -          -    3.270
         2618.6 6720.0 6720.0  0.0   1100.5 54144.0   8284.4   135016.0   94802.0   79104.0 76270.4 10496.0 9447.2    231    2.056   6      1.213   -          -    3.270
         2619.6 6720.0 6720.0  0.0   1100.5 54144.0   8284.4   135016.0   94802.0   79104.0 76270.4 10496.0 9447.2    231    2.056   6      1.213   -          -    3.270
         2620.6 6720.0 6720.0  0.0   1100.5 54144.0   8287.0   135016.0   94802.0   79104.0 76270.4 10496.0 9447.2    231    2.056   6      1.213   -          -    3.270
         2621.6 6720.0 6720.0  0.0   1100.5 54144.0   8287.0   135016.0   94802.0   79104.0 76270.4 10496.0 9447.2    231    2.056   6      1.213   -          -    3.270
         2622.6 6720.0 6720.0  0.0   1100.5 54144.0   8287.0   135016.0   94802.0   79104.0 76270.4 10496.0 9447.2    231    2.056   6      1.213   -          -    3.270
         2623.6 6720.0 6720.0  0.0   1100.5 54144.0   8359.7   135016.0   94802.0   79104.0 76270.4 10496.0 9447.2    231    2.056   6      1.213   -          -    3.270
         2624.6 6720.0 6720.0  0.0   1100.5 54144.0   8359.7   135016.0   94802.0   79104.0 76270.4 10496.0 9447.2    231    2.056   6      1.213   -          -    3.270
         2625.6 6720.0 6720.0  0.0   1100.5 54144.0   8359.7   135016.0   94802.0   79104.0 76270.4 10496.0 9447.2    231    2.056   6      1.213   -          -    3.270
         2626.6 6720.0 6720.0  0.0   1100.5 54144.0   8359.7   135016.0   94802.0   79104.0 76270.4 10496.0 9447.2    231    2.056   6      1.213   -          -    3.270
         2627.6 6720.0 6720.0  0.0   1100.5 54144.0   8359.7   135016.0   94802.0   79104.0 76270.4 10496.0 9447.2    231    2.056   6      1.213   -          -    3.270
         2628.6 6720.0 6720.0  0.0   1100.5 54144.0   8359.7   135016.0   94802.0   79104.0 76270.4 10496.0 9447.2    231    2.056   6      1.213   -          -    3.270
         2629.6 6720.0 6720.0  0.0   1100.5 54144.0   8359.7   135016.0   94802.0   79104.0 76270.4 10496.0 9447.2    231    2.056   6      1.213   -          -    3.270
         2630.6 6720.0 6720.0  0.0   1100.5 54144.0   8362.3   135016.0   94802.0   79104.0 76270.4 10496.0 9447.2    231    2.056   6      1.213   -          -    3.270
         2631.6 6720.0 6720.0  0.0   1100.5 54144.0   8362.3   135016.0   94802.0   79104.0 76270.4 10496.0 9447.2    231    2.056   6      1.213   -          -    3.270
         2632.6 6720.0 6720.0  0.0   1100.5 54144.0   8362.3   135016.0   94802.0   79104.0 76270.4 10496.0 9447.2    231    2.056   6      1.213   -          -    3.270
         2633.6 6720.0 6720.0  0.0   1100.5 54144.0   8435.0   135016.0   94802.0   79104.0 76270.4 10496.0 9447.2    231    2.056   6      1.213   -          -    3.270
         2634.6 6720.0 6720.0  0.0   1100.5 54144.0   8435.0   135016.0   94802.0   79104.0 76270.4 10496.0 9447.2    231    2.056   6      1.213   -          -    3.270
         2635.6 6720.0 6720.0  0.0   1100.5 54144.0   8435.0   135016.0   94802.0   79104.0 76270.4 10496.0 9447.2    231    2.056   6      1.213   -          -    3.270
         2636.6 6720.0 6720.0  0.0   1100.5 54144.0   8435.0   135016.0   94802.0   79104.0 76270.4 10496.0 9447.2    231    2.056   6      1.213   -          -    3.270
         2637.6 6720.0 6720.0  0.0   1100.5 54144.0   8435.0   135016.0   94802.0   79104.0 76270.4 10496.0 9447.2    231    2.056   6      1.213   -          -    3.270
         2638.6 6720.0 6720.0  0.0   1100.5 54144.0  12433.0   135016.0   94802.0   79104.0 76270.4 10496.0 9447.2    231    2.056   6      1.213   -          -    3.270
         2639.6 6720.0 6720.0  0.0   1100.5 54144.0  13772.0   135016.0   94802.0   79104.0 76270.4 10496.0 9447.2    231    2.056   6      1.213   -          -    3.270
         2640.6 6720.0 6720.0  0.0   1100.5 54144.0  13774.6   135016.0   94802.0   79104.0 76270.4 10496.0 9447.2    231    2.056   6      1.213   -          -    3.270
         2641.6 6720.0 6720.0  0.0   1100.5 54144.0  13774.6   135016.0   94802.0   79104.0 76270.4 10496.0 9447.2    231    2.056   6      1.213   -          -    3.270
         2642.6 6720.0 6720.0  0.0   1100.5 54144.0  13774.6   135016.0   94802.0   79104.0 76270.4 10496.0 9447.2    231    2.056   6      1.213   -          -    3.270
         2643.6 6720.0 6720.0  0.0   1100.5 54144.0  17924.9   135016.0   94802.0   79104.0 76270.4 10496.0 9447.2    231    2.056   6      1.213   -          -    3.270
         2644.6 6720.0 6720.0  0.0   1100.5 54144.0  17934.0   135016.0   94802.0   79104.0 76270.4 10496.0 9447.2    231    2.056   6      1.213   -          -    3.270
         2645.6 6720.0 6720.0  0.0   1100.5 54144.0  17934.0   135016.0   94802.0   79104.0 76270.4 10496.0 9447.2    231    2.056   6      1.213   -          -    3.270
         2646.6 6720.0 6720.0  0.0   1100.5 54144.0  17934.0   135016.0   94802.0   79104.0 76270.4 10496.0 9447.2    231    2.056   6      1.213   -          -    3.270
         2647.6 6720.0 6720.0  0.0   1100.5 54144.0  17934.0   135016.0   94802.0   79104.0 76270.4 10496.0 9447.2    231    2.056   6      1.213   -          -    3.270
         2648.6 6720.0 6720.0  0.0   1100.5 54144.0  17936.6   135016.0   94802.0   79104.0 76270.4 10496.0 9447.2    231    2.056   6      1.213   -          -    3.270
         2649.6 6720.0 6720.0  0.0   1100.5 54144.0  17936.6   135016.0   94802.0   79104.0 76270.4 10496.0 9447.2    231    2.056   6      1.213   -          -    3.270
         2650.6 6720.0 6720.0  0.0   1100.5 54144.0  17939.2   135016.0   94802.0   79104.0 76270.4 10496.0 9447.2    231    2.056   6      1.213   -          -    3.270
         2651.6 6720.0 6720.0  0.0   1100.5 54144.0  17939.2   135016.0   94802.0   79104.0 76270.4 10496.0 9447.2    231    2.056   6      1.213   -          -    3.270
         2652.6 6720.0 6720.0  0.0   1100.5 54144.0  17946.3   135016.0   94802.0   79104.0 76270.4 10496.0 9447.2    231    2.056   6      1.213   -          -    3.270
         2653.6 6720.0 6720.0  0.0   1100.5 54144.0  18019.0   135016.0   94802.0   79104.0 76270.4 10496.0 9447.2    231    2.056   6      1.213   -          -    3.270
         2654.6 6720.0 6720.0  0.0   1100.5 54144.0  18019.0   135016.0   94802.0   79104.0 76270.4 10496.0 9447.2    231    2.056   6      1.213   -          -    3.270
         2655.6 6720.0 6720.0  0.0   1100.5 54144.0  18019.0   135016.0   94802.0   79104.0 76270.4 10496.0 9447.2    231    2.056   6      1.213   -          -    3.270
         2656.6 6720.0 6720.0  0.0   1100.5 54144.0  18019.0   135016.0   94802.0   79104.0 76270.4 10496.0 9447.2    231    2.056   6      1.213   -          -    3.270
         2657.6 6720.0 6720.0  0.0   1100.5 54144.0  18019.0   135016.0   94802.0   79104.0 76270.4 10496.0 9447.2    231    2.056   6      1.213   -          -    3.270
         2658.6 6720.0 6720.0  0.0   1100.5 54144.0  18019.0   135016.0   94802.0   79104.0 76270.4 10496.0 9447.2    231    2.056   6      1.213   -          -    3.270
         2659.6 6720.0 6720.0  0.0   1100.5 54144.0  18019.0   135016.0   94802.0   79104.0 76270.4 10496.0 9447.2    231    2.056   6      1.213   -          -    3.270
         2660.6 6720.0 6720.0  0.0   1100.5 54144.0  18021.7   135016.0   94802.0   79104.0 76270.4 10496.0 9447.2    231    2.056   6      1.213   -          -    3.270
         2661.6 6720.0 6720.0  0.0   1100.5 54144.0  18021.7   135016.0   94802.0   79104.0 76270.4 10496.0 9447.2    231    2.056   6      1.213   -          -    3.270
         2662.6 6720.0 6720.0  0.0   1100.5 54144.0  18021.7   135016.0   94802.0   79104.0 76270.4 10496.0 9447.2    231    2.056   6      1.213   -          -    3.270
         2663.6 6720.0 6720.0  0.0   1100.5 54144.0  18102.6   135016.0   94802.0   79104.0 76270.4 10496.0 9447.2    231    2.056   6      1.213   -          -    3.270
         2664.6 6720.0 6720.0  0.0   1100.5 54144.0  18102.6   135016.0   94802.0   79104.0 76270.4 10496.0 9447.2    231    2.056   6      1.213   -          -    3.270
         2665.6 6720.0 6720.0  0.0   1100.5 54144.0  18102.6   135016.0   94802.0   79104.0 76270.4 10496.0 9447.2    231    2.056   6      1.213   -          -    3.270
         2666.6 6720.0 6720.0  0.0   1100.5 54144.0  18102.6   135016.0   94802.0   79104.0 76270.4 10496.0 9447.2    231    2.056   6      1.213   -          -    3.270
         2667.6 6720.0 6720.0  0.0   1100.5 54144.0  46650.2   135016.0   94802.0   79104.0 76270.4 10496.0 9447.2    231    2.056   6      1.213   -          -    3.270
         2668.7 6720.0 6720.0 6443.0  0.0   54144.0  45270.5   135016.0   94802.0   79872.0 76848.5 10496.0 9450.9    232    2.088   6      1.213   -          -    3.302
         2669.6 6720.0 6720.0  0.0   6720.0 54144.0  26521.7   135016.0   98753.4   79872.0 76884.8 10496.0 9450.9    233    2.140   6      1.213   -          -    3.353
         2670.6 6720.0 6720.0  0.0   6720.0 54144.0  37996.4   135016.0   98753.4   79872.0 76884.8 10496.0 9450.9    233    2.140   6      1.213   -          -    3.353
         2671.6 6720.0 6720.0 598.0   0.0   54144.0   7705.7   135016.0   99427.0   80128.0 77203.6 10496.0 9450.9    234    2.160   6      1.213   -          -    3.373
         2672.6 6720.0 6720.0 598.0   0.0   54144.0  16017.7   135016.0   99427.0   80128.0 77203.6 10496.0 9450.9    234    2.160   6      1.213   -          -    3.373
         2673.7 6720.0 6720.0 598.0   0.0   54144.0  16301.0   135016.0   99427.0   80128.0 77203.6 10496.0 9450.9    234    2.160   6      1.213   -          -    3.373
         2674.7 6720.0 6720.0 598.0   0.0   54144.0  16310.4   135016.0   99427.0   80128.0 77203.6 10496.0 9450.9    234    2.160   6      1.213   -          -    3.373
         2675.7 6720.0 6720.0 598.0   0.0   54144.0  16310.4   135016.0   99427.0   80128.0 77203.6 10496.0 9450.9    234    2.160   6      1.213   -          -    3.373
         2676.6 6720.0 6720.0 598.0   0.0   54144.0  16310.4   135016.0   99427.0   80128.0 77203.6 10496.0 9450.9    234    2.160   6      1.213   -          -    3.373
         2677.6 6720.0 6720.0 598.0   0.0   54144.0  16313.2   135016.0   99427.0   80128.0 77203.6 10496.0 9450.9    234    2.160   6      1.213   -          -    3.373
         2678.6 6720.0 6720.0 598.0   0.0   54144.0  16313.2   135016.0   99427.0   80128.0 77203.6 10496.0 9450.9    234    2.160   6      1.213   -          -    3.373
         2679.6 6720.0 6720.0 598.0   0.0   54144.0  16318.1   135016.0   99427.0   80128.0 77203.6 10496.0 9450.9    234    2.160   6      1.213   -          -    3.373
         2680.6 6720.0 6720.0 598.0   0.0   54144.0  16318.1   135016.0   99427.0   80128.0 77203.6 10496.0 9450.9    234    2.160   6      1.213   -          -    3.373
         2681.6 6720.0 6720.0 598.0   0.0   54144.0  16318.1   135016.0   99427.0   80128.0 77203.6 10496.0 9450.9    234    2.160   6      1.213   -          -    3.373
         2682.6 6720.0 6720.0 598.0   0.0   54144.0  16320.7   135016.0   99427.0   80128.0 77203.6 10496.0 9450.9    234    2.160   6      1.213   -          -    3.373
         2683.6 6720.0 6720.0 598.0   0.0   54144.0  16406.6   135016.0   99427.0   80128.0 77203.6 10496.0 9450.9    234    2.160   6      1.213   -          -    3.373
         2684.7 6720.0 6720.0 598.0   0.0   54144.0  16406.6   135016.0   99427.0   80128.0 77203.6 10496.0 9450.9    234    2.160   6      1.213   -          -    3.373
         2685.7 6720.0 6720.0 598.0   0.0   54144.0  16406.6   135016.0   99427.0   80128.0 77203.6 10496.0 9450.9    234    2.160   6      1.213   -          -    3.373
         2686.7 6720.0 6720.0 598.0   0.0   54144.0  16406.6   135016.0   99427.0   80128.0 77203.6 10496.0 9450.9    234    2.160   6      1.213   -          -    3.373
         2687.6 6720.0 6720.0 598.0   0.0   54144.0  16406.6   135016.0   99427.0   80128.0 77203.6 10496.0 9450.9    234    2.160   6      1.213   -          -    3.373
         2688.6 6720.0 6720.0 598.0   0.0   54144.0  16406.6   135016.0   99427.0   80128.0 77203.6 10496.0 9450.9    234    2.160   6      1.213   -          -    3.373
         2689.6 6720.0 6720.0 598.0   0.0   54144.0  16406.6   135016.0   99427.0   80128.0 77203.6 10496.0 9450.9    234    2.160   6      1.213   -          -    3.373
         2690.6 6720.0 6720.0 598.0   0.0   54144.0  16406.6   135016.0   99427.0   80128.0 77203.6 10496.0 9450.9    234    2.160   6      1.213   -          -    3.373
         2691.6 6720.0 6720.0 598.0   0.0   54144.0  16406.6   135016.0   99427.0   80128.0 77203.6 10496.0 9450.9    234    2.160   6      1.213   -          -    3.373
         2692.6 6720.0 6720.0 598.0   0.0   54144.0  16409.2   135016.0   99427.0   80128.0 77203.6 10496.0 9450.9    234    2.160   6      1.213   -          -    3.373
         2693.6 6720.0 6720.0 598.0   0.0   54144.0  16495.2   135016.0   99427.0   80128.0 77203.6 10496.0 9450.9    234    2.160   6      1.213   -          -    3.373
         2694.6 6720.0 6720.0 598.0   0.0   54144.0  16495.2   135016.0   99427.0   80128.0 77203.6 10496.0 9450.9    234    2.160   6      1.213   -          -    3.373
         2695.6 6720.0 6720.0 598.0   0.0   54144.0  16495.2   135016.0   99427.0   80128.0 77203.6 10496.0 9450.9    234    2.160   6      1.213   -          -    3.373
         2696.7 6720.0 6720.0 598.0   0.0   54144.0  16495.2   135016.0   99427.0   80128.0 77203.6 10496.0 9450.9    234    2.160   6      1.213   -          -    3.373
         2697.7 6720.0 6720.0 598.0   0.0   54144.0  16495.2   135016.0   99427.0   80128.0 77203.6 10496.0 9450.9    234    2.160   6      1.213   -          -    3.373
         2698.7 6720.0 6720.0 598.0   0.0   54144.0  16495.2   135016.0   99427.0   80128.0 77203.6 10496.0 9450.9    234    2.160   6      1.213   -          -    3.373
         2699.7 6720.0 6720.0 598.0   0.0   54144.0  16495.2   135016.0   99427.0   80128.0 77203.6 10496.0 9450.9    234    2.160   6      1.213   -          -    3.373
         2700.7 6720.0 6720.0 598.0   0.0   54144.0  16495.2   135016.0   99427.0   80128.0 77203.6 10496.0 9450.9    234    2.160   6      1.213   -          -    3.373
