Timestamp        S0C    S1C    S0U    S1U      EC       EU        OC         OU       MC     MU    CCSC   CCSU   YGC     YGCT    FGC    FGCT    CGC    CGCT     GCT   
         3810.5 4672.0 4672.0  0.0   2900.0 37504.0   8739.3   93560.0    76168.3   105216.0 101918.0 14080.0 12827.1    259    1.655   5      0.571   -          -    2.227
         3811.5 4672.0 4672.0  0.0   2900.0 37504.0   8741.9   93560.0    76168.3   105216.0 101918.0 14080.0 12827.1    259    1.655   5      0.571   -          -    2.227
         3812.5 4672.0 4672.0  0.0   2900.0 37504.0   8744.5   93560.0    76168.3   105216.0 101918.0 14080.0 12827.1    259    1.655   5      0.571   -          -    2.227
         3813.5 4672.0 4672.0  0.0   2900.0 37504.0   8744.5   93560.0    76168.3   105216.0 101918.0 14080.0 12827.1    259    1.655   5      0.571   -          -    2.227
         3814.5 4672.0 4672.0  0.0   2900.0 37504.0   8744.5   93560.0    76168.3   105216.0 101918.0 14080.0 12827.1    259    1.655   5      0.571   -          -    2.227
         3815.5 4672.0 4672.0  0.0   2900.0 37504.0   8744.5   93560.0    76168.3   105216.0 101918.0 14080.0 12827.1    259    1.655   5      0.571   -          -    2.227
         3816.5 4672.0 4672.0  0.0   2900.0 37504.0   8744.5   93560.0    76168.3   105216.0 101918.0 14080.0 12827.1    259    1.655   5      0.571   -          -    2.227
         3817.6 4672.0 4672.0  0.0   2900.0 37504.0   8744.5   93560.0    76168.3   105216.0 101918.0 14080.0 12827.1    259    1.655   5      0.571   -          -    2.227
         3818.6 4672.0 4672.0  0.0   2900.0 37504.0   8744.5   93560.0    76168.3   105216.0 101918.0 14080.0 12827.1    259    1.655   5      0.571   -          -    2.227
         3819.6 4672.0 4672.0  0.0   2900.0 37504.0   8744.5   93560.0    76168.3   105216.0 101918.0 14080.0 12827.1    259    1.655   5      0.571   -          -    2.227
         3820.6 4672.0 4672.0  0.0   2900.0 37504.0   8901.5   93560.0    76168.3   105216.0 101918.0 14080.0 12827.1    259    1.655   5      0.571   -          -    2.227
         3821.6 4672.0 4672.0  0.0   2900.0 37504.0   8918.4   93560.0    76168.3   105216.0 101918.0 14080.0 12827.1    259    1.655   5      0.571   -          -    2.227
         3822.6 4672.0 4672.0  0.0   2900.0 37504.0   8921.0   93560.0    76168.3   105216.0 101918.0 14080.0 12827.1    259    1.655   5      0.571   -          -    2.227
         3823.6 4672.0 4672.0  0.0   2900.0 37504.0   8921.0   93560.0    76168.3   105216.0 101918.0 14080.0 12827.1    259    1.655   5      0.571   -          -    2.227
         3824.6 4672.0 4672.0  0.0   2900.0 37504.0   8921.0   93560.0    76168.3   105216.0 101918.0 14080.0 12827.1    259    1.655   5      0.571   -          -    2.227
         3825.6 4672.0 4672.0  0.0   2900.0 37504.0   8921.0   93560.0    76168.3   105216.0 101918.0 14080.0 12827.1    259    1.655   5      0.571   -          -    2.227
         3826.6 4672.0 4672.0  0.0   2900.0 37504.0   8921.0   93560.0    76168.3   105216.0 101918.0 14080.0 12827.1    259    1.655   5      0.571   -          -    2.227
         3827.6 4672.0 4672.0  0.0   2900.0 37504.0   8921.0   93560.0    76168.3   105216.0 101918.0 14080.0 12827.1    259    1.655   5      0.571   -          -    2.227
         3828.6 4672.0 4672.0  0.0   2900.0 37504.0   8921.0   93560.0    76168.3   105216.0 101918.0 14080.0 12827.1    259    1.655   5      0.571   -          -    2.227
         3829.6 4672.0 4672.0  0.0   2900.0 37504.0   8921.0   93560.0    76168.3   105216.0 101918.0 14080.0 12827.1    259    1.655   5      0.571   -          -    2.227
         3830.6 4672.0 4672.0  0.0   2900.0 37504.0   8998.2   93560.0    76168.3   105216.0 101918.0 14080.0 12827.1    259    1.655   5      0.571   -          -    2.227
         3831.6 4672.0 4672.0  0.0   2900.0 37504.0   8998.2   93560.0    76168.3   105216.0 101918.0 14080.0 12827.1    259    1.655   5      0.571   -          -    2.227
         3832.6 4672.0 4672.0  0.0   2900.0 37504.0   9003.4   93560.0    76168.3   105216.0 101918.0 14080.0 12827.1    259    1.655   5      0.571   -          -    2.227
         3833.6 4672.0 4672.0  0.0   2900.0 37504.0   9003.4   93560.0    76168.3   105216.0 101918.0 14080.0 12827.1    259    1.655   5      0.571   -          -    2.227
         3834.6 4672.0 4672.0  0.0   2900.0 37504.0   9003.4   93560.0    76168.3   105216.0 101918.0 14080.0 12827.1    259    1.655   5      0.571   -          -    2.227
         3835.6 4672.0 4672.0  0.0   2900.0 37504.0   9003.4   93560.0    76168.3   105216.0 101918.0 14080.0 12827.1    259    1.655   5      0.571   -          -    2.227
         3836.6 4672.0 4672.0  0.0   2900.0 37504.0   9003.4   93560.0    76168.3   105216.0 101918.0 14080.0 12827.1    259    1.655   5      0.571   -          -    2.227
         3837.6 4672.0 4672.0  0.0   2900.0 37504.0   9003.4   93560.0    76168.3   105216.0 101918.0 14080.0 12827.1    259    1.655   5      0.571   -          -    2.227
         3838.6 4672.0 4672.0  0.0   2900.0 37504.0   9003.4   93560.0    76168.3   105216.0 101918.0 14080.0 12827.1    259    1.655   5      0.571   -          -    2.227
         3839.6 4672.0 4672.0  0.0   2900.0 37504.0   9003.4   93560.0    76168.3   105216.0 101918.0 14080.0 12827.1    259    1.655   5      0.571   -          -    2.227
         3840.6 4672.0 4672.0  0.0   2900.0 37504.0   9080.6   93560.0    76168.3   105216.0 101918.0 14080.0 12827.1    259    1.655   5      0.571   -          -    2.227
         3841.6 4672.0 4672.0  0.0   2900.0 37504.0   9080.6   93560.0    76168.3   105216.0 101918.0 14080.0 12827.1    259    1.655   5      0.571   -          -    2.227
         3842.6 4672.0 4672.0  0.0   2900.0 37504.0   9083.2   93560.0    76168.3   105216.0 101918.0 14080.0 12827.1    259    1.655   5      0.571   -          -    2.227
         3843.6 4672.0 4672.0  0.0   2900.0 37504.0   9083.2   93560.0    76168.3   105216.0 101918.0 14080.0 12827.1    259    1.655   5      0.571   -          -    2.227
         3844.6 4672.0 4672.0  0.0   2900.0 37504.0   9083.2   93560.0    76168.3   105216.0 101918.0 14080.0 12827.1    259    1.655   5      0.571   -          -    2.227
         3845.6 4672.0 4672.0  0.0   2900.0 37504.0   9083.2   93560.0    76168.3   105216.0 101918.0 14080.0 12827.1    259    1.655   5      0.571   -          -    2.227
         3846.6 4672.0 4672.0  0.0   2900.0 37504.0   9083.2   93560.0    76168.3   105216.0 101918.0 14080.0 12827.1    259    1.655   5      0.571   -          -    2.227
         3847.6 4672.0 4672.0  0.0   2900.0 37504.0   9083.2   93560.0    76168.3   105216.0 101918.0 14080.0 12827.1    259    1.655   5      0.571   -          -    2.227
         3848.6 4672.0 4672.0  0.0   2900.0 37504.0   9085.8   93560.0    76168.3   105216.0 101918.0 14080.0 12827.1    259    1.655   5      0.571   -          -    2.227
         3849.6 4672.0 4672.0  0.0   2900.0 37504.0   9085.8   93560.0    76168.3   105216.0 101918.0 14080.0 12827.1    259    1.655   5      0.571   -          -    2.227
         3850.6 4672.0 4672.0  0.0   2900.0 37504.0   9177.0   93560.0    76168.3   105216.0 101918.0 14080.0 12827.1    259    1.655   5      0.571   -          -    2.227
         3851.6 4672.0 4672.0  0.0   2900.0 37504.0   9194.0   93560.0    76168.3   105216.0 101918.0 14080.0 12827.1    259    1.655   5      0.571   -          -    2.227
         3852.6 4672.0 4672.0  0.0   2900.0 37504.0   9196.6   93560.0    76168.3   105216.0 101918.0 14080.0 12827.1    259    1.655   5      0.571   -          -    2.227
         3853.6 4672.0 4672.0  0.0   2900.0 37504.0   9196.6   93560.0    76168.3   105216.0 101918.0 14080.0 12827.1    259    1.655   5      0.571   -          -    2.227
         3854.6 4672.0 4672.0  0.0   2900.0 37504.0   9196.6   93560.0    76168.3   105216.0 101918.0 14080.0 12827.1    259    1.655   5      0.571   -          -    2.227
         3855.6 4672.0 4672.0  0.0   2900.0 37504.0   9196.6   93560.0    76168.3   105216.0 101918.0 14080.0 12827.1    259    1.655   5      0.571   -          -    2.227
         3856.6 4672.0 4672.0  0.0   2900.0 37504.0   9196.6   93560.0    76168.3   105216.0 101918.0 14080.0 12827.1    259    1.655   5      0.571   -          -    2.227
         3857.6 4672.0 4672.0  0.0   2900.0 37504.0   9196.6   93560.0    76168.3   105216.0 101918.0 14080.0 12827.1    259    1.655   5      0.571   -          -    2.227
         3858.6 4672.0 4672.0  0.0   2900.0 37504.0   9196.6   93560.0    76168.3   105216.0 101918.0 14080.0 12827.1    259    1.655   5      0.571   -          -    2.227
         3859.7 4672.0 4672.0  0.0   2900.0 37504.0   9196.6   93560.0    76168.3   105216.0 101918.0 14080.0 12827.1    259    1.655   5      0.571   -          -    2.227
         3860.7 4672.0 4672.0  0.0   2900.0 37504.0   9281.5   93560.0    76168.3   105216.0 101918.0 14080.0 12827.1    259    1.655   5      0.571   -          -    2.227
         3861.6 4672.0 4672.0  0.0   2900.0 37504.0   9281.5   93560.0    76168.3   105216.0 101918.0 14080.0 12827.1    259    1.655   5      0.571   -          -    2.227
         3862.6 4672.0 4672.0  0.0   2900.0 37504.0   9284.1   93560.0    76168.3   105216.0 101918.0 14080.0 12827.1    259    1.655   5      0.571   -          -    2.227
         3863.6 4672.0 4672.0  0.0   2900.0 37504.0   9284.1   93560.0    76168.3   105216.0 101918.0 14080.0 12827.1    259    1.655   5      0.571   -          -    2.227
         3864.6 4672.0 4672.0  0.0   2900.0 37504.0   9284.1   93560.0    76168.3   105216.0 101918.0 14080.0 12827.1    259    1.655   5      0.571   -          -    2.227
         3865.6 4672.0 4672.0  0.0   2900.0 37504.0   9284.1   93560.0    76168.3   105216.0 101918.0 14080.0 12827.1    259    1.655   5      0.571   -          -    2.227
         3866.6 4672.0 4672.0  0.0   2900.0 37504.0   9284.1   93560.0    76168.3   105216.0 101918.0 14080.0 12827.1    259    1.655   5      0.571   -          -    2.227
         3867.6 4672.0 4672.0  0.0   2900.0 37504.0   9284.1   93560.0    76168.3   105216.0 101918.0 14080.0 12827.1    259    1.655   5      0.571   -          -    2.227
         3868.6 4672.0 4672.0  0.0   2900.0 37504.0   9284.1   93560.0    76168.3   105216.0 101918.0 14080.0 12827.1    259    1.655   5      0.571   -          -    2.227
         3869.6 4672.0 4672.0  0.0   2900.0 37504.0   9284.1   93560.0    76168.3   105216.0 101918.0 14080.0 12827.1    259    1.655   5      0.571   -          -    2.227
         3870.6 4672.0 4672.0  0.0   2900.0 37504.0   9377.1   93560.0    76168.3   105216.0 101918.0 14080.0 12827.1    259    1.655   5      0.571   -          -    2.227
         3871.6 4672.0 4672.0  0.0   2900.0 37504.0   9377.1   93560.0    76168.3   105216.0 101918.0 14080.0 12827.1    259    1.655   5      0.571   -          -    2.227
         3872.7 4672.0 4672.0  0.0   2900.0 37504.0   9379.7   93560.0    76168.3   105216.0 101918.0 14080.0 12827.1    259    1.655   5      0.571   -          -    2.227
         3873.7 4672.0 4672.0  0.0   2900.0 37504.0   9379.7   93560.0    76168.3   105216.0 101918.0 14080.0 12827.1    259    1.655   5      0.571   -          -    2.227
         3874.7 4672.0 4672.0  0.0   2900.0 37504.0   9379.7   93560.0    76168.3   105216.0 101918.0 14080.0 12827.1    259    1.655   5      0.571   -          -    2.227
         3875.7 4672.0 4672.0  0.0   2900.0 37504.0   9379.7   93560.0    76168.3   105216.0 101918.0 14080.0 12827.1    259    1.655   5      0.571   -          -    2.227
         3876.7 4672.0 4672.0  0.0   2900.0 37504.0   9379.7   93560.0    76168.3   105216.0 101918.0 14080.0 12827.1    259    1.655   5      0.571   -          -    2.227
         3877.7 4672.0 4672.0  0.0   2900.0 37504.0   9379.7   93560.0    76168.3   105216.0 101918.0 14080.0 12827.1    259    1.655   5      0.571   -          -    2.227
         3878.7 4672.0 4672.0  0.0   2900.0 37504.0   9379.7   93560.0    76168.3   105216.0 101918.0 14080.0 12827.1    259    1.655   5      0.571   -          -    2.227
         3879.7 4672.0 4672.0  0.0   2900.0 37504.0   9379.7   93560.0    76168.3   105216.0 101918.0 14080.0 12827.1    259    1.655   5      0.571   -          -    2.227
         3880.7 4672.0 4672.0  0.0   2900.0 37504.0   9554.1   93560.0    76168.3   105216.0 101918.0 14080.0 12827.1    259    1.655   5      0.571   -          -    2.227
         3881.7 4672.0 4672.0  0.0   2900.0 37504.0   9554.1   93560.0    76168.3   105216.0 101918.0 14080.0 12827.1    259    1.655   5      0.571   -          -    2.227
         3882.6 4672.0 4672.0  0.0   2900.0 37504.0   9556.7   93560.0    76168.3   105216.0 101918.0 14080.0 12827.1    259    1.655   5      0.571   -          -    2.227
         3883.6 4672.0 4672.0  0.0   2900.0 37504.0   9556.7   93560.0    76168.3   105216.0 101918.0 14080.0 12827.1    259    1.655   5      0.571   -          -    2.227
         3884.6 4672.0 4672.0  0.0   2900.0 37504.0   9559.3   93560.0    76168.3   105216.0 101918.0 14080.0 12827.1    259    1.655   5      0.571   -          -    2.227
         3885.6 4672.0 4672.0  0.0   2900.0 37504.0   9561.9   93560.0    76168.3   105216.0 101918.0 14080.0 12827.1    259    1.655   5      0.571   -          -    2.227
         3886.7 4672.0 4672.0  0.0   2900.0 37504.0   9561.9   93560.0    76168.3   105216.0 101918.0 14080.0 12827.1    259    1.655   5      0.571   -          -    2.227
         3887.7 4672.0 4672.0  0.0   2900.0 37504.0   9561.9   93560.0    76168.3   105216.0 101918.0 14080.0 12827.1    259    1.655   5      0.571   -          -    2.227
         3888.7 4672.0 4672.0  0.0   2900.0 37504.0   9561.9   93560.0    76168.3   105216.0 101918.0 14080.0 12827.1    259    1.655   5      0.571   -          -    2.227
         3889.7 4672.0 4672.0  0.0   2900.0 37504.0   9561.9   93560.0    76168.3   105216.0 101918.0 14080.0 12827.1    259    1.655   5      0.571   -          -    2.227
         3890.7 4672.0 4672.0  0.0   2900.0 37504.0   9639.1   93560.0    76168.3   105216.0 101918.0 14080.0 12827.1    259    1.655   5      0.571   -          -    2.227
         3891.7 4672.0 4672.0  0.0   2900.0 37504.0   9639.1   93560.0    76168.3   105216.0 101918.0 14080.0 12827.1    259    1.655   5      0.571   -          -    2.227
         3892.7 4672.0 4672.0  0.0   2900.0 37504.0   9641.7   93560.0    76168.3   105216.0 101918.0 14080.0 12827.1    259    1.655   5      0.571   -          -    2.227
         3893.7 4672.0 4672.0  0.0   2900.0 37504.0   9641.7   93560.0    76168.3   105216.0 101918.0 14080.0 12827.1    259    1.655   5      0.571   -          -    2.227
         3894.7 4672.0 4672.0  0.0   2900.0 37504.0   9641.7   93560.0    76168.3   105216.0 101918.0 14080.0 12827.1    259    1.655   5      0.571   -          -    2.227
         3895.7 4672.0 4672.0  0.0   2900.0 37504.0   9641.7   93560.0    76168.3   105216.0 101918.0 14080.0 12827.1    259    1.655   5      0.571   -          -    2.227
         3896.7 4672.0 4672.0  0.0   2900.0 37504.0   9641.7   93560.0    76168.3   105216.0 101918.0 14080.0 12827.1    259    1.655   5      0.571   -          -    2.227
         3897.7 4672.0 4672.0 2958.7  0.0   37504.0  25545.1   93560.0    76812.6   105216.0 102103.9 14080.0 12827.6    260    1.670   5      0.571   -          -    2.241
         3898.7 4672.0 4672.0 903.9   0.0   37504.0  14209.9   93560.0    79860.5   105472.0 102281.5 14080.0 12828.1    262    1.687   5      0.571   -          -    2.258
         3899.7 4672.0 4672.0 2356.1  0.0   37504.0  15761.5   93560.0    79860.5   105728.0 102408.8 14080.0 12828.1    264    1.700   5      0.571   -          -    2.271
         3900.7 4672.0 4672.0 1369.0  0.0   37504.0  26692.4   93560.0    80195.3   105728.0 102569.3 14080.0 12828.1    266    1.713   5      0.571   -          -    2.284
         3901.7 4672.0 4672.0  0.0   1661.7 37504.0  22662.0   93560.0    80195.3   105984.0 102644.9 14080.0 12829.1    267    1.721   5      0.571   -          -    2.292
         3902.7 4672.0 4672.0  0.0   1661.7 37504.0  31419.7   93560.0    80195.3   105984.0 102644.9 14080.0 12829.1    267    1.721   5      0.571   -          -    2.292
         3903.7 4672.0 4672.0  0.0   1661.7 37504.0  33047.9   93560.0    80195.3   105984.0 102644.9 14080.0 12829.1    267    1.721   5      0.571   -          -    2.292
         3904.7 4672.0 4672.0  0.0   1661.7 37504.0  33047.9   93560.0    80195.3   105984.0 102644.9 14080.0 12829.1    267    1.721   5      0.571   -          -    2.292
         3905.7 4672.0 4672.0  0.0   1661.7 37504.0  33047.9   93560.0    80195.3   105984.0 102644.9 14080.0 12829.1    267    1.721   5      0.571   -          -    2.292
         3906.7 4672.0 4672.0  0.0   1661.7 37504.0  33047.9   93560.0    80195.3   105984.0 102644.9 14080.0 12829.1    267    1.721   5      0.571   -          -    2.292
         3907.7 4672.0 4672.0  0.0   1661.7 37504.0  33047.9   93560.0    80195.3   105984.0 102644.9 14080.0 12829.1    267    1.721   5      0.571   -          -    2.292
         3908.7 4672.0 4672.0  0.0   1661.7 37504.0  33047.9   93560.0    80195.3   105984.0 102644.9 14080.0 12829.1    267    1.721   5      0.571   -          -    2.292
         3909.7 4672.0 4672.0  0.0   1661.7 37504.0  33047.9   93560.0    80195.3   105984.0 102644.9 14080.0 12829.1    267    1.721   5      0.571   -          -    2.292
         3910.7 4672.0 4672.0  0.0   1661.7 37504.0  33318.5   93560.0    80195.3   105984.0 102644.9 14080.0 12829.1    267    1.721   5      0.571   -          -    2.292
         3911.7 4672.0 4672.0  0.0   1661.7 37504.0  33321.1   93560.0    80195.3   105984.0 102644.9 14080.0 12829.1    267    1.721   5      0.571   -          -    2.292
         3912.7 4672.0 4672.0  0.0   1661.7 37504.0  33321.1   93560.0    80195.3   105984.0 102644.9 14080.0 12829.1    267    1.721   5      0.571   -          -    2.292
         3913.7 4672.0 4672.0  0.0   1661.7 37504.0  33321.1   93560.0    80195.3   105984.0 102644.9 14080.0 12829.1    267    1.721   5      0.571   -          -    2.292
         3914.7 4672.0 4672.0  0.0   1661.7 37504.0  33321.1   93560.0    80195.3   105984.0 102644.9 14080.0 12829.1    267    1.721   5      0.571   -          -    2.292
         3915.7 4672.0 4672.0  0.0   1661.7 37504.0  33321.1   93560.0    80195.3   105984.0 102644.9 14080.0 12829.1    267    1.721   5      0.571   -          -    2.292
         3916.7 4672.0 4672.0  0.0   1661.7 37504.0  33321.1   93560.0    80195.3   105984.0 102644.9 14080.0 12829.1    267    1.721   5      0.571   -          -    2.292
         3917.7 4672.0 4672.0  0.0   1661.7 37504.0  33321.1   93560.0    80195.3   105984.0 102644.9 14080.0 12829.1    267    1.721   5      0.571   -          -    2.292
         3918.7 4672.0 4672.0  0.0   1661.7 37504.0  33321.1   93560.0    80195.3   105984.0 102644.9 14080.0 12829.1    267    1.721   5      0.571   -          -    2.292
         3919.7 4672.0 4672.0  0.0   1661.7 37504.0  33321.1   93560.0    80195.3   105984.0 102644.9 14080.0 12829.1    267    1.721   5      0.571   -          -    2.292
         3920.7 4672.0 4672.0  0.0   1661.7 37504.0  33403.3   93560.0    80195.3   105984.0 102644.9 14080.0 12829.1    267    1.721   5      0.571   -          -    2.292
         3921.7 4672.0 4672.0  0.0   1661.7 37504.0  33405.9   93560.0    80195.3   105984.0 102644.9 14080.0 12829.1    267    1.721   5      0.571   -          -    2.292
         3922.7 4672.0 4672.0  0.0   1661.7 37504.0  33405.9   93560.0    80195.3   105984.0 102644.9 14080.0 12829.1    267    1.721   5      0.571   -          -    2.292
         3923.7 4672.0 4672.0  0.0   1661.7 37504.0  33405.9   93560.0    80195.3   105984.0 102644.9 14080.0 12829.1    267    1.721   5      0.571   -          -    2.292
         3924.7 4672.0 4672.0  0.0   1661.7 37504.0  33405.9   93560.0    80195.3   105984.0 102644.9 14080.0 12829.1    267    1.721   5      0.571   -          -    2.292
         3925.7 4672.0 4672.0  0.0   1661.7 37504.0  33410.1   93560.0    80195.3   105984.0 102644.9 14080.0 12829.1    267    1.721   5      0.571   -          -    2.292
         3926.7 4672.0 4672.0  0.0   1661.7 37504.0  33412.7   93560.0    80195.3   105984.0 102644.9 14080.0 12829.1    267    1.721   5      0.571   -          -    2.292
         3927.7 4672.0 4672.0  0.0   1661.7 37504.0  33412.7   93560.0    80195.3   105984.0 102644.9 14080.0 12829.1    267    1.721   5      0.571   -          -    2.292
         3928.7 4672.0 4672.0  0.0   1661.7 37504.0  33412.7   93560.0    80195.3   105984.0 102644.9 14080.0 12829.1    267    1.721   5      0.571   -          -    2.292
         3929.7 4672.0 4672.0  0.0   1661.7 37504.0  33412.7   93560.0    80195.3   105984.0 102644.9 14080.0 12829.1    267    1.721   5      0.571   -          -    2.292
         3930.7 4672.0 4672.0  0.0   1661.7 37504.0  33486.8   93560.0    80195.3   105984.0 102644.9 14080.0 12829.1    267    1.721   5      0.571   -          -    2.292
         3931.7 4672.0 4672.0  0.0   1661.7 37504.0  33489.4   93560.0    80195.3   105984.0 102644.9 14080.0 12829.1    267    1.721   5      0.571   -          -    2.292
         3932.7 4672.0 4672.0  0.0   1661.7 37504.0  33489.4   93560.0    80195.3   105984.0 102644.9 14080.0 12829.1    267    1.721   5      0.571   -          -    2.292
         3933.7 4672.0 4672.0  0.0   1661.7 37504.0  33489.4   93560.0    80195.3   105984.0 102644.9 14080.0 12829.1    267    1.721   5      0.571   -          -    2.292
         3934.7 4672.0 4672.0  0.0   1661.7 37504.0  33489.4   93560.0    80195.3   105984.0 102644.9 14080.0 12829.1    267    1.721   5      0.571   -          -    2.292
         3935.7 4672.0 4672.0  0.0   1661.7 37504.0  33489.4   93560.0    80195.3   105984.0 102644.9 14080.0 12829.1    267    1.721   5      0.571   -          -    2.292
         3936.7 4672.0 4672.0  0.0   1661.7 37504.0  33489.4   93560.0    80195.3   105984.0 102644.9 14080.0 12829.1    267    1.721   5      0.571   -          -    2.292
         3937.7 4672.0 4672.0  0.0   1661.7 37504.0  33489.4   93560.0    80195.3   105984.0 102644.9 14080.0 12829.1    267    1.721   5      0.571   -          -    2.292
         3938.7 4672.0 4672.0  0.0   1661.7 37504.0  33489.4   93560.0    80195.3   105984.0 102644.9 14080.0 12829.1    267    1.721   5      0.571   -          -    2.292
         3939.7 4672.0 4672.0  0.0   1661.7 37504.0  33518.0   93560.0    80195.3   105984.0 102644.9 14080.0 12829.1    267    1.721   5      0.571   -          -    2.292
         3940.7 4672.0 4672.0  0.0   1661.7 37504.0  33689.5   93560.0    80195.3   105984.0 102644.9 14080.0 12829.1    267    1.721   5      0.571   -          -    2.292
         3941.7 4672.0 4672.0  0.0   1661.7 37504.0  33692.1   93560.0    80195.3   105984.0 102644.9 14080.0 12829.1    267    1.721   5      0.571   -          -    2.292
         3942.7 4672.0 4672.0  0.0   1661.7 37504.0  33692.1   93560.0    80195.3   105984.0 102644.9 14080.0 12829.1    267    1.721   5      0.571   -          -    2.292
         3943.7 4672.0 4672.0  0.0   1661.7 37504.0  33692.1   93560.0    80195.3   105984.0 102644.9 14080.0 12829.1    267    1.721   5      0.571   -          -    2.292
         3944.7 4672.0 4672.0  0.0   1661.7 37504.0  33692.1   93560.0    80195.3   105984.0 102644.9 14080.0 12829.1    267    1.721   5      0.571   -          -    2.292
         3945.7 4672.0 4672.0  0.0   1661.7 37504.0  33692.1   93560.0    80195.3   105984.0 102644.9 14080.0 12829.1    267    1.721   5      0.571   -          -    2.292
         3946.7 4672.0 4672.0  0.0   1661.7 37504.0  33692.1   93560.0    80195.3   105984.0 102644.9 14080.0 12829.1    267    1.721   5      0.571   -          -    2.292
         3947.7 4672.0 4672.0  0.0   1661.7 37504.0  33692.1   93560.0    80195.3   105984.0 102644.9 14080.0 12829.1    267    1.721   5      0.571   -          -    2.292
         3948.7 4672.0 4672.0  0.0   1661.7 37504.0  33692.1   93560.0    80195.3   105984.0 102644.9 14080.0 12829.1    267    1.721   5      0.571   -          -    2.292
         3949.7 4672.0 4672.0  0.0   1661.7 37504.0  33692.1   93560.0    80195.3   105984.0 102644.9 14080.0 12829.1    267    1.721   5      0.571   -          -    2.292
         3950.7 4672.0 4672.0  0.0   1661.7 37504.0  33766.1   93560.0    80195.3   105984.0 102644.9 14080.0 12829.1    267    1.721   5      0.571   -          -    2.292
         3951.7 4672.0 4672.0  0.0   1661.7 37504.0  33768.7   93560.0    80195.3   105984.0 102644.9 14080.0 12829.1    267    1.721   5      0.571   -          -    2.292
         3952.7 4672.0 4672.0  0.0   1661.7 37504.0  33768.7   93560.0    80195.3   105984.0 102644.9 14080.0 12829.1    267    1.721   5      0.571   -          -    2.292
         3953.7 4672.0 4672.0  0.0   1661.7 37504.0  33771.3   93560.0    80195.3   105984.0 102644.9 14080.0 12829.1    267    1.721   5      0.571   -          -    2.292
         3954.7 4672.0 4672.0  0.0   1661.7 37504.0  33771.3   93560.0    80195.3   105984.0 102644.9 14080.0 12829.1    267    1.721   5      0.571   -          -    2.292
         3955.7 4672.0 4672.0  0.0   1661.7 37504.0  33771.3   93560.0    80195.3   105984.0 102644.9 14080.0 12829.1    267    1.721   5      0.571   -          -    2.292
         3956.7 4672.0 4672.0  0.0   1661.7 37504.0  33771.3   93560.0    80195.3   105984.0 102644.9 14080.0 12829.1    267    1.721   5      0.571   -          -    2.292
         3957.7 4672.0 4672.0  0.0   1661.7 37504.0  33771.3   93560.0    80195.3   105984.0 102644.9 14080.0 12829.1    267    1.721   5      0.571   -          -    2.292
         3958.7 4672.0 4672.0  0.0   1661.7 37504.0  33771.3   93560.0    80195.3   105984.0 102644.9 14080.0 12829.1    267    1.721   5      0.571   -          -    2.292
         3959.7 4672.0 4672.0  0.0   1661.7 37504.0  33771.3   93560.0    80195.3   105984.0 102644.9 14080.0 12829.1    267    1.721   5      0.571   -          -    2.292
         3960.7 4672.0 4672.0  0.0   1661.7 37504.0  33845.3   93560.0    80195.3   105984.0 102644.9 14080.0 12829.1    267    1.721   5      0.571   -          -    2.292
         3961.7 4672.0 4672.0  0.0   1661.7 37504.0  33850.5   93560.0    80195.3   105984.0 102644.9 14080.0 12829.1    267    1.721   5      0.571   -          -    2.292
         3962.7 4672.0 4672.0  0.0   1661.7 37504.0  33918.8   93560.0    80195.3   105984.0 102644.9 14080.0 12829.1    267    1.721   5      0.571   -          -    2.292
         3963.7 4672.0 4672.0  0.0   1661.7 37504.0  33949.8   93560.0    80195.3   105984.0 102644.9 14080.0 12829.1    267    1.721   5      0.571   -          -    2.292
         3964.7 4672.0 4672.0  0.0   1661.7 37504.0  33949.8   93560.0    80195.3   105984.0 102644.9 14080.0 12829.1    267    1.721   5      0.571   -          -    2.292
         3965.7 4672.0 4672.0  0.0   1661.7 37504.0  33949.8   93560.0    80195.3   105984.0 102644.9 14080.0 12829.1    267    1.721   5      0.571   -          -    2.292
         3966.7 4672.0 4672.0  0.0   1661.7 37504.0  33949.8   93560.0    80195.3   105984.0 102644.9 14080.0 12829.1    267    1.721   5      0.571   -          -    2.292
         3967.7 4672.0 4672.0  0.0   1661.7 37504.0  33949.8   93560.0    80195.3   105984.0 102644.9 14080.0 12829.1    267    1.721   5      0.571   -          -    2.292
         3968.7 4672.0 4672.0  0.0   1661.7 37504.0  33949.8   93560.0    80195.3   105984.0 102644.9 14080.0 12829.1    267    1.721   5      0.571   -          -    2.292
         3969.7 4672.0 4672.0  0.0   1661.7 37504.0  33949.8   93560.0    80195.3   105984.0 102644.9 14080.0 12829.1    267    1.721   5      0.571   -          -    2.292
         3970.7 4672.0 4672.0  0.0   1661.7 37504.0  34109.6   93560.0    80195.3   105984.0 102644.9 14080.0 12829.1    267    1.721   5      0.571   -          -    2.292
         3971.7 4672.0 4672.0  0.0   1661.7 37504.0  34112.2   93560.0    80195.3   105984.0 102644.9 14080.0 12829.1    267    1.721   5      0.571   -          -    2.292
         3972.7 4672.0 4672.0  0.0   1661.7 37504.0  34112.2   93560.0    80195.3   105984.0 102644.9 14080.0 12829.1    267    1.721   5      0.571   -          -    2.292
         3973.7 4672.0 4672.0  0.0   1661.7 37504.0  34114.8   93560.0    80195.3   105984.0 102644.9 14080.0 12829.1    267    1.721   5      0.571   -          -    2.292
         3974.7 4672.0 4672.0  0.0   1661.7 37504.0  34114.8   93560.0    80195.3   105984.0 102644.9 14080.0 12829.1    267    1.721   5      0.571   -          -    2.292
         3975.8 4672.0 4672.0  0.0   1661.7 37504.0  34114.8   93560.0    80195.3   105984.0 102644.9 14080.0 12829.1    267    1.721   5      0.571   -          -    2.292
         3976.7 4672.0 4672.0  0.0   1661.7 37504.0  34114.8   93560.0    80195.3   105984.0 102644.9 14080.0 12829.1    267    1.721   5      0.571   -          -    2.292
         3977.7 4672.0 4672.0  0.0   1661.7 37504.0  34114.8   93560.0    80195.3   105984.0 102644.9 14080.0 12829.1    267    1.721   5      0.571   -          -    2.292
         3978.7 4672.0 4672.0  0.0   1661.7 37504.0  34114.8   93560.0    80195.3   105984.0 102644.9 14080.0 12829.1    267    1.721   5      0.571   -          -    2.292
         3979.7 4672.0 4672.0  0.0   1661.7 37504.0  34114.8   93560.0    80195.3   105984.0 102644.9 14080.0 12829.1    267    1.721   5      0.571   -          -    2.292
         3980.7 4672.0 4672.0  0.0   1661.7 37504.0  34188.8   93560.0    80195.3   105984.0 102644.9 14080.0 12829.1    267    1.721   5      0.571   -          -    2.292
         3981.7 4672.0 4672.0  0.0   1661.7 37504.0  34191.4   93560.0    80195.3   105984.0 102644.9 14080.0 12829.1    267    1.721   5      0.571   -          -    2.292
         3982.7 4672.0 4672.0  0.0   1661.7 37504.0  34191.4   93560.0    80195.3   105984.0 102644.9 14080.0 12829.1    267    1.721   5      0.571   -          -    2.292
         3983.7 4672.0 4672.0  0.0   1661.7 37504.0  34191.4   93560.0    80195.3   105984.0 102644.9 14080.0 12829.1    267    1.721   5      0.571   -          -    2.292
         3984.7 4672.0 4672.0  0.0   1661.7 37504.0  34191.4   93560.0    80195.3   105984.0 102644.9 14080.0 12829.1    267    1.721   5      0.571   -          -    2.292
         3985.7 4672.0 4672.0  0.0   1661.7 37504.0  34191.4   93560.0    80195.3   105984.0 102644.9 14080.0 12829.1    267    1.721   5      0.571   -          -    2.292
         3986.7 4672.0 4672.0  0.0   1661.7 37504.0  34191.4   93560.0    80195.3   105984.0 102644.9 14080.0 12829.1    267    1.721   5      0.571   -          -    2.292
         3987.7 4672.0 4672.0  0.0   1661.7 37504.0  34191.4   93560.0    80195.3   105984.0 102644.9 14080.0 12829.1    267    1.721   5      0.571   -          -    2.292
         3988.8 4672.0 4672.0  0.0   1661.7 37504.0  34191.4   93560.0    80195.3   105984.0 102644.9 14080.0 12829.1    267    1.721   5      0.571   -          -    2.292
         3989.8 4672.0 4672.0  0.0   1661.7 37504.0  34191.4   93560.0    80195.3   105984.0 102644.9 14080.0 12829.1    267    1.721   5      0.571   -          -    2.292
         3990.8 4672.0 4672.0  0.0   1661.7 37504.0  34265.5   93560.0    80195.3   105984.0 102644.9 14080.0 12829.1    267    1.721   5      0.571   -          -    2.292
         3991.8 4672.0 4672.0  0.0   1661.7 37504.0  34268.1   93560.0    80195.3   105984.0 102644.9 14080.0 12829.1    267    1.721   5      0.571   -          -    2.292
         3992.8 4672.0 4672.0  0.0   1661.7 37504.0  34268.1   93560.0    80195.3   105984.0 102644.9 14080.0 12829.1    267    1.721   5      0.571   -          -    2.292
         3993.7 4672.0 4672.0  0.0   1661.7 37504.0  34268.1   93560.0    80195.3   105984.0 102644.9 14080.0 12829.1    267    1.721   5      0.571   -          -    2.292
         3994.7 4672.0 4672.0  0.0   1661.7 37504.0  34268.1   93560.0    80195.3   105984.0 102644.9 14080.0 12829.1    267    1.721   5      0.571   -          -    2.292
         3995.7 4672.0 4672.0  0.0   1661.7 37504.0  34268.1   93560.0    80195.3   105984.0 102644.9 14080.0 12829.1    267    1.721   5      0.571   -          -    2.292
         3996.7 4672.0 4672.0  0.0   1661.7 37504.0  34268.1   93560.0    80195.3   105984.0 102644.9 14080.0 12829.1    267    1.721   5      0.571   -          -    2.292
         3997.7 4672.0 4672.0  0.0   1661.7 37504.0  34268.1   93560.0    80195.3   105984.0 102644.9 14080.0 12829.1    267    1.721   5      0.571   -          -    2.292
         3998.7 4672.0 4672.0  0.0   1661.7 37504.0  34268.1   93560.0    80195.3   105984.0 102644.9 14080.0 12829.1    267    1.721   5      0.571   -          -    2.292
         3999.7 4672.0 4672.0  0.0   1661.7 37504.0  34268.1   93560.0    80195.3   105984.0 102644.9 14080.0 12829.1    267    1.721   5      0.571   -          -    2.292
         4000.7 4672.0 4672.0  0.0   1661.7 37504.0  34452.3   93560.0    80195.3   105984.0 102644.9 14080.0 12829.1    267    1.721   5      0.571   -          -    2.292
         4001.7 4672.0 4672.0  0.0   1661.7 37504.0  34454.8   93560.0    80195.3   105984.0 102644.9 14080.0 12829.1    267    1.721   5      0.571   -          -    2.292
         4002.8 4672.0 4672.0  0.0   1661.7 37504.0  34454.8   93560.0    80195.3   105984.0 102644.9 14080.0 12829.1    267    1.721   5      0.571   -          -    2.292
         4003.8 4672.0 4672.0  0.0   1661.7 37504.0  34454.8   93560.0    80195.3   105984.0 102644.9 14080.0 12829.1    267    1.721   5      0.571   -          -    2.292
         4004.8 4672.0 4672.0  0.0   1661.7 37504.0  34454.8   93560.0    80195.3   105984.0 102644.9 14080.0 12829.1    267    1.721   5      0.571   -          -    2.292
         4005.8 4672.0 4672.0  0.0   1661.7 37504.0  34454.8   93560.0    80195.3   105984.0 102644.9 14080.0 12829.1    267    1.721   5      0.571   -          -    2.292
         4006.8 4672.0 4672.0  0.0   1661.7 37504.0  34457.4   93560.0    80195.3   105984.0 102644.9 14080.0 12829.1    267    1.721   5      0.571   -          -    2.292
         4007.8 4672.0 4672.0  0.0   1661.7 37504.0  34457.4   93560.0    80195.3   105984.0 102644.9 14080.0 12829.1    267    1.721   5      0.571   -          -    2.292
         4008.8 4672.0 4672.0  0.0   1661.7 37504.0  34457.4   93560.0    80195.3   105984.0 102644.9 14080.0 12829.1    267    1.721   5      0.571   -          -    2.292
         4009.7 4672.0 4672.0  0.0   1661.7 37504.0  34457.4   93560.0    80195.3   105984.0 102644.9 14080.0 12829.1    267    1.721   5      0.571   -          -    2.292
         4010.7 4672.0 4672.0  0.0   1661.7 37504.0  34534.1   93560.0    80195.3   105984.0 102644.9 14080.0 12829.1    267    1.721   5      0.571   -          -    2.292
         4011.7 4672.0 4672.0  0.0   1661.7 37504.0  34536.7   93560.0    80195.3   105984.0 102644.9 14080.0 12829.1    267    1.721   5      0.571   -          -    2.292
         4012.7 4672.0 4672.0  0.0   1661.7 37504.0  34536.7   93560.0    80195.3   105984.0 102644.9 14080.0 12829.1    267    1.721   5      0.571   -          -    2.292
         4013.7 4672.0 4672.0  0.0   1661.7 37504.0  34536.7   93560.0    80195.3   105984.0 102644.9 14080.0 12829.1    267    1.721   5      0.571   -          -    2.292
         4014.7 4672.0 4672.0  0.0   1661.7 37504.0  34536.7   93560.0    80195.3   105984.0 102644.9 14080.0 12829.1    267    1.721   5      0.571   -          -    2.292
         4015.7 4672.0 4672.0  0.0   1661.7 37504.0  34536.7   93560.0    80195.3   105984.0 102644.9 14080.0 12829.1    267    1.721   5      0.571   -          -    2.292
         4016.8 4672.0 4672.0  0.0   1661.7 37504.0  34536.7   93560.0    80195.3   105984.0 102644.9 14080.0 12829.1    267    1.721   5      0.571   -          -    2.292
         4017.8 4672.0 4672.0  0.0   1661.7 37504.0  34536.7   93560.0    80195.3   105984.0 102644.9 14080.0 12829.1    267    1.721   5      0.571   -          -    2.292
         4018.8 4672.0 4672.0  0.0   1661.7 37504.0  34536.7   93560.0    80195.3   105984.0 102644.9 14080.0 12829.1    267    1.721   5      0.571   -          -    2.292
         4019.8 4672.0 4672.0  0.0   1661.7 37504.0  34536.7   93560.0    80195.3   105984.0 102644.9 14080.0 12829.1    267    1.721   5      0.571   -          -    2.292
         4020.8 4672.0 4672.0  0.0   1661.7 37504.0  34618.7   93560.0    80195.3   105984.0 102644.9 14080.0 12829.1    267    1.721   5      0.571   -          -    2.292
         4021.8 4672.0 4672.0  0.0   1661.7 37504.0  34618.7   93560.0    80195.3   105984.0 102644.9 14080.0 12829.1    267    1.721   5      0.571   -          -    2.292
         4022.8 4672.0 4672.0  0.0   1661.7 37504.0  34621.3   93560.0    80195.3   105984.0 102644.9 14080.0 12829.1    267    1.721   5      0.571   -          -    2.292
         4023.8 4672.0 4672.0  0.0   1661.7 37504.0  34621.3   93560.0    80195.3   105984.0 102644.9 14080.0 12829.1    267    1.721   5      0.571   -          -    2.292
         4024.8 4672.0 4672.0  0.0   1661.7 37504.0  34621.3   93560.0    80195.3   105984.0 102644.9 14080.0 12829.1    267    1.721   5      0.571   -          -    2.292
         4025.8 4672.0 4672.0  0.0   1661.7 37504.0  34621.3   93560.0    80195.3   105984.0 102644.9 14080.0 12829.1    267    1.721   5      0.571   -          -    2.292
         4026.8 4672.0 4672.0  0.0   1661.7 37504.0  34621.3   93560.0    80195.3   105984.0 102644.9 14080.0 12829.1    267    1.721   5      0.571   -          -    2.292
         4027.7 4672.0 4672.0  0.0   1661.7 37504.0  34621.3   93560.0    80195.3   105984.0 102644.9 14080.0 12829.1    267    1.721   5      0.571   -          -    2.292
         4028.7 4672.0 4672.0  0.0   1661.7 37504.0  34621.3   93560.0    80195.3   105984.0 102644.9 14080.0 12829.1    267    1.721   5      0.571   -          -    2.292
         4029.7 4672.0 4672.0  0.0   1661.7 37504.0  34621.3   93560.0    80195.3   105984.0 102644.9 14080.0 12829.1    267    1.721   5      0.571   -          -    2.292
         4030.8 4672.0 4672.0  0.0   1661.7 37504.0  34773.9   93560.0    80195.3   105984.0 102644.9 14080.0 12829.1    267    1.721   5      0.571   -          -    2.292
         4031.8 4672.0 4672.0  0.0   1661.7 37504.0  34773.9   93560.0    80195.3   105984.0 102644.9 14080.0 12829.1    267    1.721   5      0.571   -          -    2.292
         4032.8 4672.0 4672.0  0.0   1661.7 37504.0  34776.5   93560.0    80195.3   105984.0 102644.9 14080.0 12829.1    267    1.721   5      0.571   -          -    2.292
         4033.8 4672.0 4672.0  0.0   1661.7 37504.0  34776.5   93560.0    80195.3   105984.0 102644.9 14080.0 12829.1    267    1.721   5      0.571   -          -    2.292
         4034.8 4672.0 4672.0  0.0   1661.7 37504.0  34776.5   93560.0    80195.3   105984.0 102644.9 14080.0 12829.1    267    1.721   5      0.571   -          -    2.292
         4035.8 4672.0 4672.0  0.0   1661.7 37504.0  34776.5   93560.0    80195.3   105984.0 102644.9 14080.0 12829.1    267    1.721   5      0.571   -          -    2.292
         4036.8 4672.0 4672.0  0.0   1661.7 37504.0  34776.5   93560.0    80195.3   105984.0 102644.9 14080.0 12829.1    267    1.721   5      0.571   -          -    2.292
         4037.8 4672.0 4672.0  0.0   1661.7 37504.0  34776.5   93560.0    80195.3   105984.0 102644.9 14080.0 12829.1    267    1.721   5      0.571   -          -    2.292
         4038.8 4672.0 4672.0  0.0   1661.7 37504.0  34776.5   93560.0    80195.3   105984.0 102644.9 14080.0 12829.1    267    1.721   5      0.571   -          -    2.292
         4039.8 4672.0 4672.0  0.0   1661.7 37504.0  34776.5   93560.0    80195.3   105984.0 102644.9 14080.0 12829.1    267    1.721   5      0.571   -          -    2.292
         4040.8 4672.0 4672.0  0.0   1661.7 37504.0  34851.5   93560.0    80195.3   105984.0 102644.9 14080.0 12829.1    267    1.721   5      0.571   -          -    2.292
         4041.8 4672.0 4672.0  0.0   1661.7 37504.0  34851.5   93560.0    80195.3   105984.0 102644.9 14080.0 12829.1    267    1.721   5      0.571   -          -    2.292
         4042.8 4672.0 4672.0  0.0   1661.7 37504.0  34854.1   93560.0    80195.3   105984.0 102644.9 14080.0 12829.1    267    1.721   5      0.571   -          -    2.292
         4043.8 4672.0 4672.0  0.0   1661.7 37504.0  34854.1   93560.0    80195.3   105984.0 102644.9 14080.0 12829.1    267    1.721   5      0.571   -          -    2.292
         4044.8 4672.0 4672.0  0.0   1661.7 37504.0  34854.1   93560.0    80195.3   105984.0 102644.9 14080.0 12829.1    267    1.721   5      0.571   -          -    2.292
         4045.8 4672.0 4672.0  0.0   1661.7 37504.0  34854.1   93560.0    80195.3   105984.0 102644.9 14080.0 12829.1    267    1.721   5      0.571   -          -    2.292
         4046.8 4672.0 4672.0  0.0   1661.7 37504.0  34854.1   93560.0    80195.3   105984.0 102644.9 14080.0 12829.1    267    1.721   5      0.571   -          -    2.292
         4047.8 4672.0 4672.0  0.0   1661.7 37504.0  34856.7   93560.0    80195.3   105984.0 102644.9 14080.0 12829.1    267    1.721   5      0.571   -          -    2.292
         4048.8 4672.0 4672.0  0.0   1661.7 37504.0  34856.7   93560.0    80195.3   105984.0 102644.9 14080.0 12829.1    267    1.721   5      0.571   -          -    2.292
         4049.8 4672.0 4672.0  0.0   1661.7 37504.0  34856.7   93560.0    80195.3   105984.0 102644.9 14080.0 12829.1    267    1.721   5      0.571   -          -    2.292
         4050.8 4672.0 4672.0  0.0   1661.7 37504.0  34930.7   93560.0    80195.3   105984.0 102644.9 14080.0 12829.1    267    1.721   5      0.571   -          -    2.292
         4051.8 4672.0 4672.0  0.0   1661.7 37504.0  34933.3   93560.0    80195.3   105984.0 102644.9 14080.0 12829.1    267    1.721   5      0.571   -          -    2.292
         4052.8 4672.0 4672.0  0.0   1661.7 37504.0  34933.3   93560.0    80195.3   105984.0 102644.9 14080.0 12829.1    267    1.721   5      0.571   -          -    2.292
         4053.8 4672.0 4672.0  0.0   1661.7 37504.0  34933.3   93560.0    80195.3   105984.0 102644.9 14080.0 12829.1    267    1.721   5      0.571   -          -    2.292
         4054.8 4672.0 4672.0  0.0   1661.7 37504.0  34933.3   93560.0    80195.3   105984.0 102644.9 14080.0 12829.1    267    1.721   5      0.571   -          -    2.292
         4055.8 4672.0 4672.0  0.0   1661.7 37504.0  34933.3   93560.0    80195.3   105984.0 102644.9 14080.0 12829.1    267    1.721   5      0.571   -          -    2.292
         4056.8 4672.0 4672.0  0.0   1661.7 37504.0  34933.3   93560.0    80195.3   105984.0 102644.9 14080.0 12829.1    267    1.721   5      0.571   -          -    2.292
         4057.8 4672.0 4672.0  0.0   1661.7 37504.0  34933.3   93560.0    80195.3   105984.0 102644.9 14080.0 12829.1    267    1.721   5      0.571   -          -    2.292
         4058.8 4672.0 4672.0  0.0   1661.7 37504.0  34933.3   93560.0    80195.3   105984.0 102644.9 14080.0 12829.1    267    1.721   5      0.571   -          -    2.292
         4059.8 4672.0 4672.0  0.0   1661.7 37504.0  34933.3   93560.0    80195.3   105984.0 102644.9 14080.0 12829.1    267    1.721   5      0.571   -          -    2.292
         4060.8 4672.0 4672.0  0.0   1661.7 37504.0  35107.2   93560.0    80195.3   105984.0 102644.9 14080.0 12829.1    267    1.721   5      0.571   -          -    2.292
         4061.8 4672.0 4672.0  0.0   1661.7 37504.0  35109.8   93560.0    80195.3   105984.0 102644.9 14080.0 12829.1    267    1.721   5      0.571   -          -    2.292
         4062.8 4672.0 4672.0  0.0   1661.7 37504.0  35109.8   93560.0    80195.3   105984.0 102644.9 14080.0 12829.1    267    1.721   5      0.571   -          -    2.292
         4063.8 4672.0 4672.0  0.0   1661.7 37504.0  35109.8   93560.0    80195.3   105984.0 102644.9 14080.0 12829.1    267    1.721   5      0.571   -          -    2.292
         4064.8 4672.0 4672.0  0.0   1661.7 37504.0  35109.8   93560.0    80195.3   105984.0 102644.9 14080.0 12829.1    267    1.721   5      0.571   -          -    2.292
         4065.8 4672.0 4672.0  0.0   1661.7 37504.0  35109.8   93560.0    80195.3   105984.0 102644.9 14080.0 12829.1    267    1.721   5      0.571   -          -    2.292
         4066.8 4672.0 4672.0  0.0   1661.7 37504.0  35109.8   93560.0    80195.3   105984.0 102644.9 14080.0 12829.1    267    1.721   5      0.571   -          -    2.292
         4067.8 4672.0 4672.0  0.0   1661.7 37504.0  35109.8   93560.0    80195.3   105984.0 102644.9 14080.0 12829.1    267    1.721   5      0.571   -          -    2.292
         4068.8 4672.0 4672.0  0.0   1661.7 37504.0  35109.8   93560.0    80195.3   105984.0 102644.9 14080.0 12829.1    267    1.721   5      0.571   -          -    2.292
         4069.8 4672.0 4672.0  0.0   1661.7 37504.0  35109.8   93560.0    80195.3   105984.0 102644.9 14080.0 12829.1    267    1.721   5      0.571   -          -    2.292
         4070.8 4672.0 4672.0  0.0   1661.7 37504.0  35183.8   93560.0    80195.3   105984.0 102644.9 14080.0 12829.1    267    1.721   5      0.571   -          -    2.292
         4071.8 4672.0 4672.0  0.0   1661.7 37504.0  35183.8   93560.0    80195.3   105984.0 102644.9 14080.0 12829.1    267    1.721   5      0.571   -          -    2.292
         4072.8 4672.0 4672.0  0.0   1661.7 37504.0  35186.3   93560.0    80195.3   105984.0 102644.9 14080.0 12829.1    267    1.721   5      0.571   -          -    2.292
         4073.8 4672.0 4672.0  0.0   1661.7 37504.0  35186.3   93560.0    80195.3   105984.0 102644.9 14080.0 12829.1    267    1.721   5      0.571   -          -    2.292
         4074.8 4672.0 4672.0  0.0   1661.7 37504.0  35186.3   93560.0    80195.3   105984.0 102644.9 14080.0 12829.1    267    1.721   5      0.571   -          -    2.292
         4075.8 4672.0 4672.0  0.0   1661.7 37504.0  35186.3   93560.0    80195.3   105984.0 102644.9 14080.0 12829.1    267    1.721   5      0.571   -          -    2.292
         4076.8 4672.0 4672.0  0.0   1661.7 37504.0  35186.3   93560.0    80195.3   105984.0 102644.9 14080.0 12829.1    267    1.721   5      0.571   -          -    2.292
         4077.8 4672.0 4672.0  0.0   1661.7 37504.0  35186.3   93560.0    80195.3   105984.0 102644.9 14080.0 12829.1    267    1.721   5      0.571   -          -    2.292
         4078.8 4672.0 4672.0  0.0   1661.7 37504.0  35186.3   93560.0    80195.3   105984.0 102644.9 14080.0 12829.1    267    1.721   5      0.571   -          -    2.292
         4079.8 4672.0 4672.0  0.0   1661.7 37504.0  35186.3   93560.0    80195.3   105984.0 102644.9 14080.0 12829.1    267    1.721   5      0.571   -          -    2.292
         4080.8 4672.0 4672.0  0.0   1661.7 37504.0  35268.6   93560.0    80195.3   105984.0 102644.9 14080.0 12829.1    267    1.721   5      0.571   -          -    2.292
         4081.8 4672.0 4672.0  0.0   1661.7 37504.0  35268.6   93560.0    80195.3   105984.0 102644.9 14080.0 12829.1    267    1.721   5      0.571   -          -    2.292
         4082.8 4672.0 4672.0  0.0   1661.7 37504.0  35271.2   93560.0    80195.3   105984.0 102644.9 14080.0 12829.1    267    1.721   5      0.571   -          -    2.292
         4083.8 4672.0 4672.0  0.0   1661.7 37504.0  35271.2   93560.0    80195.3   105984.0 102644.9 14080.0 12829.1    267    1.721   5      0.571   -          -    2.292
         4084.8 4672.0 4672.0  0.0   1661.7 37504.0  35273.8   93560.0    80195.3   105984.0 102644.9 14080.0 12829.1    267    1.721   5      0.571   -          -    2.292
         4085.8 4672.0 4672.0  0.0   1661.7 37504.0  35273.8   93560.0    80195.3   105984.0 102644.9 14080.0 12829.1    267    1.721   5      0.571   -          -    2.292
         4086.8 4672.0 4672.0  0.0   1661.7 37504.0  35273.8   93560.0    80195.3   105984.0 102644.9 14080.0 12829.1    267    1.721   5      0.571   -          -    2.292
         4087.8 4672.0 4672.0  0.0   1661.7 37504.0  35273.8   93560.0    80195.3   105984.0 102644.9 14080.0 12829.1    267    1.721   5      0.571   -          -    2.292
         4088.8 4672.0 4672.0  0.0   1661.7 37504.0  35273.8   93560.0    80195.3   105984.0 102644.9 14080.0 12829.1    267    1.721   5      0.571   -          -    2.292
         4089.8 4672.0 4672.0  0.0   1661.7 37504.0  35273.8   93560.0    80195.3   105984.0 102644.9 14080.0 12829.1    267    1.721   5      0.571   -          -    2.292
         4090.8 4672.0 4672.0  0.0   1661.7 37504.0  35426.4   93560.0    80195.3   105984.0 102644.9 14080.0 12829.1    267    1.721   5      0.571   -          -    2.292
         4091.8 4672.0 4672.0  0.0   1661.7 37504.0  35428.9   93560.0    80195.3   105984.0 102644.9 14080.0 12829.1    267    1.721   5      0.571   -          -    2.292
         4092.8 4672.0 4672.0  0.0   1661.7 37504.0  35428.9   93560.0    80195.3   105984.0 102644.9 14080.0 12829.1    267    1.721   5      0.571   -          -    2.292
         4093.8 4672.0 4672.0  0.0   1661.7 37504.0  35428.9   93560.0    80195.3   105984.0 102644.9 14080.0 12829.1    267    1.721   5      0.571   -          -    2.292
         4094.8 4672.0 4672.0  0.0   1661.7 37504.0  35428.9   93560.0    80195.3   105984.0 102644.9 14080.0 12829.1    267    1.721   5      0.571   -          -    2.292
         4095.8 4672.0 4672.0  0.0   1661.7 37504.0  35428.9   93560.0    80195.3   105984.0 102644.9 14080.0 12829.1    267    1.721   5      0.571   -          -    2.292
         4096.8 4672.0 4672.0  0.0   1661.7 37504.0  35428.9   93560.0    80195.3   105984.0 102644.9 14080.0 12829.1    267    1.721   5      0.571   -          -    2.292
         4097.8 4672.0 4672.0  0.0   1661.7 37504.0  35428.9   93560.0    80195.3   105984.0 102644.9 14080.0 12829.1    267    1.721   5      0.571   -          -    2.292
         4098.8 4672.0 4672.0  0.0   1661.7 37504.0  35428.9   93560.0    80195.3   105984.0 102644.9 14080.0 12829.1    267    1.721   5      0.571   -          -    2.292
         4099.8 4672.0 4672.0  0.0   1661.7 37504.0  35428.9   93560.0    80195.3   105984.0 102644.9 14080.0 12829.1    267    1.721   5      0.571   -          -    2.292
         4100.8 4672.0 4672.0  0.0   1661.7 37504.0  35503.2   93560.0    80195.3   105984.0 102644.9 14080.0 12829.1    267    1.721   5      0.571   -          -    2.292
         4101.8 4672.0 4672.0  0.0   1661.7 37504.0  35505.8   93560.0    80195.3   105984.0 102644.9 14080.0 12829.1    267    1.721   5      0.571   -          -    2.292
         4102.8 4672.0 4672.0  0.0   1661.7 37504.0  35505.8   93560.0    80195.3   105984.0 102644.9 14080.0 12829.1    267    1.721   5      0.571   -          -    2.292
         4103.8 4672.0 4672.0  0.0   1661.7 37504.0  35505.8   93560.0    80195.3   105984.0 102644.9 14080.0 12829.1    267    1.721   5      0.571   -          -    2.292
         4104.8 4672.0 4672.0  0.0   1661.7 37504.0  35505.8   93560.0    80195.3   105984.0 102644.9 14080.0 12829.1    267    1.721   5      0.571   -          -    2.292
         4105.8 4672.0 4672.0  0.0   1661.7 37504.0  35510.2   93560.0    80195.3   105984.0 102644.9 14080.0 12829.1    267    1.721   5      0.571   -          -    2.292
         4106.8 4672.0 4672.0  0.0   1661.7 37504.0  35510.2   93560.0    80195.3   105984.0 102644.9 14080.0 12829.1    267    1.721   5      0.571   -          -    2.292
         4107.8 4672.0 4672.0  0.0   1661.7 37504.0  35510.2   93560.0    80195.3   105984.0 102644.9 14080.0 12829.1    267    1.721   5      0.571   -          -    2.292
         4108.8 4672.0 4672.0  0.0   1661.7 37504.0  35510.2   93560.0    80195.3   105984.0 102644.9 14080.0 12829.1    267    1.721   5      0.571   -          -    2.292
         4109.8 4672.0 4672.0  0.0   1661.7 37504.0  35510.2   93560.0    80195.3   105984.0 102644.9 14080.0 12829.1    267    1.721   5      0.571   -          -    2.292
         4110.8 4672.0 4672.0  0.0   1661.7 37504.0  35584.2   93560.0    80195.3   105984.0 102644.9 14080.0 12829.1    267    1.721   5      0.571   -          -    2.292
         4111.8 4672.0 4672.0  0.0   1661.7 37504.0  35589.4   93560.0    80195.3   105984.0 102644.9 14080.0 12829.1    267    1.721   5      0.571   -          -    2.292
         4112.8 4672.0 4672.0  0.0   1661.7 37504.0  35589.4   93560.0    80195.3   105984.0 102644.9 14080.0 12829.1    267    1.721   5      0.571   -          -    2.292
         4113.8 4672.0 4672.0  0.0   1661.7 37504.0  35589.4   93560.0    80195.3   105984.0 102644.9 14080.0 12829.1    267    1.721   5      0.571   -          -    2.292
         4114.8 4672.0 4672.0  0.0   1661.7 37504.0  35589.4   93560.0    80195.3   105984.0 102644.9 14080.0 12829.1    267    1.721   5      0.571   -          -    2.292
         4115.8 4672.0 4672.0  0.0   1661.7 37504.0  35589.4   93560.0    80195.3   105984.0 102644.9 14080.0 12829.1    267    1.721   5      0.571   -          -    2.292
         4116.8 4672.0 4672.0  0.0   1661.7 37504.0  35589.4   93560.0    80195.3   105984.0 102644.9 14080.0 12829.1    267    1.721   5      0.571   -          -    2.292
         4117.8 4672.0 4672.0  0.0   1661.7 37504.0  35589.4   93560.0    80195.3   105984.0 102644.9 14080.0 12829.1    267    1.721   5      0.571   -          -    2.292
         4118.8 4672.0 4672.0  0.0   1661.7 37504.0  35589.4   93560.0    80195.3   105984.0 102644.9 14080.0 12829.1    267    1.721   5      0.571   -          -    2.292
         4119.8 4672.0 4672.0  0.0   1661.7 37504.0  35589.4   93560.0    80195.3   105984.0 102644.9 14080.0 12829.1    267    1.721   5      0.571   -          -    2.292
         4120.8 4672.0 4672.0  0.0   1661.7 37504.0  35773.4   93560.0    80195.3   105984.0 102644.9 14080.0 12829.1    267    1.721   5      0.571   -          -    2.292
         4121.8 4672.0 4672.0  0.0   1661.7 37504.0  35778.6   93560.0    80195.3   105984.0 102644.9 14080.0 12829.1    267    1.721   5      0.571   -          -    2.292
         4122.9 4672.0 4672.0  0.0   1661.7 37504.0  35778.6   93560.0    80195.3   105984.0 102644.9 14080.0 12829.1    267    1.721   5      0.571   -          -    2.292
         4123.9 4672.0 4672.0  0.0   1661.7 37504.0  35778.6   93560.0    80195.3   105984.0 102644.9 14080.0 12829.1    267    1.721   5      0.571   -          -    2.292
         4124.8 4672.0 4672.0  0.0   1661.7 37504.0  35778.6   93560.0    80195.3   105984.0 102644.9 14080.0 12829.1    267    1.721   5      0.571   -          -    2.292
         4125.8 4672.0 4672.0  0.0   1661.7 37504.0  35778.6   93560.0    80195.3   105984.0 102644.9 14080.0 12829.1    267    1.721   5      0.571   -          -    2.292
         4126.8 4672.0 4672.0  0.0   1661.7 37504.0  35778.6   93560.0    80195.3   105984.0 102644.9 14080.0 12829.1    267    1.721   5      0.571   -          -    2.292
         4127.8 4672.0 4672.0  0.0   1661.7 37504.0  35778.6   93560.0    80195.3   105984.0 102644.9 14080.0 12829.1    267    1.721   5      0.571   -          -    2.292
         4128.8 4672.0 4672.0  0.0   1661.7 37504.0  35778.6   93560.0    80195.3   105984.0 102644.9 14080.0 12829.1    267    1.721   5      0.571   -          -    2.292
         4129.8 4672.0 4672.0  0.0   1661.7 37504.0  35778.6   93560.0    80195.3   105984.0 102644.9 14080.0 12829.1    267    1.721   5      0.571   -          -    2.292
         4130.8 4672.0 4672.0  0.0   1661.7 37504.0  35852.6   93560.0    80195.3   105984.0 102644.9 14080.0 12829.1    267    1.721   5      0.571   -          -    2.292
         4131.8 4672.0 4672.0  0.0   1661.7 37504.0  35855.2   93560.0    80195.3   105984.0 102644.9 14080.0 12829.1    267    1.721   5      0.571   -          -    2.292
         4132.8 4672.0 4672.0  0.0   1661.7 37504.0  35855.2   93560.0    80195.3   105984.0 102644.9 14080.0 12829.1    267    1.721   5      0.571   -          -    2.292
         4133.8 4672.0 4672.0  0.0   1661.7 37504.0  35855.2   93560.0    80195.3   105984.0 102644.9 14080.0 12829.1    267    1.721   5      0.571   -          -    2.292
         4134.8 4672.0 4672.0  0.0   1661.7 37504.0  35855.2   93560.0    80195.3   105984.0 102644.9 14080.0 12829.1    267    1.721   5      0.571   -          -    2.292
         4135.8 4672.0 4672.0  0.0   1661.7 37504.0  35861.3   93560.0    80195.3   105984.0 102644.9 14080.0 12829.1    267    1.721   5      0.571   -          -    2.292
         4136.9 4672.0 4672.0  0.0   1661.7 37504.0  35861.3   93560.0    80195.3   105984.0 102644.9 14080.0 12829.1    267    1.721   5      0.571   -          -    2.292
         4137.9 4672.0 4672.0  0.0   1661.7 37504.0  35861.3   93560.0    80195.3   105984.0 102644.9 14080.0 12829.1    267    1.721   5      0.571   -          -    2.292
         4138.9 4672.0 4672.0  0.0   1661.7 37504.0  35861.3   93560.0    80195.3   105984.0 102644.9 14080.0 12829.1    267    1.721   5      0.571   -          -    2.292
         4139.9 4672.0 4672.0  0.0   1661.7 37504.0  35861.3   93560.0    80195.3   105984.0 102644.9 14080.0 12829.1    267    1.721   5      0.571   -          -    2.292
         4140.9 4672.0 4672.0  0.0   1661.7 37504.0  35943.4   93560.0    80195.3   105984.0 102644.9 14080.0 12829.1    267    1.721   5      0.571   -          -    2.292
         4141.8 4672.0 4672.0  0.0   1661.7 37504.0  35946.0   93560.0    80195.3   105984.0 102644.9 14080.0 12829.1    267    1.721   5      0.571   -          -    2.292
         4142.8 4672.0 4672.0  0.0   1661.7 37504.0  35946.0   93560.0    80195.3   105984.0 102644.9 14080.0 12829.1    267    1.721   5      0.571   -          -    2.292
         4143.8 4672.0 4672.0  0.0   1661.7 37504.0  35946.0   93560.0    80195.3   105984.0 102644.9 14080.0 12829.1    267    1.721   5      0.571   -          -    2.292
         4144.8 4672.0 4672.0  0.0   1661.7 37504.0  35946.0   93560.0    80195.3   105984.0 102644.9 14080.0 12829.1    267    1.721   5      0.571   -          -    2.292
         4145.8 4672.0 4672.0  0.0   1661.7 37504.0  35946.0   93560.0    80195.3   105984.0 102644.9 14080.0 12829.1    267    1.721   5      0.571   -          -    2.292
         4146.8 4672.0 4672.0  0.0   1661.7 37504.0  35946.0   93560.0    80195.3   105984.0 102644.9 14080.0 12829.1    267    1.721   5      0.571   -          -    2.292
         4147.8 4672.0 4672.0  0.0   1661.7 37504.0  35946.0   93560.0    80195.3   105984.0 102644.9 14080.0 12829.1    267    1.721   5      0.571   -          -    2.292
         4148.8 4672.0 4672.0  0.0   1661.7 37504.0  35946.0   93560.0    80195.3   105984.0 102644.9 14080.0 12829.1    267    1.721   5      0.571   -          -    2.292
         4149.8 4672.0 4672.0  0.0   1661.7 37504.0  35946.0   93560.0    80195.3   105984.0 102644.9 14080.0 12829.1    267    1.721   5      0.571   -          -    2.292
         4150.9 4672.0 4672.0  0.0   1661.7 37504.0  36097.6   93560.0    80195.3   105984.0 102644.9 14080.0 12829.1    267    1.721   5      0.571   -          -    2.292
         4151.9 4672.0 4672.0  0.0   1661.7 37504.0  36100.2   93560.0    80195.3   105984.0 102644.9 14080.0 12829.1    267    1.721   5      0.571   -          -    2.292
         4152.9 4672.0 4672.0  0.0   1661.7 37504.0  36100.2   93560.0    80195.3   105984.0 102644.9 14080.0 12829.1    267    1.721   5      0.571   -          -    2.292
         4153.8 4672.0 4672.0  0.0   1661.7 37504.0  36100.2   93560.0    80195.3   105984.0 102644.9 14080.0 12829.1    267    1.721   5      0.571   -          -    2.292
         4154.8 4672.0 4672.0  0.0   1661.7 37504.0  36100.2   93560.0    80195.3   105984.0 102644.9 14080.0 12829.1    267    1.721   5      0.571   -          -    2.292
         4155.8 4672.0 4672.0  0.0   1661.7 37504.0  36100.2   93560.0    80195.3   105984.0 102644.9 14080.0 12829.1    267    1.721   5      0.571   -          -    2.292
