Timestamp        S0C    S1C    S0U    S1U      EC       EU        OC         OU       MC     MU    CCSC   CCSU   YGC     YGCT    FGC    FGCT    CGC    CGCT     GCT   
         2597.9 4672.0 4672.0  0.0   1967.1 37504.0  33353.4   93560.0    64157.7   103168.0 99915.9 14080.0 12812.3    253    1.587   5      0.571   -          -    2.158
         2598.9 4672.0 4672.0  0.0   1967.1 37504.0  33353.4   93560.0    64157.7   103168.0 99915.9 14080.0 12812.3    253    1.587   5      0.571   -          -    2.158
         2599.9 4672.0 4672.0  0.0   1967.1 37504.0  33356.3   93560.0    64157.7   103168.0 99915.9 14080.0 12812.3    253    1.587   5      0.571   -          -    2.158
         2600.9 4672.0 4672.0  0.0   1967.1 37504.0  33435.2   93560.0    64157.7   103168.0 99915.9 14080.0 12812.3    253    1.587   5      0.571   -          -    2.158
         2601.9 4672.0 4672.0  0.0   1967.1 37504.0  33435.2   93560.0    64157.7   103168.0 99915.9 14080.0 12812.3    253    1.587   5      0.571   -          -    2.158
         2602.9 4672.0 4672.0  0.0   1967.1 37504.0  33435.2   93560.0    64157.7   103168.0 99915.9 14080.0 12812.3    253    1.587   5      0.571   -          -    2.158
         2603.9 4672.0 4672.0  0.0   1967.1 37504.0  33435.2   93560.0    64157.7   103168.0 99915.9 14080.0 12812.3    253    1.587   5      0.571   -          -    2.158
         2604.9 4672.0 4672.0  0.0   1967.1 37504.0  33435.2   93560.0    64157.7   103168.0 99915.9 14080.0 12812.3    253    1.587   5      0.571   -          -    2.158
         2605.9 4672.0 4672.0  0.0   1967.1 37504.0  33435.2   93560.0    64157.7   103168.0 99915.9 14080.0 12812.3    253    1.587   5      0.571   -          -    2.158
         2606.9 4672.0 4672.0  0.0   1967.1 37504.0  33435.2   93560.0    64157.7   103168.0 99915.9 14080.0 12812.3    253    1.587   5      0.571   -          -    2.158
         2607.9 4672.0 4672.0  0.0   1967.1 37504.0  33435.2   93560.0    64157.7   103168.0 99915.9 14080.0 12812.3    253    1.587   5      0.571   -          -    2.158
         2608.9 4672.0 4672.0  0.0   1967.1 37504.0  33435.2   93560.0    64157.7   103168.0 99915.9 14080.0 12812.3    253    1.587   5      0.571   -          -    2.158
         2609.9 4672.0 4672.0  0.0   1967.1 37504.0  33437.9   93560.0    64157.7   103168.0 99915.9 14080.0 12812.3    253    1.587   5      0.571   -          -    2.158
         2610.9 4672.0 4672.0  0.0   1967.1 37504.0  33516.9   93560.0    64157.7   103168.0 99915.9 14080.0 12812.3    253    1.587   5      0.571   -          -    2.158
         2611.9 4672.0 4672.0  0.0   1967.1 37504.0  33516.9   93560.0    64157.7   103168.0 99915.9 14080.0 12812.3    253    1.587   5      0.571   -          -    2.158
         2612.9 4672.0 4672.0  0.0   1967.1 37504.0  33516.9   93560.0    64157.7   103168.0 99915.9 14080.0 12812.3    253    1.587   5      0.571   -          -    2.158
         2613.9 4672.0 4672.0  0.0   1967.1 37504.0  33516.9   93560.0    64157.7   103168.0 99915.9 14080.0 12812.3    253    1.587   5      0.571   -          -    2.158
         2614.9 4672.0 4672.0  0.0   1967.1 37504.0  33516.9   93560.0    64157.7   103168.0 99915.9 14080.0 12812.3    253    1.587   5      0.571   -          -    2.158
         2615.9 4672.0 4672.0  0.0   1967.1 37504.0  33516.9   93560.0    64157.7   103168.0 99915.9 14080.0 12812.3    253    1.587   5      0.571   -          -    2.158
         2616.9 4672.0 4672.0  0.0   1967.1 37504.0  33516.9   93560.0    64157.7   103168.0 99915.9 14080.0 12812.3    253    1.587   5      0.571   -          -    2.158
         2617.9 4672.0 4672.0  0.0   1967.1 37504.0  33516.9   93560.0    64157.7   103168.0 99915.9 14080.0 12812.3    253    1.587   5      0.571   -          -    2.158
         2618.9 4672.0 4672.0  0.0   1967.1 37504.0  33516.9   93560.0    64157.7   103168.0 99915.9 14080.0 12812.3    253    1.587   5      0.571   -          -    2.158
         2619.9 4672.0 4672.0  0.0   1967.1 37504.0  33516.9   93560.0    64157.7   103168.0 99915.9 14080.0 12812.3    253    1.587   5      0.571   -          -    2.158
         2620.9 4672.0 4672.0  0.0   1967.1 37504.0  33668.7   93560.0    64157.7   103168.0 99915.9 14080.0 12812.3    253    1.587   5      0.571   -          -    2.158
         2621.9 4672.0 4672.0  0.0   1967.1 37504.0  33671.4   93560.0    64157.7   103168.0 99915.9 14080.0 12812.3    253    1.587   5      0.571   -          -    2.158
         2622.9 4672.0 4672.0  0.0   1967.1 37504.0  33671.4   93560.0    64157.7   103168.0 99915.9 14080.0 12812.3    253    1.587   5      0.571   -          -    2.158
         2623.9 4672.0 4672.0  0.0   1967.1 37504.0  33671.4   93560.0    64157.7   103168.0 99915.9 14080.0 12812.3    253    1.587   5      0.571   -          -    2.158
         2624.9 4672.0 4672.0  0.0   1967.1 37504.0  33671.4   93560.0    64157.7   103168.0 99915.9 14080.0 12812.3    253    1.587   5      0.571   -          -    2.158
         2625.9 4672.0 4672.0  0.0   1967.1 37504.0  33671.4   93560.0    64157.7   103168.0 99915.9 14080.0 12812.3    253    1.587   5      0.571   -          -    2.158
         2626.9 4672.0 4672.0  0.0   1967.1 37504.0  33671.4   93560.0    64157.7   103168.0 99915.9 14080.0 12812.3    253    1.587   5      0.571   -          -    2.158
         2627.9 4672.0 4672.0  0.0   1967.1 37504.0  33671.4   93560.0    64157.7   103168.0 99915.9 14080.0 12812.3    253    1.587   5      0.571   -          -    2.158
         2628.9 4672.0 4672.0  0.0   1967.1 37504.0  33681.3   93560.0    64157.7   103168.0 99915.9 14080.0 12812.3    253    1.587   5      0.571   -          -    2.158
         2629.9 4672.0 4672.0  0.0   1967.1 37504.0  33684.0   93560.0    64157.7   103168.0 99915.9 14080.0 12812.3    253    1.587   5      0.571   -          -    2.158
         2630.9 4672.0 4672.0  0.0   1967.1 37504.0  33762.8   93560.0    64157.7   103168.0 99915.9 14080.0 12812.3    253    1.587   5      0.571   -          -    2.158
         2631.9 4672.0 4672.0  0.0   1967.1 37504.0  33765.6   93560.0    64157.7   103168.0 99915.9 14080.0 12812.3    253    1.587   5      0.571   -          -    2.158
         2632.9 4672.0 4672.0  0.0   1967.1 37504.0  33765.6   93560.0    64157.7   103168.0 99915.9 14080.0 12812.3    253    1.587   5      0.571   -          -    2.158
         2633.9 4672.0 4672.0  0.0   1967.1 37504.0  33765.6   93560.0    64157.7   103168.0 99915.9 14080.0 12812.3    253    1.587   5      0.571   -          -    2.158
         2634.9 4672.0 4672.0  0.0   1967.1 37504.0  33765.6   93560.0    64157.7   103168.0 99915.9 14080.0 12812.3    253    1.587   5      0.571   -          -    2.158
         2635.9 4672.0 4672.0  0.0   1967.1 37504.0  33765.6   93560.0    64157.7   103168.0 99915.9 14080.0 12812.3    253    1.587   5      0.571   -          -    2.158
         2636.9 4672.0 4672.0  0.0   1967.1 37504.0  33765.6   93560.0    64157.7   103168.0 99915.9 14080.0 12812.3    253    1.587   5      0.571   -          -    2.158
         2637.9 4672.0 4672.0  0.0   1967.1 37504.0  33765.6   93560.0    64157.7   103168.0 99915.9 14080.0 12812.3    253    1.587   5      0.571   -          -    2.158
         2638.9 4672.0 4672.0  0.0   1967.1 37504.0  33765.6   93560.0    64157.7   103168.0 99915.9 14080.0 12812.3    253    1.587   5      0.571   -          -    2.158
         2640.0 4672.0 4672.0  0.0   1967.1 37504.0  33765.6   93560.0    64157.7   103168.0 99915.9 14080.0 12812.3    253    1.587   5      0.571   -          -    2.158
         2641.0 4672.0 4672.0  0.0   1967.1 37504.0  33828.3   93560.0    64157.7   103168.0 99915.9 14080.0 12812.3    253    1.587   5      0.571   -          -    2.158
         2642.0 4672.0 4672.0  0.0   1967.1 37504.0  33831.1   93560.0    64157.7   103168.0 99915.9 14080.0 12812.3    253    1.587   5      0.571   -          -    2.158
         2643.0 4672.0 4672.0  0.0   1967.1 37504.0  33831.1   93560.0    64157.7   103168.0 99915.9 14080.0 12812.3    253    1.587   5      0.571   -          -    2.158
         2643.9 4672.0 4672.0  0.0   1967.1 37504.0  33831.1   93560.0    64157.7   103168.0 99915.9 14080.0 12812.3    253    1.587   5      0.571   -          -    2.158
         2644.9 4672.0 4672.0  0.0   1967.1 37504.0  33831.1   93560.0    64157.7   103168.0 99915.9 14080.0 12812.3    253    1.587   5      0.571   -          -    2.158
         2645.9 4672.0 4672.0  0.0   1967.1 37504.0  33831.1   93560.0    64157.7   103168.0 99915.9 14080.0 12812.3    253    1.587   5      0.571   -          -    2.158
         2646.9 4672.0 4672.0  0.0   1967.1 37504.0  33831.1   93560.0    64157.7   103168.0 99915.9 14080.0 12812.3    253    1.587   5      0.571   -          -    2.158
         2647.9 4672.0 4672.0  0.0   1967.1 37504.0  33831.1   93560.0    64157.7   103168.0 99915.9 14080.0 12812.3    253    1.587   5      0.571   -          -    2.158
         2648.9 4672.0 4672.0  0.0   1967.1 37504.0  33831.1   93560.0    64157.7   103168.0 99915.9 14080.0 12812.3    253    1.587   5      0.571   -          -    2.158
         2649.9 4672.0 4672.0  0.0   1967.1 37504.0  33831.1   93560.0    64157.7   103168.0 99915.9 14080.0 12812.3    253    1.587   5      0.571   -          -    2.158
         2650.9 4672.0 4672.0  0.0   1967.1 37504.0  33982.1   93560.0    64157.7   103168.0 99915.9 14080.0 12812.3    253    1.587   5      0.571   -          -    2.158
         2652.0 4672.0 4672.0  0.0   1967.1 37504.0  33984.9   93560.0    64157.7   103168.0 99915.9 14080.0 12812.3    253    1.587   5      0.571   -          -    2.158
         2653.0 4672.0 4672.0  0.0   1967.1 37504.0  33984.9   93560.0    64157.7   103168.0 99915.9 14080.0 12812.3    253    1.587   5      0.571   -          -    2.158
         2653.9 4672.0 4672.0  0.0   1967.1 37504.0  33984.9   93560.0    64157.7   103168.0 99915.9 14080.0 12812.3    253    1.587   5      0.571   -          -    2.158
         2654.9 4672.0 4672.0  0.0   1967.1 37504.0  33984.9   93560.0    64157.7   103168.0 99915.9 14080.0 12812.3    253    1.587   5      0.571   -          -    2.158
         2655.9 4672.0 4672.0  0.0   1967.1 37504.0  33984.9   93560.0    64157.7   103168.0 99915.9 14080.0 12812.3    253    1.587   5      0.571   -          -    2.158
         2656.9 4672.0 4672.0  0.0   1967.1 37504.0  33984.9   93560.0    64157.7   103168.0 99915.9 14080.0 12812.3    253    1.587   5      0.571   -          -    2.158
         2657.9 4672.0 4672.0  0.0   1967.1 37504.0  33984.9   93560.0    64157.7   103168.0 99915.9 14080.0 12812.3    253    1.587   5      0.571   -          -    2.158
         2658.9 4672.0 4672.0  0.0   1967.1 37504.0  33984.9   93560.0    64157.7   103168.0 99915.9 14080.0 12812.3    253    1.587   5      0.571   -          -    2.158
         2659.9 4672.0 4672.0  0.0   1967.1 37504.0  33984.9   93560.0    64157.7   103168.0 99915.9 14080.0 12812.3    253    1.587   5      0.571   -          -    2.158
         2660.9 4672.0 4672.0  0.0   1967.1 37504.0  34055.7   93560.0    64157.7   103168.0 99915.9 14080.0 12812.3    253    1.587   5      0.571   -          -    2.158
         2662.0 4672.0 4672.0  0.0   1967.1 37504.0  34058.5   93560.0    64157.7   103168.0 99915.9 14080.0 12812.3    253    1.587   5      0.571   -          -    2.158
         2663.0 4672.0 4672.0  0.0   1967.1 37504.0  34058.5   93560.0    64157.7   103168.0 99915.9 14080.0 12812.3    253    1.587   5      0.571   -          -    2.158
         2664.0 4672.0 4672.0  0.0   1967.1 37504.0  34058.5   93560.0    64157.7   103168.0 99915.9 14080.0 12812.3    253    1.587   5      0.571   -          -    2.158
         2665.0 4672.0 4672.0  0.0   1967.1 37504.0  34058.5   93560.0    64157.7   103168.0 99915.9 14080.0 12812.3    253    1.587   5      0.571   -          -    2.158
         2666.0 4672.0 4672.0  0.0   1967.1 37504.0  34058.5   93560.0    64157.7   103168.0 99915.9 14080.0 12812.3    253    1.587   5      0.571   -          -    2.158
         2667.0 4672.0 4672.0  0.0   1967.1 37504.0  34058.5   93560.0    64157.7   103168.0 99915.9 14080.0 12812.3    253    1.587   5      0.571   -          -    2.158
         2668.0 4672.0 4672.0  0.0   1967.1 37504.0  34058.5   93560.0    64157.7   103168.0 99915.9 14080.0 12812.3    253    1.587   5      0.571   -          -    2.158
         2669.0 4672.0 4672.0  0.0   1967.1 37504.0  34058.5   93560.0    64157.7   103168.0 99915.9 14080.0 12812.3    253    1.587   5      0.571   -          -    2.158
         2670.0 4672.0 4672.0  0.0   1967.1 37504.0  34058.5   93560.0    64157.7   103168.0 99915.9 14080.0 12812.3    253    1.587   5      0.571   -          -    2.158
         2671.0 4672.0 4672.0  0.0   1967.1 37504.0  34137.4   93560.0    64157.7   103168.0 99915.9 14080.0 12812.3    253    1.587   5      0.571   -          -    2.158
         2671.9 4672.0 4672.0  0.0   1967.1 37504.0  34140.2   93560.0    64157.7   103168.0 99915.9 14080.0 12812.3    253    1.587   5      0.571   -          -    2.158
         2672.9 4672.0 4672.0  0.0   1967.1 37504.0  34140.2   93560.0    64157.7   103168.0 99915.9 14080.0 12812.3    253    1.587   5      0.571   -          -    2.158
         2673.9 4672.0 4672.0  0.0   1967.1 37504.0  34140.2   93560.0    64157.7   103168.0 99915.9 14080.0 12812.3    253    1.587   5      0.571   -          -    2.158
         2674.9 4672.0 4672.0  0.0   1967.1 37504.0  34140.2   93560.0    64157.7   103168.0 99915.9 14080.0 12812.3    253    1.587   5      0.571   -          -    2.158
         2676.0 4672.0 4672.0  0.0   1967.1 37504.0  34140.2   93560.0    64157.7   103168.0 99915.9 14080.0 12812.3    253    1.587   5      0.571   -          -    2.158
         2677.0 4672.0 4672.0  0.0   1967.1 37504.0  34140.2   93560.0    64157.7   103168.0 99915.9 14080.0 12812.3    253    1.587   5      0.571   -          -    2.158
         2678.0 4672.0 4672.0  0.0   1967.1 37504.0  34140.2   93560.0    64157.7   103168.0 99915.9 14080.0 12812.3    253    1.587   5      0.571   -          -    2.158
         2679.0 4672.0 4672.0  0.0   1967.1 37504.0  34140.2   93560.0    64157.7   103168.0 99915.9 14080.0 12812.3    253    1.587   5      0.571   -          -    2.158
         2680.0 4672.0 4672.0  0.0   1967.1 37504.0  34140.2   93560.0    64157.7   103168.0 99915.9 14080.0 12812.3    253    1.587   5      0.571   -          -    2.158
         2681.0 4672.0 4672.0 2320.5  0.0   37504.0   452.5    93560.0    64157.7   103936.0 100711.8 14080.0 12818.2    254    1.596   5      0.571   -          -    2.167
         2682.0 4672.0 4672.0 2320.5  0.0   37504.0   452.5    93560.0    64157.7   103936.0 100711.8 14080.0 12818.2    254    1.596   5      0.571   -          -    2.167
         2683.0 4672.0 4672.0 2320.5  0.0   37504.0   452.5    93560.0    64157.7   103936.0 100711.8 14080.0 12818.2    254    1.596   5      0.571   -          -    2.167
         2684.0 4672.0 4672.0 2320.5  0.0   37504.0   452.5    93560.0    64157.7   103936.0 100711.8 14080.0 12818.2    254    1.596   5      0.571   -          -    2.167
         2685.0 4672.0 4672.0 2320.5  0.0   37504.0   452.5    93560.0    64157.7   103936.0 100711.8 14080.0 12818.2    254    1.596   5      0.571   -          -    2.167
         2686.0 4672.0 4672.0 2320.5  0.0   37504.0   452.5    93560.0    64157.7   103936.0 100711.8 14080.0 12818.2    254    1.596   5      0.571   -          -    2.167
         2687.0 4672.0 4672.0 2320.5  0.0   37504.0   452.5    93560.0    64157.7   103936.0 100711.8 14080.0 12818.2    254    1.596   5      0.571   -          -    2.167
         2687.9 4672.0 4672.0 2320.5  0.0   37504.0   452.5    93560.0    64157.7   103936.0 100711.8 14080.0 12818.2    254    1.596   5      0.571   -          -    2.167
         2688.9 4672.0 4672.0 2320.5  0.0   37504.0   452.5    93560.0    64157.7   103936.0 100711.8 14080.0 12818.2    254    1.596   5      0.571   -          -    2.167
         2690.0 4672.0 4672.0 2320.5  0.0   37504.0   452.5    93560.0    64157.7   103936.0 100711.8 14080.0 12818.2    254    1.596   5      0.571   -          -    2.167
         2691.0 4672.0 4672.0 2320.5  0.0   37504.0   583.8    93560.0    64157.7   103936.0 100711.8 14080.0 12818.2    254    1.596   5      0.571   -          -    2.167
         2692.0 4672.0 4672.0 2320.5  0.0   37504.0   587.2    93560.0    64157.7   103936.0 100711.8 14080.0 12818.2    254    1.596   5      0.571   -          -    2.167
         2693.0 4672.0 4672.0 2320.5  0.0   37504.0   587.2    93560.0    64157.7   103936.0 100711.8 14080.0 12818.2    254    1.596   5      0.571   -          -    2.167
         2694.0 4672.0 4672.0 2320.5  0.0   37504.0   587.2    93560.0    64157.7   103936.0 100711.8 14080.0 12818.2    254    1.596   5      0.571   -          -    2.167
         2695.0 4672.0 4672.0 2320.5  0.0   37504.0   587.2    93560.0    64157.7   103936.0 100711.8 14080.0 12818.2    254    1.596   5      0.571   -          -    2.167
         2696.0 4672.0 4672.0 2320.5  0.0   37504.0   643.0    93560.0    64157.7   103936.0 100711.8 14080.0 12818.2    254    1.596   5      0.571   -          -    2.167
         2697.0 4672.0 4672.0 2320.5  0.0   37504.0   643.0    93560.0    64157.7   103936.0 100711.8 14080.0 12818.2    254    1.596   5      0.571   -          -    2.167
         2698.0 4672.0 4672.0 2320.5  0.0   37504.0   643.0    93560.0    64157.7   103936.0 100711.8 14080.0 12818.2    254    1.596   5      0.571   -          -    2.167
         2699.0 4672.0 4672.0 2320.5  0.0   37504.0   643.0    93560.0    64157.7   103936.0 100711.8 14080.0 12818.2    254    1.596   5      0.571   -          -    2.167
         2700.0 4672.0 4672.0 2320.5  0.0   37504.0   643.0    93560.0    64157.7   103936.0 100711.8 14080.0 12818.2    254    1.596   5      0.571   -          -    2.167
         2701.0 4672.0 4672.0 2320.5  0.0   37504.0   793.7    93560.0    64157.7   103936.0 100711.8 14080.0 12818.2    254    1.596   5      0.571   -          -    2.167
         2702.0 4672.0 4672.0 2320.5  0.0   37504.0   793.7    93560.0    64157.7   103936.0 100711.8 14080.0 12818.2    254    1.596   5      0.571   -          -    2.167
         2703.0 4672.0 4672.0 2320.5  0.0   37504.0   793.7    93560.0    64157.7   103936.0 100711.8 14080.0 12818.2    254    1.596   5      0.571   -          -    2.167
         2704.0 4672.0 4672.0 2320.5  0.0   37504.0   793.7    93560.0    64157.7   103936.0 100711.8 14080.0 12818.2    254    1.596   5      0.571   -          -    2.167
         2705.0 4672.0 4672.0 2320.5  0.0   37504.0   793.7    93560.0    64157.7   103936.0 100711.8 14080.0 12818.2    254    1.596   5      0.571   -          -    2.167
         2706.0 4672.0 4672.0 2320.5  0.0   37504.0   793.7    93560.0    64157.7   103936.0 100711.8 14080.0 12818.2    254    1.596   5      0.571   -          -    2.167
         2707.0 4672.0 4672.0 2320.5  0.0   37504.0   797.1    93560.0    64157.7   103936.0 100711.8 14080.0 12818.2    254    1.596   5      0.571   -          -    2.167
         2708.0 4672.0 4672.0 2320.5  0.0   37504.0   797.1    93560.0    64157.7   103936.0 100711.8 14080.0 12818.2    254    1.596   5      0.571   -          -    2.167
         2709.0 4672.0 4672.0 2320.5  0.0   37504.0   797.1    93560.0    64157.7   103936.0 100711.8 14080.0 12818.2    254    1.596   5      0.571   -          -    2.167
         2710.0 4672.0 4672.0 2320.5  0.0   37504.0   797.1    93560.0    64157.7   103936.0 100711.8 14080.0 12818.2    254    1.596   5      0.571   -          -    2.167
         2711.0 4672.0 4672.0 2320.5  0.0   37504.0   879.2    93560.0    64157.7   103936.0 100711.8 14080.0 12818.2    254    1.596   5      0.571   -          -    2.167
         2712.0 4672.0 4672.0 2320.5  0.0   37504.0   879.2    93560.0    64157.7   103936.0 100711.8 14080.0 12818.2    254    1.596   5      0.571   -          -    2.167
         2713.0 4672.0 4672.0 2320.5  0.0   37504.0   879.2    93560.0    64157.7   103936.0 100711.8 14080.0 12818.2    254    1.596   5      0.571   -          -    2.167
         2714.0 4672.0 4672.0 2320.5  0.0   37504.0   879.2    93560.0    64157.7   103936.0 100711.8 14080.0 12818.2    254    1.596   5      0.571   -          -    2.167
         2715.0 4672.0 4672.0 2320.5  0.0   37504.0   879.2    93560.0    64157.7   103936.0 100711.8 14080.0 12818.2    254    1.596   5      0.571   -          -    2.167
         2716.0 4672.0 4672.0 2320.5  0.0   37504.0   879.2    93560.0    64157.7   103936.0 100711.8 14080.0 12818.2    254    1.596   5      0.571   -          -    2.167
         2717.0 4672.0 4672.0 2320.5  0.0   37504.0   879.2    93560.0    64157.7   103936.0 100711.8 14080.0 12818.2    254    1.596   5      0.571   -          -    2.167
         2718.0 4672.0 4672.0 2320.5  0.0   37504.0   879.2    93560.0    64157.7   103936.0 100711.8 14080.0 12818.2    254    1.596   5      0.571   -          -    2.167
         2719.0 4672.0 4672.0 2320.5  0.0   37504.0   879.2    93560.0    64157.7   103936.0 100711.8 14080.0 12818.2    254    1.596   5      0.571   -          -    2.167
         2720.0 4672.0 4672.0 2320.5  0.0   37504.0   879.2    93560.0    64157.7   103936.0 100711.8 14080.0 12818.2    254    1.596   5      0.571   -          -    2.167
         2721.0 4672.0 4672.0 2320.5  0.0   37504.0   1034.7   93560.0    64157.7   103936.0 100711.8 14080.0 12818.2    254    1.596   5      0.571   -          -    2.167
         2722.0 4672.0 4672.0 2320.5  0.0   37504.0   1038.1   93560.0    64157.7   103936.0 100711.8 14080.0 12818.2    254    1.596   5      0.571   -          -    2.167
         2723.0 4672.0 4672.0 2320.5  0.0   37504.0   1038.1   93560.0    64157.7   103936.0 100711.8 14080.0 12818.2    254    1.596   5      0.571   -          -    2.167
         2724.0 4672.0 4672.0 2320.5  0.0   37504.0   1038.1   93560.0    64157.7   103936.0 100711.8 14080.0 12818.2    254    1.596   5      0.571   -          -    2.167
         2725.0 4672.0 4672.0 2320.5  0.0   37504.0   1038.1   93560.0    64157.7   103936.0 100711.8 14080.0 12818.2    254    1.596   5      0.571   -          -    2.167
         2726.0 4672.0 4672.0 2320.5  0.0   37504.0   1038.1   93560.0    64157.7   103936.0 100711.8 14080.0 12818.2    254    1.596   5      0.571   -          -    2.167
         2727.0 4672.0 4672.0 2320.5  0.0   37504.0   1038.1   93560.0    64157.7   103936.0 100711.8 14080.0 12818.2    254    1.596   5      0.571   -          -    2.167
         2728.0 4672.0 4672.0 2320.5  0.0   37504.0   1038.1   93560.0    64157.7   103936.0 100711.8 14080.0 12818.2    254    1.596   5      0.571   -          -    2.167
         2729.0 4672.0 4672.0 2320.5  0.0   37504.0   1038.1   93560.0    64157.7   103936.0 100711.8 14080.0 12818.2    254    1.596   5      0.571   -          -    2.167
         2730.0 4672.0 4672.0 2320.5  0.0   37504.0   1038.1   93560.0    64157.7   103936.0 100711.8 14080.0 12818.2    254    1.596   5      0.571   -          -    2.167
         2731.0 4672.0 4672.0 2320.5  0.0   37504.0   1038.1   93560.0    64157.7   103936.0 100711.8 14080.0 12818.2    254    1.596   5      0.571   -          -    2.167
         2732.0 4672.0 4672.0 2320.5  0.0   37504.0   1041.5   93560.0    64157.7   103936.0 100711.8 14080.0 12818.2    254    1.596   5      0.571   -          -    2.167
         2733.0 4672.0 4672.0 2320.5  0.0   37504.0   1041.5   93560.0    64157.7   103936.0 100711.8 14080.0 12818.2    254    1.596   5      0.571   -          -    2.167
         2734.0 4672.0 4672.0 2320.5  0.0   37504.0   1041.5   93560.0    64157.7   103936.0 100711.8 14080.0 12818.2    254    1.596   5      0.571   -          -    2.167
         2735.0 4672.0 4672.0 2320.5  0.0   37504.0   1041.5   93560.0    64157.7   103936.0 100711.8 14080.0 12818.2    254    1.596   5      0.571   -          -    2.167
         2736.0 4672.0 4672.0 2320.5  0.0   37504.0   1041.5   93560.0    64157.7   103936.0 100711.8 14080.0 12818.2    254    1.596   5      0.571   -          -    2.167
         2737.0 4672.0 4672.0 2320.5  0.0   37504.0   9749.1   93560.0    64157.7   103936.0 100711.8 14080.0 12818.2    254    1.596   5      0.571   -          -    2.167
         2738.0 4672.0 4672.0 2320.5  0.0   37504.0  30059.8   93560.0    64157.7   103936.0 100711.8 14080.0 12818.2    254    1.596   5      0.571   -          -    2.167
         2739.0 4672.0 4672.0 2320.5  0.0   37504.0  30831.7   93560.0    64157.7   103936.0 100711.8 14080.0 12818.2    254    1.596   5      0.571   -          -    2.167
         2740.0 4672.0 4672.0 2320.5  0.0   37504.0  30935.7   93560.0    64157.7   103936.0 100711.8 14080.0 12818.2    254    1.596   5      0.571   -          -    2.167
         2741.0 4672.0 4672.0 2320.5  0.0   37504.0  31213.5   93560.0    64157.7   103936.0 100711.8 14080.0 12818.2    254    1.596   5      0.571   -          -    2.167
         2742.0 4672.0 4672.0 2320.5  0.0   37504.0  31213.5   93560.0    64157.7   103936.0 100711.8 14080.0 12818.2    254    1.596   5      0.571   -          -    2.167
         2743.0 4672.0 4672.0 2320.5  0.0   37504.0  31213.5   93560.0    64157.7   103936.0 100711.8 14080.0 12818.2    254    1.596   5      0.571   -          -    2.167
         2744.0 4672.0 4672.0 2320.5  0.0   37504.0  31213.5   93560.0    64157.7   103936.0 100711.8 14080.0 12818.2    254    1.596   5      0.571   -          -    2.167
         2745.0 4672.0 4672.0 2320.5  0.0   37504.0  31213.5   93560.0    64157.7   103936.0 100711.8 14080.0 12818.2    254    1.596   5      0.571   -          -    2.167
         2746.0 4672.0 4672.0 2320.5  0.0   37504.0  31213.5   93560.0    64157.7   103936.0 100711.8 14080.0 12818.2    254    1.596   5      0.571   -          -    2.167
         2747.0 4672.0 4672.0 2320.5  0.0   37504.0  31213.5   93560.0    64157.7   103936.0 100711.8 14080.0 12818.2    254    1.596   5      0.571   -          -    2.167
         2748.0 4672.0 4672.0 2320.5  0.0   37504.0  31213.5   93560.0    64157.7   103936.0 100711.8 14080.0 12818.2    254    1.596   5      0.571   -          -    2.167
         2749.0 4672.0 4672.0 2320.5  0.0   37504.0  31213.5   93560.0    64157.7   103936.0 100711.8 14080.0 12818.2    254    1.596   5      0.571   -          -    2.167
         2750.0 4672.0 4672.0 2320.5  0.0   37504.0  31213.5   93560.0    64157.7   103936.0 100711.8 14080.0 12818.2    254    1.596   5      0.571   -          -    2.167
         2751.0 4672.0 4672.0 2320.5  0.0   37504.0  31213.5   93560.0    64157.7   103936.0 100711.8 14080.0 12818.2    254    1.596   5      0.571   -          -    2.167
         2752.0 4672.0 4672.0 2320.5  0.0   37504.0  31216.8   93560.0    64157.7   103936.0 100711.8 14080.0 12818.2    254    1.596   5      0.571   -          -    2.167
         2753.0 4672.0 4672.0 2320.5  0.0   37504.0  31216.8   93560.0    64157.7   103936.0 100711.8 14080.0 12818.2    254    1.596   5      0.571   -          -    2.167
         2754.0 4672.0 4672.0 2320.5  0.0   37504.0  31216.8   93560.0    64157.7   103936.0 100711.8 14080.0 12818.2    254    1.596   5      0.571   -          -    2.167
         2755.0 4672.0 4672.0 2320.5  0.0   37504.0  31216.8   93560.0    64157.7   103936.0 100711.8 14080.0 12818.2    254    1.596   5      0.571   -          -    2.167
         2756.0 4672.0 4672.0 2320.5  0.0   37504.0  31216.8   93560.0    64157.7   103936.0 100711.8 14080.0 12818.2    254    1.596   5      0.571   -          -    2.167
         2757.0 4672.0 4672.0 2320.5  0.0   37504.0  31216.8   93560.0    64157.7   103936.0 100711.8 14080.0 12818.2    254    1.596   5      0.571   -          -    2.167
         2758.0 4672.0 4672.0 2320.5  0.0   37504.0  31216.8   93560.0    64157.7   103936.0 100711.8 14080.0 12818.2    254    1.596   5      0.571   -          -    2.167
         2759.0 4672.0 4672.0 2320.5  0.0   37504.0  31216.8   93560.0    64157.7   103936.0 100711.8 14080.0 12818.2    254    1.596   5      0.571   -          -    2.167
         2760.0 4672.0 4672.0 2320.5  0.0   37504.0  31216.8   93560.0    64157.7   103936.0 100711.8 14080.0 12818.2    254    1.596   5      0.571   -          -    2.167
         2761.0 4672.0 4672.0 2320.5  0.0   37504.0  31356.2   93560.0    64157.7   103936.0 100711.8 14080.0 12818.2    254    1.596   5      0.571   -          -    2.167
         2762.0 4672.0 4672.0 2320.5  0.0   37504.0  31359.6   93560.0    64157.7   103936.0 100711.8 14080.0 12818.2    254    1.596   5      0.571   -          -    2.167
         2763.0 4672.0 4672.0 2320.5  0.0   37504.0  31359.6   93560.0    64157.7   103936.0 100711.8 14080.0 12818.2    254    1.596   5      0.571   -          -    2.167
         2764.0 4672.0 4672.0 2320.5  0.0   37504.0  31363.4   93560.0    64157.7   103936.0 100711.8 14080.0 12818.2    254    1.596   5      0.571   -          -    2.167
         2765.0 4672.0 4672.0 2320.5  0.0   37504.0  31363.4   93560.0    64157.7   103936.0 100711.8 14080.0 12818.2    254    1.596   5      0.571   -          -    2.167
         2766.0 4672.0 4672.0 2320.5  0.0   37504.0  31363.4   93560.0    64157.7   103936.0 100711.8 14080.0 12818.2    254    1.596   5      0.571   -          -    2.167
         2767.0 4672.0 4672.0 2320.5  0.0   37504.0  31363.4   93560.0    64157.7   103936.0 100711.8 14080.0 12818.2    254    1.596   5      0.571   -          -    2.167
         2768.0 4672.0 4672.0 2320.5  0.0   37504.0  31363.4   93560.0    64157.7   103936.0 100711.8 14080.0 12818.2    254    1.596   5      0.571   -          -    2.167
         2769.0 4672.0 4672.0 2320.5  0.0   37504.0  31363.4   93560.0    64157.7   103936.0 100711.8 14080.0 12818.2    254    1.596   5      0.571   -          -    2.167
         2770.0 4672.0 4672.0 2320.5  0.0   37504.0  31363.4   93560.0    64157.7   103936.0 100711.8 14080.0 12818.2    254    1.596   5      0.571   -          -    2.167
         2771.0 4672.0 4672.0 2320.5  0.0   37504.0  31419.1   93560.0    64157.7   103936.0 100711.8 14080.0 12818.2    254    1.596   5      0.571   -          -    2.167
         2772.0 4672.0 4672.0 2320.5  0.0   37504.0  31419.1   93560.0    64157.7   103936.0 100711.8 14080.0 12818.2    254    1.596   5      0.571   -          -    2.167
         2773.0 4672.0 4672.0 2320.5  0.0   37504.0  31419.1   93560.0    64157.7   103936.0 100711.8 14080.0 12818.2    254    1.596   5      0.571   -          -    2.167
         2774.0 4672.0 4672.0 2320.5  0.0   37504.0  31419.1   93560.0    64157.7   103936.0 100711.8 14080.0 12818.2    254    1.596   5      0.571   -          -    2.167
         2775.0 4672.0 4672.0 2320.5  0.0   37504.0  31419.1   93560.0    64157.7   103936.0 100711.8 14080.0 12818.2    254    1.596   5      0.571   -          -    2.167
         2776.0 4672.0 4672.0 2320.5  0.0   37504.0  31419.1   93560.0    64157.7   103936.0 100711.8 14080.0 12818.2    254    1.596   5      0.571   -          -    2.167
         2777.0 4672.0 4672.0 2320.5  0.0   37504.0  31419.1   93560.0    64157.7   103936.0 100711.8 14080.0 12818.2    254    1.596   5      0.571   -          -    2.167
         2778.0 4672.0 4672.0 2320.5  0.0   37504.0  31422.5   93560.0    64157.7   103936.0 100711.8 14080.0 12818.2    254    1.596   5      0.571   -          -    2.167
         2779.0 4672.0 4672.0 2320.5  0.0   37504.0  31422.5   93560.0    64157.7   103936.0 100711.8 14080.0 12818.2    254    1.596   5      0.571   -          -    2.167
         2780.0 4672.0 4672.0 2320.5  0.0   37504.0  31422.5   93560.0    64157.7   103936.0 100711.8 14080.0 12818.2    254    1.596   5      0.571   -          -    2.167
         2781.0 4672.0 4672.0 2320.5  0.0   37504.0  31553.9   93560.0    64157.7   103936.0 100711.8 14080.0 12818.2    254    1.596   5      0.571   -          -    2.167
         2782.0 4672.0 4672.0 2320.5  0.0   37504.0  31553.9   93560.0    64157.7   103936.0 100711.8 14080.0 12818.2    254    1.596   5      0.571   -          -    2.167
         2783.0 4672.0 4672.0 2320.5  0.0   37504.0  31553.9   93560.0    64157.7   103936.0 100711.8 14080.0 12818.2    254    1.596   5      0.571   -          -    2.167
         2784.1 4672.0 4672.0 2320.5  0.0   37504.0  31553.9   93560.0    64157.7   103936.0 100711.8 14080.0 12818.2    254    1.596   5      0.571   -          -    2.167
         2785.1 4672.0 4672.0 2320.5  0.0   37504.0  31553.9   93560.0    64157.7   103936.0 100711.8 14080.0 12818.2    254    1.596   5      0.571   -          -    2.167
         2786.1 4672.0 4672.0 2320.5  0.0   37504.0  31553.9   93560.0    64157.7   103936.0 100711.8 14080.0 12818.2    254    1.596   5      0.571   -          -    2.167
         2787.1 4672.0 4672.0 2320.5  0.0   37504.0  31553.9   93560.0    64157.7   103936.0 100711.8 14080.0 12818.2    254    1.596   5      0.571   -          -    2.167
         2788.0 4672.0 4672.0 2320.5  0.0   37504.0  31553.9   93560.0    64157.7   103936.0 100711.8 14080.0 12818.2    254    1.596   5      0.571   -          -    2.167
         2789.0 4672.0 4672.0 2320.5  0.0   37504.0  31553.9   93560.0    64157.7   103936.0 100711.8 14080.0 12818.2    254    1.596   5      0.571   -          -    2.167
         2790.0 4672.0 4672.0 2320.5  0.0   37504.0  31553.9   93560.0    64157.7   103936.0 100711.8 14080.0 12818.2    254    1.596   5      0.571   -          -    2.167
         2791.0 4672.0 4672.0 2320.5  0.0   37504.0  31553.9   93560.0    64157.7   103936.0 100711.8 14080.0 12818.2    254    1.596   5      0.571   -          -    2.167
         2792.0 4672.0 4672.0 2320.5  0.0   37504.0  31557.3   93560.0    64157.7   103936.0 100711.8 14080.0 12818.2    254    1.596   5      0.571   -          -    2.167
         2793.0 4672.0 4672.0 2320.5  0.0   37504.0  31557.3   93560.0    64157.7   103936.0 100711.8 14080.0 12818.2    254    1.596   5      0.571   -          -    2.167
         2794.0 4672.0 4672.0 2320.5  0.0   37504.0  31557.3   93560.0    64157.7   103936.0 100711.8 14080.0 12818.2    254    1.596   5      0.571   -          -    2.167
         2795.0 4672.0 4672.0 2320.5  0.0   37504.0  31557.3   93560.0    64157.7   103936.0 100711.8 14080.0 12818.2    254    1.596   5      0.571   -          -    2.167
         2796.0 4672.0 4672.0 2320.5  0.0   37504.0  31557.3   93560.0    64157.7   103936.0 100711.8 14080.0 12818.2    254    1.596   5      0.571   -          -    2.167
         2797.1 4672.0 4672.0 2320.5  0.0   37504.0  31557.3   93560.0    64157.7   103936.0 100711.8 14080.0 12818.2    254    1.596   5      0.571   -          -    2.167
         2798.1 4672.0 4672.0 2320.5  0.0   37504.0  31773.1   93560.0    64157.7   103936.0 100711.8 14080.0 12818.2    254    1.596   5      0.571   -          -    2.167
         2799.1 4672.0 4672.0 2320.5  0.0   37504.0  31773.1   93560.0    64157.7   103936.0 100711.8 14080.0 12818.2    254    1.596   5      0.571   -          -    2.167
         2800.1 4672.0 4672.0 2320.5  0.0   37504.0  31773.1   93560.0    64157.7   103936.0 100711.8 14080.0 12818.2    254    1.596   5      0.571   -          -    2.167
         2801.1 4672.0 4672.0 2320.5  0.0   37504.0  32034.7   93560.0    64157.7   103936.0 100711.8 14080.0 12818.2    254    1.596   5      0.571   -          -    2.167
         2802.1 4672.0 4672.0 2320.5  0.0   37504.0  32034.7   93560.0    64157.7   103936.0 100711.8 14080.0 12818.2    254    1.596   5      0.571   -          -    2.167
         2803.1 4672.0 4672.0 2320.5  0.0   37504.0  32038.1   93560.0    64157.7   103936.0 100711.8 14080.0 12818.2    254    1.596   5      0.571   -          -    2.167
         2804.1 4672.0 4672.0 2320.5  0.0   37504.0  32038.1   93560.0    64157.7   103936.0 100711.8 14080.0 12818.2    254    1.596   5      0.571   -          -    2.167
         2805.0 4672.0 4672.0 2320.5  0.0   37504.0  32038.1   93560.0    64157.7   103936.0 100711.8 14080.0 12818.2    254    1.596   5      0.571   -          -    2.167
         2806.0 4672.0 4672.0 2320.5  0.0   37504.0  32038.1   93560.0    64157.7   103936.0 100711.8 14080.0 12818.2    254    1.596   5      0.571   -          -    2.167
         2807.0 4672.0 4672.0 2320.5  0.0   37504.0  32038.1   93560.0    64157.7   103936.0 100711.8 14080.0 12818.2    254    1.596   5      0.571   -          -    2.167
         2808.0 4672.0 4672.0 2320.5  0.0   37504.0  32038.1   93560.0    64157.7   103936.0 100711.8 14080.0 12818.2    254    1.596   5      0.571   -          -    2.167
         2809.0 4672.0 4672.0 2320.5  0.0   37504.0  32045.9   93560.0    64157.7   103936.0 100711.8 14080.0 12818.2    254    1.596   5      0.571   -          -    2.167
         2810.0 4672.0 4672.0 2320.5  0.0   37504.0  32045.9   93560.0    64157.7   103936.0 100711.8 14080.0 12818.2    254    1.596   5      0.571   -          -    2.167
         2811.1 4672.0 4672.0 2320.5  0.0   37504.0  32045.9   93560.0    64157.7   103936.0 100711.8 14080.0 12818.2    254    1.596   5      0.571   -          -    2.167
         2812.1 4672.0 4672.0 2320.5  0.0   37504.0  32045.9   93560.0    64157.7   103936.0 100711.8 14080.0 12818.2    254    1.596   5      0.571   -          -    2.167
         2813.1 4672.0 4672.0 2320.5  0.0   37504.0  32045.9   93560.0    64157.7   103936.0 100711.8 14080.0 12818.2    254    1.596   5      0.571   -          -    2.167
         2814.1 4672.0 4672.0 2320.5  0.0   37504.0  32045.9   93560.0    64157.7   103936.0 100711.8 14080.0 12818.2    254    1.596   5      0.571   -          -    2.167
         2815.1 4672.0 4672.0 2320.5  0.0   37504.0  32045.9   93560.0    64157.7   103936.0 100711.8 14080.0 12818.2    254    1.596   5      0.571   -          -    2.167
         2816.1 4672.0 4672.0 2320.5  0.0   37504.0  32045.9   93560.0    64157.7   103936.0 100711.8 14080.0 12818.2    254    1.596   5      0.571   -          -    2.167
         2817.1 4672.0 4672.0 2320.5  0.0   37504.0  32045.9   93560.0    64157.7   103936.0 100711.8 14080.0 12818.2    254    1.596   5      0.571   -          -    2.167
         2818.1 4672.0 4672.0 2320.5  0.0   37504.0  32045.9   93560.0    64157.7   103936.0 100711.8 14080.0 12818.2    254    1.596   5      0.571   -          -    2.167
         2819.1 4672.0 4672.0 2320.5  0.0   37504.0  32045.9   93560.0    64157.7   103936.0 100711.8 14080.0 12818.2    254    1.596   5      0.571   -          -    2.167
         2820.1 4672.0 4672.0 2320.5  0.0   37504.0  32177.3   93560.0    64157.7   103936.0 100711.8 14080.0 12818.2    254    1.596   5      0.571   -          -    2.167
         2821.1 4672.0 4672.0 2320.5  0.0   37504.0  32177.3   93560.0    64157.7   103936.0 100711.8 14080.0 12818.2    254    1.596   5      0.571   -          -    2.167
         2822.1 4672.0 4672.0 2320.5  0.0   37504.0  32180.7   93560.0    64157.7   103936.0 100711.8 14080.0 12818.2    254    1.596   5      0.571   -          -    2.167
         2823.0 4672.0 4672.0 2320.5  0.0   37504.0  32180.7   93560.0    64157.7   103936.0 100711.8 14080.0 12818.2    254    1.596   5      0.571   -          -    2.167
         2824.0 4672.0 4672.0 2320.5  0.0   37504.0  32180.7   93560.0    64157.7   103936.0 100711.8 14080.0 12818.2    254    1.596   5      0.571   -          -    2.167
         2825.1 4672.0 4672.0 2320.5  0.0   37504.0  32180.7   93560.0    64157.7   103936.0 100711.8 14080.0 12818.2    254    1.596   5      0.571   -          -    2.167
         2826.1 4672.0 4672.0 2320.5  0.0   37504.0  32180.7   93560.0    64157.7   103936.0 100711.8 14080.0 12818.2    254    1.596   5      0.571   -          -    2.167
         2827.1 4672.0 4672.0 2320.5  0.0   37504.0  32180.7   93560.0    64157.7   103936.0 100711.8 14080.0 12818.2    254    1.596   5      0.571   -          -    2.167
         2828.1 4672.0 4672.0 2320.5  0.0   37504.0  32180.7   93560.0    64157.7   103936.0 100711.8 14080.0 12818.2    254    1.596   5      0.571   -          -    2.167
         2829.1 4672.0 4672.0 2320.5  0.0   37504.0  32180.7   93560.0    64157.7   103936.0 100711.8 14080.0 12818.2    254    1.596   5      0.571   -          -    2.167
         2830.1 4672.0 4672.0 2320.5  0.0   37504.0  32180.7   93560.0    64157.7   103936.0 100711.8 14080.0 12818.2    254    1.596   5      0.571   -          -    2.167
         2831.1 4672.0 4672.0 2320.5  0.0   37504.0  32369.4   93560.0    64157.7   103936.0 100711.8 14080.0 12818.2    254    1.596   5      0.571   -          -    2.167
         2832.1 4672.0 4672.0 2320.5  0.0   37504.0  32372.8   93560.0    64157.7   103936.0 100711.8 14080.0 12818.2    254    1.596   5      0.571   -          -    2.167
         2833.1 4672.0 4672.0 2320.5  0.0   37504.0  32372.8   93560.0    64157.7   103936.0 100711.8 14080.0 12818.2    254    1.596   5      0.571   -          -    2.167
         2834.1 4672.0 4672.0 2320.5  0.0   37504.0  32372.8   93560.0    64157.7   103936.0 100711.8 14080.0 12818.2    254    1.596   5      0.571   -          -    2.167
         2835.1 4672.0 4672.0 2320.5  0.0   37504.0  32372.8   93560.0    64157.7   103936.0 100711.8 14080.0 12818.2    254    1.596   5      0.571   -          -    2.167
         2836.1 4672.0 4672.0 2320.5  0.0   37504.0  32372.8   93560.0    64157.7   103936.0 100711.8 14080.0 12818.2    254    1.596   5      0.571   -          -    2.167
         2837.1 4672.0 4672.0 2320.5  0.0   37504.0  32372.8   93560.0    64157.7   103936.0 100711.8 14080.0 12818.2    254    1.596   5      0.571   -          -    2.167
         2838.1 4672.0 4672.0 2320.5  0.0   37504.0  32372.8   93560.0    64157.7   103936.0 100711.8 14080.0 12818.2    254    1.596   5      0.571   -          -    2.167
         2839.1 4672.0 4672.0 2320.5  0.0   37504.0  32372.8   93560.0    64157.7   103936.0 100711.8 14080.0 12818.2    254    1.596   5      0.571   -          -    2.167
         2840.1 4672.0 4672.0 2320.5  0.0   37504.0  32372.8   93560.0    64157.7   103936.0 100711.8 14080.0 12818.2    254    1.596   5      0.571   -          -    2.167
         2841.1 4672.0 4672.0 2320.5  0.0   37504.0  32372.8   93560.0    64157.7   103936.0 100711.8 14080.0 12818.2    254    1.596   5      0.571   -          -    2.167
         2842.1 4672.0 4672.0 2320.5  0.0   37504.0  32372.8   93560.0    64157.7   103936.0 100711.8 14080.0 12818.2    254    1.596   5      0.571   -          -    2.167
         2843.1 4672.0 4672.0 2320.5  0.0   37504.0  32372.8   93560.0    64157.7   103936.0 100711.8 14080.0 12818.2    254    1.596   5      0.571   -          -    2.167
         2844.1 4672.0 4672.0 2320.5  0.0   37504.0  32372.8   93560.0    64157.7   103936.0 100711.8 14080.0 12818.2    254    1.596   5      0.571   -          -    2.167
         2845.1 4672.0 4672.0 2320.5  0.0   37504.0  32372.8   93560.0    64157.7   103936.0 100711.8 14080.0 12818.2    254    1.596   5      0.571   -          -    2.167
         2846.1 4672.0 4672.0 2320.5  0.0   37504.0  32372.8   93560.0    64157.7   103936.0 100711.8 14080.0 12818.2    254    1.596   5      0.571   -          -    2.167
         2847.1 4672.0 4672.0 2320.5  0.0   37504.0  32372.8   93560.0    64157.7   103936.0 100711.8 14080.0 12818.2    254    1.596   5      0.571   -          -    2.167
         2848.1 4672.0 4672.0 2320.5  0.0   37504.0  32380.0   93560.0    64157.7   103936.0 100711.8 14080.0 12818.2    254    1.596   5      0.571   -          -    2.167
         2849.1 4672.0 4672.0 2320.5  0.0   37504.0  32380.0   93560.0    64157.7   103936.0 100711.8 14080.0 12818.2    254    1.596   5      0.571   -          -    2.167
         2850.1 4672.0 4672.0 2320.5  0.0   37504.0  32535.4   93560.0    64157.7   103936.0 100711.8 14080.0 12818.2    254    1.596   5      0.571   -          -    2.167
         2851.1 4672.0 4672.0 2320.5  0.0   37504.0  32535.4   93560.0    64157.7   103936.0 100711.8 14080.0 12818.2    254    1.596   5      0.571   -          -    2.167
         2852.1 4672.0 4672.0 2320.5  0.0   37504.0  32535.4   93560.0    64157.7   103936.0 100711.8 14080.0 12818.2    254    1.596   5      0.571   -          -    2.167
         2853.1 4672.0 4672.0 2320.5  0.0   37504.0  32535.4   93560.0    64157.7   103936.0 100711.8 14080.0 12818.2    254    1.596   5      0.571   -          -    2.167
         2854.1 4672.0 4672.0 2320.5  0.0   37504.0  32535.4   93560.0    64157.7   103936.0 100711.8 14080.0 12818.2    254    1.596   5      0.571   -          -    2.167
         2855.1 4672.0 4672.0 2320.5  0.0   37504.0  32535.4   93560.0    64157.7   103936.0 100711.8 14080.0 12818.2    254    1.596   5      0.571   -          -    2.167
         2856.1 4672.0 4672.0 2320.5  0.0   37504.0  32535.4   93560.0    64157.7   103936.0 100711.8 14080.0 12818.2    254    1.596   5      0.571   -          -    2.167
         2857.1 4672.0 4672.0 2320.5  0.0   37504.0  32535.4   93560.0    64157.7   103936.0 100711.8 14080.0 12818.2    254    1.596   5      0.571   -          -    2.167
         2858.1 4672.0 4672.0 2320.5  0.0   37504.0  32535.4   93560.0    64157.7   103936.0 100711.8 14080.0 12818.2    254    1.596   5      0.571   -          -    2.167
         2859.1 4672.0 4672.0 2320.5  0.0   37504.0  32535.4   93560.0    64157.7   103936.0 100711.8 14080.0 12818.2    254    1.596   5      0.571   -          -    2.167
         2860.1 4672.0 4672.0 2320.5  0.0   37504.0  32535.4   93560.0    64157.7   103936.0 100711.8 14080.0 12818.2    254    1.596   5      0.571   -          -    2.167
         2861.1 4672.0 4672.0 2320.5  0.0   37504.0  32672.0   93560.0    64157.7   103936.0 100711.8 14080.0 12818.2    254    1.596   5      0.571   -          -    2.167
         2862.1 4672.0 4672.0 2320.5  0.0   37504.0  32675.4   93560.0    64157.7   103936.0 100711.8 14080.0 12818.2    254    1.596   5      0.571   -          -    2.167
         2863.1 4672.0 4672.0 2320.5  0.0   37504.0  32675.4   93560.0    64157.7   103936.0 100711.8 14080.0 12818.2    254    1.596   5      0.571   -          -    2.167
         2864.1 4672.0 4672.0 2320.5  0.0   37504.0  32675.4   93560.0    64157.7   103936.0 100711.8 14080.0 12818.2    254    1.596   5      0.571   -          -    2.167
         2865.1 4672.0 4672.0 2320.5  0.0   37504.0  32675.4   93560.0    64157.7   103936.0 100711.8 14080.0 12818.2    254    1.596   5      0.571   -          -    2.167
         2866.1 4672.0 4672.0 2320.5  0.0   37504.0  32675.4   93560.0    64157.7   103936.0 100711.8 14080.0 12818.2    254    1.596   5      0.571   -          -    2.167
         2867.1 4672.0 4672.0 2320.5  0.0   37504.0  32675.4   93560.0    64157.7   103936.0 100711.8 14080.0 12818.2    254    1.596   5      0.571   -          -    2.167
         2868.1 4672.0 4672.0 2320.5  0.0   37504.0  32675.4   93560.0    64157.7   103936.0 100711.8 14080.0 12818.2    254    1.596   5      0.571   -          -    2.167
         2869.1 4672.0 4672.0 2320.5  0.0   37504.0  32675.4   93560.0    64157.7   103936.0 100711.8 14080.0 12818.2    254    1.596   5      0.571   -          -    2.167
         2870.1 4672.0 4672.0 2320.5  0.0   37504.0  32823.0   93560.0    64157.7   103936.0 100711.8 14080.0 12818.2    254    1.596   5      0.571   -          -    2.167
         2871.1 4672.0 4672.0 2320.5  0.0   37504.0  32823.0   93560.0    64157.7   103936.0 100711.8 14080.0 12818.2    254    1.596   5      0.571   -          -    2.167
         2872.1 4672.0 4672.0 2320.5  0.0   37504.0  32823.0   93560.0    64157.7   103936.0 100711.8 14080.0 12818.2    254    1.596   5      0.571   -          -    2.167
         2873.1 4672.0 4672.0 2320.5  0.0   37504.0  32823.0   93560.0    64157.7   103936.0 100711.8 14080.0 12818.2    254    1.596   5      0.571   -          -    2.167
         2874.1 4672.0 4672.0 2320.5  0.0   37504.0  32826.5   93560.0    64157.7   103936.0 100711.8 14080.0 12818.2    254    1.596   5      0.571   -          -    2.167
         2875.1 4672.0 4672.0 2320.5  0.0   37504.0  32826.5   93560.0    64157.7   103936.0 100711.8 14080.0 12818.2    254    1.596   5      0.571   -          -    2.167
         2876.1 4672.0 4672.0 2320.5  0.0   37504.0  32826.5   93560.0    64157.7   103936.0 100711.8 14080.0 12818.2    254    1.596   5      0.571   -          -    2.167
         2877.1 4672.0 4672.0 2320.5  0.0   37504.0  32826.5   93560.0    64157.7   103936.0 100711.8 14080.0 12818.2    254    1.596   5      0.571   -          -    2.167
         2878.1 4672.0 4672.0 2320.5  0.0   37504.0  32826.5   93560.0    64157.7   103936.0 100711.8 14080.0 12818.2    254    1.596   5      0.571   -          -    2.167
         2879.1 4672.0 4672.0 2320.5  0.0   37504.0  32826.5   93560.0    64157.7   103936.0 100711.8 14080.0 12818.2    254    1.596   5      0.571   -          -    2.167
         2880.1 4672.0 4672.0 2320.5  0.0   37504.0  32826.5   93560.0    64157.7   103936.0 100711.8 14080.0 12818.2    254    1.596   5      0.571   -          -    2.167
         2881.1 4672.0 4672.0 2320.5  0.0   37504.0  32826.5   93560.0    64157.7   103936.0 100711.8 14080.0 12818.2    254    1.596   5      0.571   -          -    2.167
         2882.1 4672.0 4672.0 2320.5  0.0   37504.0  32826.5   93560.0    64157.7   103936.0 100711.8 14080.0 12818.2    254    1.596   5      0.571   -          -    2.167
         2883.1 4672.0 4672.0 2320.5  0.0   37504.0  32826.5   93560.0    64157.7   103936.0 100711.8 14080.0 12818.2    254    1.596   5      0.571   -          -    2.167
         2884.1 4672.0 4672.0 2320.5  0.0   37504.0  32826.5   93560.0    64157.7   103936.0 100711.8 14080.0 12818.2    254    1.596   5      0.571   -          -    2.167
         2885.1 4672.0 4672.0 2320.5  0.0   37504.0  32826.5   93560.0    64157.7   103936.0 100711.8 14080.0 12818.2    254    1.596   5      0.571   -          -    2.167
         2886.1 4672.0 4672.0 2320.5  0.0   37504.0  32826.5   93560.0    64157.7   103936.0 100711.8 14080.0 12818.2    254    1.596   5      0.571   -          -    2.167
         2887.1 4672.0 4672.0 2320.5  0.0   37504.0  32826.5   93560.0    64157.7   103936.0 100711.8 14080.0 12818.2    254    1.596   5      0.571   -          -    2.167
         2888.1 4672.0 4672.0 2320.5  0.0   37504.0  32826.5   93560.0    64157.7   103936.0 100711.8 14080.0 12818.2    254    1.596   5      0.571   -          -    2.167
         2889.1 4672.0 4672.0 2320.5  0.0   37504.0  32826.5   93560.0    64157.7   103936.0 100711.8 14080.0 12818.2    254    1.596   5      0.571   -          -    2.167
         2890.1 4672.0 4672.0 2320.5  0.0   37504.0  32965.8   93560.0    64157.7   103936.0 100711.8 14080.0 12818.2    254    1.596   5      0.571   -          -    2.167
         2891.1 4672.0 4672.0 2320.5  0.0   37504.0  33096.1   93560.0    64157.7   103936.0 100711.8 14080.0 12818.2    254    1.596   5      0.571   -          -    2.167
         2892.1 4672.0 4672.0 2320.5  0.0   37504.0  33099.5   93560.0    64157.7   103936.0 100711.8 14080.0 12818.2    254    1.596   5      0.571   -          -    2.167
         2893.1 4672.0 4672.0 2320.5  0.0   37504.0  33099.5   93560.0    64157.7   103936.0 100711.8 14080.0 12818.2    254    1.596   5      0.571   -          -    2.167
         2894.1 4672.0 4672.0 2320.5  0.0   37504.0  33099.5   93560.0    64157.7   103936.0 100711.8 14080.0 12818.2    254    1.596   5      0.571   -          -    2.167
         2895.1 4672.0 4672.0 2320.5  0.0   37504.0  33099.5   93560.0    64157.7   103936.0 100711.8 14080.0 12818.2    254    1.596   5      0.571   -          -    2.167
         2896.1 4672.0 4672.0 2320.5  0.0   37504.0  33099.5   93560.0    64157.7   103936.0 100711.8 14080.0 12818.2    254    1.596   5      0.571   -          -    2.167
         2897.1 4672.0 4672.0 2320.5  0.0   37504.0  33099.5   93560.0    64157.7   103936.0 100711.8 14080.0 12818.2    254    1.596   5      0.571   -          -    2.167
         2898.1 4672.0 4672.0 2320.5  0.0   37504.0  33099.5   93560.0    64157.7   103936.0 100711.8 14080.0 12818.2    254    1.596   5      0.571   -          -    2.167
         2899.1 4672.0 4672.0 2320.5  0.0   37504.0  33099.5   93560.0    64157.7   103936.0 100711.8 14080.0 12818.2    254    1.596   5      0.571   -          -    2.167
         2900.1 4672.0 4672.0 2320.5  0.0   37504.0  33099.5   93560.0    64157.7   103936.0 100711.8 14080.0 12818.2    254    1.596   5      0.571   -          -    2.167
         2901.1 4672.0 4672.0 2320.5  0.0   37504.0  33099.5   93560.0    64157.7   103936.0 100711.8 14080.0 12818.2    254    1.596   5      0.571   -          -    2.167
         2902.1 4672.0 4672.0 2320.5  0.0   37504.0  33110.6   93560.0    64157.7   103936.0 100711.8 14080.0 12818.2    254    1.596   5      0.571   -          -    2.167
         2903.1 4672.0 4672.0 2320.5  0.0   37504.0  33110.6   93560.0    64157.7   103936.0 100711.8 14080.0 12818.2    254    1.596   5      0.571   -          -    2.167
         2904.1 4672.0 4672.0 2320.5  0.0   37504.0  33110.6   93560.0    64157.7   103936.0 100711.8 14080.0 12818.2    254    1.596   5      0.571   -          -    2.167
         2905.1 4672.0 4672.0 2320.5  0.0   37504.0  33110.6   93560.0    64157.7   103936.0 100711.8 14080.0 12818.2    254    1.596   5      0.571   -          -    2.167
         2906.1 4672.0 4672.0 2320.5  0.0   37504.0  33110.6   93560.0    64157.7   103936.0 100711.8 14080.0 12818.2    254    1.596   5      0.571   -          -    2.167
         2907.1 4672.0 4672.0 2320.5  0.0   37504.0  33110.6   93560.0    64157.7   103936.0 100711.8 14080.0 12818.2    254    1.596   5      0.571   -          -    2.167
         2908.1 4672.0 4672.0 2320.5  0.0   37504.0  33110.6   93560.0    64157.7   103936.0 100711.8 14080.0 12818.2    254    1.596   5      0.571   -          -    2.167
         2909.1 4672.0 4672.0 2320.5  0.0   37504.0  33110.6   93560.0    64157.7   103936.0 100711.8 14080.0 12818.2    254    1.596   5      0.571   -          -    2.167
         2910.1 4672.0 4672.0 2320.5  0.0   37504.0  33242.0   93560.0    64157.7   103936.0 100711.8 14080.0 12818.2    254    1.596   5      0.571   -          -    2.167
         2911.1 4672.0 4672.0 2320.5  0.0   37504.0  33242.0   93560.0    64157.7   103936.0 100711.8 14080.0 12818.2    254    1.596   5      0.571   -          -    2.167
         2912.1 4672.0 4672.0 2320.5  0.0   37504.0  33242.0   93560.0    64157.7   103936.0 100711.8 14080.0 12818.2    254    1.596   5      0.571   -          -    2.167
         2913.1 4672.0 4672.0 2320.5  0.0   37504.0  33242.0   93560.0    64157.7   103936.0 100711.8 14080.0 12818.2    254    1.596   5      0.571   -          -    2.167
         2914.1 4672.0 4672.0 2320.5  0.0   37504.0  33242.0   93560.0    64157.7   103936.0 100711.8 14080.0 12818.2    254    1.596   5      0.571   -          -    2.167
         2915.1 4672.0 4672.0 2320.5  0.0   37504.0  33242.0   93560.0    64157.7   103936.0 100711.8 14080.0 12818.2    254    1.596   5      0.571   -          -    2.167
         2916.1 4672.0 4672.0 2320.5  0.0   37504.0  33242.0   93560.0    64157.7   103936.0 100711.8 14080.0 12818.2    254    1.596   5      0.571   -          -    2.167
         2917.1 4672.0 4672.0 2320.5  0.0   37504.0  33242.0   93560.0    64157.7   103936.0 100711.8 14080.0 12818.2    254    1.596   5      0.571   -          -    2.167
         2918.1 4672.0 4672.0 2320.5  0.0   37504.0  33242.0   93560.0    64157.7   103936.0 100711.8 14080.0 12818.2    254    1.596   5      0.571   -          -    2.167
         2919.1 4672.0 4672.0 2320.5  0.0   37504.0  33245.5   93560.0    64157.7   103936.0 100711.8 14080.0 12818.2    254    1.596   5      0.571   -          -    2.167
         2920.1 4672.0 4672.0 2320.5  0.0   37504.0  33245.5   93560.0    64157.7   103936.0 100711.8 14080.0 12818.2    254    1.596   5      0.571   -          -    2.167
         2921.1 4672.0 4672.0 2320.5  0.0   37504.0  33245.5   93560.0    64157.7   103936.0 100711.8 14080.0 12818.2    254    1.596   5      0.571   -          -    2.167
         2922.1 4672.0 4672.0 2320.5  0.0   37504.0  33245.5   93560.0    64157.7   103936.0 100711.8 14080.0 12818.2    254    1.596   5      0.571   -          -    2.167
         2923.1 4672.0 4672.0 2320.5  0.0   37504.0  33245.5   93560.0    64157.7   103936.0 100711.8 14080.0 12818.2    254    1.596   5      0.571   -          -    2.167
         2924.1 4672.0 4672.0 2320.5  0.0   37504.0  33245.5   93560.0    64157.7   103936.0 100711.8 14080.0 12818.2    254    1.596   5      0.571   -          -    2.167
         2925.1 4672.0 4672.0 2320.5  0.0   37504.0  33245.5   93560.0    64157.7   103936.0 100711.8 14080.0 12818.2    254    1.596   5      0.571   -          -    2.167
         2926.1 4672.0 4672.0 2320.5  0.0   37504.0  33245.5   93560.0    64157.7   103936.0 100711.8 14080.0 12818.2    254    1.596   5      0.571   -          -    2.167
         2927.1 4672.0 4672.0 2320.5  0.0   37504.0  33245.5   93560.0    64157.7   103936.0 100711.8 14080.0 12818.2    254    1.596   5      0.571   -          -    2.167
         2928.1 4672.0 4672.0 2320.5  0.0   37504.0  33245.5   93560.0    64157.7   103936.0 100711.8 14080.0 12818.2    254    1.596   5      0.571   -          -    2.167
         2929.1 4672.0 4672.0 2320.5  0.0   37504.0  33245.5   93560.0    64157.7   103936.0 100711.8 14080.0 12818.2    254    1.596   5      0.571   -          -    2.167
         2930.1 4672.0 4672.0 2320.5  0.0   37504.0  33376.8   93560.0    64157.7   103936.0 100711.8 14080.0 12818.2    254    1.596   5      0.571   -          -    2.167
         2931.2 4672.0 4672.0 2320.5  0.0   37504.0  33376.8   93560.0    64157.7   103936.0 100711.8 14080.0 12818.2    254    1.596   5      0.571   -          -    2.167
         2932.1 4672.0 4672.0 2320.5  0.0   37504.0  33384.0   93560.0    64157.7   103936.0 100711.8 14080.0 12818.2    254    1.596   5      0.571   -          -    2.167
         2933.1 4672.0 4672.0 2320.5  0.0   37504.0  33384.0   93560.0    64157.7   103936.0 100711.8 14080.0 12818.2    254    1.596   5      0.571   -          -    2.167
         2934.1 4672.0 4672.0 2320.5  0.0   37504.0  33384.0   93560.0    64157.7   103936.0 100711.8 14080.0 12818.2    254    1.596   5      0.571   -          -    2.167
         2935.1 4672.0 4672.0 2320.5  0.0   37504.0  33384.0   93560.0    64157.7   103936.0 100711.8 14080.0 12818.2    254    1.596   5      0.571   -          -    2.167
         2936.1 4672.0 4672.0 2320.5  0.0   37504.0  33384.0   93560.0    64157.7   103936.0 100711.8 14080.0 12818.2    254    1.596   5      0.571   -          -    2.167
         2937.1 4672.0 4672.0 2320.5  0.0   37504.0  33384.0   93560.0    64157.7   103936.0 100711.8 14080.0 12818.2    254    1.596   5      0.571   -          -    2.167
         2938.1 4672.0 4672.0 2320.5  0.0   37504.0  33384.0   93560.0    64157.7   103936.0 100711.8 14080.0 12818.2    254    1.596   5      0.571   -          -    2.167
         2939.1 4672.0 4672.0 2320.5  0.0   37504.0  33384.0   93560.0    64157.7   103936.0 100711.8 14080.0 12818.2    254    1.596   5      0.571   -          -    2.167
         2940.1 4672.0 4672.0 2320.5  0.0   37504.0  33384.0   93560.0    64157.7   103936.0 100711.8 14080.0 12818.2    254    1.596   5      0.571   -          -    2.167
         2941.1 4672.0 4672.0 2320.5  0.0   37504.0  33384.0   93560.0    64157.7   103936.0 100711.8 14080.0 12818.2    254    1.596   5      0.571   -          -    2.167
         2942.1 4672.0 4672.0 2320.5  0.0   37504.0  33384.0   93560.0    64157.7   103936.0 100711.8 14080.0 12818.2    254    1.596   5      0.571   -          -    2.167
         2943.1 4672.0 4672.0 2320.5  0.0   37504.0  33384.0   93560.0    64157.7   103936.0 100711.8 14080.0 12818.2    254    1.596   5      0.571   -          -    2.167
         2944.1 4672.0 4672.0 2320.5  0.0   37504.0  33384.0   93560.0    64157.7   103936.0 100711.8 14080.0 12818.2    254    1.596   5      0.571   -          -    2.167
         2945.2 4672.0 4672.0 2320.5  0.0   37504.0  33387.4   93560.0    64157.7   103936.0 100711.8 14080.0 12818.2    254    1.596   5      0.571   -          -    2.167
         2946.2 4672.0 4672.0 2320.5  0.0   37504.0  33387.4   93560.0    64157.7   103936.0 100711.8 14080.0 12818.2    254    1.596   5      0.571   -          -    2.167
         2947.2 4672.0 4672.0 2320.5  0.0   37504.0  33387.4   93560.0    64157.7   103936.0 100711.8 14080.0 12818.2    254    1.596   5      0.571   -          -    2.167
         2948.2 4672.0 4672.0 2320.5  0.0   37504.0  33387.4   93560.0    64157.7   103936.0 100711.8 14080.0 12818.2    254    1.596   5      0.571   -          -    2.167
         2949.1 4672.0 4672.0 2320.5  0.0   37504.0  33387.4   93560.0    64157.7   103936.0 100711.8 14080.0 12818.2    254    1.596   5      0.571   -          -    2.167
         2950.1 4672.0 4672.0 2320.5  0.0   37504.0  33518.8   93560.0    64157.7   103936.0 100711.8 14080.0 12818.2    254    1.596   5      0.571   -          -    2.167
         2951.1 4672.0 4672.0 2320.5  0.0   37504.0  33649.0   93560.0    64157.7   103936.0 100711.8 14080.0 12818.2    254    1.596   5      0.571   -          -    2.167
         2952.1 4672.0 4672.0 2320.5  0.0   37504.0  33649.0   93560.0    64157.7   103936.0 100711.8 14080.0 12818.2    254    1.596   5      0.571   -          -    2.167
         2953.1 4672.0 4672.0 2320.5  0.0   37504.0  33649.0   93560.0    64157.7   103936.0 100711.8 14080.0 12818.2    254    1.596   5      0.571   -          -    2.167
         2954.2 4672.0 4672.0 2320.5  0.0   37504.0  33649.0   93560.0    64157.7   103936.0 100711.8 14080.0 12818.2    254    1.596   5      0.571   -          -    2.167
         2955.2 4672.0 4672.0 2320.5  0.0   37504.0  33649.0   93560.0    64157.7   103936.0 100711.8 14080.0 12818.2    254    1.596   5      0.571   -          -    2.167
         2956.2 4672.0 4672.0 2320.5  0.0   37504.0  33649.0   93560.0    64157.7   103936.0 100711.8 14080.0 12818.2    254    1.596   5      0.571   -          -    2.167
         2957.2 4672.0 4672.0 2320.5  0.0   37504.0  33649.0   93560.0    64157.7   103936.0 100711.8 14080.0 12818.2    254    1.596   5      0.571   -          -    2.167
         2958.2 4672.0 4672.0 2320.5  0.0   37504.0  33649.0   93560.0    64157.7   103936.0 100711.8 14080.0 12818.2    254    1.596   5      0.571   -          -    2.167
         2959.2 4672.0 4672.0 2320.5  0.0   37504.0  33649.0   93560.0    64157.7   103936.0 100711.8 14080.0 12818.2    254    1.596   5      0.571   -          -    2.167
         2960.1 4672.0 4672.0 2320.5  0.0   37504.0  33788.4   93560.0    64157.7   103936.0 100711.8 14080.0 12818.2    254    1.596   5      0.571   -          -    2.167
         2961.1 4672.0 4672.0 2320.5  0.0   37504.0  33788.4   93560.0    64157.7   103936.0 100711.8 14080.0 12818.2    254    1.596   5      0.571   -          -    2.167
         2962.1 4672.0 4672.0 2320.5  0.0   37504.0  33791.8   93560.0    64157.7   103936.0 100711.8 14080.0 12818.2    254    1.596   5      0.571   -          -    2.167
         2963.1 4672.0 4672.0 2320.5  0.0   37504.0  33791.8   93560.0    64157.7   103936.0 100711.8 14080.0 12818.2    254    1.596   5      0.571   -          -    2.167
         2964.1 4672.0 4672.0 2320.5  0.0   37504.0  33791.8   93560.0    64157.7   103936.0 100711.8 14080.0 12818.2    254    1.596   5      0.571   -          -    2.167
         2965.1 4672.0 4672.0 2320.5  0.0   37504.0  33791.8   93560.0    64157.7   103936.0 100711.8 14080.0 12818.2    254    1.596   5      0.571   -          -    2.167
         2966.1 4672.0 4672.0 2320.5  0.0   37504.0  33791.8   93560.0    64157.7   103936.0 100711.8 14080.0 12818.2    254    1.596   5      0.571   -          -    2.167
         2967.1 4672.0 4672.0 2320.5  0.0   37504.0  33791.8   93560.0    64157.7   103936.0 100711.8 14080.0 12818.2    254    1.596   5      0.571   -          -    2.167
         2968.2 4672.0 4672.0 2320.5  0.0   37504.0  33791.8   93560.0    64157.7   103936.0 100711.8 14080.0 12818.2    254    1.596   5      0.571   -          -    2.167
         2969.2 4672.0 4672.0 2320.5  0.0   37504.0  33791.8   93560.0    64157.7   103936.0 100711.8 14080.0 12818.2    254    1.596   5      0.571   -          -    2.167
         2970.2 4672.0 4672.0 2320.5  0.0   37504.0  33791.8   93560.0    64157.7   103936.0 100711.8 14080.0 12818.2    254    1.596   5      0.571   -          -    2.167
         2971.2 4672.0 4672.0 2320.5  0.0   37504.0  33791.8   93560.0    64157.7   103936.0 100711.8 14080.0 12818.2    254    1.596   5      0.571   -          -    2.167
         2972.2 4672.0 4672.0 2320.5  0.0   37504.0  33795.1   93560.0    64157.7   103936.0 100711.8 14080.0 12818.2    254    1.596   5      0.571   -          -    2.167
         2973.2 4672.0 4672.0 2320.5  0.0   37504.0  33795.1   93560.0    64157.7   103936.0 100711.8 14080.0 12818.2    254    1.596   5      0.571   -          -    2.167
         2974.2 4672.0 4672.0 2320.5  0.0   37504.0  33795.1   93560.0    64157.7   103936.0 100711.8 14080.0 12818.2    254    1.596   5      0.571   -          -    2.167
         2975.2 4672.0 4672.0 2320.5  0.0   37504.0  33795.1   93560.0    64157.7   103936.0 100711.8 14080.0 12818.2    254    1.596   5      0.571   -          -    2.167
         2976.1 4672.0 4672.0 2320.5  0.0   37504.0  33795.1   93560.0    64157.7   103936.0 100711.8 14080.0 12818.2    254    1.596   5      0.571   -          -    2.167
         2977.1 4672.0 4672.0 2320.5  0.0   37504.0  33795.1   93560.0    64157.7   103936.0 100711.8 14080.0 12818.2    254    1.596   5      0.571   -          -    2.167
         2978.1 4672.0 4672.0 2320.5  0.0   37504.0  33795.1   93560.0    64157.7   103936.0 100711.8 14080.0 12818.2    254    1.596   5      0.571   -          -    2.167
         2979.1 4672.0 4672.0 2320.5  0.0   37504.0  33795.1   93560.0    64157.7   103936.0 100711.8 14080.0 12818.2    254    1.596   5      0.571   -          -    2.167
         2980.1 4672.0 4672.0 2320.5  0.0   37504.0  33950.6   93560.0    64157.7   103936.0 100711.8 14080.0 12818.2    254    1.596   5      0.571   -          -    2.167
         2981.1 4672.0 4672.0 2320.5  0.0   37504.0  34055.8   93560.0    64157.7   103936.0 100711.8 14080.0 12818.2    254    1.596   5      0.571   -          -    2.167
         2982.2 4672.0 4672.0 2320.5  0.0   37504.0  34055.8   93560.0    64157.7   103936.0 100711.8 14080.0 12818.2    254    1.596   5      0.571   -          -    2.167
         2983.2 4672.0 4672.0 2320.5  0.0   37504.0  34055.8   93560.0    64157.7   103936.0 100711.8 14080.0 12818.2    254    1.596   5      0.571   -          -    2.167
         2984.2 4672.0 4672.0 2320.5  0.0   37504.0  34055.8   93560.0    64157.7   103936.0 100711.8 14080.0 12818.2    254    1.596   5      0.571   -          -    2.167
         2985.2 4672.0 4672.0 2320.5  0.0   37504.0  34055.8   93560.0    64157.7   103936.0 100711.8 14080.0 12818.2    254    1.596   5      0.571   -          -    2.167
         2986.2 4672.0 4672.0 2320.5  0.0   37504.0  34055.8   93560.0    64157.7   103936.0 100711.8 14080.0 12818.2    254    1.596   5      0.571   -          -    2.167
         2987.2 4672.0 4672.0 2320.5  0.0   37504.0  34055.8   93560.0    64157.7   103936.0 100711.8 14080.0 12818.2    254    1.596   5      0.571   -          -    2.167
         2988.2 4672.0 4672.0 2320.5  0.0   37504.0  34055.8   93560.0    64157.7   103936.0 100711.8 14080.0 12818.2    254    1.596   5      0.571   -          -    2.167
         2989.2 4672.0 4672.0 2320.5  0.0   37504.0  34059.1   93560.0    64157.7   103936.0 100711.8 14080.0 12818.2    254    1.596   5      0.571   -          -    2.167
         2990.2 4672.0 4672.0 2320.5  0.0   37504.0  34059.1   93560.0    64157.7   103936.0 100711.8 14080.0 12818.2    254    1.596   5      0.571   -          -    2.167
         2991.2 4672.0 4672.0 2320.5  0.0   37504.0  34059.1   93560.0    64157.7   103936.0 100711.8 14080.0 12818.2    254    1.596   5      0.571   -          -    2.167
         2992.2 4672.0 4672.0 2320.5  0.0   37504.0  34059.1   93560.0    64157.7   103936.0 100711.8 14080.0 12818.2    254    1.596   5      0.571   -          -    2.167
         2993.1 4672.0 4672.0 2320.5  0.0   37504.0  34059.1   93560.0    64157.7   103936.0 100711.8 14080.0 12818.2    254    1.596   5      0.571   -          -    2.167
         2994.1 4672.0 4672.0 2320.5  0.0   37504.0  34067.0   93560.0    64157.7   103936.0 100711.8 14080.0 12818.2    254    1.596   5      0.571   -          -    2.167
         2995.1 4672.0 4672.0 2320.5  0.0   37504.0  34067.0   93560.0    64157.7   103936.0 100711.8 14080.0 12818.2    254    1.596   5      0.571   -          -    2.167
         2996.2 4672.0 4672.0 2320.5  0.0   37504.0  34067.0   93560.0    64157.7   103936.0 100711.8 14080.0 12818.2    254    1.596   5      0.571   -          -    2.167
         2997.2 4672.0 4672.0 2320.5  0.0   37504.0  34067.0   93560.0    64157.7   103936.0 100711.8 14080.0 12818.2    254    1.596   5      0.571   -          -    2.167
         2998.2 4672.0 4672.0 2320.5  0.0   37504.0  34067.0   93560.0    64157.7   103936.0 100711.8 14080.0 12818.2    254    1.596   5      0.571   -          -    2.167
         2999.2 4672.0 4672.0 2320.5  0.0   37504.0  34067.0   93560.0    64157.7   103936.0 100711.8 14080.0 12818.2    254    1.596   5      0.571   -          -    2.167
         3000.2 4672.0 4672.0 2320.5  0.0   37504.0  34214.6   93560.0    64157.7   103936.0 100711.8 14080.0 12818.2    254    1.596   5      0.571   -          -    2.167
         3001.2 4672.0 4672.0 2320.5  0.0   37504.0  34214.6   93560.0    64157.7   103936.0 100711.8 14080.0 12818.2    254    1.596   5      0.571   -          -    2.167
         3002.2 4672.0 4672.0 2320.5  0.0   37504.0  34218.0   93560.0    64157.7   103936.0 100711.8 14080.0 12818.2    254    1.596   5      0.571   -          -    2.167
         3003.2 4672.0 4672.0 2320.5  0.0   37504.0  34218.0   93560.0    64157.7   103936.0 100711.8 14080.0 12818.2    254    1.596   5      0.571   -          -    2.167
         3004.2 4672.0 4672.0 2320.5  0.0   37504.0  34218.0   93560.0    64157.7   103936.0 100711.8 14080.0 12818.2    254    1.596   5      0.571   -          -    2.167
         3005.2 4672.0 4672.0 2320.5  0.0   37504.0  34218.0   93560.0    64157.7   103936.0 100711.8 14080.0 12818.2    254    1.596   5      0.571   -          -    2.167
         3006.2 4672.0 4672.0 2320.5  0.0   37504.0  34218.0   93560.0    64157.7   103936.0 100711.8 14080.0 12818.2    254    1.596   5      0.571   -          -    2.167
         3007.2 4672.0 4672.0 2320.5  0.0   37504.0  34218.0   93560.0    64157.7   103936.0 100711.8 14080.0 12818.2    254    1.596   5      0.571   -          -    2.167
         3008.2 4672.0 4672.0 2320.5  0.0   37504.0  34218.0   93560.0    64157.7   103936.0 100711.8 14080.0 12818.2    254    1.596   5      0.571   -          -    2.167
         3009.1 4672.0 4672.0 2320.5  0.0   37504.0  34218.0   93560.0    64157.7   103936.0 100711.8 14080.0 12818.2    254    1.596   5      0.571   -          -    2.167
         3010.2 4672.0 4672.0 2320.5  0.0   37504.0  34218.0   93560.0    64157.7   103936.0 100711.8 14080.0 12818.2    254    1.596   5      0.571   -          -    2.167
         3011.2 4672.0 4672.0 2320.5  0.0   37504.0  34298.8   93560.0    64157.7   103936.0 100711.8 14080.0 12818.2    254    1.596   5      0.571   -          -    2.167
         3012.2 4672.0 4672.0 2320.5  0.0   37504.0  34298.8   93560.0    64157.7   103936.0 100711.8 14080.0 12818.2    254    1.596   5      0.571   -          -    2.167
         3013.2 4672.0 4672.0 2320.5  0.0   37504.0  34298.8   93560.0    64157.7   103936.0 100711.8 14080.0 12818.2    254    1.596   5      0.571   -          -    2.167
         3014.2 4672.0 4672.0 2320.5  0.0   37504.0  34298.8   93560.0    64157.7   103936.0 100711.8 14080.0 12818.2    254    1.596   5      0.571   -          -    2.167
         3015.2 4672.0 4672.0 2320.5  0.0   37504.0  34306.0   93560.0    64157.7   103936.0 100711.8 14080.0 12818.2    254    1.596   5      0.571   -          -    2.167
         3016.2 4672.0 4672.0 2320.5  0.0   37504.0  34306.0   93560.0    64157.7   103936.0 100711.8 14080.0 12818.2    254    1.596   5      0.571   -          -    2.167
         3017.2 4672.0 4672.0 2320.5  0.0   37504.0  34306.0   93560.0    64157.7   103936.0 100711.8 14080.0 12818.2    254    1.596   5      0.571   -          -    2.167
         3018.2 4672.0 4672.0 2320.5  0.0   37504.0  34306.0   93560.0    64157.7   103936.0 100711.8 14080.0 12818.2    254    1.596   5      0.571   -          -    2.167
         3019.2 4672.0 4672.0 2320.5  0.0   37504.0  34306.0   93560.0    64157.7   103936.0 100711.8 14080.0 12818.2    254    1.596   5      0.571   -          -    2.167
         3020.2 4672.0 4672.0 2320.5  0.0   37504.0  34445.3   93560.0    64157.7   103936.0 100711.8 14080.0 12818.2    254    1.596   5      0.571   -          -    2.167
         3021.2 4672.0 4672.0 2320.5  0.0   37504.0  34445.3   93560.0    64157.7   103936.0 100711.8 14080.0 12818.2    254    1.596   5      0.571   -          -    2.167
         3022.2 4672.0 4672.0 2320.5  0.0   37504.0  34445.3   93560.0    64157.7   103936.0 100711.8 14080.0 12818.2    254    1.596   5      0.571   -          -    2.167
         3023.2 4672.0 4672.0 2320.5  0.0   37504.0  34445.3   93560.0    64157.7   103936.0 100711.8 14080.0 12818.2    254    1.596   5      0.571   -          -    2.167
         3024.2 4672.0 4672.0 2320.5  0.0   37504.0  34445.3   93560.0    64157.7   103936.0 100711.8 14080.0 12818.2    254    1.596   5      0.571   -          -    2.167
         3025.2 4672.0 4672.0 2320.5  0.0   37504.0  34445.3   93560.0    64157.7   103936.0 100711.8 14080.0 12818.2    254    1.596   5      0.571   -          -    2.167
         3026.2 4672.0 4672.0 2320.5  0.0   37504.0  34445.3   93560.0    64157.7   103936.0 100711.8 14080.0 12818.2    254    1.596   5      0.571   -          -    2.167
         3027.2 4672.0 4672.0 2320.5  0.0   37504.0  34445.3   93560.0    64157.7   103936.0 100711.8 14080.0 12818.2    254    1.596   5      0.571   -          -    2.167
         3028.2 4672.0 4672.0 2320.5  0.0   37504.0  34445.3   93560.0    64157.7   103936.0 100711.8 14080.0 12818.2    254    1.596   5      0.571   -          -    2.167
         3029.2 4672.0 4672.0 2320.5  0.0   37504.0  34445.3   93560.0    64157.7   103936.0 100711.8 14080.0 12818.2    254    1.596   5      0.571   -          -    2.167
         3030.2 4672.0 4672.0 2320.5  0.0   37504.0  34445.3   93560.0    64157.7   103936.0 100711.8 14080.0 12818.2    254    1.596   5      0.571   -          -    2.167
         3031.2 4672.0 4672.0 2320.5  0.0   37504.0  34445.3   93560.0    64157.7   103936.0 100711.8 14080.0 12818.2    254    1.596   5      0.571   -          -    2.167
         3032.2 4672.0 4672.0 2320.5  0.0   37504.0  34448.7   93560.0    64157.7   103936.0 100711.8 14080.0 12818.2    254    1.596   5      0.571   -          -    2.167
         3033.2 4672.0 4672.0 2320.5  0.0   37504.0  34448.7   93560.0    64157.7   103936.0 100711.8 14080.0 12818.2    254    1.596   5      0.571   -          -    2.167
         3034.2 4672.0 4672.0 2320.5  0.0   37504.0  34448.7   93560.0    64157.7   103936.0 100711.8 14080.0 12818.2    254    1.596   5      0.571   -          -    2.167
         3035.2 4672.0 4672.0 2320.5  0.0   37504.0  34448.7   93560.0    64157.7   103936.0 100711.8 14080.0 12818.2    254    1.596   5      0.571   -          -    2.167
         3036.2 4672.0 4672.0 2320.5  0.0   37504.0  34448.7   93560.0    64157.7   103936.0 100711.8 14080.0 12818.2    254    1.596   5      0.571   -          -    2.167
         3037.2 4672.0 4672.0 2320.5  0.0   37504.0  34448.7   93560.0    64157.7   103936.0 100711.8 14080.0 12818.2    254    1.596   5      0.571   -          -    2.167
         3038.2 4672.0 4672.0 2320.5  0.0   37504.0  34448.7   93560.0    64157.7   103936.0 100711.8 14080.0 12818.2    254    1.596   5      0.571   -          -    2.167
         3039.2 4672.0 4672.0 2320.5  0.0   37504.0  34448.7   93560.0    64157.7   103936.0 100711.8 14080.0 12818.2    254    1.596   5      0.571   -          -    2.167
         3040.2 4672.0 4672.0 2320.5  0.0   37504.0  34580.1   93560.0    64157.7   103936.0 100711.8 14080.0 12818.2    254    1.596   5      0.571   -          -    2.167
         3041.2 4672.0 4672.0  0.0   4672.0 37504.0   500.1    93560.0    68070.3   104704.0 101319.9 14080.0 12820.2    255    1.605   5      0.571   -          -    2.177
         3042.2 4672.0 4672.0  0.0   4672.0 37504.0   500.1    93560.0    68070.3   104704.0 101319.9 14080.0 12820.2    255    1.605   5      0.571   -          -    2.177
         3043.2 4672.0 4672.0  0.0   4672.0 37504.0   500.1    93560.0    68070.3   104704.0 101319.9 14080.0 12820.2    255    1.605   5      0.571   -          -    2.177
         3044.2 4672.0 4672.0  0.0   4672.0 37504.0   500.1    93560.0    68070.3   104704.0 101319.9 14080.0 12820.2    255    1.605   5      0.571   -          -    2.177
         3045.2 4672.0 4672.0  0.0   4672.0 37504.0   500.1    93560.0    68070.3   104704.0 101319.9 14080.0 12820.2    255    1.605   5      0.571   -          -    2.177
         3046.2 4672.0 4672.0  0.0   4672.0 37504.0   500.1    93560.0    68070.3   104704.0 101319.9 14080.0 12820.2    255    1.605   5      0.571   -          -    2.177
         3047.2 4672.0 4672.0  0.0   4672.0 37504.0   500.1    93560.0    68070.3   104704.0 101319.9 14080.0 12820.2    255    1.605   5      0.571   -          -    2.177
         3048.2 4672.0 4672.0  0.0   4672.0 37504.0   500.1    93560.0    68070.3   104704.0 101319.9 14080.0 12820.2    255    1.605   5      0.571   -          -    2.177
         3049.2 4672.0 4672.0  0.0   4672.0 37504.0   500.1    93560.0    68070.3   104704.0 101319.9 14080.0 12820.2    255    1.605   5      0.571   -          -    2.177
         3050.2 4672.0 4672.0  0.0   4672.0 37504.0   604.1    93560.0    68070.3   104704.0 101319.9 14080.0 12820.2    255    1.605   5      0.571   -          -    2.177
         3051.2 4672.0 4672.0  0.0   4672.0 37504.0   604.1    93560.0    68070.3   104704.0 101319.9 14080.0 12820.2    255    1.605   5      0.571   -          -    2.177
         3052.2 4672.0 4672.0  0.0   4672.0 37504.0   606.8    93560.0    68070.3   104704.0 101319.9 14080.0 12820.2    255    1.605   5      0.571   -          -    2.177
         3053.2 4672.0 4672.0  0.0   4672.0 37504.0   606.8    93560.0    68070.3   104704.0 101319.9 14080.0 12820.2    255    1.605   5      0.571   -          -    2.177
         3054.2 4672.0 4672.0  0.0   4672.0 37504.0   606.8    93560.0    68070.3   104704.0 101319.9 14080.0 12820.2    255    1.605   5      0.571   -          -    2.177
         3055.2 4672.0 4672.0  0.0   4672.0 37504.0   643.3    93560.0    68070.3   104704.0 101319.9 14080.0 12820.2    255    1.605   5      0.571   -          -    2.177
         3056.2 4672.0 4672.0  0.0   4672.0 37504.0   643.3    93560.0    68070.3   104704.0 101319.9 14080.0 12820.2    255    1.605   5      0.571   -          -    2.177
         3057.2 4672.0 4672.0  0.0   4672.0 37504.0   643.3    93560.0    68070.3   104704.0 101319.9 14080.0 12820.2    255    1.605   5      0.571   -          -    2.177
         3058.2 4672.0 4672.0  0.0   4672.0 37504.0   643.3    93560.0    68070.3   104704.0 101319.9 14080.0 12820.2    255    1.605   5      0.571   -          -    2.177
         3059.2 4672.0 4672.0  0.0   4672.0 37504.0   643.3    93560.0    68070.3   104704.0 101319.9 14080.0 12820.2    255    1.605   5      0.571   -          -    2.177
         3060.2 4672.0 4672.0  0.0   4672.0 37504.0   747.2    93560.0    68070.3   104704.0 101319.9 14080.0 12820.2    255    1.605   5      0.571   -          -    2.177
         3061.2 4672.0 4672.0  0.0   4672.0 37504.0   754.6    93560.0    68070.3   104704.0 101319.9 14080.0 12820.2    255    1.605   5      0.571   -          -    2.177
         3062.2 4672.0 4672.0  0.0   4672.0 37504.0   757.3    93560.0    68070.3   104704.0 101319.9 14080.0 12820.2    255    1.605   5      0.571   -          -    2.177
         3063.2 4672.0 4672.0  0.0   4672.0 37504.0   757.3    93560.0    68070.3   104704.0 101319.9 14080.0 12820.2    255    1.605   5      0.571   -          -    2.177
         3064.2 4672.0 4672.0  0.0   4672.0 37504.0   757.3    93560.0    68070.3   104704.0 101319.9 14080.0 12820.2    255    1.605   5      0.571   -          -    2.177
         3065.2 4672.0 4672.0  0.0   4672.0 37504.0   757.3    93560.0    68070.3   104704.0 101319.9 14080.0 12820.2    255    1.605   5      0.571   -          -    2.177
         3066.2 4672.0 4672.0  0.0   4672.0 37504.0   757.3    93560.0    68070.3   104704.0 101319.9 14080.0 12820.2    255    1.605   5      0.571   -          -    2.177
         3067.2 4672.0 4672.0  0.0   4672.0 37504.0   757.3    93560.0    68070.3   104704.0 101319.9 14080.0 12820.2    255    1.605   5      0.571   -          -    2.177
         3068.2 4672.0 4672.0  0.0   4672.0 37504.0   757.3    93560.0    68070.3   104704.0 101319.9 14080.0 12820.2    255    1.605   5      0.571   -          -    2.177
         3069.2 4672.0 4672.0  0.0   4672.0 37504.0   757.3    93560.0    68070.3   104704.0 101319.9 14080.0 12820.2    255    1.605   5      0.571   -          -    2.177
         3070.2 4672.0 4672.0  0.0   4672.0 37504.0   876.1    93560.0    68070.3   104704.0 101319.9 14080.0 12820.2    255    1.605   5      0.571   -          -    2.177
         3071.2 4672.0 4672.0  0.0   4672.0 37504.0   932.6    93560.0    68070.3   104704.0 101319.9 14080.0 12820.2    255    1.605   5      0.571   -          -    2.177
         3072.2 4672.0 4672.0  0.0   4672.0 37504.0   935.3    93560.0    68070.3   104704.0 101319.9 14080.0 12820.2    255    1.605   5      0.571   -          -    2.177
         3073.2 4672.0 4672.0  0.0   4672.0 37504.0   935.3    93560.0    68070.3   104704.0 101319.9 14080.0 12820.2    255    1.605   5      0.571   -          -    2.177
         3074.2 4672.0 4672.0  0.0   4672.0 37504.0   935.3    93560.0    68070.3   104704.0 101319.9 14080.0 12820.2    255    1.605   5      0.571   -          -    2.177
         3075.2 4672.0 4672.0  0.0   4672.0 37504.0   935.3    93560.0    68070.3   104704.0 101319.9 14080.0 12820.2    255    1.605   5      0.571   -          -    2.177
         3076.2 4672.0 4672.0  0.0   4672.0 37504.0   935.3    93560.0    68070.3   104704.0 101319.9 14080.0 12820.2    255    1.605   5      0.571   -          -    2.177
         3077.2 4672.0 4672.0  0.0   4672.0 37504.0   935.3    93560.0    68070.3   104704.0 101319.9 14080.0 12820.2    255    1.605   5      0.571   -          -    2.177
         3078.2 4672.0 4672.0  0.0   4672.0 37504.0   935.3    93560.0    68070.3   104704.0 101319.9 14080.0 12820.2    255    1.605   5      0.571   -          -    2.177
         3079.2 4672.0 4672.0  0.0   4672.0 37504.0   935.3    93560.0    68070.3   104704.0 101319.9 14080.0 12820.2    255    1.605   5      0.571   -          -    2.177
         3080.2 4672.0 4672.0  0.0   4672.0 37504.0   935.3    93560.0    68070.3   104704.0 101319.9 14080.0 12820.2    255    1.605   5      0.571   -          -    2.177
         3081.2 4672.0 4672.0  0.0   4672.0 37504.0   935.3    93560.0    68070.3   104704.0 101319.9 14080.0 12820.2    255    1.605   5      0.571   -          -    2.177
         3082.2 4672.0 4672.0  0.0   4672.0 37504.0   938.1    93560.0    68070.3   104704.0 101319.9 14080.0 12820.2    255    1.605   5      0.571   -          -    2.177
         3083.2 4672.0 4672.0  0.0   4672.0 37504.0   938.1    93560.0    68070.3   104704.0 101319.9 14080.0 12820.2    255    1.605   5      0.571   -          -    2.177
         3084.2 4672.0 4672.0  0.0   4672.0 37504.0   938.1    93560.0    68070.3   104704.0 101319.9 14080.0 12820.2    255    1.605   5      0.571   -          -    2.177
         3085.2 4672.0 4672.0  0.0   4672.0 37504.0   938.1    93560.0    68070.3   104704.0 101319.9 14080.0 12820.2    255    1.605   5      0.571   -          -    2.177
         3086.2 4672.0 4672.0  0.0   4672.0 37504.0   938.1    93560.0    68070.3   104704.0 101319.9 14080.0 12820.2    255    1.605   5      0.571   -          -    2.177
         3087.2 4672.0 4672.0  0.0   4672.0 37504.0   938.1    93560.0    68070.3   104704.0 101319.9 14080.0 12820.2    255    1.605   5      0.571   -          -    2.177
         3088.2 4672.0 4672.0  0.0   4672.0 37504.0   938.1    93560.0    68070.3   104704.0 101319.9 14080.0 12820.2    255    1.605   5      0.571   -          -    2.177
         3089.2 4672.0 4672.0  0.0   4672.0 37504.0   938.1    93560.0    68070.3   104704.0 101319.9 14080.0 12820.2    255    1.605   5      0.571   -          -    2.177
         3090.2 4672.0 4672.0  0.0   4672.0 37504.0   1042.0   93560.0    68070.3   104704.0 101319.9 14080.0 12820.2    255    1.605   5      0.571   -          -    2.177
         3091.2 4672.0 4672.0  0.0   4672.0 37504.0   1042.0   93560.0    68070.3   104704.0 101319.9 14080.0 12820.2    255    1.605   5      0.571   -          -    2.177
         3092.2 4672.0 4672.0  0.0   4672.0 37504.0   1044.7   93560.0    68070.3   104704.0 101319.9 14080.0 12820.2    255    1.605   5      0.571   -          -    2.177
         3093.2 4672.0 4672.0  0.0   4672.0 37504.0   1047.3   93560.0    68070.3   104704.0 101319.9 14080.0 12820.2    255    1.605   5      0.571   -          -    2.177
         3094.2 4672.0 4672.0  0.0   4672.0 37504.0   1047.3   93560.0    68070.3   104704.0 101319.9 14080.0 12820.2    255    1.605   5      0.571   -          -    2.177
         3095.2 4672.0 4672.0  0.0   4672.0 37504.0   1047.3   93560.0    68070.3   104704.0 101319.9 14080.0 12820.2    255    1.605   5      0.571   -          -    2.177
         3096.2 4672.0 4672.0  0.0   4672.0 37504.0   1047.3   93560.0    68070.3   104704.0 101319.9 14080.0 12820.2    255    1.605   5      0.571   -          -    2.177
         3097.2 4672.0 4672.0  0.0   4672.0 37504.0   1047.3   93560.0    68070.3   104704.0 101319.9 14080.0 12820.2    255    1.605   5      0.571   -          -    2.177
         3098.2 4672.0 4672.0  0.0   4672.0 37504.0   1047.3   93560.0    68070.3   104704.0 101319.9 14080.0 12820.2    255    1.605   5      0.571   -          -    2.177
         3099.2 4672.0 4672.0  0.0   4672.0 37504.0   1047.3   93560.0    68070.3   104704.0 101319.9 14080.0 12820.2    255    1.605   5      0.571   -          -    2.177
         3100.2 4672.0 4672.0  0.0   4672.0 37504.0   1159.2   93560.0    68070.3   104704.0 101319.9 14080.0 12820.2    255    1.605   5      0.571   -          -    2.177
         3101.2 4672.0 4672.0  0.0   4672.0 37504.0   1308.3   93560.0    68070.3   104704.0 101319.9 14080.0 12820.2    255    1.605   5      0.571   -          -    2.177
         3102.2 4672.0 4672.0  0.0   4672.0 37504.0   1311.1   93560.0    68070.3   104704.0 101319.9 14080.0 12820.2    255    1.605   5      0.571   -          -    2.177
         3103.2 4672.0 4672.0  0.0   4672.0 37504.0   1311.1   93560.0    68070.3   104704.0 101319.9 14080.0 12820.2    255    1.605   5      0.571   -          -    2.177
         3104.2 4672.0 4672.0  0.0   4672.0 37504.0   1311.1   93560.0    68070.3   104704.0 101319.9 14080.0 12820.2    255    1.605   5      0.571   -          -    2.177
         3105.2 4672.0 4672.0  0.0   4672.0 37504.0   1311.1   93560.0    68070.3   104704.0 101319.9 14080.0 12820.2    255    1.605   5      0.571   -          -    2.177
         3106.2 4672.0 4672.0  0.0   4672.0 37504.0   1311.1   93560.0    68070.3   104704.0 101319.9 14080.0 12820.2    255    1.605   5      0.571   -          -    2.177
         3107.2 4672.0 4672.0  0.0   4672.0 37504.0   1311.1   93560.0    68070.3   104704.0 101319.9 14080.0 12820.2    255    1.605   5      0.571   -          -    2.177
         3108.2 4672.0 4672.0  0.0   4672.0 37504.0   1311.1   93560.0    68070.3   104704.0 101319.9 14080.0 12820.2    255    1.605   5      0.571   -          -    2.177
         3109.2 4672.0 4672.0  0.0   4672.0 37504.0   1311.1   93560.0    68070.3   104704.0 101319.9 14080.0 12820.2    255    1.605   5      0.571   -          -    2.177
         3110.2 4672.0 4672.0  0.0   4672.0 37504.0   1311.1   93560.0    68070.3   104704.0 101319.9 14080.0 12820.2    255    1.605   5      0.571   -          -    2.177
         3111.2 4672.0 4672.0  0.0   4672.0 37504.0   1311.1   93560.0    68070.3   104704.0 101319.9 14080.0 12820.2    255    1.605   5      0.571   -          -    2.177
         3112.2 4672.0 4672.0  0.0   4672.0 37504.0   1313.8   93560.0    68070.3   104704.0 101319.9 14080.0 12820.2    255    1.605   5      0.571   -          -    2.177
         3113.2 4672.0 4672.0  0.0   4672.0 37504.0   1313.8   93560.0    68070.3   104704.0 101319.9 14080.0 12820.2    255    1.605   5      0.571   -          -    2.177
         3114.2 4672.0 4672.0  0.0   4672.0 37504.0   1320.1   93560.0    68070.3   104704.0 101319.9 14080.0 12820.2    255    1.605   5      0.571   -          -    2.177
         3115.2 4672.0 4672.0  0.0   4672.0 37504.0   1320.1   93560.0    68070.3   104704.0 101319.9 14080.0 12820.2    255    1.605   5      0.571   -          -    2.177
         3116.2 4672.0 4672.0  0.0   4672.0 37504.0   1320.1   93560.0    68070.3   104704.0 101319.9 14080.0 12820.2    255    1.605   5      0.571   -          -    2.177
         3117.2 4672.0 4672.0  0.0   4672.0 37504.0   1320.1   93560.0    68070.3   104704.0 101319.9 14080.0 12820.2    255    1.605   5      0.571   -          -    2.177
         3118.2 4672.0 4672.0  0.0   4672.0 37504.0   1320.1   93560.0    68070.3   104704.0 101319.9 14080.0 12820.2    255    1.605   5      0.571   -          -    2.177
         3119.2 4672.0 4672.0  0.0   4672.0 37504.0   1320.1   93560.0    68070.3   104704.0 101319.9 14080.0 12820.2    255    1.605   5      0.571   -          -    2.177
         3120.2 4672.0 4672.0  0.0   4672.0 37504.0   1424.1   93560.0    68070.3   104704.0 101319.9 14080.0 12820.2    255    1.605   5      0.571   -          -    2.177
         3121.3 4672.0 4672.0  0.0   4672.0 37504.0   1424.1   93560.0    68070.3   104704.0 101319.9 14080.0 12820.2    255    1.605   5      0.571   -          -    2.177
         3122.3 4672.0 4672.0  0.0   4672.0 37504.0   1426.8   93560.0    68070.3   104704.0 101319.9 14080.0 12820.2    255    1.605   5      0.571   -          -    2.177
         3123.2 4672.0 4672.0  0.0   4672.0 37504.0   1426.8   93560.0    68070.3   104704.0 101319.9 14080.0 12820.2    255    1.605   5      0.571   -          -    2.177
         3124.2 4672.0 4672.0  0.0   4672.0 37504.0   1426.8   93560.0    68070.3   104704.0 101319.9 14080.0 12820.2    255    1.605   5      0.571   -          -    2.177
         3125.2 4672.0 4672.0  0.0   4672.0 37504.0   1426.8   93560.0    68070.3   104704.0 101319.9 14080.0 12820.2    255    1.605   5      0.571   -          -    2.177
         3126.2 4672.0 4672.0  0.0   4672.0 37504.0   1426.8   93560.0    68070.3   104704.0 101319.9 14080.0 12820.2    255    1.605   5      0.571   -          -    2.177
         3127.2 4672.0 4672.0  0.0   4672.0 37504.0   1426.8   93560.0    68070.3   104704.0 101319.9 14080.0 12820.2    255    1.605   5      0.571   -          -    2.177
         3128.2 4672.0 4672.0  0.0   4672.0 37504.0   1426.8   93560.0    68070.3   104704.0 101319.9 14080.0 12820.2    255    1.605   5      0.571   -          -    2.177
         3129.2 4672.0 4672.0  0.0   4672.0 37504.0   1426.8   93560.0    68070.3   104704.0 101319.9 14080.0 12820.2    255    1.605   5      0.571   -          -    2.177
         3130.2 4672.0 4672.0  0.0   4672.0 37504.0   1530.7   93560.0    68070.3   104704.0 101319.9 14080.0 12820.2    255    1.605   5      0.571   -          -    2.177
         3131.2 4672.0 4672.0  0.0   4672.0 37504.0   1587.2   93560.0    68070.3   104704.0 101319.9 14080.0 12820.2    255    1.605   5      0.571   -          -    2.177
         3132.3 4672.0 4672.0  0.0   4672.0 37504.0   1587.2   93560.0    68070.3   104704.0 101319.9 14080.0 12820.2    255    1.605   5      0.571   -          -    2.177
         3133.3 4672.0 4672.0  0.0   4672.0 37504.0   1590.0   93560.0    68070.3   104704.0 101319.9 14080.0 12820.2    255    1.605   5      0.571   -          -    2.177
         3134.3 4672.0 4672.0  0.0   4672.0 37504.0   1590.0   93560.0    68070.3   104704.0 101319.9 14080.0 12820.2    255    1.605   5      0.571   -          -    2.177
         3135.3 4672.0 4672.0  0.0   4672.0 37504.0   1590.0   93560.0    68070.3   104704.0 101319.9 14080.0 12820.2    255    1.605   5      0.571   -          -    2.177
         3136.2 4672.0 4672.0  0.0   4672.0 37504.0   1590.0   93560.0    68070.3   104704.0 101319.9 14080.0 12820.2    255    1.605   5      0.571   -          -    2.177
         3137.2 4672.0 4672.0  0.0   4672.0 37504.0   1590.0   93560.0    68070.3   104704.0 101319.9 14080.0 12820.2    255    1.605   5      0.571   -          -    2.177
         3138.2 4672.0 4672.0  0.0   4672.0 37504.0   1590.0   93560.0    68070.3   104704.0 101319.9 14080.0 12820.2    255    1.605   5      0.571   -          -    2.177
         3139.2 4672.0 4672.0  0.0   4672.0 37504.0   1590.0   93560.0    68070.3   104704.0 101319.9 14080.0 12820.2    255    1.605   5      0.571   -          -    2.177
         3140.2 4672.0 4672.0  0.0   4672.0 37504.0   1694.0   93560.0    68070.3   104704.0 101319.9 14080.0 12820.2    255    1.605   5      0.571   -          -    2.177
         3141.2 4672.0 4672.0  0.0   4672.0 37504.0   1694.0   93560.0    68070.3   104704.0 101319.9 14080.0 12820.2    255    1.605   5      0.571   -          -    2.177
         3142.2 4672.0 4672.0  0.0   4672.0 37504.0   1694.0   93560.0    68070.3   104704.0 101319.9 14080.0 12820.2    255    1.605   5      0.571   -          -    2.177
         3143.2 4672.0 4672.0  0.0   4672.0 37504.0   1694.0   93560.0    68070.3   104704.0 101319.9 14080.0 12820.2    255    1.605   5      0.571   -          -    2.177
         3144.2 4672.0 4672.0  0.0   4672.0 37504.0   1696.7   93560.0    68070.3   104704.0 101319.9 14080.0 12820.2    255    1.605   5      0.571   -          -    2.177
         3145.3 4672.0 4672.0  0.0   4672.0 37504.0   1696.7   93560.0    68070.3   104704.0 101319.9 14080.0 12820.2    255    1.605   5      0.571   -          -    2.177
         3146.3 4672.0 4672.0  0.0   4672.0 37504.0   1699.3   93560.0    68070.3   104704.0 101319.9 14080.0 12820.2    255    1.605   5      0.571   -          -    2.177
         3147.3 4672.0 4672.0  0.0   4672.0 37504.0   1699.3   93560.0    68070.3   104704.0 101319.9 14080.0 12820.2    255    1.605   5      0.571   -          -    2.177
         3148.3 4672.0 4672.0  0.0   4672.0 37504.0   1699.3   93560.0    68070.3   104704.0 101319.9 14080.0 12820.2    255    1.605   5      0.571   -          -    2.177
         3149.3 4672.0 4672.0  0.0   4672.0 37504.0   1699.3   93560.0    68070.3   104704.0 101319.9 14080.0 12820.2    255    1.605   5      0.571   -          -    2.177
         3150.3 4672.0 4672.0  0.0   4672.0 37504.0   1699.3   93560.0    68070.3   104704.0 101319.9 14080.0 12820.2    255    1.605   5      0.571   -          -    2.177
         3151.2 4672.0 4672.0  0.0   4672.0 37504.0   1699.3   93560.0    68070.3   104704.0 101319.9 14080.0 12820.2    255    1.605   5      0.571   -          -    2.177
         3152.2 4672.0 4672.0  0.0   4672.0 37504.0   1699.3   93560.0    68070.3   104704.0 101319.9 14080.0 12820.2    255    1.605   5      0.571   -          -    2.177
         3153.2 4672.0 4672.0  0.0   4672.0 37504.0   1699.3   93560.0    68070.3   104704.0 101319.9 14080.0 12820.2    255    1.605   5      0.571   -          -    2.177
         3154.2 4672.0 4672.0  0.0   4672.0 37504.0   1699.3   93560.0    68070.3   104704.0 101319.9 14080.0 12820.2    255    1.605   5      0.571   -          -    2.177
         3155.2 4672.0 4672.0  0.0   4672.0 37504.0   1699.3   93560.0    68070.3   104704.0 101319.9 14080.0 12820.2    255    1.605   5      0.571   -          -    2.177
         3156.3 4672.0 4672.0  0.0   4672.0 37504.0   1699.3   93560.0    68070.3   104704.0 101319.9 14080.0 12820.2    255    1.605   5      0.571   -          -    2.177
         3157.3 4672.0 4672.0  0.0   4672.0 37504.0   1699.3   93560.0    68070.3   104704.0 101319.9 14080.0 12820.2    255    1.605   5      0.571   -          -    2.177
         3158.3 4672.0 4672.0  0.0   4672.0 37504.0   1699.3   93560.0    68070.3   104704.0 101319.9 14080.0 12820.2    255    1.605   5      0.571   -          -    2.177
         3159.3 4672.0 4672.0  0.0   4672.0 37504.0   1699.3   93560.0    68070.3   104704.0 101319.9 14080.0 12820.2    255    1.605   5      0.571   -          -    2.177
         3160.3 4672.0 4672.0  0.0   4672.0 37504.0   1805.8   93560.0    68070.3   104704.0 101319.9 14080.0 12820.2    255    1.605   5      0.571   -          -    2.177
         3161.3 4672.0 4672.0  0.0   4672.0 37504.0   1954.9   93560.0    68070.3   104704.0 101319.9 14080.0 12820.2    255    1.605   5      0.571   -          -    2.177
         3162.3 4672.0 4672.0  0.0   4672.0 37504.0   1954.9   93560.0    68070.3   104704.0 101319.9 14080.0 12820.2    255    1.605   5      0.571   -          -    2.177
         3163.3 4672.0 4672.0  0.0   4672.0 37504.0   1954.9   93560.0    68070.3   104704.0 101319.9 14080.0 12820.2    255    1.605   5      0.571   -          -    2.177
         3164.3 4672.0 4672.0  0.0   4672.0 37504.0   1954.9   93560.0    68070.3   104704.0 101319.9 14080.0 12820.2    255    1.605   5      0.571   -          -    2.177
         3165.2 4672.0 4672.0  0.0   4672.0 37504.0   1954.9   93560.0    68070.3   104704.0 101319.9 14080.0 12820.2    255    1.605   5      0.571   -          -    2.177
         3166.2 4672.0 4672.0  0.0   4672.0 37504.0   1954.9   93560.0    68070.3   104704.0 101319.9 14080.0 12820.2    255    1.605   5      0.571   -          -    2.177
         3167.2 4672.0 4672.0  0.0   4672.0 37504.0   1954.9   93560.0    68070.3   104704.0 101319.9 14080.0 12820.2    255    1.605   5      0.571   -          -    2.177
         3168.2 4672.0 4672.0  0.0   4672.0 37504.0   1954.9   93560.0    68070.3   104704.0 101319.9 14080.0 12820.2    255    1.605   5      0.571   -          -    2.177
         3169.2 4672.0 4672.0  0.0   4672.0 37504.0   1954.9   93560.0    68070.3   104704.0 101319.9 14080.0 12820.2    255    1.605   5      0.571   -          -    2.177
         3170.3 4672.0 4672.0  0.0   4672.0 37504.0   2077.6   93560.0    68070.3   104704.0 101319.9 14080.0 12820.2    255    1.605   5      0.571   -          -    2.177
         3171.3 4672.0 4672.0  0.0   4672.0 37504.0   2077.6   93560.0    68070.3   104704.0 101319.9 14080.0 12820.2    255    1.605   5      0.571   -          -    2.177
         3172.3 4672.0 4672.0  0.0   4672.0 37504.0   2077.6   93560.0    68070.3   104704.0 101319.9 14080.0 12820.2    255    1.605   5      0.571   -          -    2.177
         3173.3 4672.0 4672.0  0.0   4672.0 37504.0   2077.6   93560.0    68070.3   104704.0 101319.9 14080.0 12820.2    255    1.605   5      0.571   -          -    2.177
         3174.3 4672.0 4672.0  0.0   4672.0 37504.0   2077.6   93560.0    68070.3   104704.0 101319.9 14080.0 12820.2    255    1.605   5      0.571   -          -    2.177
         3175.3 4672.0 4672.0  0.0   4672.0 37504.0   2077.6   93560.0    68070.3   104704.0 101319.9 14080.0 12820.2    255    1.605   5      0.571   -          -    2.177
         3176.3 4672.0 4672.0  0.0   4672.0 37504.0   2077.6   93560.0    68070.3   104704.0 101319.9 14080.0 12820.2    255    1.605   5      0.571   -          -    2.177
         3177.3 4672.0 4672.0  0.0   4672.0 37504.0   2077.6   93560.0    68070.3   104704.0 101319.9 14080.0 12820.2    255    1.605   5      0.571   -          -    2.177
         3178.3 4672.0 4672.0  0.0   4672.0 37504.0   2077.6   93560.0    68070.3   104704.0 101319.9 14080.0 12820.2    255    1.605   5      0.571   -          -    2.177
         3179.3 4672.0 4672.0  0.0   4672.0 37504.0   2077.6   93560.0    68070.3   104704.0 101319.9 14080.0 12820.2    255    1.605   5      0.571   -          -    2.177
         3180.3 4672.0 4672.0  0.0   4672.0 37504.0   2080.1   93560.0    68070.3   104704.0 101319.9 14080.0 12820.2    255    1.605   5      0.571   -          -    2.177
         3181.2 4672.0 4672.0  0.0   4672.0 37504.0   2080.1   93560.0    68070.3   104704.0 101319.9 14080.0 12820.2    255    1.605   5      0.571   -          -    2.177
         3182.2 4672.0 4672.0  0.0   4672.0 37504.0   2080.1   93560.0    68070.3   104704.0 101319.9 14080.0 12820.2    255    1.605   5      0.571   -          -    2.177
         3183.2 4672.0 4672.0  0.0   4672.0 37504.0   2080.1   93560.0    68070.3   104704.0 101319.9 14080.0 12820.2    255    1.605   5      0.571   -          -    2.177
         3184.3 4672.0 4672.0  0.0   4672.0 37504.0   2080.1   93560.0    68070.3   104704.0 101319.9 14080.0 12820.2    255    1.605   5      0.571   -          -    2.177
         3185.3 4672.0 4672.0  0.0   4672.0 37504.0   2080.1   93560.0    68070.3   104704.0 101319.9 14080.0 12820.2    255    1.605   5      0.571   -          -    2.177
         3186.3 4672.0 4672.0  0.0   4672.0 37504.0   2080.1   93560.0    68070.3   104704.0 101319.9 14080.0 12820.2    255    1.605   5      0.571   -          -    2.177
         3187.3 4672.0 4672.0  0.0   4672.0 37504.0   2080.1   93560.0    68070.3   104704.0 101319.9 14080.0 12820.2    255    1.605   5      0.571   -          -    2.177
         3188.3 4672.0 4672.0  0.0   4672.0 37504.0   2086.5   93560.0    68070.3   104704.0 101319.9 14080.0 12820.2    255    1.605   5      0.571   -          -    2.177
         3189.3 4672.0 4672.0  0.0   4672.0 37504.0   2086.5   93560.0    68070.3   104704.0 101319.9 14080.0 12820.2    255    1.605   5      0.571   -          -    2.177
         3190.3 4672.0 4672.0  0.0   4672.0 37504.0   2193.2   93560.0    68070.3   104704.0 101319.9 14080.0 12820.2    255    1.605   5      0.571   -          -    2.177
         3191.3 4672.0 4672.0  0.0   4672.0 37504.0   2195.8   93560.0    68070.3   104704.0 101319.9 14080.0 12820.2    255    1.605   5      0.571   -          -    2.177
         3192.3 4672.0 4672.0  0.0   4672.0 37504.0   2195.8   93560.0    68070.3   104704.0 101319.9 14080.0 12820.2    255    1.605   5      0.571   -          -    2.177
         3193.3 4672.0 4672.0  0.0   4672.0 37504.0   2195.8   93560.0    68070.3   104704.0 101319.9 14080.0 12820.2    255    1.605   5      0.571   -          -    2.177
         3194.3 4672.0 4672.0  0.0   4672.0 37504.0   2195.8   93560.0    68070.3   104704.0 101319.9 14080.0 12820.2    255    1.605   5      0.571   -          -    2.177
         3195.2 4672.0 4672.0  0.0   4672.0 37504.0   2195.8   93560.0    68070.3   104704.0 101319.9 14080.0 12820.2    255    1.605   5      0.571   -          -    2.177
         3196.3 4672.0 4672.0  0.0   4672.0 37504.0   2195.8   93560.0    68070.3   104704.0 101319.9 14080.0 12820.2    255    1.605   5      0.571   -          -    2.177
         3197.3 4672.0 4672.0  0.0   4672.0 37504.0   2195.8   93560.0    68070.3   104704.0 101319.9 14080.0 12820.2    255    1.605   5      0.571   -          -    2.177
         3198.3 4672.0 4672.0  0.0   4672.0 37504.0   2195.8   93560.0    68070.3   104704.0 101319.9 14080.0 12820.2    255    1.605   5      0.571   -          -    2.177
         3199.3 4672.0 4672.0  0.0   4672.0 37504.0   2195.8   93560.0    68070.3   104704.0 101319.9 14080.0 12820.2    255    1.605   5      0.571   -          -    2.177
         3200.3 4672.0 4672.0  0.0   4672.0 37504.0   2315.7   93560.0    68070.3   104704.0 101319.9 14080.0 12820.2    255    1.605   5      0.571   -          -    2.177
         3201.3 4672.0 4672.0  0.0   4672.0 37504.0   2318.3   93560.0    68070.3   104704.0 101319.9 14080.0 12820.2    255    1.605   5      0.571   -          -    2.177
         3202.3 4672.0 4672.0  0.0   4672.0 37504.0   2318.3   93560.0    68070.3   104704.0 101319.9 14080.0 12820.2    255    1.605   5      0.571   -          -    2.177
         3203.3 4672.0 4672.0  0.0   4672.0 37504.0   2318.3   93560.0    68070.3   104704.0 101319.9 14080.0 12820.2    255    1.605   5      0.571   -          -    2.177
         3204.3 4672.0 4672.0  0.0   4672.0 37504.0   2318.3   93560.0    68070.3   104704.0 101319.9 14080.0 12820.2    255    1.605   5      0.571   -          -    2.177
         3205.3 4672.0 4672.0  0.0   4672.0 37504.0   2318.3   93560.0    68070.3   104704.0 101319.9 14080.0 12820.2    255    1.605   5      0.571   -          -    2.177
         3206.3 4672.0 4672.0  0.0   4672.0 37504.0   2318.3   93560.0    68070.3   104704.0 101319.9 14080.0 12820.2    255    1.605   5      0.571   -          -    2.177
         3207.3 4672.0 4672.0  0.0   4672.0 37504.0   2318.3   93560.0    68070.3   104704.0 101319.9 14080.0 12820.2    255    1.605   5      0.571   -          -    2.177
         3208.3 4672.0 4672.0  0.0   4672.0 37504.0   2318.3   93560.0    68070.3   104704.0 101319.9 14080.0 12820.2    255    1.605   5      0.571   -          -    2.177
         3209.3 4672.0 4672.0  0.0   4672.0 37504.0   2318.3   93560.0    68070.3   104704.0 101319.9 14080.0 12820.2    255    1.605   5      0.571   -          -    2.177
         3210.3 4672.0 4672.0  0.0   4672.0 37504.0   2318.3   93560.0    68070.3   104704.0 101319.9 14080.0 12820.2    255    1.605   5      0.571   -          -    2.177
         3211.3 4672.0 4672.0  0.0   4672.0 37504.0   2320.9   93560.0    68070.3   104704.0 101319.9 14080.0 12820.2    255    1.605   5      0.571   -          -    2.177
         3212.3 4672.0 4672.0  0.0   4672.0 37504.0   2320.9   93560.0    68070.3   104704.0 101319.9 14080.0 12820.2    255    1.605   5      0.571   -          -    2.177
         3213.3 4672.0 4672.0  0.0   4672.0 37504.0   2320.9   93560.0    68070.3   104704.0 101319.9 14080.0 12820.2    255    1.605   5      0.571   -          -    2.177
         3214.3 4672.0 4672.0  0.0   4672.0 37504.0   2320.9   93560.0    68070.3   104704.0 101319.9 14080.0 12820.2    255    1.605   5      0.571   -          -    2.177
         3215.3 4672.0 4672.0  0.0   4672.0 37504.0   2320.9   93560.0    68070.3   104704.0 101319.9 14080.0 12820.2    255    1.605   5      0.571   -          -    2.177
         3216.3 4672.0 4672.0  0.0   4672.0 37504.0   2320.9   93560.0    68070.3   104704.0 101319.9 14080.0 12820.2    255    1.605   5      0.571   -          -    2.177
         3217.3 4672.0 4672.0  0.0   4672.0 37504.0   2320.9   93560.0    68070.3   104704.0 101319.9 14080.0 12820.2    255    1.605   5      0.571   -          -    2.177
         3218.3 4672.0 4672.0  0.0   4672.0 37504.0   2320.9   93560.0    68070.3   104704.0 101319.9 14080.0 12820.2    255    1.605   5      0.571   -          -    2.177
         3219.3 4672.0 4672.0  0.0   4672.0 37504.0   2320.9   93560.0    68070.3   104704.0 101319.9 14080.0 12820.2    255    1.605   5      0.571   -          -    2.177
         3220.3 4672.0 4672.0  0.0   4672.0 37504.0   2424.9   93560.0    68070.3   104704.0 101319.9 14080.0 12820.2    255    1.605   5      0.571   -          -    2.177
         3221.3 4672.0 4672.0  0.0   4672.0 37504.0   2576.6   93560.0    68070.3   104704.0 101319.9 14080.0 12820.2    255    1.605   5      0.571   -          -    2.177
         3222.3 4672.0 4672.0  0.0   4672.0 37504.0   2576.6   93560.0    68070.3   104704.0 101319.9 14080.0 12820.2    255    1.605   5      0.571   -          -    2.177
         3223.3 4672.0 4672.0  0.0   4672.0 37504.0   2576.6   93560.0    68070.3   104704.0 101319.9 14080.0 12820.2    255    1.605   5      0.571   -          -    2.177
         3224.3 4672.0 4672.0  0.0   4672.0 37504.0   2576.6   93560.0    68070.3   104704.0 101319.9 14080.0 12820.2    255    1.605   5      0.571   -          -    2.177
         3225.3 4672.0 4672.0  0.0   4672.0 37504.0   2576.6   93560.0    68070.3   104704.0 101319.9 14080.0 12820.2    255    1.605   5      0.571   -          -    2.177
         3226.3 4672.0 4672.0  0.0   4672.0 37504.0   2576.6   93560.0    68070.3   104704.0 101319.9 14080.0 12820.2    255    1.605   5      0.571   -          -    2.177
         3227.3 4672.0 4672.0  0.0   4672.0 37504.0   2576.6   93560.0    68070.3   104704.0 101319.9 14080.0 12820.2    255    1.605   5      0.571   -          -    2.177
         3228.3 4672.0 4672.0  0.0   4672.0 37504.0   2576.6   93560.0    68070.3   104704.0 101319.9 14080.0 12820.2    255    1.605   5      0.571   -          -    2.177
         3229.3 4672.0 4672.0  0.0   4672.0 37504.0   2576.6   93560.0    68070.3   104704.0 101319.9 14080.0 12820.2    255    1.605   5      0.571   -          -    2.177
         3230.3 4672.0 4672.0  0.0   4672.0 37504.0   2688.6   93560.0    68070.3   104704.0 101319.9 14080.0 12820.2    255    1.605   5      0.571   -          -    2.177
         3231.3 4672.0 4672.0  0.0   4672.0 37504.0   2691.2   93560.0    68070.3   104704.0 101319.9 14080.0 12820.2    255    1.605   5      0.571   -          -    2.177
         3232.3 4672.0 4672.0  0.0   4672.0 37504.0   2691.2   93560.0    68070.3   104704.0 101319.9 14080.0 12820.2    255    1.605   5      0.571   -          -    2.177
         3233.3 4672.0 4672.0  0.0   4672.0 37504.0   2691.2   93560.0    68070.3   104704.0 101319.9 14080.0 12820.2    255    1.605   5      0.571   -          -    2.177
         3234.3 4672.0 4672.0  0.0   4672.0 37504.0   2691.2   93560.0    68070.3   104704.0 101319.9 14080.0 12820.2    255    1.605   5      0.571   -          -    2.177
         3235.3 4672.0 4672.0  0.0   4672.0 37504.0   2691.2   93560.0    68070.3   104704.0 101319.9 14080.0 12820.2    255    1.605   5      0.571   -          -    2.177
         3236.3 4672.0 4672.0  0.0   4672.0 37504.0   2691.2   93560.0    68070.3   104704.0 101319.9 14080.0 12820.2    255    1.605   5      0.571   -          -    2.177
         3237.3 4672.0 4672.0  0.0   4672.0 37504.0   2691.2   93560.0    68070.3   104704.0 101319.9 14080.0 12820.2    255    1.605   5      0.571   -          -    2.177
         3238.3 4672.0 4672.0  0.0   4672.0 37504.0   2691.2   93560.0    68070.3   104704.0 101319.9 14080.0 12820.2    255    1.605   5      0.571   -          -    2.177
         3239.3 4672.0 4672.0  0.0   4672.0 37504.0   2691.2   93560.0    68070.3   104704.0 101319.9 14080.0 12820.2    255    1.605   5      0.571   -          -    2.177
         3240.3 4672.0 4672.0  0.0   4672.0 37504.0   2691.2   93560.0    68070.3   104704.0 101319.9 14080.0 12820.2    255    1.605   5      0.571   -          -    2.177
         3241.3 4672.0 4672.0  0.0   4672.0 37504.0   2691.2   93560.0    68070.3   104704.0 101319.9 14080.0 12820.2    255    1.605   5      0.571   -          -    2.177
         3242.3 4672.0 4672.0  0.0   4672.0 37504.0   2693.8   93560.0    68070.3   104704.0 101319.9 14080.0 12820.2    255    1.605   5      0.571   -          -    2.177
         3243.3 4672.0 4672.0  0.0   4672.0 37504.0   2693.8   93560.0    68070.3   104704.0 101319.9 14080.0 12820.2    255    1.605   5      0.571   -          -    2.177
         3244.3 4672.0 4672.0  0.0   4672.0 37504.0   2696.5   93560.0    68070.3   104704.0 101319.9 14080.0 12820.2    255    1.605   5      0.571   -          -    2.177
         3245.3 4672.0 4672.0  0.0   4672.0 37504.0   2696.5   93560.0    68070.3   104704.0 101319.9 14080.0 12820.2    255    1.605   5      0.571   -          -    2.177
         3246.3 4672.0 4672.0  0.0   4672.0 37504.0   2696.5   93560.0    68070.3   104704.0 101319.9 14080.0 12820.2    255    1.605   5      0.571   -          -    2.177
         3247.3 4672.0 4672.0  0.0   4672.0 37504.0   2696.5   93560.0    68070.3   104704.0 101319.9 14080.0 12820.2    255    1.605   5      0.571   -          -    2.177
         3248.3 4672.0 4672.0  0.0   4672.0 37504.0   2696.5   93560.0    68070.3   104704.0 101319.9 14080.0 12820.2    255    1.605   5      0.571   -          -    2.177
         3249.3 4672.0 4672.0  0.0   4672.0 37504.0   2696.5   93560.0    68070.3   104704.0 101319.9 14080.0 12820.2    255    1.605   5      0.571   -          -    2.177
         3250.3 4672.0 4672.0  0.0   4672.0 37504.0   2800.4   93560.0    68070.3   104704.0 101319.9 14080.0 12820.2    255    1.605   5      0.571   -          -    2.177
         3251.3 4672.0 4672.0  0.0   4672.0 37504.0   2857.0   93560.0    68070.3   104704.0 101319.9 14080.0 12820.2    255    1.605   5      0.571   -          -    2.177
         3252.3 4672.0 4672.0  0.0   4672.0 37504.0   2859.6   93560.0    68070.3   104704.0 101319.9 14080.0 12820.2    255    1.605   5      0.571   -          -    2.177
         3253.3 4672.0 4672.0  0.0   4672.0 37504.0   2859.6   93560.0    68070.3   104704.0 101319.9 14080.0 12820.2    255    1.605   5      0.571   -          -    2.177
         3254.3 4672.0 4672.0  0.0   4672.0 37504.0   2859.6   93560.0    68070.3   104704.0 101319.9 14080.0 12820.2    255    1.605   5      0.571   -          -    2.177
         3255.3 4672.0 4672.0  0.0   4672.0 37504.0   2859.6   93560.0    68070.3   104704.0 101319.9 14080.0 12820.2    255    1.605   5      0.571   -          -    2.177
         3256.3 4672.0 4672.0  0.0   4672.0 37504.0   2859.6   93560.0    68070.3   104704.0 101319.9 14080.0 12820.2    255    1.605   5      0.571   -          -    2.177
         3257.3 4672.0 4672.0  0.0   4672.0 37504.0   2859.6   93560.0    68070.3   104704.0 101319.9 14080.0 12820.2    255    1.605   5      0.571   -          -    2.177
         3258.3 4672.0 4672.0  0.0   4672.0 37504.0   2859.6   93560.0    68070.3   104704.0 101319.9 14080.0 12820.2    255    1.605   5      0.571   -          -    2.177
         3259.3 4672.0 4672.0  0.0   4672.0 37504.0   2859.6   93560.0    68070.3   104704.0 101319.9 14080.0 12820.2    255    1.605   5      0.571   -          -    2.177
         3260.3 4672.0 4672.0  0.0   4672.0 37504.0   2963.5   93560.0    68070.3   104704.0 101319.9 14080.0 12820.2    255    1.605   5      0.571   -          -    2.177
         3261.3 4672.0 4672.0  0.0   4672.0 37504.0   2963.5   93560.0    68070.3   104704.0 101319.9 14080.0 12820.2    255    1.605   5      0.571   -          -    2.177
         3262.3 4672.0 4672.0  0.0   4672.0 37504.0   2972.5   93560.0    68070.3   104704.0 101319.9 14080.0 12820.2    255    1.605   5      0.571   -          -    2.177
         3263.3 4672.0 4672.0  0.0   4672.0 37504.0   2972.5   93560.0    68070.3   104704.0 101319.9 14080.0 12820.2    255    1.605   5      0.571   -          -    2.177
         3264.3 4672.0 4672.0  0.0   4672.0 37504.0   2972.5   93560.0    68070.3   104704.0 101319.9 14080.0 12820.2    255    1.605   5      0.571   -          -    2.177
         3265.3 4672.0 4672.0  0.0   4672.0 37504.0   2972.5   93560.0    68070.3   104704.0 101319.9 14080.0 12820.2    255    1.605   5      0.571   -          -    2.177
         3266.3 4672.0 4672.0  0.0   4672.0 37504.0   2972.5   93560.0    68070.3   104704.0 101319.9 14080.0 12820.2    255    1.605   5      0.571   -          -    2.177
         3267.3 4672.0 4672.0  0.0   4672.0 37504.0   2972.5   93560.0    68070.3   104704.0 101319.9 14080.0 12820.2    255    1.605   5      0.571   -          -    2.177
         3268.3 4672.0 4672.0  0.0   4672.0 37504.0   2972.5   93560.0    68070.3   104704.0 101319.9 14080.0 12820.2    255    1.605   5      0.571   -          -    2.177
         3269.3 4672.0 4672.0  0.0   4672.0 37504.0   2972.5   93560.0    68070.3   104704.0 101319.9 14080.0 12820.2    255    1.605   5      0.571   -          -    2.177
         3270.3 4672.0 4672.0  0.0   4672.0 37504.0   3076.6   93560.0    68070.3   104704.0 101319.9 14080.0 12820.2    255    1.605   5      0.571   -          -    2.177
         3271.3 4672.0 4672.0  0.0   4672.0 37504.0   3079.2   93560.0    68070.3   104704.0 101319.9 14080.0 12820.2    255    1.605   5      0.571   -          -    2.177
         3272.3 4672.0 4672.0  0.0   4672.0 37504.0   3079.2   93560.0    68070.3   104704.0 101319.9 14080.0 12820.2    255    1.605   5      0.571   -          -    2.177
         3273.3 4672.0 4672.0  0.0   4672.0 37504.0   3079.2   93560.0    68070.3   104704.0 101319.9 14080.0 12820.2    255    1.605   5      0.571   -          -    2.177
         3274.3 4672.0 4672.0  0.0   4672.0 37504.0   3079.2   93560.0    68070.3   104704.0 101319.9 14080.0 12820.2    255    1.605   5      0.571   -          -    2.177
         3275.3 4672.0 4672.0  0.0   4672.0 37504.0   3079.2   93560.0    68070.3   104704.0 101319.9 14080.0 12820.2    255    1.605   5      0.571   -          -    2.177
         3276.3 4672.0 4672.0  0.0   4672.0 37504.0   3079.2   93560.0    68070.3   104704.0 101319.9 14080.0 12820.2    255    1.605   5      0.571   -          -    2.177
         3277.3 4672.0 4672.0  0.0   4672.0 37504.0   3079.2   93560.0    68070.3   104704.0 101319.9 14080.0 12820.2    255    1.605   5      0.571   -          -    2.177
         3278.3 4672.0 4672.0  0.0   4672.0 37504.0   3079.2   93560.0    68070.3   104704.0 101319.9 14080.0 12820.2    255    1.605   5      0.571   -          -    2.177
         3279.3 4672.0 4672.0  0.0   4672.0 37504.0   3079.2   93560.0    68070.3   104704.0 101319.9 14080.0 12820.2    255    1.605   5      0.571   -          -    2.177
         3280.3 4672.0 4672.0  0.0   4672.0 37504.0   3079.2   93560.0    68070.3   104704.0 101319.9 14080.0 12820.2    255    1.605   5      0.571   -          -    2.177
         3281.3 4672.0 4672.0  0.0   4672.0 37504.0   3193.2   93560.0    68070.3   104704.0 101319.9 14080.0 12820.2    255    1.605   5      0.571   -          -    2.177
         3282.3 4672.0 4672.0  0.0   4672.0 37504.0   3193.2   93560.0    68070.3   104704.0 101319.9 14080.0 12820.2    255    1.605   5      0.571   -          -    2.177
         3283.3 4672.0 4672.0  0.0   4672.0 37504.0   3193.2   93560.0    68070.3   104704.0 101319.9 14080.0 12820.2    255    1.605   5      0.571   -          -    2.177
         3284.3 4672.0 4672.0  0.0   4672.0 37504.0   3193.2   93560.0    68070.3   104704.0 101319.9 14080.0 12820.2    255    1.605   5      0.571   -          -    2.177
         3285.3 4672.0 4672.0  0.0   4672.0 37504.0   3193.2   93560.0    68070.3   104704.0 101319.9 14080.0 12820.2    255    1.605   5      0.571   -          -    2.177
         3286.3 4672.0 4672.0  0.0   4672.0 37504.0  19341.2   93560.0    68070.3   104704.0 101319.9 14080.0 12820.2    255    1.605   5      0.571   -          -    2.177
         3287.3 4672.0 4672.0  0.0   2452.7 37504.0   1878.3   93560.0    74404.4   104960.0 101761.4 14080.0 12825.4    257    1.644   5      0.571   -          -    2.216
         3288.3 4672.0 4672.0  0.0   2452.7 37504.0   1886.5   93560.0    74404.4   104960.0 101761.4 14080.0 12825.4    257    1.644   5      0.571   -          -    2.216
         3289.3 4672.0 4672.0  0.0   2452.7 37504.0   1886.5   93560.0    74404.4   104960.0 101761.4 14080.0 12825.4    257    1.644   5      0.571   -          -    2.216
         3290.3 4672.0 4672.0  0.0   2452.7 37504.0   1966.3   93560.0    74404.4   104960.0 101761.4 14080.0 12825.4    257    1.644   5      0.571   -          -    2.216
         3291.3 4672.0 4672.0  0.0   2452.7 37504.0   1966.3   93560.0    74404.4   104960.0 101761.4 14080.0 12825.4    257    1.644   5      0.571   -          -    2.216
         3292.3 4672.0 4672.0  0.0   2452.7 37504.0   1966.3   93560.0    74404.4   104960.0 101761.4 14080.0 12825.4    257    1.644   5      0.571   -          -    2.216
         3293.3 4672.0 4672.0  0.0   2452.7 37504.0   1966.3   93560.0    74404.4   104960.0 101761.4 14080.0 12825.4    257    1.644   5      0.571   -          -    2.216
         3294.3 4672.0 4672.0  0.0   2452.7 37504.0   1966.3   93560.0    74404.4   104960.0 101761.4 14080.0 12825.4    257    1.644   5      0.571   -          -    2.216
         3295.3 4672.0 4672.0  0.0   2452.7 37504.0   1990.1   93560.0    74404.4   104960.0 101761.4 14080.0 12825.4    257    1.644   5      0.571   -          -    2.216
         3296.3 4672.0 4672.0  0.0   2452.7 37504.0   1990.1   93560.0    74404.4   104960.0 101761.4 14080.0 12825.4    257    1.644   5      0.571   -          -    2.216
         3297.3 4672.0 4672.0  0.0   2452.7 37504.0   1990.1   93560.0    74404.4   104960.0 101761.4 14080.0 12825.4    257    1.644   5      0.571   -          -    2.216
         3298.3 4672.0 4672.0  0.0   2452.7 37504.0   1992.7   93560.0    74404.4   104960.0 101761.4 14080.0 12825.4    257    1.644   5      0.571   -          -    2.216
         3299.4 4672.0 4672.0  0.0   2452.7 37504.0   1992.7   93560.0    74404.4   104960.0 101761.4 14080.0 12825.4    257    1.644   5      0.571   -          -    2.216
         3300.4 4672.0 4672.0  0.0   2452.7 37504.0   2072.5   93560.0    74404.4   104960.0 101761.4 14080.0 12825.4    257    1.644   5      0.571   -          -    2.216
         3301.3 4672.0 4672.0  0.0   2452.7 37504.0   2077.3   93560.0    74404.4   104960.0 101761.4 14080.0 12825.4    257    1.644   5      0.571   -          -    2.216
         3302.3 4672.0 4672.0  0.0   2452.7 37504.0   2077.3   93560.0    74404.4   104960.0 101761.4 14080.0 12825.4    257    1.644   5      0.571   -          -    2.216
         3303.3 4672.0 4672.0  0.0   2452.7 37504.0   2077.3   93560.0    74404.4   104960.0 101761.4 14080.0 12825.4    257    1.644   5      0.571   -          -    2.216
         3304.3 4672.0 4672.0  0.0   2452.7 37504.0   2077.3   93560.0    74404.4   104960.0 101761.4 14080.0 12825.4    257    1.644   5      0.571   -          -    2.216
         3305.3 4672.0 4672.0  0.0   2452.7 37504.0   2077.3   93560.0    74404.4   104960.0 101761.4 14080.0 12825.4    257    1.644   5      0.571   -          -    2.216
         3306.3 4672.0 4672.0  0.0   2452.7 37504.0   2077.3   93560.0    74404.4   104960.0 101761.4 14080.0 12825.4    257    1.644   5      0.571   -          -    2.216
         3307.3 4672.0 4672.0  0.0   2452.7 37504.0   2077.3   93560.0    74404.4   104960.0 101761.4 14080.0 12825.4    257    1.644   5      0.571   -          -    2.216
         3308.3 4672.0 4672.0  0.0   2452.7 37504.0   2077.3   93560.0    74404.4   104960.0 101761.4 14080.0 12825.4    257    1.644   5      0.571   -          -    2.216
         3309.3 4672.0 4672.0  0.0   2452.7 37504.0   2079.9   93560.0    74404.4   104960.0 101761.4 14080.0 12825.4    257    1.644   5      0.571   -          -    2.216
         3310.3 4672.0 4672.0  0.0   2452.7 37504.0   2221.6   93560.0    74404.4   104960.0 101761.4 14080.0 12825.4    257    1.644   5      0.571   -          -    2.216
         3311.3 4672.0 4672.0  0.0   2452.7 37504.0   2326.5   93560.0    74404.4   104960.0 101761.4 14080.0 12825.4    257    1.644   5      0.571   -          -    2.216
         3312.3 4672.0 4672.0  0.0   2452.7 37504.0   2326.5   93560.0    74404.4   104960.0 101761.4 14080.0 12825.4    257    1.644   5      0.571   -          -    2.216
         3313.3 4672.0 4672.0  0.0   2452.7 37504.0   2326.5   93560.0    74404.4   104960.0 101761.4 14080.0 12825.4    257    1.644   5      0.571   -          -    2.216
         3314.3 4672.0 4672.0  0.0   2452.7 37504.0   2326.5   93560.0    74404.4   104960.0 101761.4 14080.0 12825.4    257    1.644   5      0.571   -          -    2.216
         3315.3 4672.0 4672.0  0.0   2452.7 37504.0   2326.5   93560.0    74404.4   104960.0 101761.4 14080.0 12825.4    257    1.644   5      0.571   -          -    2.216
         3316.3 4672.0 4672.0  0.0   2452.7 37504.0   2326.5   93560.0    74404.4   104960.0 101761.4 14080.0 12825.4    257    1.644   5      0.571   -          -    2.216
         3317.3 4672.0 4672.0  0.0   2452.7 37504.0   2326.5   93560.0    74404.4   104960.0 101761.4 14080.0 12825.4    257    1.644   5      0.571   -          -    2.216
         3318.3 4672.0 4672.0  0.0   2452.7 37504.0   2326.5   93560.0    74404.4   104960.0 101761.4 14080.0 12825.4    257    1.644   5      0.571   -          -    2.216
         3319.3 4672.0 4672.0  0.0   2452.7 37504.0   2332.1   93560.0    74404.4   104960.0 101761.4 14080.0 12825.4    257    1.644   5      0.571   -          -    2.216
         3320.3 4672.0 4672.0  0.0   2452.7 37504.0   2411.9   93560.0    74404.4   104960.0 101761.4 14080.0 12825.4    257    1.644   5      0.571   -          -    2.216
         3321.3 4672.0 4672.0  0.0   2452.7 37504.0   2411.9   93560.0    74404.4   104960.0 101761.4 14080.0 12825.4    257    1.644   5      0.571   -          -    2.216
         3322.3 4672.0 4672.0  0.0   2452.7 37504.0   2411.9   93560.0    74404.4   104960.0 101761.4 14080.0 12825.4    257    1.644   5      0.571   -          -    2.216
         3323.3 4672.0 4672.0  0.0   2452.7 37504.0   2411.9   93560.0    74404.4   104960.0 101761.4 14080.0 12825.4    257    1.644   5      0.571   -          -    2.216
         3324.4 4672.0 4672.0  0.0   2452.7 37504.0   2411.9   93560.0    74404.4   104960.0 101761.4 14080.0 12825.4    257    1.644   5      0.571   -          -    2.216
         3325.4 4672.0 4672.0  0.0   2452.7 37504.0   2411.9   93560.0    74404.4   104960.0 101761.4 14080.0 12825.4    257    1.644   5      0.571   -          -    2.216
         3326.4 4672.0 4672.0  0.0   2452.7 37504.0   2411.9   93560.0    74404.4   104960.0 101761.4 14080.0 12825.4    257    1.644   5      0.571   -          -    2.216
         3327.4 4672.0 4672.0  0.0   2452.7 37504.0   2411.9   93560.0    74404.4   104960.0 101761.4 14080.0 12825.4    257    1.644   5      0.571   -          -    2.216
         3328.4 4672.0 4672.0  0.0   2452.7 37504.0   2411.9   93560.0    74404.4   104960.0 101761.4 14080.0 12825.4    257    1.644   5      0.571   -          -    2.216
         3329.4 4672.0 4672.0  0.0   2452.7 37504.0   2414.6   93560.0    74404.4   104960.0 101761.4 14080.0 12825.4    257    1.644   5      0.571   -          -    2.216
         3330.3 4672.0 4672.0  0.0   2452.7 37504.0   2494.3   93560.0    74404.4   104960.0 101761.4 14080.0 12825.4    257    1.644   5      0.571   -          -    2.216
         3331.3 4672.0 4672.0  0.0   2452.7 37504.0   2494.3   93560.0    74404.4   104960.0 101761.4 14080.0 12825.4    257    1.644   5      0.571   -          -    2.216
         3332.3 4672.0 4672.0  0.0   2452.7 37504.0   2494.3   93560.0    74404.4   104960.0 101761.4 14080.0 12825.4    257    1.644   5      0.571   -          -    2.216
         3333.3 4672.0 4672.0  0.0   2452.7 37504.0   2494.3   93560.0    74404.4   104960.0 101761.4 14080.0 12825.4    257    1.644   5      0.571   -          -    2.216
         3334.3 4672.0 4672.0  0.0   2452.7 37504.0   2494.3   93560.0    74404.4   104960.0 101761.4 14080.0 12825.4    257    1.644   5      0.571   -          -    2.216
         3335.3 4672.0 4672.0  0.0   2452.7 37504.0   2494.3   93560.0    74404.4   104960.0 101761.4 14080.0 12825.4    257    1.644   5      0.571   -          -    2.216
         3336.3 4672.0 4672.0  0.0   2452.7 37504.0   2494.3   93560.0    74404.4   104960.0 101761.4 14080.0 12825.4    257    1.644   5      0.571   -          -    2.216
         3337.3 4672.0 4672.0  0.0   2452.7 37504.0   2494.3   93560.0    74404.4   104960.0 101761.4 14080.0 12825.4    257    1.644   5      0.571   -          -    2.216
         3338.4 4672.0 4672.0  0.0   2452.7 37504.0   2494.3   93560.0    74404.4   104960.0 101761.4 14080.0 12825.4    257    1.644   5      0.571   -          -    2.216
         3339.4 4672.0 4672.0  0.0   2452.7 37504.0   2496.9   93560.0    74404.4   104960.0 101761.4 14080.0 12825.4    257    1.644   5      0.571   -          -    2.216
         3340.4 4672.0 4672.0  0.0   2452.7 37504.0   2682.8   93560.0    74404.4   104960.0 101761.4 14080.0 12825.4    257    1.644   5      0.571   -          -    2.216
         3341.4 4672.0 4672.0  0.0   2452.7 37504.0   2750.7   93560.0    74404.4   104960.0 101761.4 14080.0 12825.4    257    1.644   5      0.571   -          -    2.216
         3342.4 4672.0 4672.0  0.0   2452.7 37504.0   2750.7   93560.0    74404.4   104960.0 101761.4 14080.0 12825.4    257    1.644   5      0.571   -          -    2.216
         3343.4 4672.0 4672.0  0.0   2452.7 37504.0   2750.7   93560.0    74404.4   104960.0 101761.4 14080.0 12825.4    257    1.644   5      0.571   -          -    2.216
         3344.4 4672.0 4672.0  0.0   2452.7 37504.0   2750.7   93560.0    74404.4   104960.0 101761.4 14080.0 12825.4    257    1.644   5      0.571   -          -    2.216
         3345.4 4672.0 4672.0  0.0   2452.7 37504.0   2750.7   93560.0    74404.4   104960.0 101761.4 14080.0 12825.4    257    1.644   5      0.571   -          -    2.216
         3346.4 4672.0 4672.0  0.0   2452.7 37504.0   2750.7   93560.0    74404.4   104960.0 101761.4 14080.0 12825.4    257    1.644   5      0.571   -          -    2.216
         3347.3 4672.0 4672.0  0.0   2452.7 37504.0   3611.9   93560.0    74404.4   104960.0 101761.4 14080.0 12825.4    257    1.644   5      0.571   -          -    2.216
         3348.3 4672.0 4672.0  0.0   2452.7 37504.0   3742.8   93560.0    74404.4   104960.0 101761.4 14080.0 12825.4    257    1.644   5      0.571   -          -    2.216
         3349.3 4672.0 4672.0  0.0   2452.7 37504.0   3745.4   93560.0    74404.4   104960.0 101761.4 14080.0 12825.4    257    1.644   5      0.571   -          -    2.216
         3350.3 4672.0 4672.0  0.0   2452.7 37504.0   3826.2   93560.0    74404.4   104960.0 101761.4 14080.0 12825.4    257    1.644   5      0.571   -          -    2.216
         3351.3 4672.0 4672.0  0.0   2452.7 37504.0   3826.2   93560.0    74404.4   104960.0 101761.4 14080.0 12825.4    257    1.644   5      0.571   -          -    2.216
         3352.4 4672.0 4672.0  0.0   2452.7 37504.0   3826.2   93560.0    74404.4   104960.0 101761.4 14080.0 12825.4    257    1.644   5      0.571   -          -    2.216
         3353.4 4672.0 4672.0  0.0   2452.7 37504.0   3826.2   93560.0    74404.4   104960.0 101761.4 14080.0 12825.4    257    1.644   5      0.571   -          -    2.216
         3354.4 4672.0 4672.0  0.0   2452.7 37504.0   3826.2   93560.0    74404.4   104960.0 101761.4 14080.0 12825.4    257    1.644   5      0.571   -          -    2.216
         3355.4 4672.0 4672.0  0.0   2452.7 37504.0   3826.2   93560.0    74404.4   104960.0 101761.4 14080.0 12825.4    257    1.644   5      0.571   -          -    2.216
         3356.4 4672.0 4672.0  0.0   2452.7 37504.0   3826.2   93560.0    74404.4   104960.0 101761.4 14080.0 12825.4    257    1.644   5      0.571   -          -    2.216
         3357.4 4672.0 4672.0  0.0   2452.7 37504.0   3826.2   93560.0    74404.4   104960.0 101761.4 14080.0 12825.4    257    1.644   5      0.571   -          -    2.216
         3358.4 4672.0 4672.0  0.0   2452.7 37504.0   3826.2   93560.0    74404.4   104960.0 101761.4 14080.0 12825.4    257    1.644   5      0.571   -          -    2.216
         3359.4 4672.0 4672.0  0.0   2452.7 37504.0   3826.2   93560.0    74404.4   104960.0 101761.4 14080.0 12825.4    257    1.644   5      0.571   -          -    2.216
         3360.4 4672.0 4672.0  0.0   2452.7 37504.0   3908.6   93560.0    74404.4   104960.0 101761.4 14080.0 12825.4    257    1.644   5      0.571   -          -    2.216
         3361.4 4672.0 4672.0  0.0   2452.7 37504.0   3908.6   93560.0    74404.4   104960.0 101761.4 14080.0 12825.4    257    1.644   5      0.571   -          -    2.216
         3362.4 4672.0 4672.0  0.0   2452.7 37504.0   3908.6   93560.0    74404.4   104960.0 101761.4 14080.0 12825.4    257    1.644   5      0.571   -          -    2.216
         3363.3 4672.0 4672.0  0.0   2452.7 37504.0   3908.6   93560.0    74404.4   104960.0 101761.4 14080.0 12825.4    257    1.644   5      0.571   -          -    2.216
         3364.3 4672.0 4672.0  0.0   2452.7 37504.0   3908.6   93560.0    74404.4   104960.0 101761.4 14080.0 12825.4    257    1.644   5      0.571   -          -    2.216
         3365.3 4672.0 4672.0  0.0   2452.7 37504.0   3908.6   93560.0    74404.4   104960.0 101761.4 14080.0 12825.4    257    1.644   5      0.571   -          -    2.216
         3366.4 4672.0 4672.0  0.0   2452.7 37504.0   3908.6   93560.0    74404.4   104960.0 101761.4 14080.0 12825.4    257    1.644   5      0.571   -          -    2.216
         3367.4 4672.0 4672.0  0.0   2452.7 37504.0   3908.6   93560.0    74404.4   104960.0 101761.4 14080.0 12825.4    257    1.644   5      0.571   -          -    2.216
         3368.4 4672.0 4672.0  0.0   2452.7 37504.0   3908.6   93560.0    74404.4   104960.0 101761.4 14080.0 12825.4    257    1.644   5      0.571   -          -    2.216
         3369.4 4672.0 4672.0  0.0   2452.7 37504.0   3908.6   93560.0    74404.4   104960.0 101761.4 14080.0 12825.4    257    1.644   5      0.571   -          -    2.216
         3370.4 4672.0 4672.0  0.0   2452.7 37504.0   4068.9   93560.0    74404.4   104960.0 101761.4 14080.0 12825.4    257    1.644   5      0.571   -          -    2.216
         3371.4 4672.0 4672.0  0.0   2452.7 37504.0   4068.9   93560.0    74404.4   104960.0 101761.4 14080.0 12825.4    257    1.644   5      0.571   -          -    2.216
         3372.4 4672.0 4672.0  0.0   2452.7 37504.0   4071.9   93560.0    74404.4   104960.0 101761.4 14080.0 12825.4    257    1.644   5      0.571   -          -    2.216
         3373.3 4672.0 4672.0  0.0   2452.7 37504.0   4071.9   93560.0    74404.4   104960.0 101761.4 14080.0 12825.4    257    1.644   5      0.571   -          -    2.216
         3374.4 4672.0 4672.0  0.0   2452.7 37504.0   4071.9   93560.0    74404.4   104960.0 101761.4 14080.0 12825.4    257    1.644   5      0.571   -          -    2.216
         3375.4 4672.0 4672.0  0.0   2452.7 37504.0   4071.9   93560.0    74404.4   104960.0 101761.4 14080.0 12825.4    257    1.644   5      0.571   -          -    2.216
         3376.4 4672.0 4672.0  0.0   2452.7 37504.0   4071.9   93560.0    74404.4   104960.0 101761.4 14080.0 12825.4    257    1.644   5      0.571   -          -    2.216
         3377.4 4672.0 4672.0  0.0   2452.7 37504.0   4071.9   93560.0    74404.4   104960.0 101761.4 14080.0 12825.4    257    1.644   5      0.571   -          -    2.216
         3378.4 4672.0 4672.0  0.0   2452.7 37504.0   4071.9   93560.0    74404.4   104960.0 101761.4 14080.0 12825.4    257    1.644   5      0.571   -          -    2.216
         3379.4 4672.0 4672.0  0.0   2452.7 37504.0   4071.9   93560.0    74404.4   104960.0 101761.4 14080.0 12825.4    257    1.644   5      0.571   -          -    2.216
         3380.4 4672.0 4672.0  0.0   2452.7 37504.0   4175.7   93560.0    74404.4   104960.0 101761.4 14080.0 12825.4    257    1.644   5      0.571   -          -    2.216
         3381.4 4672.0 4672.0  0.0   2452.7 37504.0   4178.3   93560.0    74404.4   104960.0 101761.4 14080.0 12825.4    257    1.644   5      0.571   -          -    2.216
         3382.4 4672.0 4672.0  0.0   2452.7 37504.0   4178.3   93560.0    74404.4   104960.0 101761.4 14080.0 12825.4    257    1.644   5      0.571   -          -    2.216
         3383.4 4672.0 4672.0  0.0   2452.7 37504.0   4178.3   93560.0    74404.4   104960.0 101761.4 14080.0 12825.4    257    1.644   5      0.571   -          -    2.216
         3384.4 4672.0 4672.0  0.0   2452.7 37504.0   4178.3   93560.0    74404.4   104960.0 101761.4 14080.0 12825.4    257    1.644   5      0.571   -          -    2.216
         3385.4 4672.0 4672.0  0.0   2452.7 37504.0   4178.3   93560.0    74404.4   104960.0 101761.4 14080.0 12825.4    257    1.644   5      0.571   -          -    2.216
         3386.4 4672.0 4672.0  0.0   2452.7 37504.0   4178.3   93560.0    74404.4   104960.0 101761.4 14080.0 12825.4    257    1.644   5      0.571   -          -    2.216
         3387.4 4672.0 4672.0  0.0   2452.7 37504.0   4178.3   93560.0    74404.4   104960.0 101761.4 14080.0 12825.4    257    1.644   5      0.571   -          -    2.216
         3388.4 4672.0 4672.0  0.0   2452.7 37504.0   4178.3   93560.0    74404.4   104960.0 101761.4 14080.0 12825.4    257    1.644   5      0.571   -          -    2.216
         3389.4 4672.0 4672.0  0.0   2452.7 37504.0   4178.3   93560.0    74404.4   104960.0 101761.4 14080.0 12825.4    257    1.644   5      0.571   -          -    2.216
         3390.4 4672.0 4672.0  0.0   2452.7 37504.0   4260.9   93560.0    74404.4   104960.0 101761.4 14080.0 12825.4    257    1.644   5      0.571   -          -    2.216
         3391.4 4672.0 4672.0  0.0   2452.7 37504.0   4260.9   93560.0    74404.4   104960.0 101761.4 14080.0 12825.4    257    1.644   5      0.571   -          -    2.216
         3392.4 4672.0 4672.0  0.0   2452.7 37504.0   4260.9   93560.0    74404.4   104960.0 101761.4 14080.0 12825.4    257    1.644   5      0.571   -          -    2.216
         3393.4 4672.0 4672.0  0.0   2452.7 37504.0   4263.5   93560.0    74404.4   104960.0 101761.4 14080.0 12825.4    257    1.644   5      0.571   -          -    2.216
         3394.4 4672.0 4672.0  0.0   2452.7 37504.0   4263.5   93560.0    74404.4   104960.0 101761.4 14080.0 12825.4    257    1.644   5      0.571   -          -    2.216
         3395.4 4672.0 4672.0  0.0   2452.7 37504.0   4263.5   93560.0    74404.4   104960.0 101761.4 14080.0 12825.4    257    1.644   5      0.571   -          -    2.216
         3396.4 4672.0 4672.0  0.0   2452.7 37504.0   4263.5   93560.0    74404.4   104960.0 101761.4 14080.0 12825.4    257    1.644   5      0.571   -          -    2.216
         3397.4 4672.0 4672.0  0.0   2452.7 37504.0   4263.5   93560.0    74404.4   104960.0 101761.4 14080.0 12825.4    257    1.644   5      0.571   -          -    2.216
         3398.4 4672.0 4672.0  0.0   2452.7 37504.0   4263.5   93560.0    74404.4   104960.0 101761.4 14080.0 12825.4    257    1.644   5      0.571   -          -    2.216
         3399.4 4672.0 4672.0  0.0   2452.7 37504.0   4263.5   93560.0    74404.4   104960.0 101761.4 14080.0 12825.4    257    1.644   5      0.571   -          -    2.216
         3400.4 4672.0 4672.0  0.0   2452.7 37504.0   4344.0   93560.0    74404.4   104960.0 101761.4 14080.0 12825.4    257    1.644   5      0.571   -          -    2.216
         3401.4 4672.0 4672.0  0.0   2452.7 37504.0   4369.6   93560.0    74404.4   104960.0 101761.4 14080.0 12825.4    257    1.644   5      0.571   -          -    2.216
         3402.4 4672.0 4672.0  0.0   2452.7 37504.0   4369.6   93560.0    74404.4   104960.0 101761.4 14080.0 12825.4    257    1.644   5      0.571   -          -    2.216
         3403.4 4672.0 4672.0  0.0   2452.7 37504.0   4372.7   93560.0    74404.4   104960.0 101761.4 14080.0 12825.4    257    1.644   5      0.571   -          -    2.216
         3404.4 4672.0 4672.0  0.0   2452.7 37504.0   4372.7   93560.0    74404.4   104960.0 101761.4 14080.0 12825.4    257    1.644   5      0.571   -          -    2.216
         3405.4 4672.0 4672.0  0.0   2452.7 37504.0  23755.1   93560.0    74404.4   104960.0 101761.4 14080.0 12825.4    257    1.644   5      0.571   -          -    2.216
         3406.4 4672.0 4672.0 2300.2  0.0   37504.0  37433.0   93560.0    76168.3   105216.0 101855.6 14080.0 12825.4    258    1.651   5      0.571   -          -    2.222
         3407.4 4672.0 4672.0 2300.2  0.0   37504.0  37433.0   93560.0    76168.3   105216.0 101855.6 14080.0 12825.4    258    1.651   5      0.571   -          -    2.222
         3408.4 4672.0 4672.0 2300.2  0.0   37504.0  37433.0   93560.0    76168.3   105216.0 101855.6 14080.0 12825.4    258    1.651   5      0.571   -          -    2.222
         3409.4 4672.0 4672.0 2300.2  0.0   37504.0  37433.0   93560.0    76168.3   105216.0 101855.6 14080.0 12825.4    258    1.651   5      0.571   -          -    2.222
         3410.4 4672.0 4672.0  0.0   2900.0 37504.0    80.4    93560.0    76168.3   105216.0 101918.0 14080.0 12827.1    259    1.655   5      0.571   -          -    2.227
         3411.4 4672.0 4672.0  0.0   2900.0 37504.0    85.6    93560.0    76168.3   105216.0 101918.0 14080.0 12827.1    259    1.655   5      0.571   -          -    2.227
         3412.4 4672.0 4672.0  0.0   2900.0 37504.0    85.6    93560.0    76168.3   105216.0 101918.0 14080.0 12827.1    259    1.655   5      0.571   -          -    2.227
         3413.4 4672.0 4672.0  0.0   2900.0 37504.0    85.6    93560.0    76168.3   105216.0 101918.0 14080.0 12827.1    259    1.655   5      0.571   -          -    2.227
         3414.4 4672.0 4672.0  0.0   2900.0 37504.0    85.6    93560.0    76168.3   105216.0 101918.0 14080.0 12827.1    259    1.655   5      0.571   -          -    2.227
         3415.4 4672.0 4672.0  0.0   2900.0 37504.0   101.1    93560.0    76168.3   105216.0 101918.0 14080.0 12827.1    259    1.655   5      0.571   -          -    2.227
         3416.4 4672.0 4672.0  0.0   2900.0 37504.0   101.1    93560.0    76168.3   105216.0 101918.0 14080.0 12827.1    259    1.655   5      0.571   -          -    2.227
         3417.4 4672.0 4672.0  0.0   2900.0 37504.0   101.1    93560.0    76168.3   105216.0 101918.0 14080.0 12827.1    259    1.655   5      0.571   -          -    2.227
         3418.4 4672.0 4672.0  0.0   2900.0 37504.0   101.1    93560.0    76168.3   105216.0 101918.0 14080.0 12827.1    259    1.655   5      0.571   -          -    2.227
         3419.4 4672.0 4672.0  0.0   2900.0 37504.0   101.1    93560.0    76168.3   105216.0 101918.0 14080.0 12827.1    259    1.655   5      0.571   -          -    2.227
         3420.4 4672.0 4672.0  0.0   2900.0 37504.0   178.1    93560.0    76168.3   105216.0 101918.0 14080.0 12827.1    259    1.655   5      0.571   -          -    2.227
         3421.4 4672.0 4672.0  0.0   2900.0 37504.0   183.8    93560.0    76168.3   105216.0 101918.0 14080.0 12827.1    259    1.655   5      0.571   -          -    2.227
         3422.4 4672.0 4672.0  0.0   2900.0 37504.0   183.8    93560.0    76168.3   105216.0 101918.0 14080.0 12827.1    259    1.655   5      0.571   -          -    2.227
         3423.4 4672.0 4672.0  0.0   2900.0 37504.0   183.8    93560.0    76168.3   105216.0 101918.0 14080.0 12827.1    259    1.655   5      0.571   -          -    2.227
         3424.4 4672.0 4672.0  0.0   2900.0 37504.0   183.8    93560.0    76168.3   105216.0 101918.0 14080.0 12827.1    259    1.655   5      0.571   -          -    2.227
         3425.4 4672.0 4672.0  0.0   2900.0 37504.0   183.8    93560.0    76168.3   105216.0 101918.0 14080.0 12827.1    259    1.655   5      0.571   -          -    2.227
         3426.4 4672.0 4672.0  0.0   2900.0 37504.0   183.8    93560.0    76168.3   105216.0 101918.0 14080.0 12827.1    259    1.655   5      0.571   -          -    2.227
         3427.4 4672.0 4672.0  0.0   2900.0 37504.0   183.8    93560.0    76168.3   105216.0 101918.0 14080.0 12827.1    259    1.655   5      0.571   -          -    2.227
         3428.4 4672.0 4672.0  0.0   2900.0 37504.0   183.8    93560.0    76168.3   105216.0 101918.0 14080.0 12827.1    259    1.655   5      0.571   -          -    2.227
         3429.4 4672.0 4672.0  0.0   2900.0 37504.0   183.8    93560.0    76168.3   105216.0 101918.0 14080.0 12827.1    259    1.655   5      0.571   -          -    2.227
         3430.4 4672.0 4672.0  0.0   2900.0 37504.0   381.6    93560.0    76168.3   105216.0 101918.0 14080.0 12827.1    259    1.655   5      0.571   -          -    2.227
         3431.4 4672.0 4672.0  0.0   2900.0 37504.0   398.5    93560.0    76168.3   105216.0 101918.0 14080.0 12827.1    259    1.655   5      0.571   -          -    2.227
         3432.4 4672.0 4672.0  0.0   2900.0 37504.0   401.1    93560.0    76168.3   105216.0 101918.0 14080.0 12827.1    259    1.655   5      0.571   -          -    2.227
         3433.4 4672.0 4672.0  0.0   2900.0 37504.0   401.1    93560.0    76168.3   105216.0 101918.0 14080.0 12827.1    259    1.655   5      0.571   -          -    2.227
         3434.4 4672.0 4672.0  0.0   2900.0 37504.0   401.1    93560.0    76168.3   105216.0 101918.0 14080.0 12827.1    259    1.655   5      0.571   -          -    2.227
         3435.4 4672.0 4672.0  0.0   2900.0 37504.0   401.2    93560.0    76168.3   105216.0 101918.0 14080.0 12827.1    259    1.655   5      0.571   -          -    2.227
         3436.4 4672.0 4672.0  0.0   2900.0 37504.0   403.8    93560.0    76168.3   105216.0 101918.0 14080.0 12827.1    259    1.655   5      0.571   -          -    2.227
         3437.4 4672.0 4672.0  0.0   2900.0 37504.0   403.8    93560.0    76168.3   105216.0 101918.0 14080.0 12827.1    259    1.655   5      0.571   -          -    2.227
         3438.4 4672.0 4672.0  0.0   2900.0 37504.0   403.8    93560.0    76168.3   105216.0 101918.0 14080.0 12827.1    259    1.655   5      0.571   -          -    2.227
         3439.4 4672.0 4672.0  0.0   2900.0 37504.0   403.8    93560.0    76168.3   105216.0 101918.0 14080.0 12827.1    259    1.655   5      0.571   -          -    2.227
         3440.4 4672.0 4672.0  0.0   2900.0 37504.0   481.0    93560.0    76168.3   105216.0 101918.0 14080.0 12827.1    259    1.655   5      0.571   -          -    2.227
         3441.4 4672.0 4672.0  0.0   2900.0 37504.0   481.0    93560.0    76168.3   105216.0 101918.0 14080.0 12827.1    259    1.655   5      0.571   -          -    2.227
         3442.4 4672.0 4672.0  0.0   2900.0 37504.0   483.6    93560.0    76168.3   105216.0 101918.0 14080.0 12827.1    259    1.655   5      0.571   -          -    2.227
         3443.4 4672.0 4672.0  0.0   2900.0 37504.0   483.6    93560.0    76168.3   105216.0 101918.0 14080.0 12827.1    259    1.655   5      0.571   -          -    2.227
         3444.4 4672.0 4672.0  0.0   2900.0 37504.0   483.6    93560.0    76168.3   105216.0 101918.0 14080.0 12827.1    259    1.655   5      0.571   -          -    2.227
         3445.4 4672.0 4672.0  0.0   2900.0 37504.0   483.6    93560.0    76168.3   105216.0 101918.0 14080.0 12827.1    259    1.655   5      0.571   -          -    2.227
         3446.4 4672.0 4672.0  0.0   2900.0 37504.0   483.6    93560.0    76168.3   105216.0 101918.0 14080.0 12827.1    259    1.655   5      0.571   -          -    2.227
         3447.4 4672.0 4672.0  0.0   2900.0 37504.0   483.6    93560.0    76168.3   105216.0 101918.0 14080.0 12827.1    259    1.655   5      0.571   -          -    2.227
         3448.4 4672.0 4672.0  0.0   2900.0 37504.0   483.6    93560.0    76168.3   105216.0 101918.0 14080.0 12827.1    259    1.655   5      0.571   -          -    2.227
         3449.4 4672.0 4672.0  0.0   2900.0 37504.0   483.6    93560.0    76168.3   105216.0 101918.0 14080.0 12827.1    259    1.655   5      0.571   -          -    2.227
         3450.4 4672.0 4672.0  0.0   2900.0 37504.0   522.1    93560.0    76168.3   105216.0 101918.0 14080.0 12827.1    259    1.655   5      0.571   -          -    2.227
         3451.4 4672.0 4672.0  0.0   2900.0 37504.0   522.1    93560.0    76168.3   105216.0 101918.0 14080.0 12827.1    259    1.655   5      0.571   -          -    2.227
         3452.4 4672.0 4672.0  0.0   2900.0 37504.0   524.7    93560.0    76168.3   105216.0 101918.0 14080.0 12827.1    259    1.655   5      0.571   -          -    2.227
         3453.4 4672.0 4672.0  0.0   2900.0 37504.0   524.7    93560.0    76168.3   105216.0 101918.0 14080.0 12827.1    259    1.655   5      0.571   -          -    2.227
         3454.4 4672.0 4672.0  0.0   2900.0 37504.0   524.7    93560.0    76168.3   105216.0 101918.0 14080.0 12827.1    259    1.655   5      0.571   -          -    2.227
         3455.4 4672.0 4672.0  0.0   2900.0 37504.0   524.7    93560.0    76168.3   105216.0 101918.0 14080.0 12827.1    259    1.655   5      0.571   -          -    2.227
         3456.4 4672.0 4672.0  0.0   2900.0 37504.0   524.7    93560.0    76168.3   105216.0 101918.0 14080.0 12827.1    259    1.655   5      0.571   -          -    2.227
         3457.4 4672.0 4672.0  0.0   2900.0 37504.0   524.7    93560.0    76168.3   105216.0 101918.0 14080.0 12827.1    259    1.655   5      0.571   -          -    2.227
         3458.4 4672.0 4672.0  0.0   2900.0 37504.0   524.7    93560.0    76168.3   105216.0 101918.0 14080.0 12827.1    259    1.655   5      0.571   -          -    2.227
         3459.4 4672.0 4672.0  0.0   2900.0 37504.0   524.7    93560.0    76168.3   105216.0 101918.0 14080.0 12827.1    259    1.655   5      0.571   -          -    2.227
         3460.4 4672.0 4672.0  0.0   2900.0 37504.0   682.3    93560.0    76168.3   105216.0 101918.0 14080.0 12827.1    259    1.655   5      0.571   -          -    2.227
         3461.4 4672.0 4672.0  0.0   2900.0 37504.0   699.3    93560.0    76168.3   105216.0 101918.0 14080.0 12827.1    259    1.655   5      0.571   -          -    2.227
         3462.4 4672.0 4672.0  0.0   2900.0 37504.0   704.5    93560.0    76168.3   105216.0 101918.0 14080.0 12827.1    259    1.655   5      0.571   -          -    2.227
         3463.4 4672.0 4672.0  0.0   2900.0 37504.0   704.5    93560.0    76168.3   105216.0 101918.0 14080.0 12827.1    259    1.655   5      0.571   -          -    2.227
         3464.4 4672.0 4672.0  0.0   2900.0 37504.0   704.5    93560.0    76168.3   105216.0 101918.0 14080.0 12827.1    259    1.655   5      0.571   -          -    2.227
         3465.4 4672.0 4672.0  0.0   2900.0 37504.0   704.5    93560.0    76168.3   105216.0 101918.0 14080.0 12827.1    259    1.655   5      0.571   -          -    2.227
         3466.4 4672.0 4672.0  0.0   2900.0 37504.0   1552.4   93560.0    76168.3   105216.0 101918.0 14080.0 12827.1    259    1.655   5      0.571   -          -    2.227
         3467.4 4672.0 4672.0  0.0   2900.0 37504.0   1552.4   93560.0    76168.3   105216.0 101918.0 14080.0 12827.1    259    1.655   5      0.571   -          -    2.227
         3468.4 4672.0 4672.0  0.0   2900.0 37504.0   1552.4   93560.0    76168.3   105216.0 101918.0 14080.0 12827.1    259    1.655   5      0.571   -          -    2.227
         3469.4 4672.0 4672.0  0.0   2900.0 37504.0   1552.4   93560.0    76168.3   105216.0 101918.0 14080.0 12827.1    259    1.655   5      0.571   -          -    2.227
         3470.4 4672.0 4672.0  0.0   2900.0 37504.0   1653.4   93560.0    76168.3   105216.0 101918.0 14080.0 12827.1    259    1.655   5      0.571   -          -    2.227
         3471.4 4672.0 4672.0  0.0   2900.0 37504.0   1653.4   93560.0    76168.3   105216.0 101918.0 14080.0 12827.1    259    1.655   5      0.571   -          -    2.227
         3472.4 4672.0 4672.0  0.0   2900.0 37504.0   1656.0   93560.0    76168.3   105216.0 101918.0 14080.0 12827.1    259    1.655   5      0.571   -          -    2.227
         3473.4 4672.0 4672.0  0.0   2900.0 37504.0   1656.0   93560.0    76168.3   105216.0 101918.0 14080.0 12827.1    259    1.655   5      0.571   -          -    2.227
         3474.4 4672.0 4672.0  0.0   2900.0 37504.0   1656.0   93560.0    76168.3   105216.0 101918.0 14080.0 12827.1    259    1.655   5      0.571   -          -    2.227
         3475.4 4672.0 4672.0  0.0   2900.0 37504.0   1656.0   93560.0    76168.3   105216.0 101918.0 14080.0 12827.1    259    1.655   5      0.571   -          -    2.227
         3476.4 4672.0 4672.0  0.0   2900.0 37504.0   1656.0   93560.0    76168.3   105216.0 101918.0 14080.0 12827.1    259    1.655   5      0.571   -          -    2.227
         3477.4 4672.0 4672.0  0.0   2900.0 37504.0   1658.6   93560.0    76168.3   105216.0 101918.0 14080.0 12827.1    259    1.655   5      0.571   -          -    2.227
         3478.4 4672.0 4672.0  0.0   2900.0 37504.0   1658.6   93560.0    76168.3   105216.0 101918.0 14080.0 12827.1    259    1.655   5      0.571   -          -    2.227
         3479.4 4672.0 4672.0  0.0   2900.0 37504.0   1658.6   93560.0    76168.3   105216.0 101918.0 14080.0 12827.1    259    1.655   5      0.571   -          -    2.227
         3480.4 4672.0 4672.0  0.0   2900.0 37504.0   1736.6   93560.0    76168.3   105216.0 101918.0 14080.0 12827.1    259    1.655   5      0.571   -          -    2.227
         3481.4 4672.0 4672.0  0.0   2900.0 37504.0   1736.6   93560.0    76168.3   105216.0 101918.0 14080.0 12827.1    259    1.655   5      0.571   -          -    2.227
         3482.4 4672.0 4672.0  0.0   2900.0 37504.0   1739.2   93560.0    76168.3   105216.0 101918.0 14080.0 12827.1    259    1.655   5      0.571   -          -    2.227
         3483.4 4672.0 4672.0  0.0   2900.0 37504.0   1739.2   93560.0    76168.3   105216.0 101918.0 14080.0 12827.1    259    1.655   5      0.571   -          -    2.227
         3484.4 4672.0 4672.0  0.0   2900.0 37504.0   1739.2   93560.0    76168.3   105216.0 101918.0 14080.0 12827.1    259    1.655   5      0.571   -          -    2.227
         3485.4 4672.0 4672.0  0.0   2900.0 37504.0   1739.2   93560.0    76168.3   105216.0 101918.0 14080.0 12827.1    259    1.655   5      0.571   -          -    2.227
         3486.4 4672.0 4672.0  0.0   2900.0 37504.0   1739.2   93560.0    76168.3   105216.0 101918.0 14080.0 12827.1    259    1.655   5      0.571   -          -    2.227
         3487.4 4672.0 4672.0  0.0   2900.0 37504.0   1739.2   93560.0    76168.3   105216.0 101918.0 14080.0 12827.1    259    1.655   5      0.571   -          -    2.227
         3488.4 4672.0 4672.0  0.0   2900.0 37504.0   1739.2   93560.0    76168.3   105216.0 101918.0 14080.0 12827.1    259    1.655   5      0.571   -          -    2.227
         3489.4 4672.0 4672.0  0.0   2900.0 37504.0   1739.2   93560.0    76168.3   105216.0 101918.0 14080.0 12827.1    259    1.655   5      0.571   -          -    2.227
         3490.4 4672.0 4672.0  0.0   2900.0 37504.0   1895.9   93560.0    76168.3   105216.0 101918.0 14080.0 12827.1    259    1.655   5      0.571   -          -    2.227
         3491.4 4672.0 4672.0  0.0   2900.0 37504.0   1912.9   93560.0    76168.3   105216.0 101918.0 14080.0 12827.1    259    1.655   5      0.571   -          -    2.227
         3492.5 4672.0 4672.0  0.0   2900.0 37504.0   1915.5   93560.0    76168.3   105216.0 101918.0 14080.0 12827.1    259    1.655   5      0.571   -          -    2.227
         3493.4 4672.0 4672.0  0.0   2900.0 37504.0   1915.5   93560.0    76168.3   105216.0 101918.0 14080.0 12827.1    259    1.655   5      0.571   -          -    2.227
         3494.4 4672.0 4672.0  0.0   2900.0 37504.0   1915.5   93560.0    76168.3   105216.0 101918.0 14080.0 12827.1    259    1.655   5      0.571   -          -    2.227
         3495.4 4672.0 4672.0  0.0   2900.0 37504.0   1915.5   93560.0    76168.3   105216.0 101918.0 14080.0 12827.1    259    1.655   5      0.571   -          -    2.227
         3496.4 4672.0 4672.0  0.0   2900.0 37504.0   1915.5   93560.0    76168.3   105216.0 101918.0 14080.0 12827.1    259    1.655   5      0.571   -          -    2.227
         3497.4 4672.0 4672.0  0.0   2900.0 37504.0   1915.5   93560.0    76168.3   105216.0 101918.0 14080.0 12827.1    259    1.655   5      0.571   -          -    2.227
         3498.4 4672.0 4672.0  0.0   2900.0 37504.0   1915.5   93560.0    76168.3   105216.0 101918.0 14080.0 12827.1    259    1.655   5      0.571   -          -    2.227
         3499.4 4672.0 4672.0  0.0   2900.0 37504.0   1915.5   93560.0    76168.3   105216.0 101918.0 14080.0 12827.1    259    1.655   5      0.571   -          -    2.227
         3500.4 4672.0 4672.0  0.0   2900.0 37504.0   1992.5   93560.0    76168.3   105216.0 101918.0 14080.0 12827.1    259    1.655   5      0.571   -          -    2.227
         3501.4 4672.0 4672.0  0.0   2900.0 37504.0   1992.5   93560.0    76168.3   105216.0 101918.0 14080.0 12827.1    259    1.655   5      0.571   -          -    2.227
         3502.4 4672.0 4672.0  0.0   2900.0 37504.0   1995.0   93560.0    76168.3   105216.0 101918.0 14080.0 12827.1    259    1.655   5      0.571   -          -    2.227
         3503.4 4672.0 4672.0  0.0   2900.0 37504.0   1995.0   93560.0    76168.3   105216.0 101918.0 14080.0 12827.1    259    1.655   5      0.571   -          -    2.227
         3504.4 4672.0 4672.0  0.0   2900.0 37504.0   1995.0   93560.0    76168.3   105216.0 101918.0 14080.0 12827.1    259    1.655   5      0.571   -          -    2.227
         3505.5 4672.0 4672.0  0.0   2900.0 37504.0   1995.0   93560.0    76168.3   105216.0 101918.0 14080.0 12827.1    259    1.655   5      0.571   -          -    2.227
         3506.5 4672.0 4672.0  0.0   2900.0 37504.0   1995.0   93560.0    76168.3   105216.0 101918.0 14080.0 12827.1    259    1.655   5      0.571   -          -    2.227
         3507.5 4672.0 4672.0  0.0   2900.0 37504.0   1995.0   93560.0    76168.3   105216.0 101918.0 14080.0 12827.1    259    1.655   5      0.571   -          -    2.227
         3508.5 4672.0 4672.0  0.0   2900.0 37504.0   1995.0   93560.0    76168.3   105216.0 101918.0 14080.0 12827.1    259    1.655   5      0.571   -          -    2.227
         3509.4 4672.0 4672.0  0.0   2900.0 37504.0   1995.0   93560.0    76168.3   105216.0 101918.0 14080.0 12827.1    259    1.655   5      0.571   -          -    2.227
         3510.4 4672.0 4672.0  0.0   2900.0 37504.0   2072.0   93560.0    76168.3   105216.0 101918.0 14080.0 12827.1    259    1.655   5      0.571   -          -    2.227
         3511.4 4672.0 4672.0  0.0   2900.0 37504.0   2072.0   93560.0    76168.3   105216.0 101918.0 14080.0 12827.1    259    1.655   5      0.571   -          -    2.227
         3512.4 4672.0 4672.0  0.0   2900.0 37504.0   2074.6   93560.0    76168.3   105216.0 101918.0 14080.0 12827.1    259    1.655   5      0.571   -          -    2.227
         3513.4 4672.0 4672.0  0.0   2900.0 37504.0   2074.6   93560.0    76168.3   105216.0 101918.0 14080.0 12827.1    259    1.655   5      0.571   -          -    2.227
         3514.4 4672.0 4672.0  0.0   2900.0 37504.0   2077.2   93560.0    76168.3   105216.0 101918.0 14080.0 12827.1    259    1.655   5      0.571   -          -    2.227
         3515.4 4672.0 4672.0  0.0   2900.0 37504.0   2077.2   93560.0    76168.3   105216.0 101918.0 14080.0 12827.1    259    1.655   5      0.571   -          -    2.227
         3516.4 4672.0 4672.0  0.0   2900.0 37504.0   2079.8   93560.0    76168.3   105216.0 101918.0 14080.0 12827.1    259    1.655   5      0.571   -          -    2.227
         3517.4 4672.0 4672.0  0.0   2900.0 37504.0   2079.8   93560.0    76168.3   105216.0 101918.0 14080.0 12827.1    259    1.655   5      0.571   -          -    2.227
         3518.4 4672.0 4672.0  0.0   2900.0 37504.0   2079.8   93560.0    76168.3   105216.0 101918.0 14080.0 12827.1    259    1.655   5      0.571   -          -    2.227
         3519.5 4672.0 4672.0  0.0   2900.0 37504.0   2079.8   93560.0    76168.3   105216.0 101918.0 14080.0 12827.1    259    1.655   5      0.571   -          -    2.227
         3520.5 4672.0 4672.0  0.0   2900.0 37504.0   2209.9   93560.0    76168.3   105216.0 101918.0 14080.0 12827.1    259    1.655   5      0.571   -          -    2.227
         3521.5 4672.0 4672.0  0.0   2900.0 37504.0   2226.9   93560.0    76168.3   105216.0 101918.0 14080.0 12827.1    259    1.655   5      0.571   -          -    2.227
         3522.5 4672.0 4672.0  0.0   2900.0 37504.0   2229.5   93560.0    76168.3   105216.0 101918.0 14080.0 12827.1    259    1.655   5      0.571   -          -    2.227
         3523.5 4672.0 4672.0  0.0   2900.0 37504.0   2229.5   93560.0    76168.3   105216.0 101918.0 14080.0 12827.1    259    1.655   5      0.571   -          -    2.227
         3524.5 4672.0 4672.0  0.0   2900.0 37504.0   2229.5   93560.0    76168.3   105216.0 101918.0 14080.0 12827.1    259    1.655   5      0.571   -          -    2.227
         3525.4 4672.0 4672.0  0.0   2900.0 37504.0   2229.5   93560.0    76168.3   105216.0 101918.0 14080.0 12827.1    259    1.655   5      0.571   -          -    2.227
         3526.4 4672.0 4672.0  0.0   2900.0 37504.0   2229.5   93560.0    76168.3   105216.0 101918.0 14080.0 12827.1    259    1.655   5      0.571   -          -    2.227
         3527.4 4672.0 4672.0  0.0   2900.0 37504.0   2229.5   93560.0    76168.3   105216.0 101918.0 14080.0 12827.1    259    1.655   5      0.571   -          -    2.227
         3528.4 4672.0 4672.0  0.0   2900.0 37504.0   2229.5   93560.0    76168.3   105216.0 101918.0 14080.0 12827.1    259    1.655   5      0.571   -          -    2.227
         3529.4 4672.0 4672.0  0.0   2900.0 37504.0   2229.5   93560.0    76168.3   105216.0 101918.0 14080.0 12827.1    259    1.655   5      0.571   -          -    2.227
         3530.4 4672.0 4672.0  0.0   2900.0 37504.0   2306.7   93560.0    76168.3   105216.0 101918.0 14080.0 12827.1    259    1.655   5      0.571   -          -    2.227
         3531.4 4672.0 4672.0  0.0   2900.0 37504.0   2306.7   93560.0    76168.3   105216.0 101918.0 14080.0 12827.1    259    1.655   5      0.571   -          -    2.227
         3532.4 4672.0 4672.0  0.0   2900.0 37504.0   2309.2   93560.0    76168.3   105216.0 101918.0 14080.0 12827.1    259    1.655   5      0.571   -          -    2.227
         3533.5 4672.0 4672.0  0.0   2900.0 37504.0   2309.2   93560.0    76168.3   105216.0 101918.0 14080.0 12827.1    259    1.655   5      0.571   -          -    2.227
         3534.5 4672.0 4672.0  0.0   2900.0 37504.0   2309.2   93560.0    76168.3   105216.0 101918.0 14080.0 12827.1    259    1.655   5      0.571   -          -    2.227
         3535.5 4672.0 4672.0  0.0   2900.0 37504.0   2309.2   93560.0    76168.3   105216.0 101918.0 14080.0 12827.1    259    1.655   5      0.571   -          -    2.227
         3536.5 4672.0 4672.0  0.0   2900.0 37504.0   2309.2   93560.0    76168.3   105216.0 101918.0 14080.0 12827.1    259    1.655   5      0.571   -          -    2.227
         3537.5 4672.0 4672.0  0.0   2900.0 37504.0   2309.2   93560.0    76168.3   105216.0 101918.0 14080.0 12827.1    259    1.655   5      0.571   -          -    2.227
         3538.5 4672.0 4672.0  0.0   2900.0 37504.0   2309.2   93560.0    76168.3   105216.0 101918.0 14080.0 12827.1    259    1.655   5      0.571   -          -    2.227
         3539.5 4672.0 4672.0  0.0   2900.0 37504.0   2309.2   93560.0    76168.3   105216.0 101918.0 14080.0 12827.1    259    1.655   5      0.571   -          -    2.227
         3540.5 4672.0 4672.0  0.0   2900.0 37504.0   2386.5   93560.0    76168.3   105216.0 101918.0 14080.0 12827.1    259    1.655   5      0.571   -          -    2.227
         3541.5 4672.0 4672.0  0.0   2900.0 37504.0   2386.5   93560.0    76168.3   105216.0 101918.0 14080.0 12827.1    259    1.655   5      0.571   -          -    2.227
         3542.4 4672.0 4672.0  0.0   2900.0 37504.0   2389.1   93560.0    76168.3   105216.0 101918.0 14080.0 12827.1    259    1.655   5      0.571   -          -    2.227
         3543.4 4672.0 4672.0  0.0   2900.0 37504.0   2389.1   93560.0    76168.3   105216.0 101918.0 14080.0 12827.1    259    1.655   5      0.571   -          -    2.227
         3544.4 4672.0 4672.0  0.0   2900.0 37504.0   2389.1   93560.0    76168.3   105216.0 101918.0 14080.0 12827.1    259    1.655   5      0.571   -          -    2.227
         3545.4 4672.0 4672.0  0.0   2900.0 37504.0   2389.1   93560.0    76168.3   105216.0 101918.0 14080.0 12827.1    259    1.655   5      0.571   -          -    2.227
         3546.4 4672.0 4672.0  0.0   2900.0 37504.0   2389.1   93560.0    76168.3   105216.0 101918.0 14080.0 12827.1    259    1.655   5      0.571   -          -    2.227
         3547.5 4672.0 4672.0  0.0   2900.0 37504.0   2389.1   93560.0    76168.3   105216.0 101918.0 14080.0 12827.1    259    1.655   5      0.571   -          -    2.227
         3548.5 4672.0 4672.0  0.0   2900.0 37504.0   2389.1   93560.0    76168.3   105216.0 101918.0 14080.0 12827.1    259    1.655   5      0.571   -          -    2.227
         3549.5 4672.0 4672.0  0.0   2900.0 37504.0   2389.1   93560.0    76168.3   105216.0 101918.0 14080.0 12827.1    259    1.655   5      0.571   -          -    2.227
         3550.5 4672.0 4672.0  0.0   2900.0 37504.0   2507.0   93560.0    76168.3   105216.0 101918.0 14080.0 12827.1    259    1.655   5      0.571   -          -    2.227
         3551.5 4672.0 4672.0  0.0   2900.0 37504.0   2526.6   93560.0    76168.3   105216.0 101918.0 14080.0 12827.1    259    1.655   5      0.571   -          -    2.227
         3552.5 4672.0 4672.0  0.0   2900.0 37504.0   2529.1   93560.0    76168.3   105216.0 101918.0 14080.0 12827.1    259    1.655   5      0.571   -          -    2.227
         3553.5 4672.0 4672.0  0.0   2900.0 37504.0   2529.1   93560.0    76168.3   105216.0 101918.0 14080.0 12827.1    259    1.655   5      0.571   -          -    2.227
         3554.5 4672.0 4672.0  0.0   2900.0 37504.0   2529.1   93560.0    76168.3   105216.0 101918.0 14080.0 12827.1    259    1.655   5      0.571   -          -    2.227
         3555.5 4672.0 4672.0  0.0   2900.0 37504.0   2529.1   93560.0    76168.3   105216.0 101918.0 14080.0 12827.1    259    1.655   5      0.571   -          -    2.227
         3556.4 4672.0 4672.0  0.0   2900.0 37504.0   2529.1   93560.0    76168.3   105216.0 101918.0 14080.0 12827.1    259    1.655   5      0.571   -          -    2.227
         3557.4 4672.0 4672.0  0.0   2900.0 37504.0   2529.1   93560.0    76168.3   105216.0 101918.0 14080.0 12827.1    259    1.655   5      0.571   -          -    2.227
         3558.4 4672.0 4672.0  0.0   2900.0 37504.0   2529.1   93560.0    76168.3   105216.0 101918.0 14080.0 12827.1    259    1.655   5      0.571   -          -    2.227
         3559.5 4672.0 4672.0  0.0   2900.0 37504.0   2529.1   93560.0    76168.3   105216.0 101918.0 14080.0 12827.1    259    1.655   5      0.571   -          -    2.227
         3560.5 4672.0 4672.0  0.0   2900.0 37504.0   2606.1   93560.0    76168.3   105216.0 101918.0 14080.0 12827.1    259    1.655   5      0.571   -          -    2.227
         3561.5 4672.0 4672.0  0.0   2900.0 37504.0   2606.1   93560.0    76168.3   105216.0 101918.0 14080.0 12827.1    259    1.655   5      0.571   -          -    2.227
         3562.5 4672.0 4672.0  0.0   2900.0 37504.0   2608.7   93560.0    76168.3   105216.0 101918.0 14080.0 12827.1    259    1.655   5      0.571   -          -    2.227
         3563.5 4672.0 4672.0  0.0   2900.0 37504.0   2608.7   93560.0    76168.3   105216.0 101918.0 14080.0 12827.1    259    1.655   5      0.571   -          -    2.227
         3564.5 4672.0 4672.0  0.0   2900.0 37504.0   2608.7   93560.0    76168.3   105216.0 101918.0 14080.0 12827.1    259    1.655   5      0.571   -          -    2.227
         3565.5 4672.0 4672.0  0.0   2900.0 37504.0   2608.7   93560.0    76168.3   105216.0 101918.0 14080.0 12827.1    259    1.655   5      0.571   -          -    2.227
         3566.5 4672.0 4672.0  0.0   2900.0 37504.0   2608.7   93560.0    76168.3   105216.0 101918.0 14080.0 12827.1    259    1.655   5      0.571   -          -    2.227
         3567.5 4672.0 4672.0  0.0   2900.0 37504.0   2608.7   93560.0    76168.3   105216.0 101918.0 14080.0 12827.1    259    1.655   5      0.571   -          -    2.227
         3568.5 4672.0 4672.0  0.0   2900.0 37504.0   2608.7   93560.0    76168.3   105216.0 101918.0 14080.0 12827.1    259    1.655   5      0.571   -          -    2.227
         3569.5 4672.0 4672.0  0.0   2900.0 37504.0   2611.3   93560.0    76168.3   105216.0 101918.0 14080.0 12827.1    259    1.655   5      0.571   -          -    2.227
         3570.5 4672.0 4672.0  0.0   2900.0 37504.0   2712.3   93560.0    76168.3   105216.0 101918.0 14080.0 12827.1    259    1.655   5      0.571   -          -    2.227
         3571.5 4672.0 4672.0  0.0   2900.0 37504.0   2712.3   93560.0    76168.3   105216.0 101918.0 14080.0 12827.1    259    1.655   5      0.571   -          -    2.227
         3572.4 4672.0 4672.0  0.0   2900.0 37504.0   2714.9   93560.0    76168.3   105216.0 101918.0 14080.0 12827.1    259    1.655   5      0.571   -          -    2.227
         3573.5 4672.0 4672.0  0.0   2900.0 37504.0   2714.9   93560.0    76168.3   105216.0 101918.0 14080.0 12827.1    259    1.655   5      0.571   -          -    2.227
         3574.5 4672.0 4672.0  0.0   2900.0 37504.0   2714.9   93560.0    76168.3   105216.0 101918.0 14080.0 12827.1    259    1.655   5      0.571   -          -    2.227
         3575.5 4672.0 4672.0  0.0   2900.0 37504.0   2714.9   93560.0    76168.3   105216.0 101918.0 14080.0 12827.1    259    1.655   5      0.571   -          -    2.227
         3576.5 4672.0 4672.0  0.0   2900.0 37504.0   2714.9   93560.0    76168.3   105216.0 101918.0 14080.0 12827.1    259    1.655   5      0.571   -          -    2.227
         3577.5 4672.0 4672.0  0.0   2900.0 37504.0   2714.9   93560.0    76168.3   105216.0 101918.0 14080.0 12827.1    259    1.655   5      0.571   -          -    2.227
         3578.5 4672.0 4672.0  0.0   2900.0 37504.0   2744.4   93560.0    76168.3   105216.0 101918.0 14080.0 12827.1    259    1.655   5      0.571   -          -    2.227
         3579.5 4672.0 4672.0  0.0   2900.0 37504.0   2744.4   93560.0    76168.3   105216.0 101918.0 14080.0 12827.1    259    1.655   5      0.571   -          -    2.227
         3580.5 4672.0 4672.0  0.0   2900.0 37504.0   2901.9   93560.0    76168.3   105216.0 101918.0 14080.0 12827.1    259    1.655   5      0.571   -          -    2.227
         3581.5 4672.0 4672.0  0.0   2900.0 37504.0   2918.9   93560.0    76168.3   105216.0 101918.0 14080.0 12827.1    259    1.655   5      0.571   -          -    2.227
         3582.5 4672.0 4672.0  0.0   2900.0 37504.0   2921.5   93560.0    76168.3   105216.0 101918.0 14080.0 12827.1    259    1.655   5      0.571   -          -    2.227
         3583.5 4672.0 4672.0  0.0   2900.0 37504.0   2921.5   93560.0    76168.3   105216.0 101918.0 14080.0 12827.1    259    1.655   5      0.571   -          -    2.227
         3584.5 4672.0 4672.0  0.0   2900.0 37504.0   2921.5   93560.0    76168.3   105216.0 101918.0 14080.0 12827.1    259    1.655   5      0.571   -          -    2.227
         3585.5 4672.0 4672.0  0.0   2900.0 37504.0   2921.5   93560.0    76168.3   105216.0 101918.0 14080.0 12827.1    259    1.655   5      0.571   -          -    2.227
         3586.5 4672.0 4672.0  0.0   2900.0 37504.0   2921.5   93560.0    76168.3   105216.0 101918.0 14080.0 12827.1    259    1.655   5      0.571   -          -    2.227
         3587.5 4672.0 4672.0  0.0   2900.0 37504.0   2921.5   93560.0    76168.3   105216.0 101918.0 14080.0 12827.1    259    1.655   5      0.571   -          -    2.227
         3588.5 4672.0 4672.0  0.0   2900.0 37504.0   2924.1   93560.0    76168.3   105216.0 101918.0 14080.0 12827.1    259    1.655   5      0.571   -          -    2.227
         3589.5 4672.0 4672.0  0.0   2900.0 37504.0   2924.1   93560.0    76168.3   105216.0 101918.0 14080.0 12827.1    259    1.655   5      0.571   -          -    2.227
         3590.5 4672.0 4672.0  0.0   2900.0 37504.0   3001.1   93560.0    76168.3   105216.0 101918.0 14080.0 12827.1    259    1.655   5      0.571   -          -    2.227
         3591.5 4672.0 4672.0  0.0   2900.0 37504.0   3001.1   93560.0    76168.3   105216.0 101918.0 14080.0 12827.1    259    1.655   5      0.571   -          -    2.227
         3592.5 4672.0 4672.0  0.0   2900.0 37504.0   3003.7   93560.0    76168.3   105216.0 101918.0 14080.0 12827.1    259    1.655   5      0.571   -          -    2.227
         3593.5 4672.0 4672.0  0.0   2900.0 37504.0   3003.7   93560.0    76168.3   105216.0 101918.0 14080.0 12827.1    259    1.655   5      0.571   -          -    2.227
         3594.5 4672.0 4672.0  0.0   2900.0 37504.0   3003.7   93560.0    76168.3   105216.0 101918.0 14080.0 12827.1    259    1.655   5      0.571   -          -    2.227
         3595.5 4672.0 4672.0  0.0   2900.0 37504.0   3003.7   93560.0    76168.3   105216.0 101918.0 14080.0 12827.1    259    1.655   5      0.571   -          -    2.227
         3596.5 4672.0 4672.0  0.0   2900.0 37504.0   3003.7   93560.0    76168.3   105216.0 101918.0 14080.0 12827.1    259    1.655   5      0.571   -          -    2.227
         3597.5 4672.0 4672.0  0.0   2900.0 37504.0   3003.7   93560.0    76168.3   105216.0 101918.0 14080.0 12827.1    259    1.655   5      0.571   -          -    2.227
         3598.5 4672.0 4672.0  0.0   2900.0 37504.0   3003.7   93560.0    76168.3   105216.0 101918.0 14080.0 12827.1    259    1.655   5      0.571   -          -    2.227
         3599.5 4672.0 4672.0  0.0   2900.0 37504.0   3003.7   93560.0    76168.3   105216.0 101918.0 14080.0 12827.1    259    1.655   5      0.571   -          -    2.227
         3600.5 4672.0 4672.0  0.0   2900.0 37504.0   3080.7   93560.0    76168.3   105216.0 101918.0 14080.0 12827.1    259    1.655   5      0.571   -          -    2.227
         3601.5 4672.0 4672.0  0.0   2900.0 37504.0   3080.7   93560.0    76168.3   105216.0 101918.0 14080.0 12827.1    259    1.655   5      0.571   -          -    2.227
         3602.5 4672.0 4672.0  0.0   2900.0 37504.0   3083.3   93560.0    76168.3   105216.0 101918.0 14080.0 12827.1    259    1.655   5      0.571   -          -    2.227
         3603.5 4672.0 4672.0  0.0   2900.0 37504.0   3083.3   93560.0    76168.3   105216.0 101918.0 14080.0 12827.1    259    1.655   5      0.571   -          -    2.227
         3604.5 4672.0 4672.0  0.0   2900.0 37504.0   3083.3   93560.0    76168.3   105216.0 101918.0 14080.0 12827.1    259    1.655   5      0.571   -          -    2.227
         3605.5 4672.0 4672.0  0.0   2900.0 37504.0   3083.3   93560.0    76168.3   105216.0 101918.0 14080.0 12827.1    259    1.655   5      0.571   -          -    2.227
         3606.5 4672.0 4672.0  0.0   2900.0 37504.0   3083.3   93560.0    76168.3   105216.0 101918.0 14080.0 12827.1    259    1.655   5      0.571   -          -    2.227
         3607.5 4672.0 4672.0  0.0   2900.0 37504.0   3083.3   93560.0    76168.3   105216.0 101918.0 14080.0 12827.1    259    1.655   5      0.571   -          -    2.227
         3608.5 4672.0 4672.0  0.0   2900.0 37504.0   3083.3   93560.0    76168.3   105216.0 101918.0 14080.0 12827.1    259    1.655   5      0.571   -          -    2.227
         3609.5 4672.0 4672.0  0.0   2900.0 37504.0   3083.3   93560.0    76168.3   105216.0 101918.0 14080.0 12827.1    259    1.655   5      0.571   -          -    2.227
         3610.5 4672.0 4672.0  0.0   2900.0 37504.0   3265.4   93560.0    76168.3   105216.0 101918.0 14080.0 12827.1    259    1.655   5      0.571   -          -    2.227
         3611.5 4672.0 4672.0  0.0   2900.0 37504.0   3282.5   93560.0    76168.3   105216.0 101918.0 14080.0 12827.1    259    1.655   5      0.571   -          -    2.227
         3612.5 4672.0 4672.0  0.0   2900.0 37504.0   3285.0   93560.0    76168.3   105216.0 101918.0 14080.0 12827.1    259    1.655   5      0.571   -          -    2.227
         3613.5 4672.0 4672.0  0.0   2900.0 37504.0   3285.0   93560.0    76168.3   105216.0 101918.0 14080.0 12827.1    259    1.655   5      0.571   -          -    2.227
         3614.5 4672.0 4672.0  0.0   2900.0 37504.0   3285.0   93560.0    76168.3   105216.0 101918.0 14080.0 12827.1    259    1.655   5      0.571   -          -    2.227
         3615.5 4672.0 4672.0  0.0   2900.0 37504.0   3285.0   93560.0    76168.3   105216.0 101918.0 14080.0 12827.1    259    1.655   5      0.571   -          -    2.227
         3616.5 4672.0 4672.0  0.0   2900.0 37504.0   3285.0   93560.0    76168.3   105216.0 101918.0 14080.0 12827.1    259    1.655   5      0.571   -          -    2.227
         3617.5 4672.0 4672.0  0.0   2900.0 37504.0   3285.0   93560.0    76168.3   105216.0 101918.0 14080.0 12827.1    259    1.655   5      0.571   -          -    2.227
         3618.5 4672.0 4672.0  0.0   2900.0 37504.0   3285.0   93560.0    76168.3   105216.0 101918.0 14080.0 12827.1    259    1.655   5      0.571   -          -    2.227
         3619.5 4672.0 4672.0  0.0   2900.0 37504.0   3285.0   93560.0    76168.3   105216.0 101918.0 14080.0 12827.1    259    1.655   5      0.571   -          -    2.227
         3620.5 4672.0 4672.0  0.0   2900.0 37504.0   3362.2   93560.0    76168.3   105216.0 101918.0 14080.0 12827.1    259    1.655   5      0.571   -          -    2.227
         3621.5 4672.0 4672.0  0.0   2900.0 37504.0   3362.2   93560.0    76168.3   105216.0 101918.0 14080.0 12827.1    259    1.655   5      0.571   -          -    2.227
         3622.5 4672.0 4672.0  0.0   2900.0 37504.0   3367.4   93560.0    76168.3   105216.0 101918.0 14080.0 12827.1    259    1.655   5      0.571   -          -    2.227
         3623.5 4672.0 4672.0  0.0   2900.0 37504.0   3367.4   93560.0    76168.3   105216.0 101918.0 14080.0 12827.1    259    1.655   5      0.571   -          -    2.227
         3624.5 4672.0 4672.0  0.0   2900.0 37504.0   3367.4   93560.0    76168.3   105216.0 101918.0 14080.0 12827.1    259    1.655   5      0.571   -          -    2.227
         3625.5 4672.0 4672.0  0.0   2900.0 37504.0   3370.0   93560.0    76168.3   105216.0 101918.0 14080.0 12827.1    259    1.655   5      0.571   -          -    2.227
         3626.5 4672.0 4672.0  0.0   2900.0 37504.0   3370.0   93560.0    76168.3   105216.0 101918.0 14080.0 12827.1    259    1.655   5      0.571   -          -    2.227
         3627.5 4672.0 4672.0  0.0   2900.0 37504.0   3370.0   93560.0    76168.3   105216.0 101918.0 14080.0 12827.1    259    1.655   5      0.571   -          -    2.227
         3628.5 4672.0 4672.0  0.0   2900.0 37504.0   3370.0   93560.0    76168.3   105216.0 101918.0 14080.0 12827.1    259    1.655   5      0.571   -          -    2.227
         3629.5 4672.0 4672.0  0.0   2900.0 37504.0   3370.0   93560.0    76168.3   105216.0 101918.0 14080.0 12827.1    259    1.655   5      0.571   -          -    2.227
         3630.5 4672.0 4672.0  0.0   2900.0 37504.0   3447.6   93560.0    76168.3   105216.0 101918.0 14080.0 12827.1    259    1.655   5      0.571   -          -    2.227
         3631.5 4672.0 4672.0  0.0   2900.0 37504.0   3447.6   93560.0    76168.3   105216.0 101918.0 14080.0 12827.1    259    1.655   5      0.571   -          -    2.227
         3632.5 4672.0 4672.0  0.0   2900.0 37504.0   3450.2   93560.0    76168.3   105216.0 101918.0 14080.0 12827.1    259    1.655   5      0.571   -          -    2.227
         3633.5 4672.0 4672.0  0.0   2900.0 37504.0   3450.2   93560.0    76168.3   105216.0 101918.0 14080.0 12827.1    259    1.655   5      0.571   -          -    2.227
         3634.5 4672.0 4672.0  0.0   2900.0 37504.0   3450.2   93560.0    76168.3   105216.0 101918.0 14080.0 12827.1    259    1.655   5      0.571   -          -    2.227
         3635.5 4672.0 4672.0  0.0   2900.0 37504.0   3450.2   93560.0    76168.3   105216.0 101918.0 14080.0 12827.1    259    1.655   5      0.571   -          -    2.227
         3636.5 4672.0 4672.0  0.0   2900.0 37504.0   3450.2   93560.0    76168.3   105216.0 101918.0 14080.0 12827.1    259    1.655   5      0.571   -          -    2.227
         3637.5 4672.0 4672.0  0.0   2900.0 37504.0   3450.2   93560.0    76168.3   105216.0 101918.0 14080.0 12827.1    259    1.655   5      0.571   -          -    2.227
         3638.5 4672.0 4672.0  0.0   2900.0 37504.0   3450.2   93560.0    76168.3   105216.0 101918.0 14080.0 12827.1    259    1.655   5      0.571   -          -    2.227
         3639.5 4672.0 4672.0  0.0   2900.0 37504.0   3494.2   93560.0    76168.3   105216.0 101918.0 14080.0 12827.1    259    1.655   5      0.571   -          -    2.227
         3640.5 4672.0 4672.0  0.0   2900.0 37504.0   3585.4   93560.0    76168.3   105216.0 101918.0 14080.0 12827.1    259    1.655   5      0.571   -          -    2.227
         3641.5 4672.0 4672.0  0.0   2900.0 37504.0   3602.4   93560.0    76168.3   105216.0 101918.0 14080.0 12827.1    259    1.655   5      0.571   -          -    2.227
         3642.5 4672.0 4672.0  0.0   2900.0 37504.0   3605.0   93560.0    76168.3   105216.0 101918.0 14080.0 12827.1    259    1.655   5      0.571   -          -    2.227
         3643.5 4672.0 4672.0  0.0   2900.0 37504.0   3605.0   93560.0    76168.3   105216.0 101918.0 14080.0 12827.1    259    1.655   5      0.571   -          -    2.227
         3644.5 4672.0 4672.0  0.0   2900.0 37504.0   3605.0   93560.0    76168.3   105216.0 101918.0 14080.0 12827.1    259    1.655   5      0.571   -          -    2.227
         3645.5 4672.0 4672.0  0.0   2900.0 37504.0   3605.0   93560.0    76168.3   105216.0 101918.0 14080.0 12827.1    259    1.655   5      0.571   -          -    2.227
         3646.5 4672.0 4672.0  0.0   2900.0 37504.0   3605.0   93560.0    76168.3   105216.0 101918.0 14080.0 12827.1    259    1.655   5      0.571   -          -    2.227
         3647.5 4672.0 4672.0  0.0   2900.0 37504.0   3605.0   93560.0    76168.3   105216.0 101918.0 14080.0 12827.1    259    1.655   5      0.571   -          -    2.227
         3648.5 4672.0 4672.0  0.0   2900.0 37504.0   3605.0   93560.0    76168.3   105216.0 101918.0 14080.0 12827.1    259    1.655   5      0.571   -          -    2.227
         3649.5 4672.0 4672.0  0.0   2900.0 37504.0   3605.0   93560.0    76168.3   105216.0 101918.0 14080.0 12827.1    259    1.655   5      0.571   -          -    2.227
         3650.5 4672.0 4672.0  0.0   2900.0 37504.0   3682.0   93560.0    76168.3   105216.0 101918.0 14080.0 12827.1    259    1.655   5      0.571   -          -    2.227
         3651.5 4672.0 4672.0  0.0   2900.0 37504.0   3682.0   93560.0    76168.3   105216.0 101918.0 14080.0 12827.1    259    1.655   5      0.571   -          -    2.227
         3652.5 4672.0 4672.0  0.0   2900.0 37504.0   3684.6   93560.0    76168.3   105216.0 101918.0 14080.0 12827.1    259    1.655   5      0.571   -          -    2.227
         3653.5 4672.0 4672.0  0.0   2900.0 37504.0   3684.6   93560.0    76168.3   105216.0 101918.0 14080.0 12827.1    259    1.655   5      0.571   -          -    2.227
         3654.5 4672.0 4672.0  0.0   2900.0 37504.0   3684.6   93560.0    76168.3   105216.0 101918.0 14080.0 12827.1    259    1.655   5      0.571   -          -    2.227
         3655.5 4672.0 4672.0  0.0   2900.0 37504.0   3690.9   93560.0    76168.3   105216.0 101918.0 14080.0 12827.1    259    1.655   5      0.571   -          -    2.227
         3656.5 4672.0 4672.0  0.0   2900.0 37504.0   3690.9   93560.0    76168.3   105216.0 101918.0 14080.0 12827.1    259    1.655   5      0.571   -          -    2.227
         3657.5 4672.0 4672.0  0.0   2900.0 37504.0   3690.9   93560.0    76168.3   105216.0 101918.0 14080.0 12827.1    259    1.655   5      0.571   -          -    2.227
         3658.5 4672.0 4672.0  0.0   2900.0 37504.0   3690.9   93560.0    76168.3   105216.0 101918.0 14080.0 12827.1    259    1.655   5      0.571   -          -    2.227
         3659.5 4672.0 4672.0  0.0   2900.0 37504.0   3690.9   93560.0    76168.3   105216.0 101918.0 14080.0 12827.1    259    1.655   5      0.571   -          -    2.227
         3660.5 4672.0 4672.0  0.0   2900.0 37504.0   3775.8   93560.0    76168.3   105216.0 101918.0 14080.0 12827.1    259    1.655   5      0.571   -          -    2.227
         3661.5 4672.0 4672.0  0.0   2900.0 37504.0   3775.8   93560.0    76168.3   105216.0 101918.0 14080.0 12827.1    259    1.655   5      0.571   -          -    2.227
         3662.5 4672.0 4672.0  0.0   2900.0 37504.0   3781.0   93560.0    76168.3   105216.0 101918.0 14080.0 12827.1    259    1.655   5      0.571   -          -    2.227
         3663.5 4672.0 4672.0  0.0   2900.0 37504.0   3781.0   93560.0    76168.3   105216.0 101918.0 14080.0 12827.1    259    1.655   5      0.571   -          -    2.227
         3664.5 4672.0 4672.0  0.0   2900.0 37504.0   3781.0   93560.0    76168.3   105216.0 101918.0 14080.0 12827.1    259    1.655   5      0.571   -          -    2.227
         3665.5 4672.0 4672.0  0.0   2900.0 37504.0   3781.0   93560.0    76168.3   105216.0 101918.0 14080.0 12827.1    259    1.655   5      0.571   -          -    2.227
         3666.5 4672.0 4672.0  0.0   2900.0 37504.0   3781.0   93560.0    76168.3   105216.0 101918.0 14080.0 12827.1    259    1.655   5      0.571   -          -    2.227
         3667.5 4672.0 4672.0  0.0   2900.0 37504.0   3781.0   93560.0    76168.3   105216.0 101918.0 14080.0 12827.1    259    1.655   5      0.571   -          -    2.227
         3668.5 4672.0 4672.0  0.0   2900.0 37504.0   3781.0   93560.0    76168.3   105216.0 101918.0 14080.0 12827.1    259    1.655   5      0.571   -          -    2.227
         3669.5 4672.0 4672.0  0.0   2900.0 37504.0   3781.0   93560.0    76168.3   105216.0 101918.0 14080.0 12827.1    259    1.655   5      0.571   -          -    2.227
         3670.5 4672.0 4672.0  0.0   2900.0 37504.0   3953.5   93560.0    76168.3   105216.0 101918.0 14080.0 12827.1    259    1.655   5      0.571   -          -    2.227
         3671.5 4672.0 4672.0  0.0   2900.0 37504.0   3970.5   93560.0    76168.3   105216.0 101918.0 14080.0 12827.1    259    1.655   5      0.571   -          -    2.227
         3672.5 4672.0 4672.0  0.0   2900.0 37504.0   3973.1   93560.0    76168.3   105216.0 101918.0 14080.0 12827.1    259    1.655   5      0.571   -          -    2.227
         3673.5 4672.0 4672.0  0.0   2900.0 37504.0   3973.1   93560.0    76168.3   105216.0 101918.0 14080.0 12827.1    259    1.655   5      0.571   -          -    2.227
         3674.5 4672.0 4672.0  0.0   2900.0 37504.0   3975.6   93560.0    76168.3   105216.0 101918.0 14080.0 12827.1    259    1.655   5      0.571   -          -    2.227
         3675.5 4672.0 4672.0  0.0   2900.0 37504.0   3975.6   93560.0    76168.3   105216.0 101918.0 14080.0 12827.1    259    1.655   5      0.571   -          -    2.227
         3676.6 4672.0 4672.0  0.0   2900.0 37504.0   3975.6   93560.0    76168.3   105216.0 101918.0 14080.0 12827.1    259    1.655   5      0.571   -          -    2.227
         3677.5 4672.0 4672.0  0.0   2900.0 37504.0   3975.6   93560.0    76168.3   105216.0 101918.0 14080.0 12827.1    259    1.655   5      0.571   -          -    2.227
         3678.5 4672.0 4672.0  0.0   2900.0 37504.0   3975.6   93560.0    76168.3   105216.0 101918.0 14080.0 12827.1    259    1.655   5      0.571   -          -    2.227
         3679.5 4672.0 4672.0  0.0   2900.0 37504.0   3975.6   93560.0    76168.3   105216.0 101918.0 14080.0 12827.1    259    1.655   5      0.571   -          -    2.227
         3680.5 4672.0 4672.0  0.0   2900.0 37504.0   4053.6   93560.0    76168.3   105216.0 101918.0 14080.0 12827.1    259    1.655   5      0.571   -          -    2.227
         3681.5 4672.0 4672.0  0.0   2900.0 37504.0   4053.6   93560.0    76168.3   105216.0 101918.0 14080.0 12827.1    259    1.655   5      0.571   -          -    2.227
         3682.5 4672.0 4672.0  0.0   2900.0 37504.0   4056.2   93560.0    76168.3   105216.0 101918.0 14080.0 12827.1    259    1.655   5      0.571   -          -    2.227
         3683.5 4672.0 4672.0  0.0   2900.0 37504.0   4056.2   93560.0    76168.3   105216.0 101918.0 14080.0 12827.1    259    1.655   5      0.571   -          -    2.227
         3684.5 4672.0 4672.0  0.0   2900.0 37504.0   4056.2   93560.0    76168.3   105216.0 101918.0 14080.0 12827.1    259    1.655   5      0.571   -          -    2.227
         3685.5 4672.0 4672.0  0.0   2900.0 37504.0   4056.2   93560.0    76168.3   105216.0 101918.0 14080.0 12827.1    259    1.655   5      0.571   -          -    2.227
         3686.5 4672.0 4672.0  0.0   2900.0 37504.0   4056.2   93560.0    76168.3   105216.0 101918.0 14080.0 12827.1    259    1.655   5      0.571   -          -    2.227
         3687.5 4672.0 4672.0  0.0   2900.0 37504.0   4056.2   93560.0    76168.3   105216.0 101918.0 14080.0 12827.1    259    1.655   5      0.571   -          -    2.227
         3688.5 4672.0 4672.0  0.0   2900.0 37504.0   4056.2   93560.0    76168.3   105216.0 101918.0 14080.0 12827.1    259    1.655   5      0.571   -          -    2.227
         3689.5 4672.0 4672.0  0.0   2900.0 37504.0   4056.2   93560.0    76168.3   105216.0 101918.0 14080.0 12827.1    259    1.655   5      0.571   -          -    2.227
         3690.6 4672.0 4672.0  0.0   2900.0 37504.0   4133.2   93560.0    76168.3   105216.0 101918.0 14080.0 12827.1    259    1.655   5      0.571   -          -    2.227
         3691.6 4672.0 4672.0  0.0   2900.0 37504.0   4133.2   93560.0    76168.3   105216.0 101918.0 14080.0 12827.1    259    1.655   5      0.571   -          -    2.227
         3692.6 4672.0 4672.0  0.0   2900.0 37504.0   4135.8   93560.0    76168.3   105216.0 101918.0 14080.0 12827.1    259    1.655   5      0.571   -          -    2.227
         3693.6 4672.0 4672.0  0.0   2900.0 37504.0   4135.8   93560.0    76168.3   105216.0 101918.0 14080.0 12827.1    259    1.655   5      0.571   -          -    2.227
         3694.6 4672.0 4672.0  0.0   2900.0 37504.0   4135.8   93560.0    76168.3   105216.0 101918.0 14080.0 12827.1    259    1.655   5      0.571   -          -    2.227
         3695.5 4672.0 4672.0  0.0   2900.0 37504.0   4135.8   93560.0    76168.3   105216.0 101918.0 14080.0 12827.1    259    1.655   5      0.571   -          -    2.227
         3696.5 4672.0 4672.0  0.0   2900.0 37504.0   4135.8   93560.0    76168.3   105216.0 101918.0 14080.0 12827.1    259    1.655   5      0.571   -          -    2.227
         3697.5 4672.0 4672.0  0.0   2900.0 37504.0   4135.8   93560.0    76168.3   105216.0 101918.0 14080.0 12827.1    259    1.655   5      0.571   -          -    2.227
         3698.5 4672.0 4672.0  0.0   2900.0 37504.0   4135.8   93560.0    76168.3   105216.0 101918.0 14080.0 12827.1    259    1.655   5      0.571   -          -    2.227
         3699.5 4672.0 4672.0  0.0   2900.0 37504.0   4135.8   93560.0    76168.3   105216.0 101918.0 14080.0 12827.1    259    1.655   5      0.571   -          -    2.227
         3700.5 4672.0 4672.0  0.0   2900.0 37504.0   4294.9   93560.0    76168.3   105216.0 101918.0 14080.0 12827.1    259    1.655   5      0.571   -          -    2.227
         3701.5 4672.0 4672.0  0.0   2900.0 37504.0   4311.9   93560.0    76168.3   105216.0 101918.0 14080.0 12827.1    259    1.655   5      0.571   -          -    2.227
         3702.5 4672.0 4672.0  0.0   2900.0 37504.0   4314.5   93560.0    76168.3   105216.0 101918.0 14080.0 12827.1    259    1.655   5      0.571   -          -    2.227
         3703.5 4672.0 4672.0  0.0   2900.0 37504.0   4314.5   93560.0    76168.3   105216.0 101918.0 14080.0 12827.1    259    1.655   5      0.571   -          -    2.227
         3704.6 4672.0 4672.0  0.0   2900.0 37504.0   4314.5   93560.0    76168.3   105216.0 101918.0 14080.0 12827.1    259    1.655   5      0.571   -          -    2.227
         3705.6 4672.0 4672.0  0.0   2900.0 37504.0   4314.5   93560.0    76168.3   105216.0 101918.0 14080.0 12827.1    259    1.655   5      0.571   -          -    2.227
         3706.6 4672.0 4672.0  0.0   2900.0 37504.0   4314.5   93560.0    76168.3   105216.0 101918.0 14080.0 12827.1    259    1.655   5      0.571   -          -    2.227
         3707.6 4672.0 4672.0  0.0   2900.0 37504.0   4314.5   93560.0    76168.3   105216.0 101918.0 14080.0 12827.1    259    1.655   5      0.571   -          -    2.227
         3708.6 4672.0 4672.0  0.0   2900.0 37504.0   4314.5   93560.0    76168.3   105216.0 101918.0 14080.0 12827.1    259    1.655   5      0.571   -          -    2.227
         3709.6 4672.0 4672.0  0.0   2900.0 37504.0   4314.5   93560.0    76168.3   105216.0 101918.0 14080.0 12827.1    259    1.655   5      0.571   -          -    2.227
         3710.6 4672.0 4672.0  0.0   2900.0 37504.0   4391.5   93560.0    76168.3   105216.0 101918.0 14080.0 12827.1    259    1.655   5      0.571   -          -    2.227
         3711.5 4672.0 4672.0  0.0   2900.0 37504.0   4391.5   93560.0    76168.3   105216.0 101918.0 14080.0 12827.1    259    1.655   5      0.571   -          -    2.227
         3712.5 4672.0 4672.0  0.0   2900.0 37504.0   4394.1   93560.0    76168.3   105216.0 101918.0 14080.0 12827.1    259    1.655   5      0.571   -          -    2.227
         3713.5 4672.0 4672.0  0.0   2900.0 37504.0   4394.1   93560.0    76168.3   105216.0 101918.0 14080.0 12827.1    259    1.655   5      0.571   -          -    2.227
         3714.5 4672.0 4672.0  0.0   2900.0 37504.0   4394.1   93560.0    76168.3   105216.0 101918.0 14080.0 12827.1    259    1.655   5      0.571   -          -    2.227
         3715.5 4672.0 4672.0  0.0   2900.0 37504.0   4403.5   93560.0    76168.3   105216.0 101918.0 14080.0 12827.1    259    1.655   5      0.571   -          -    2.227
         3716.5 4672.0 4672.0  0.0   2900.0 37504.0   4403.5   93560.0    76168.3   105216.0 101918.0 14080.0 12827.1    259    1.655   5      0.571   -          -    2.227
         3717.6 4672.0 4672.0  0.0   2900.0 37504.0   4403.5   93560.0    76168.3   105216.0 101918.0 14080.0 12827.1    259    1.655   5      0.571   -          -    2.227
         3718.6 4672.0 4672.0  0.0   2900.0 37504.0   4403.5   93560.0    76168.3   105216.0 101918.0 14080.0 12827.1    259    1.655   5      0.571   -          -    2.227
         3719.6 4672.0 4672.0  0.0   2900.0 37504.0   4403.5   93560.0    76168.3   105216.0 101918.0 14080.0 12827.1    259    1.655   5      0.571   -          -    2.227
         3720.6 4672.0 4672.0  0.0   2900.0 37504.0   4480.6   93560.0    76168.3   105216.0 101918.0 14080.0 12827.1    259    1.655   5      0.571   -          -    2.227
         3721.6 4672.0 4672.0  0.0   2900.0 37504.0   4480.6   93560.0    76168.3   105216.0 101918.0 14080.0 12827.1    259    1.655   5      0.571   -          -    2.227
         3722.6 4672.0 4672.0  0.0   2900.0 37504.0   4483.2   93560.0    76168.3   105216.0 101918.0 14080.0 12827.1    259    1.655   5      0.571   -          -    2.227
         3723.6 4672.0 4672.0  0.0   2900.0 37504.0   4483.2   93560.0    76168.3   105216.0 101918.0 14080.0 12827.1    259    1.655   5      0.571   -          -    2.227
         3724.6 4672.0 4672.0  0.0   2900.0 37504.0   4483.2   93560.0    76168.3   105216.0 101918.0 14080.0 12827.1    259    1.655   5      0.571   -          -    2.227
         3725.6 4672.0 4672.0  0.0   2900.0 37504.0   4483.2   93560.0    76168.3   105216.0 101918.0 14080.0 12827.1    259    1.655   5      0.571   -          -    2.227
         3726.5 4672.0 4672.0  0.0   2900.0 37504.0   4483.2   93560.0    76168.3   105216.0 101918.0 14080.0 12827.1    259    1.655   5      0.571   -          -    2.227
         3727.5 4672.0 4672.0  0.0   2900.0 37504.0   4485.8   93560.0    76168.3   105216.0 101918.0 14080.0 12827.1    259    1.655   5      0.571   -          -    2.227
         3728.5 4672.0 4672.0  0.0   2900.0 37504.0   4485.8   93560.0    76168.3   105216.0 101918.0 14080.0 12827.1    259    1.655   5      0.571   -          -    2.227
         3729.5 4672.0 4672.0  0.0   2900.0 37504.0   4485.8   93560.0    76168.3   105216.0 101918.0 14080.0 12827.1    259    1.655   5      0.571   -          -    2.227
         3730.5 4672.0 4672.0  0.0   2900.0 37504.0   4642.4   93560.0    76168.3   105216.0 101918.0 14080.0 12827.1    259    1.655   5      0.571   -          -    2.227
         3731.6 4672.0 4672.0  0.0   2900.0 37504.0   4659.4   93560.0    76168.3   105216.0 101918.0 14080.0 12827.1    259    1.655   5      0.571   -          -    2.227
         3732.6 4672.0 4672.0  0.0   2900.0 37504.0   4662.0   93560.0    76168.3   105216.0 101918.0 14080.0 12827.1    259    1.655   5      0.571   -          -    2.227
         3733.5 4672.0 4672.0  0.0   2900.0 37504.0   4662.0   93560.0    76168.3   105216.0 101918.0 14080.0 12827.1    259    1.655   5      0.571   -          -    2.227
         3734.5 4672.0 4672.0  0.0   2900.0 37504.0   4662.0   93560.0    76168.3   105216.0 101918.0 14080.0 12827.1    259    1.655   5      0.571   -          -    2.227
         3735.5 4672.0 4672.0  0.0   2900.0 37504.0   4662.0   93560.0    76168.3   105216.0 101918.0 14080.0 12827.1    259    1.655   5      0.571   -          -    2.227
         3736.5 4672.0 4672.0  0.0   2900.0 37504.0   4662.0   93560.0    76168.3   105216.0 101918.0 14080.0 12827.1    259    1.655   5      0.571   -          -    2.227
         3737.5 4672.0 4672.0  0.0   2900.0 37504.0   4664.6   93560.0    76168.3   105216.0 101918.0 14080.0 12827.1    259    1.655   5      0.571   -          -    2.227
         3738.6 4672.0 4672.0  0.0   2900.0 37504.0   4664.6   93560.0    76168.3   105216.0 101918.0 14080.0 12827.1    259    1.655   5      0.571   -          -    2.227
         3739.6 4672.0 4672.0  0.0   2900.0 37504.0   4664.6   93560.0    76168.3   105216.0 101918.0 14080.0 12827.1    259    1.655   5      0.571   -          -    2.227
         3740.6 4672.0 4672.0  0.0   2900.0 37504.0   4741.9   93560.0    76168.3   105216.0 101918.0 14080.0 12827.1    259    1.655   5      0.571   -          -    2.227
         3741.6 4672.0 4672.0  0.0   2900.0 37504.0   4741.9   93560.0    76168.3   105216.0 101918.0 14080.0 12827.1    259    1.655   5      0.571   -          -    2.227
         3742.6 4672.0 4672.0  0.0   2900.0 37504.0   4744.5   93560.0    76168.3   105216.0 101918.0 14080.0 12827.1    259    1.655   5      0.571   -          -    2.227
         3743.6 4672.0 4672.0  0.0   2900.0 37504.0   4744.5   93560.0    76168.3   105216.0 101918.0 14080.0 12827.1    259    1.655   5      0.571   -          -    2.227
         3744.6 4672.0 4672.0  0.0   2900.0 37504.0   4744.5   93560.0    76168.3   105216.0 101918.0 14080.0 12827.1    259    1.655   5      0.571   -          -    2.227
         3745.6 4672.0 4672.0  0.0   2900.0 37504.0   4744.5   93560.0    76168.3   105216.0 101918.0 14080.0 12827.1    259    1.655   5      0.571   -          -    2.227
         3746.6 4672.0 4672.0  0.0   2900.0 37504.0   4744.5   93560.0    76168.3   105216.0 101918.0 14080.0 12827.1    259    1.655   5      0.571   -          -    2.227
         3747.6 4672.0 4672.0  0.0   2900.0 37504.0   4744.5   93560.0    76168.3   105216.0 101918.0 14080.0 12827.1    259    1.655   5      0.571   -          -    2.227
         3748.5 4672.0 4672.0  0.0   2900.0 37504.0   4744.5   93560.0    76168.3   105216.0 101918.0 14080.0 12827.1    259    1.655   5      0.571   -          -    2.227
         3749.5 4672.0 4672.0  0.0   2900.0 37504.0   4744.5   93560.0    76168.3   105216.0 101918.0 14080.0 12827.1    259    1.655   5      0.571   -          -    2.227
         3750.5 4672.0 4672.0  0.0   2900.0 37504.0   4782.9   93560.0    76168.3   105216.0 101918.0 14080.0 12827.1    259    1.655   5      0.571   -          -    2.227
