Timestamp        S0C    S1C    S0U    S1U      EC       EU        OC         OU       MC     MU    CCSC   CCSU   YGC     YGCT    FGC    FGCT    CGC    CGCT     GCT   
         1251.9 4672.0 4672.0 727.6   0.0   37952.0  11624.4   94404.0    56641.6   79872.0 76872.5 10496.0 9406.2    244    1.850   6      0.842   -          -    2.692
         1253.0 4672.0 4672.0 727.6   0.0   37952.0  11624.4   94404.0    56641.6   79872.0 76872.5 10496.0 9406.2    244    1.850   6      0.842   -          -    2.692
         1254.0 4672.0 4672.0 727.6   0.0   37952.0  11624.4   94404.0    56641.6   79872.0 76872.5 10496.0 9406.2    244    1.850   6      0.842   -          -    2.692
         1255.0 4672.0 4672.0 727.6   0.0   37952.0  11624.4   94404.0    56641.6   79872.0 76872.5 10496.0 9406.2    244    1.850   6      0.842   -          -    2.692
         1256.0 4672.0 4672.0 727.6   0.0   37952.0  11624.4   94404.0    56641.6   79872.0 76872.5 10496.0 9406.2    244    1.850   6      0.842   -          -    2.692
         1257.0 4672.0 4672.0 727.6   0.0   37952.0  11624.4   94404.0    56641.6   79872.0 76872.5 10496.0 9406.2    244    1.850   6      0.842   -          -    2.692
         1258.0 4672.0 4672.0 727.6   0.0   37952.0  11624.4   94404.0    56641.6   79872.0 76872.5 10496.0 9406.2    244    1.850   6      0.842   -          -    2.692
         1259.0 4672.0 4672.0 727.6   0.0   37952.0  11627.0   94404.0    56641.6   79872.0 76872.5 10496.0 9406.2    244    1.850   6      0.842   -          -    2.692
         1260.0 4672.0 4672.0 727.6   0.0   37952.0  11627.0   94404.0    56641.6   79872.0 76872.5 10496.0 9406.2    244    1.850   6      0.842   -          -    2.692
         1261.0 4672.0 4672.0 727.6   0.0   37952.0  11629.6   94404.0    56641.6   79872.0 76872.5 10496.0 9406.2    244    1.850   6      0.842   -          -    2.692
         1262.0 4672.0 4672.0 727.6   0.0   37952.0  37947.1   94404.0    56641.6   79872.0 76872.5 10496.0 9406.2    244    1.850   6      0.842   -          -    2.692
         1263.0 4672.0 4672.0 1170.5  0.0   37952.0   5283.6   94404.0    56641.6   79872.0 77067.9 10496.0 9406.2    246    1.868   6      0.842   -          -    2.711
         1264.0 4672.0 4672.0 2397.7  0.0   37952.0   8663.5   94404.0    56641.6   80128.0 77102.0 10496.0 9407.2    248    1.912   6      0.842   -          -    2.755
         1265.0 4672.0 4672.0  0.0   2255.8 37952.0  31515.4   94404.0    56925.5   80128.0 77102.6 10496.0 9407.2    249    1.940   6      0.842   -          -    2.783
         1266.0 4672.0 4672.0 1534.1  0.0   37952.0  24948.1   94404.0    56925.5   80128.0 77120.3 10496.0 9407.7    250    1.952   6      0.842   -          -    2.794
         1267.0 4672.0 4672.0  0.0   1603.9 37952.0   7486.2   94404.0    56925.5   80128.0 77127.3 10496.0 9407.7    251    1.965   6      0.842   -          -    2.807
         1268.0 4672.0 4672.0  0.0   1603.9 37952.0  14584.5   94404.0    56925.5   80128.0 77127.3 10496.0 9407.7    251    1.965   6      0.842   -          -    2.807
         1269.0 4672.0 4672.0  0.0   1603.9 37952.0  14584.5   94404.0    56925.5   80128.0 77127.3 10496.0 9407.7    251    1.965   6      0.842   -          -    2.807
         1270.0 4672.0 4672.0  0.0   1603.9 37952.0  14597.1   94404.0    56925.5   80128.0 77127.3 10496.0 9407.7    251    1.965   6      0.842   -          -    2.807
         1271.0 4672.0 4672.0  0.0   1603.9 37952.0  15075.0   94404.0    56925.5   80128.0 77127.3 10496.0 9407.7    251    1.965   6      0.842   -          -    2.807
         1272.0 4672.0 4672.0  0.0   1603.9 37952.0  17400.3   94404.0    56925.5   80128.0 77127.3 10496.0 9407.7    251    1.965   6      0.842   -          -    2.807
         1273.0 4672.0 4672.0  0.0   1603.9 37952.0  17400.3   94404.0    56925.5   80128.0 77127.3 10496.0 9407.7    251    1.965   6      0.842   -          -    2.807
         1274.0 4672.0 4672.0  0.0   1603.9 37952.0  17400.3   94404.0    56925.5   80128.0 77127.3 10496.0 9407.7    251    1.965   6      0.842   -          -    2.807
         1275.0 4672.0 4672.0  0.0   1603.9 37952.0  17400.3   94404.0    56925.5   80128.0 77127.3 10496.0 9407.7    251    1.965   6      0.842   -          -    2.807
         1276.0 4672.0 4672.0  0.0   1603.9 37952.0  17400.3   94404.0    56925.5   80128.0 77127.3 10496.0 9407.7    251    1.965   6      0.842   -          -    2.807
         1277.0 4672.0 4672.0  0.0   1603.9 37952.0  17400.3   94404.0    56925.5   80128.0 77127.3 10496.0 9407.7    251    1.965   6      0.842   -          -    2.807
         1278.0 4672.0 4672.0  0.0   1603.9 37952.0  17402.9   94404.0    56925.5   80128.0 77127.3 10496.0 9407.7    251    1.965   6      0.842   -          -    2.807
         1279.0 4672.0 4672.0  0.0   1603.9 37952.0  17402.9   94404.0    56925.5   80128.0 77127.3 10496.0 9407.7    251    1.965   6      0.842   -          -    2.807
         1280.0 4672.0 4672.0  0.0   1603.9 37952.0  17402.9   94404.0    56925.5   80128.0 77127.3 10496.0 9407.7    251    1.965   6      0.842   -          -    2.807
         1281.0 4672.0 4672.0  0.0   1603.9 37952.0  17411.2   94404.0    56925.5   80128.0 77127.3 10496.0 9407.7    251    1.965   6      0.842   -          -    2.807
         1282.0 4672.0 4672.0  0.0   1603.9 37952.0  17411.2   94404.0    56925.5   80128.0 77127.3 10496.0 9407.7    251    1.965   6      0.842   -          -    2.807
         1283.0 4672.0 4672.0  0.0   1603.9 37952.0  17411.2   94404.0    56925.5   80128.0 77127.3 10496.0 9407.7    251    1.965   6      0.842   -          -    2.807
         1284.0 4672.0 4672.0  0.0   1603.9 37952.0  17411.2   94404.0    56925.5   80128.0 77127.3 10496.0 9407.7    251    1.965   6      0.842   -          -    2.807
         1285.0 4672.0 4672.0  0.0   1603.9 37952.0  17426.0   94404.0    56925.5   80128.0 77127.3 10496.0 9407.7    251    1.965   6      0.842   -          -    2.807
         1286.0 4672.0 4672.0  0.0   1603.9 37952.0  17426.0   94404.0    56925.5   80128.0 77127.3 10496.0 9407.7    251    1.965   6      0.842   -          -    2.807
         1287.0 4672.0 4672.0  0.0   1603.9 37952.0  17428.6   94404.0    56925.5   80128.0 77127.3 10496.0 9407.7    251    1.965   6      0.842   -          -    2.807
         1288.0 4672.0 4672.0  0.0   1603.9 37952.0  17428.6   94404.0    56925.5   80128.0 77127.3 10496.0 9407.7    251    1.965   6      0.842   -          -    2.807
         1289.0 4672.0 4672.0  0.0   1603.9 37952.0  17428.6   94404.0    56925.5   80128.0 77127.3 10496.0 9407.7    251    1.965   6      0.842   -          -    2.807
         1290.1 4672.0 4672.0  0.0   1603.9 37952.0  17431.2   94404.0    56925.5   80128.0 77127.3 10496.0 9407.7    251    1.965   6      0.842   -          -    2.807
         1291.0 4672.0 4672.0  0.0   1603.9 37952.0  17431.2   94404.0    56925.5   80128.0 77127.3 10496.0 9407.7    251    1.965   6      0.842   -          -    2.807
         1292.0 4672.0 4672.0  0.0   1603.9 37952.0  17431.2   94404.0    56925.5   80128.0 77127.3 10496.0 9407.7    251    1.965   6      0.842   -          -    2.807
