Timestamp        S0C    S1C    S0U    S1U      EC       EU        OC         OU       MC     MU    CCSC   CCSU   YGC     YGCT    FGC    FGCT    CGC    CGCT     GCT   
         3329.4 4672.0 4672.0  0.0   2452.7 37504.0   2414.6   93560.0    74404.4   104960.0 101761.4 14080.0 12825.4    257    1.644   5      0.571   -          -    2.216
         3330.4 4672.0 4672.0  0.0   2452.7 37504.0   2494.3   93560.0    74404.4   104960.0 101761.4 14080.0 12825.4    257    1.644   5      0.571   -          -    2.216
         3331.4 4672.0 4672.0  0.0   2452.7 37504.0   2494.3   93560.0    74404.4   104960.0 101761.4 14080.0 12825.4    257    1.644   5      0.571   -          -    2.216
         3332.4 4672.0 4672.0  0.0   2452.7 37504.0   2494.3   93560.0    74404.4   104960.0 101761.4 14080.0 12825.4    257    1.644   5      0.571   -          -    2.216
         3333.4 4672.0 4672.0  0.0   2452.7 37504.0   2494.3   93560.0    74404.4   104960.0 101761.4 14080.0 12825.4    257    1.644   5      0.571   -          -    2.216
         3334.4 4672.0 4672.0  0.0   2452.7 37504.0   2494.3   93560.0    74404.4   104960.0 101761.4 14080.0 12825.4    257    1.644   5      0.571   -          -    2.216
         3335.4 4672.0 4672.0  0.0   2452.7 37504.0   2494.3   93560.0    74404.4   104960.0 101761.4 14080.0 12825.4    257    1.644   5      0.571   -          -    2.216
         3336.4 4672.0 4672.0  0.0   2452.7 37504.0   2494.3   93560.0    74404.4   104960.0 101761.4 14080.0 12825.4    257    1.644   5      0.571   -          -    2.216
         3337.4 4672.0 4672.0  0.0   2452.7 37504.0   2494.3   93560.0    74404.4   104960.0 101761.4 14080.0 12825.4    257    1.644   5      0.571   -          -    2.216
         3338.4 4672.0 4672.0  0.0   2452.7 37504.0   2494.3   93560.0    74404.4   104960.0 101761.4 14080.0 12825.4    257    1.644   5      0.571   -          -    2.216
         3339.4 4672.0 4672.0  0.0   2452.7 37504.0   2496.9   93560.0    74404.4   104960.0 101761.4 14080.0 12825.4    257    1.644   5      0.571   -          -    2.216
         3340.4 4672.0 4672.0  0.0   2452.7 37504.0   2722.4   93560.0    74404.4   104960.0 101761.4 14080.0 12825.4    257    1.644   5      0.571   -          -    2.216
         3341.4 4672.0 4672.0  0.0   2452.7 37504.0   2750.7   93560.0    74404.4   104960.0 101761.4 14080.0 12825.4    257    1.644   5      0.571   -          -    2.216
         3342.4 4672.0 4672.0  0.0   2452.7 37504.0   2750.7   93560.0    74404.4   104960.0 101761.4 14080.0 12825.4    257    1.644   5      0.571   -          -    2.216
         3343.4 4672.0 4672.0  0.0   2452.7 37504.0   2750.7   93560.0    74404.4   104960.0 101761.4 14080.0 12825.4    257    1.644   5      0.571   -          -    2.216
         3344.4 4672.0 4672.0  0.0   2452.7 37504.0   2750.7   93560.0    74404.4   104960.0 101761.4 14080.0 12825.4    257    1.644   5      0.571   -          -    2.216
         3345.4 4672.0 4672.0  0.0   2452.7 37504.0   2750.7   93560.0    74404.4   104960.0 101761.4 14080.0 12825.4    257    1.644   5      0.571   -          -    2.216
         3346.4 4672.0 4672.0  0.0   2452.7 37504.0   2750.7   93560.0    74404.4   104960.0 101761.4 14080.0 12825.4    257    1.644   5      0.571   -          -    2.216
         3347.4 4672.0 4672.0  0.0   2452.7 37504.0   3742.8   93560.0    74404.4   104960.0 101761.4 14080.0 12825.4    257    1.644   5      0.571   -          -    2.216
         3348.4 4672.0 4672.0  0.0   2452.7 37504.0   3742.8   93560.0    74404.4   104960.0 101761.4 14080.0 12825.4    257    1.644   5      0.571   -          -    2.216
         3349.4 4672.0 4672.0  0.0   2452.7 37504.0   3745.4   93560.0    74404.4   104960.0 101761.4 14080.0 12825.4    257    1.644   5      0.571   -          -    2.216
         3350.4 4672.0 4672.0  0.0   2452.7 37504.0   3826.2   93560.0    74404.4   104960.0 101761.4 14080.0 12825.4    257    1.644   5      0.571   -          -    2.216
         3351.4 4672.0 4672.0  0.0   2452.7 37504.0   3826.2   93560.0    74404.4   104960.0 101761.4 14080.0 12825.4    257    1.644   5      0.571   -          -    2.216
         3352.5 4672.0 4672.0  0.0   2452.7 37504.0   3826.2   93560.0    74404.4   104960.0 101761.4 14080.0 12825.4    257    1.644   5      0.571   -          -    2.216
         3353.5 4672.0 4672.0  0.0   2452.7 37504.0   3826.2   93560.0    74404.4   104960.0 101761.4 14080.0 12825.4    257    1.644   5      0.571   -          -    2.216
         3354.5 4672.0 4672.0  0.0   2452.7 37504.0   3826.2   93560.0    74404.4   104960.0 101761.4 14080.0 12825.4    257    1.644   5      0.571   -          -    2.216
         3355.5 4672.0 4672.0  0.0   2452.7 37504.0   3826.2   93560.0    74404.4   104960.0 101761.4 14080.0 12825.4    257    1.644   5      0.571   -          -    2.216
         3356.5 4672.0 4672.0  0.0   2452.7 37504.0   3826.2   93560.0    74404.4   104960.0 101761.4 14080.0 12825.4    257    1.644   5      0.571   -          -    2.216
         3357.5 4672.0 4672.0  0.0   2452.7 37504.0   3826.2   93560.0    74404.4   104960.0 101761.4 14080.0 12825.4    257    1.644   5      0.571   -          -    2.216
         3358.4 4672.0 4672.0  0.0   2452.7 37504.0   3826.2   93560.0    74404.4   104960.0 101761.4 14080.0 12825.4    257    1.644   5      0.571   -          -    2.216
         3359.4 4672.0 4672.0  0.0   2452.7 37504.0   3826.2   93560.0    74404.4   104960.0 101761.4 14080.0 12825.4    257    1.644   5      0.571   -          -    2.216
         3360.4 4672.0 4672.0  0.0   2452.7 37504.0   3908.6   93560.0    74404.4   104960.0 101761.4 14080.0 12825.4    257    1.644   5      0.571   -          -    2.216
         3361.4 4672.0 4672.0  0.0   2452.7 37504.0   3908.6   93560.0    74404.4   104960.0 101761.4 14080.0 12825.4    257    1.644   5      0.571   -          -    2.216
         3362.4 4672.0 4672.0  0.0   2452.7 37504.0   3908.6   93560.0    74404.4   104960.0 101761.4 14080.0 12825.4    257    1.644   5      0.571   -          -    2.216
         3363.4 4672.0 4672.0  0.0   2452.7 37504.0   3908.6   93560.0    74404.4   104960.0 101761.4 14080.0 12825.4    257    1.644   5      0.571   -          -    2.216
         3364.4 4672.0 4672.0  0.0   2452.7 37504.0   3908.6   93560.0    74404.4   104960.0 101761.4 14080.0 12825.4    257    1.644   5      0.571   -          -    2.216
         3365.4 4672.0 4672.0  0.0   2452.7 37504.0   3908.6   93560.0    74404.4   104960.0 101761.4 14080.0 12825.4    257    1.644   5      0.571   -          -    2.216
         3366.5 4672.0 4672.0  0.0   2452.7 37504.0   3908.6   93560.0    74404.4   104960.0 101761.4 14080.0 12825.4    257    1.644   5      0.571   -          -    2.216
         3367.5 4672.0 4672.0  0.0   2452.7 37504.0   3908.6   93560.0    74404.4   104960.0 101761.4 14080.0 12825.4    257    1.644   5      0.571   -          -    2.216
         3368.5 4672.0 4672.0  0.0   2452.7 37504.0   3908.6   93560.0    74404.4   104960.0 101761.4 14080.0 12825.4    257    1.644   5      0.571   -          -    2.216
         3369.5 4672.0 4672.0  0.0   2452.7 37504.0   3908.6   93560.0    74404.4   104960.0 101761.4 14080.0 12825.4    257    1.644   5      0.571   -          -    2.216
         3370.5 4672.0 4672.0  0.0   2452.7 37504.0   4068.9   93560.0    74404.4   104960.0 101761.4 14080.0 12825.4    257    1.644   5      0.571   -          -    2.216
         3371.5 4672.0 4672.0  0.0   2452.7 37504.0   4071.9   93560.0    74404.4   104960.0 101761.4 14080.0 12825.4    257    1.644   5      0.571   -          -    2.216
         3372.4 4672.0 4672.0  0.0   2452.7 37504.0   4071.9   93560.0    74404.4   104960.0 101761.4 14080.0 12825.4    257    1.644   5      0.571   -          -    2.216
         3373.4 4672.0 4672.0  0.0   2452.7 37504.0   4071.9   93560.0    74404.4   104960.0 101761.4 14080.0 12825.4    257    1.644   5      0.571   -          -    2.216
         3374.5 4672.0 4672.0  0.0   2452.7 37504.0   4071.9   93560.0    74404.4   104960.0 101761.4 14080.0 12825.4    257    1.644   5      0.571   -          -    2.216
         3375.5 4672.0 4672.0  0.0   2452.7 37504.0   4071.9   93560.0    74404.4   104960.0 101761.4 14080.0 12825.4    257    1.644   5      0.571   -          -    2.216
         3376.5 4672.0 4672.0  0.0   2452.7 37504.0   4071.9   93560.0    74404.4   104960.0 101761.4 14080.0 12825.4    257    1.644   5      0.571   -          -    2.216
         3377.5 4672.0 4672.0  0.0   2452.7 37504.0   4071.9   93560.0    74404.4   104960.0 101761.4 14080.0 12825.4    257    1.644   5      0.571   -          -    2.216
         3378.5 4672.0 4672.0  0.0   2452.7 37504.0   4071.9   93560.0    74404.4   104960.0 101761.4 14080.0 12825.4    257    1.644   5      0.571   -          -    2.216
         3379.5 4672.0 4672.0  0.0   2452.7 37504.0   4071.9   93560.0    74404.4   104960.0 101761.4 14080.0 12825.4    257    1.644   5      0.571   -          -    2.216
         3380.5 4672.0 4672.0  0.0   2452.7 37504.0   4175.7   93560.0    74404.4   104960.0 101761.4 14080.0 12825.4    257    1.644   5      0.571   -          -    2.216
         3381.5 4672.0 4672.0  0.0   2452.7 37504.0   4178.3   93560.0    74404.4   104960.0 101761.4 14080.0 12825.4    257    1.644   5      0.571   -          -    2.216
         3382.5 4672.0 4672.0  0.0   2452.7 37504.0   4178.3   93560.0    74404.4   104960.0 101761.4 14080.0 12825.4    257    1.644   5      0.571   -          -    2.216
         3383.5 4672.0 4672.0  0.0   2452.7 37504.0   4178.3   93560.0    74404.4   104960.0 101761.4 14080.0 12825.4    257    1.644   5      0.571   -          -    2.216
         3384.4 4672.0 4672.0  0.0   2452.7 37504.0   4178.3   93560.0    74404.4   104960.0 101761.4 14080.0 12825.4    257    1.644   5      0.571   -          -    2.216
         3385.4 4672.0 4672.0  0.0   2452.7 37504.0   4178.3   93560.0    74404.4   104960.0 101761.4 14080.0 12825.4    257    1.644   5      0.571   -          -    2.216
         3386.4 4672.0 4672.0  0.0   2452.7 37504.0   4178.3   93560.0    74404.4   104960.0 101761.4 14080.0 12825.4    257    1.644   5      0.571   -          -    2.216
         3387.4 4672.0 4672.0  0.0   2452.7 37504.0   4178.3   93560.0    74404.4   104960.0 101761.4 14080.0 12825.4    257    1.644   5      0.571   -          -    2.216
         3388.5 4672.0 4672.0  0.0   2452.7 37504.0   4178.3   93560.0    74404.4   104960.0 101761.4 14080.0 12825.4    257    1.644   5      0.571   -          -    2.216
         3389.5 4672.0 4672.0  0.0   2452.7 37504.0   4178.3   93560.0    74404.4   104960.0 101761.4 14080.0 12825.4    257    1.644   5      0.571   -          -    2.216
         3390.5 4672.0 4672.0  0.0   2452.7 37504.0   4260.9   93560.0    74404.4   104960.0 101761.4 14080.0 12825.4    257    1.644   5      0.571   -          -    2.216
         3391.5 4672.0 4672.0  0.0   2452.7 37504.0   4260.9   93560.0    74404.4   104960.0 101761.4 14080.0 12825.4    257    1.644   5      0.571   -          -    2.216
         3392.5 4672.0 4672.0  0.0   2452.7 37504.0   4260.9   93560.0    74404.4   104960.0 101761.4 14080.0 12825.4    257    1.644   5      0.571   -          -    2.216
         3393.5 4672.0 4672.0  0.0   2452.7 37504.0   4263.5   93560.0    74404.4   104960.0 101761.4 14080.0 12825.4    257    1.644   5      0.571   -          -    2.216
         3394.5 4672.0 4672.0  0.0   2452.7 37504.0   4263.5   93560.0    74404.4   104960.0 101761.4 14080.0 12825.4    257    1.644   5      0.571   -          -    2.216
         3395.5 4672.0 4672.0  0.0   2452.7 37504.0   4263.5   93560.0    74404.4   104960.0 101761.4 14080.0 12825.4    257    1.644   5      0.571   -          -    2.216
         3396.5 4672.0 4672.0  0.0   2452.7 37504.0   4263.5   93560.0    74404.4   104960.0 101761.4 14080.0 12825.4    257    1.644   5      0.571   -          -    2.216
         3397.5 4672.0 4672.0  0.0   2452.7 37504.0   4263.5   93560.0    74404.4   104960.0 101761.4 14080.0 12825.4    257    1.644   5      0.571   -          -    2.216
         3398.5 4672.0 4672.0  0.0   2452.7 37504.0   4263.5   93560.0    74404.4   104960.0 101761.4 14080.0 12825.4    257    1.644   5      0.571   -          -    2.216
         3399.5 4672.0 4672.0  0.0   2452.7 37504.0   4263.5   93560.0    74404.4   104960.0 101761.4 14080.0 12825.4    257    1.644   5      0.571   -          -    2.216
         3400.5 4672.0 4672.0  0.0   2452.7 37504.0   4344.0   93560.0    74404.4   104960.0 101761.4 14080.0 12825.4    257    1.644   5      0.571   -          -    2.216
         3401.5 4672.0 4672.0  0.0   2452.7 37504.0   4369.6   93560.0    74404.4   104960.0 101761.4 14080.0 12825.4    257    1.644   5      0.571   -          -    2.216
         3402.4 4672.0 4672.0  0.0   2452.7 37504.0   4372.7   93560.0    74404.4   104960.0 101761.4 14080.0 12825.4    257    1.644   5      0.571   -          -    2.216
         3403.5 4672.0 4672.0  0.0   2452.7 37504.0   4372.7   93560.0    74404.4   104960.0 101761.4 14080.0 12825.4    257    1.644   5      0.571   -          -    2.216
         3404.5 4672.0 4672.0  0.0   2452.7 37504.0   4372.7   93560.0    74404.4   104960.0 101761.4 14080.0 12825.4    257    1.644   5      0.571   -          -    2.216
         3405.5 4672.0 4672.0  0.0   2452.7 37504.0  29479.2   93560.0    74404.4   104960.0 101761.4 14080.0 12825.4    257    1.644   5      0.571   -          -    2.216
         3406.5 4672.0 4672.0 2300.2  0.0   37504.0  37433.0   93560.0    76168.3   105216.0 101855.6 14080.0 12825.4    258    1.651   5      0.571   -          -    2.222
         3407.5 4672.0 4672.0 2300.2  0.0   37504.0  37433.0   93560.0    76168.3   105216.0 101855.6 14080.0 12825.4    258    1.651   5      0.571   -          -    2.222
         3408.5 4672.0 4672.0 2300.2  0.0   37504.0  37433.0   93560.0    76168.3   105216.0 101855.6 14080.0 12825.4    258    1.651   5      0.571   -          -    2.222
         3409.5 4672.0 4672.0 2300.2  0.0   37504.0  37433.0   93560.0    76168.3   105216.0 101855.6 14080.0 12825.4    258    1.651   5      0.571   -          -    2.222
         3410.5 4672.0 4672.0  0.0   2900.0 37504.0    80.4    93560.0    76168.3   105216.0 101918.0 14080.0 12827.1    259    1.655   5      0.571   -          -    2.227
         3411.5 4672.0 4672.0  0.0   2900.0 37504.0    85.6    93560.0    76168.3   105216.0 101918.0 14080.0 12827.1    259    1.655   5      0.571   -          -    2.227
         3412.5 4672.0 4672.0  0.0   2900.0 37504.0    85.6    93560.0    76168.3   105216.0 101918.0 14080.0 12827.1    259    1.655   5      0.571   -          -    2.227
         3413.5 4672.0 4672.0  0.0   2900.0 37504.0    85.6    93560.0    76168.3   105216.0 101918.0 14080.0 12827.1    259    1.655   5      0.571   -          -    2.227
         3414.5 4672.0 4672.0  0.0   2900.0 37504.0    85.6    93560.0    76168.3   105216.0 101918.0 14080.0 12827.1    259    1.655   5      0.571   -          -    2.227
         3415.5 4672.0 4672.0  0.0   2900.0 37504.0   101.1    93560.0    76168.3   105216.0 101918.0 14080.0 12827.1    259    1.655   5      0.571   -          -    2.227
         3416.5 4672.0 4672.0  0.0   2900.0 37504.0   101.1    93560.0    76168.3   105216.0 101918.0 14080.0 12827.1    259    1.655   5      0.571   -          -    2.227
         3417.5 4672.0 4672.0  0.0   2900.0 37504.0   101.1    93560.0    76168.3   105216.0 101918.0 14080.0 12827.1    259    1.655   5      0.571   -          -    2.227
         3418.5 4672.0 4672.0  0.0   2900.0 37504.0   101.1    93560.0    76168.3   105216.0 101918.0 14080.0 12827.1    259    1.655   5      0.571   -          -    2.227
         3419.5 4672.0 4672.0  0.0   2900.0 37504.0   101.1    93560.0    76168.3   105216.0 101918.0 14080.0 12827.1    259    1.655   5      0.571   -          -    2.227
         3420.5 4672.0 4672.0  0.0   2900.0 37504.0   178.1    93560.0    76168.3   105216.0 101918.0 14080.0 12827.1    259    1.655   5      0.571   -          -    2.227
         3421.5 4672.0 4672.0  0.0   2900.0 37504.0   183.8    93560.0    76168.3   105216.0 101918.0 14080.0 12827.1    259    1.655   5      0.571   -          -    2.227
         3422.5 4672.0 4672.0  0.0   2900.0 37504.0   183.8    93560.0    76168.3   105216.0 101918.0 14080.0 12827.1    259    1.655   5      0.571   -          -    2.227
         3423.5 4672.0 4672.0  0.0   2900.0 37504.0   183.8    93560.0    76168.3   105216.0 101918.0 14080.0 12827.1    259    1.655   5      0.571   -          -    2.227
         3424.5 4672.0 4672.0  0.0   2900.0 37504.0   183.8    93560.0    76168.3   105216.0 101918.0 14080.0 12827.1    259    1.655   5      0.571   -          -    2.227
         3425.5 4672.0 4672.0  0.0   2900.0 37504.0   183.8    93560.0    76168.3   105216.0 101918.0 14080.0 12827.1    259    1.655   5      0.571   -          -    2.227
         3426.5 4672.0 4672.0  0.0   2900.0 37504.0   183.8    93560.0    76168.3   105216.0 101918.0 14080.0 12827.1    259    1.655   5      0.571   -          -    2.227
         3427.5 4672.0 4672.0  0.0   2900.0 37504.0   183.8    93560.0    76168.3   105216.0 101918.0 14080.0 12827.1    259    1.655   5      0.571   -          -    2.227
         3428.5 4672.0 4672.0  0.0   2900.0 37504.0   183.8    93560.0    76168.3   105216.0 101918.0 14080.0 12827.1    259    1.655   5      0.571   -          -    2.227
         3429.5 4672.0 4672.0  0.0   2900.0 37504.0   183.8    93560.0    76168.3   105216.0 101918.0 14080.0 12827.1    259    1.655   5      0.571   -          -    2.227
         3430.5 4672.0 4672.0  0.0   2900.0 37504.0   381.6    93560.0    76168.3   105216.0 101918.0 14080.0 12827.1    259    1.655   5      0.571   -          -    2.227
         3431.5 4672.0 4672.0  0.0   2900.0 37504.0   398.5    93560.0    76168.3   105216.0 101918.0 14080.0 12827.1    259    1.655   5      0.571   -          -    2.227
         3432.5 4672.0 4672.0  0.0   2900.0 37504.0   401.1    93560.0    76168.3   105216.0 101918.0 14080.0 12827.1    259    1.655   5      0.571   -          -    2.227
         3433.5 4672.0 4672.0  0.0   2900.0 37504.0   401.1    93560.0    76168.3   105216.0 101918.0 14080.0 12827.1    259    1.655   5      0.571   -          -    2.227
         3434.5 4672.0 4672.0  0.0   2900.0 37504.0   401.1    93560.0    76168.3   105216.0 101918.0 14080.0 12827.1    259    1.655   5      0.571   -          -    2.227
         3435.5 4672.0 4672.0  0.0   2900.0 37504.0   401.2    93560.0    76168.3   105216.0 101918.0 14080.0 12827.1    259    1.655   5      0.571   -          -    2.227
         3436.5 4672.0 4672.0  0.0   2900.0 37504.0   403.8    93560.0    76168.3   105216.0 101918.0 14080.0 12827.1    259    1.655   5      0.571   -          -    2.227
         3437.5 4672.0 4672.0  0.0   2900.0 37504.0   403.8    93560.0    76168.3   105216.0 101918.0 14080.0 12827.1    259    1.655   5      0.571   -          -    2.227
         3438.5 4672.0 4672.0  0.0   2900.0 37504.0   403.8    93560.0    76168.3   105216.0 101918.0 14080.0 12827.1    259    1.655   5      0.571   -          -    2.227
         3439.5 4672.0 4672.0  0.0   2900.0 37504.0   403.8    93560.0    76168.3   105216.0 101918.0 14080.0 12827.1    259    1.655   5      0.571   -          -    2.227
         3440.5 4672.0 4672.0  0.0   2900.0 37504.0   481.0    93560.0    76168.3   105216.0 101918.0 14080.0 12827.1    259    1.655   5      0.571   -          -    2.227
         3441.5 4672.0 4672.0  0.0   2900.0 37504.0   481.0    93560.0    76168.3   105216.0 101918.0 14080.0 12827.1    259    1.655   5      0.571   -          -    2.227
         3442.5 4672.0 4672.0  0.0   2900.0 37504.0   483.6    93560.0    76168.3   105216.0 101918.0 14080.0 12827.1    259    1.655   5      0.571   -          -    2.227
         3443.5 4672.0 4672.0  0.0   2900.0 37504.0   483.6    93560.0    76168.3   105216.0 101918.0 14080.0 12827.1    259    1.655   5      0.571   -          -    2.227
         3444.5 4672.0 4672.0  0.0   2900.0 37504.0   483.6    93560.0    76168.3   105216.0 101918.0 14080.0 12827.1    259    1.655   5      0.571   -          -    2.227
         3445.5 4672.0 4672.0  0.0   2900.0 37504.0   483.6    93560.0    76168.3   105216.0 101918.0 14080.0 12827.1    259    1.655   5      0.571   -          -    2.227
         3446.5 4672.0 4672.0  0.0   2900.0 37504.0   483.6    93560.0    76168.3   105216.0 101918.0 14080.0 12827.1    259    1.655   5      0.571   -          -    2.227
         3447.5 4672.0 4672.0  0.0   2900.0 37504.0   483.6    93560.0    76168.3   105216.0 101918.0 14080.0 12827.1    259    1.655   5      0.571   -          -    2.227
         3448.5 4672.0 4672.0  0.0   2900.0 37504.0   483.6    93560.0    76168.3   105216.0 101918.0 14080.0 12827.1    259    1.655   5      0.571   -          -    2.227
         3449.5 4672.0 4672.0  0.0   2900.0 37504.0   483.6    93560.0    76168.3   105216.0 101918.0 14080.0 12827.1    259    1.655   5      0.571   -          -    2.227
         3450.5 4672.0 4672.0  0.0   2900.0 37504.0   522.1    93560.0    76168.3   105216.0 101918.0 14080.0 12827.1    259    1.655   5      0.571   -          -    2.227
         3451.5 4672.0 4672.0  0.0   2900.0 37504.0   522.1    93560.0    76168.3   105216.0 101918.0 14080.0 12827.1    259    1.655   5      0.571   -          -    2.227
         3452.5 4672.0 4672.0  0.0   2900.0 37504.0   524.7    93560.0    76168.3   105216.0 101918.0 14080.0 12827.1    259    1.655   5      0.571   -          -    2.227
         3453.5 4672.0 4672.0  0.0   2900.0 37504.0   524.7    93560.0    76168.3   105216.0 101918.0 14080.0 12827.1    259    1.655   5      0.571   -          -    2.227
         3454.5 4672.0 4672.0  0.0   2900.0 37504.0   524.7    93560.0    76168.3   105216.0 101918.0 14080.0 12827.1    259    1.655   5      0.571   -          -    2.227
         3455.5 4672.0 4672.0  0.0   2900.0 37504.0   524.7    93560.0    76168.3   105216.0 101918.0 14080.0 12827.1    259    1.655   5      0.571   -          -    2.227
         3456.5 4672.0 4672.0  0.0   2900.0 37504.0   524.7    93560.0    76168.3   105216.0 101918.0 14080.0 12827.1    259    1.655   5      0.571   -          -    2.227
         3457.5 4672.0 4672.0  0.0   2900.0 37504.0   524.7    93560.0    76168.3   105216.0 101918.0 14080.0 12827.1    259    1.655   5      0.571   -          -    2.227
         3458.5 4672.0 4672.0  0.0   2900.0 37504.0   524.7    93560.0    76168.3   105216.0 101918.0 14080.0 12827.1    259    1.655   5      0.571   -          -    2.227
         3459.5 4672.0 4672.0  0.0   2900.0 37504.0   524.7    93560.0    76168.3   105216.0 101918.0 14080.0 12827.1    259    1.655   5      0.571   -          -    2.227
         3460.5 4672.0 4672.0  0.0   2900.0 37504.0   682.3    93560.0    76168.3   105216.0 101918.0 14080.0 12827.1    259    1.655   5      0.571   -          -    2.227
         3461.5 4672.0 4672.0  0.0   2900.0 37504.0   699.3    93560.0    76168.3   105216.0 101918.0 14080.0 12827.1    259    1.655   5      0.571   -          -    2.227
         3462.5 4672.0 4672.0  0.0   2900.0 37504.0   704.5    93560.0    76168.3   105216.0 101918.0 14080.0 12827.1    259    1.655   5      0.571   -          -    2.227
         3463.5 4672.0 4672.0  0.0   2900.0 37504.0   704.5    93560.0    76168.3   105216.0 101918.0 14080.0 12827.1    259    1.655   5      0.571   -          -    2.227
         3464.5 4672.0 4672.0  0.0   2900.0 37504.0   704.5    93560.0    76168.3   105216.0 101918.0 14080.0 12827.1    259    1.655   5      0.571   -          -    2.227
         3465.5 4672.0 4672.0  0.0   2900.0 37504.0   704.5    93560.0    76168.3   105216.0 101918.0 14080.0 12827.1    259    1.655   5      0.571   -          -    2.227
         3466.5 4672.0 4672.0  0.0   2900.0 37504.0   1552.4   93560.0    76168.3   105216.0 101918.0 14080.0 12827.1    259    1.655   5      0.571   -          -    2.227
         3467.5 4672.0 4672.0  0.0   2900.0 37504.0   1552.4   93560.0    76168.3   105216.0 101918.0 14080.0 12827.1    259    1.655   5      0.571   -          -    2.227
         3468.5 4672.0 4672.0  0.0   2900.0 37504.0   1552.4   93560.0    76168.3   105216.0 101918.0 14080.0 12827.1    259    1.655   5      0.571   -          -    2.227
         3469.5 4672.0 4672.0  0.0   2900.0 37504.0   1552.4   93560.0    76168.3   105216.0 101918.0 14080.0 12827.1    259    1.655   5      0.571   -          -    2.227
         3470.5 4672.0 4672.0  0.0   2900.0 37504.0   1653.4   93560.0    76168.3   105216.0 101918.0 14080.0 12827.1    259    1.655   5      0.571   -          -    2.227
         3471.5 4672.0 4672.0  0.0   2900.0 37504.0   1653.4   93560.0    76168.3   105216.0 101918.0 14080.0 12827.1    259    1.655   5      0.571   -          -    2.227
         3472.5 4672.0 4672.0  0.0   2900.0 37504.0   1656.0   93560.0    76168.3   105216.0 101918.0 14080.0 12827.1    259    1.655   5      0.571   -          -    2.227
         3473.5 4672.0 4672.0  0.0   2900.0 37504.0   1656.0   93560.0    76168.3   105216.0 101918.0 14080.0 12827.1    259    1.655   5      0.571   -          -    2.227
         3474.5 4672.0 4672.0  0.0   2900.0 37504.0   1656.0   93560.0    76168.3   105216.0 101918.0 14080.0 12827.1    259    1.655   5      0.571   -          -    2.227
         3475.5 4672.0 4672.0  0.0   2900.0 37504.0   1656.0   93560.0    76168.3   105216.0 101918.0 14080.0 12827.1    259    1.655   5      0.571   -          -    2.227
         3476.5 4672.0 4672.0  0.0   2900.0 37504.0   1656.0   93560.0    76168.3   105216.0 101918.0 14080.0 12827.1    259    1.655   5      0.571   -          -    2.227
         3477.5 4672.0 4672.0  0.0   2900.0 37504.0   1658.6   93560.0    76168.3   105216.0 101918.0 14080.0 12827.1    259    1.655   5      0.571   -          -    2.227
         3478.5 4672.0 4672.0  0.0   2900.0 37504.0   1658.6   93560.0    76168.3   105216.0 101918.0 14080.0 12827.1    259    1.655   5      0.571   -          -    2.227
         3479.5 4672.0 4672.0  0.0   2900.0 37504.0   1658.6   93560.0    76168.3   105216.0 101918.0 14080.0 12827.1    259    1.655   5      0.571   -          -    2.227
         3480.5 4672.0 4672.0  0.0   2900.0 37504.0   1736.6   93560.0    76168.3   105216.0 101918.0 14080.0 12827.1    259    1.655   5      0.571   -          -    2.227
         3481.5 4672.0 4672.0  0.0   2900.0 37504.0   1736.6   93560.0    76168.3   105216.0 101918.0 14080.0 12827.1    259    1.655   5      0.571   -          -    2.227
         3482.5 4672.0 4672.0  0.0   2900.0 37504.0   1739.2   93560.0    76168.3   105216.0 101918.0 14080.0 12827.1    259    1.655   5      0.571   -          -    2.227
         3483.5 4672.0 4672.0  0.0   2900.0 37504.0   1739.2   93560.0    76168.3   105216.0 101918.0 14080.0 12827.1    259    1.655   5      0.571   -          -    2.227
         3484.5 4672.0 4672.0  0.0   2900.0 37504.0   1739.2   93560.0    76168.3   105216.0 101918.0 14080.0 12827.1    259    1.655   5      0.571   -          -    2.227
         3485.5 4672.0 4672.0  0.0   2900.0 37504.0   1739.2   93560.0    76168.3   105216.0 101918.0 14080.0 12827.1    259    1.655   5      0.571   -          -    2.227
         3486.5 4672.0 4672.0  0.0   2900.0 37504.0   1739.2   93560.0    76168.3   105216.0 101918.0 14080.0 12827.1    259    1.655   5      0.571   -          -    2.227
         3487.5 4672.0 4672.0  0.0   2900.0 37504.0   1739.2   93560.0    76168.3   105216.0 101918.0 14080.0 12827.1    259    1.655   5      0.571   -          -    2.227
         3488.5 4672.0 4672.0  0.0   2900.0 37504.0   1739.2   93560.0    76168.3   105216.0 101918.0 14080.0 12827.1    259    1.655   5      0.571   -          -    2.227
         3489.5 4672.0 4672.0  0.0   2900.0 37504.0   1739.2   93560.0    76168.3   105216.0 101918.0 14080.0 12827.1    259    1.655   5      0.571   -          -    2.227
         3490.5 4672.0 4672.0  0.0   2900.0 37504.0   1895.9   93560.0    76168.3   105216.0 101918.0 14080.0 12827.1    259    1.655   5      0.571   -          -    2.227
         3491.5 4672.0 4672.0  0.0   2900.0 37504.0   1912.9   93560.0    76168.3   105216.0 101918.0 14080.0 12827.1    259    1.655   5      0.571   -          -    2.227
         3492.5 4672.0 4672.0  0.0   2900.0 37504.0   1915.5   93560.0    76168.3   105216.0 101918.0 14080.0 12827.1    259    1.655   5      0.571   -          -    2.227
         3493.5 4672.0 4672.0  0.0   2900.0 37504.0   1915.5   93560.0    76168.3   105216.0 101918.0 14080.0 12827.1    259    1.655   5      0.571   -          -    2.227
         3494.5 4672.0 4672.0  0.0   2900.0 37504.0   1915.5   93560.0    76168.3   105216.0 101918.0 14080.0 12827.1    259    1.655   5      0.571   -          -    2.227
         3495.5 4672.0 4672.0  0.0   2900.0 37504.0   1915.5   93560.0    76168.3   105216.0 101918.0 14080.0 12827.1    259    1.655   5      0.571   -          -    2.227
         3496.5 4672.0 4672.0  0.0   2900.0 37504.0   1915.5   93560.0    76168.3   105216.0 101918.0 14080.0 12827.1    259    1.655   5      0.571   -          -    2.227
         3497.5 4672.0 4672.0  0.0   2900.0 37504.0   1915.5   93560.0    76168.3   105216.0 101918.0 14080.0 12827.1    259    1.655   5      0.571   -          -    2.227
         3498.5 4672.0 4672.0  0.0   2900.0 37504.0   1915.5   93560.0    76168.3   105216.0 101918.0 14080.0 12827.1    259    1.655   5      0.571   -          -    2.227
         3499.5 4672.0 4672.0  0.0   2900.0 37504.0   1915.5   93560.0    76168.3   105216.0 101918.0 14080.0 12827.1    259    1.655   5      0.571   -          -    2.227
         3500.5 4672.0 4672.0  0.0   2900.0 37504.0   1992.5   93560.0    76168.3   105216.0 101918.0 14080.0 12827.1    259    1.655   5      0.571   -          -    2.227
         3501.5 4672.0 4672.0  0.0   2900.0 37504.0   1992.5   93560.0    76168.3   105216.0 101918.0 14080.0 12827.1    259    1.655   5      0.571   -          -    2.227
         3502.5 4672.0 4672.0  0.0   2900.0 37504.0   1995.0   93560.0    76168.3   105216.0 101918.0 14080.0 12827.1    259    1.655   5      0.571   -          -    2.227
         3503.5 4672.0 4672.0  0.0   2900.0 37504.0   1995.0   93560.0    76168.3   105216.0 101918.0 14080.0 12827.1    259    1.655   5      0.571   -          -    2.227
         3504.5 4672.0 4672.0  0.0   2900.0 37504.0   1995.0   93560.0    76168.3   105216.0 101918.0 14080.0 12827.1    259    1.655   5      0.571   -          -    2.227
         3505.5 4672.0 4672.0  0.0   2900.0 37504.0   1995.0   93560.0    76168.3   105216.0 101918.0 14080.0 12827.1    259    1.655   5      0.571   -          -    2.227
         3506.5 4672.0 4672.0  0.0   2900.0 37504.0   1995.0   93560.0    76168.3   105216.0 101918.0 14080.0 12827.1    259    1.655   5      0.571   -          -    2.227
         3507.5 4672.0 4672.0  0.0   2900.0 37504.0   1995.0   93560.0    76168.3   105216.0 101918.0 14080.0 12827.1    259    1.655   5      0.571   -          -    2.227
         3508.5 4672.0 4672.0  0.0   2900.0 37504.0   1995.0   93560.0    76168.3   105216.0 101918.0 14080.0 12827.1    259    1.655   5      0.571   -          -    2.227
         3509.5 4672.0 4672.0  0.0   2900.0 37504.0   1995.0   93560.0    76168.3   105216.0 101918.0 14080.0 12827.1    259    1.655   5      0.571   -          -    2.227
         3510.5 4672.0 4672.0  0.0   2900.0 37504.0   2072.0   93560.0    76168.3   105216.0 101918.0 14080.0 12827.1    259    1.655   5      0.571   -          -    2.227
         3511.5 4672.0 4672.0  0.0   2900.0 37504.0   2072.0   93560.0    76168.3   105216.0 101918.0 14080.0 12827.1    259    1.655   5      0.571   -          -    2.227
         3512.5 4672.0 4672.0  0.0   2900.0 37504.0   2074.6   93560.0    76168.3   105216.0 101918.0 14080.0 12827.1    259    1.655   5      0.571   -          -    2.227
         3513.5 4672.0 4672.0  0.0   2900.0 37504.0   2074.6   93560.0    76168.3   105216.0 101918.0 14080.0 12827.1    259    1.655   5      0.571   -          -    2.227
         3514.5 4672.0 4672.0  0.0   2900.0 37504.0   2077.2   93560.0    76168.3   105216.0 101918.0 14080.0 12827.1    259    1.655   5      0.571   -          -    2.227
         3515.5 4672.0 4672.0  0.0   2900.0 37504.0   2077.2   93560.0    76168.3   105216.0 101918.0 14080.0 12827.1    259    1.655   5      0.571   -          -    2.227
         3516.5 4672.0 4672.0  0.0   2900.0 37504.0   2079.8   93560.0    76168.3   105216.0 101918.0 14080.0 12827.1    259    1.655   5      0.571   -          -    2.227
         3517.5 4672.0 4672.0  0.0   2900.0 37504.0   2079.8   93560.0    76168.3   105216.0 101918.0 14080.0 12827.1    259    1.655   5      0.571   -          -    2.227
         3518.5 4672.0 4672.0  0.0   2900.0 37504.0   2079.8   93560.0    76168.3   105216.0 101918.0 14080.0 12827.1    259    1.655   5      0.571   -          -    2.227
         3519.5 4672.0 4672.0  0.0   2900.0 37504.0   2079.8   93560.0    76168.3   105216.0 101918.0 14080.0 12827.1    259    1.655   5      0.571   -          -    2.227
         3520.5 4672.0 4672.0  0.0   2900.0 37504.0   2209.9   93560.0    76168.3   105216.0 101918.0 14080.0 12827.1    259    1.655   5      0.571   -          -    2.227
         3521.5 4672.0 4672.0  0.0   2900.0 37504.0   2226.9   93560.0    76168.3   105216.0 101918.0 14080.0 12827.1    259    1.655   5      0.571   -          -    2.227
         3522.5 4672.0 4672.0  0.0   2900.0 37504.0   2229.5   93560.0    76168.3   105216.0 101918.0 14080.0 12827.1    259    1.655   5      0.571   -          -    2.227
         3523.5 4672.0 4672.0  0.0   2900.0 37504.0   2229.5   93560.0    76168.3   105216.0 101918.0 14080.0 12827.1    259    1.655   5      0.571   -          -    2.227
         3524.5 4672.0 4672.0  0.0   2900.0 37504.0   2229.5   93560.0    76168.3   105216.0 101918.0 14080.0 12827.1    259    1.655   5      0.571   -          -    2.227
         3525.5 4672.0 4672.0  0.0   2900.0 37504.0   2229.5   93560.0    76168.3   105216.0 101918.0 14080.0 12827.1    259    1.655   5      0.571   -          -    2.227
         3526.5 4672.0 4672.0  0.0   2900.0 37504.0   2229.5   93560.0    76168.3   105216.0 101918.0 14080.0 12827.1    259    1.655   5      0.571   -          -    2.227
         3527.5 4672.0 4672.0  0.0   2900.0 37504.0   2229.5   93560.0    76168.3   105216.0 101918.0 14080.0 12827.1    259    1.655   5      0.571   -          -    2.227
         3528.5 4672.0 4672.0  0.0   2900.0 37504.0   2229.5   93560.0    76168.3   105216.0 101918.0 14080.0 12827.1    259    1.655   5      0.571   -          -    2.227
         3529.5 4672.0 4672.0  0.0   2900.0 37504.0   2229.5   93560.0    76168.3   105216.0 101918.0 14080.0 12827.1    259    1.655   5      0.571   -          -    2.227
         3530.5 4672.0 4672.0  0.0   2900.0 37504.0   2306.7   93560.0    76168.3   105216.0 101918.0 14080.0 12827.1    259    1.655   5      0.571   -          -    2.227
         3531.5 4672.0 4672.0  0.0   2900.0 37504.0   2306.7   93560.0    76168.3   105216.0 101918.0 14080.0 12827.1    259    1.655   5      0.571   -          -    2.227
         3532.5 4672.0 4672.0  0.0   2900.0 37504.0   2309.2   93560.0    76168.3   105216.0 101918.0 14080.0 12827.1    259    1.655   5      0.571   -          -    2.227
         3533.6 4672.0 4672.0  0.0   2900.0 37504.0   2309.2   93560.0    76168.3   105216.0 101918.0 14080.0 12827.1    259    1.655   5      0.571   -          -    2.227
         3534.5 4672.0 4672.0  0.0   2900.0 37504.0   2309.2   93560.0    76168.3   105216.0 101918.0 14080.0 12827.1    259    1.655   5      0.571   -          -    2.227
         3535.5 4672.0 4672.0  0.0   2900.0 37504.0   2309.2   93560.0    76168.3   105216.0 101918.0 14080.0 12827.1    259    1.655   5      0.571   -          -    2.227
         3536.5 4672.0 4672.0  0.0   2900.0 37504.0   2309.2   93560.0    76168.3   105216.0 101918.0 14080.0 12827.1    259    1.655   5      0.571   -          -    2.227
         3537.5 4672.0 4672.0  0.0   2900.0 37504.0   2309.2   93560.0    76168.3   105216.0 101918.0 14080.0 12827.1    259    1.655   5      0.571   -          -    2.227
         3538.5 4672.0 4672.0  0.0   2900.0 37504.0   2309.2   93560.0    76168.3   105216.0 101918.0 14080.0 12827.1    259    1.655   5      0.571   -          -    2.227
         3539.5 4672.0 4672.0  0.0   2900.0 37504.0   2309.2   93560.0    76168.3   105216.0 101918.0 14080.0 12827.1    259    1.655   5      0.571   -          -    2.227
         3540.5 4672.0 4672.0  0.0   2900.0 37504.0   2386.5   93560.0    76168.3   105216.0 101918.0 14080.0 12827.1    259    1.655   5      0.571   -          -    2.227
         3541.5 4672.0 4672.0  0.0   2900.0 37504.0   2386.5   93560.0    76168.3   105216.0 101918.0 14080.0 12827.1    259    1.655   5      0.571   -          -    2.227
         3542.5 4672.0 4672.0  0.0   2900.0 37504.0   2389.1   93560.0    76168.3   105216.0 101918.0 14080.0 12827.1    259    1.655   5      0.571   -          -    2.227
         3543.5 4672.0 4672.0  0.0   2900.0 37504.0   2389.1   93560.0    76168.3   105216.0 101918.0 14080.0 12827.1    259    1.655   5      0.571   -          -    2.227
         3544.5 4672.0 4672.0  0.0   2900.0 37504.0   2389.1   93560.0    76168.3   105216.0 101918.0 14080.0 12827.1    259    1.655   5      0.571   -          -    2.227
         3545.5 4672.0 4672.0  0.0   2900.0 37504.0   2389.1   93560.0    76168.3   105216.0 101918.0 14080.0 12827.1    259    1.655   5      0.571   -          -    2.227
         3546.5 4672.0 4672.0  0.0   2900.0 37504.0   2389.1   93560.0    76168.3   105216.0 101918.0 14080.0 12827.1    259    1.655   5      0.571   -          -    2.227
         3547.6 4672.0 4672.0  0.0   2900.0 37504.0   2389.1   93560.0    76168.3   105216.0 101918.0 14080.0 12827.1    259    1.655   5      0.571   -          -    2.227
         3548.6 4672.0 4672.0  0.0   2900.0 37504.0   2389.1   93560.0    76168.3   105216.0 101918.0 14080.0 12827.1    259    1.655   5      0.571   -          -    2.227
         3549.6 4672.0 4672.0  0.0   2900.0 37504.0   2389.1   93560.0    76168.3   105216.0 101918.0 14080.0 12827.1    259    1.655   5      0.571   -          -    2.227
         3550.5 4672.0 4672.0  0.0   2900.0 37504.0   2507.0   93560.0    76168.3   105216.0 101918.0 14080.0 12827.1    259    1.655   5      0.571   -          -    2.227
         3551.5 4672.0 4672.0  0.0   2900.0 37504.0   2526.6   93560.0    76168.3   105216.0 101918.0 14080.0 12827.1    259    1.655   5      0.571   -          -    2.227
         3552.5 4672.0 4672.0  0.0   2900.0 37504.0   2529.1   93560.0    76168.3   105216.0 101918.0 14080.0 12827.1    259    1.655   5      0.571   -          -    2.227
         3553.5 4672.0 4672.0  0.0   2900.0 37504.0   2529.1   93560.0    76168.3   105216.0 101918.0 14080.0 12827.1    259    1.655   5      0.571   -          -    2.227
         3554.5 4672.0 4672.0  0.0   2900.0 37504.0   2529.1   93560.0    76168.3   105216.0 101918.0 14080.0 12827.1    259    1.655   5      0.571   -          -    2.227
         3555.5 4672.0 4672.0  0.0   2900.0 37504.0   2529.1   93560.0    76168.3   105216.0 101918.0 14080.0 12827.1    259    1.655   5      0.571   -          -    2.227
         3556.5 4672.0 4672.0  0.0   2900.0 37504.0   2529.1   93560.0    76168.3   105216.0 101918.0 14080.0 12827.1    259    1.655   5      0.571   -          -    2.227
         3557.5 4672.0 4672.0  0.0   2900.0 37504.0   2529.1   93560.0    76168.3   105216.0 101918.0 14080.0 12827.1    259    1.655   5      0.571   -          -    2.227
         3558.5 4672.0 4672.0  0.0   2900.0 37504.0   2529.1   93560.0    76168.3   105216.0 101918.0 14080.0 12827.1    259    1.655   5      0.571   -          -    2.227
         3559.6 4672.0 4672.0  0.0   2900.0 37504.0   2529.1   93560.0    76168.3   105216.0 101918.0 14080.0 12827.1    259    1.655   5      0.571   -          -    2.227
         3560.6 4672.0 4672.0  0.0   2900.0 37504.0   2606.1   93560.0    76168.3   105216.0 101918.0 14080.0 12827.1    259    1.655   5      0.571   -          -    2.227
         3561.6 4672.0 4672.0  0.0   2900.0 37504.0   2606.1   93560.0    76168.3   105216.0 101918.0 14080.0 12827.1    259    1.655   5      0.571   -          -    2.227
         3562.6 4672.0 4672.0  0.0   2900.0 37504.0   2608.7   93560.0    76168.3   105216.0 101918.0 14080.0 12827.1    259    1.655   5      0.571   -          -    2.227
         3563.6 4672.0 4672.0  0.0   2900.0 37504.0   2608.7   93560.0    76168.3   105216.0 101918.0 14080.0 12827.1    259    1.655   5      0.571   -          -    2.227
         3564.5 4672.0 4672.0  0.0   2900.0 37504.0   2608.7   93560.0    76168.3   105216.0 101918.0 14080.0 12827.1    259    1.655   5      0.571   -          -    2.227
         3565.5 4672.0 4672.0  0.0   2900.0 37504.0   2608.7   93560.0    76168.3   105216.0 101918.0 14080.0 12827.1    259    1.655   5      0.571   -          -    2.227
         3566.5 4672.0 4672.0  0.0   2900.0 37504.0   2608.7   93560.0    76168.3   105216.0 101918.0 14080.0 12827.1    259    1.655   5      0.571   -          -    2.227
         3567.5 4672.0 4672.0  0.0   2900.0 37504.0   2608.7   93560.0    76168.3   105216.0 101918.0 14080.0 12827.1    259    1.655   5      0.571   -          -    2.227
         3568.5 4672.0 4672.0  0.0   2900.0 37504.0   2608.7   93560.0    76168.3   105216.0 101918.0 14080.0 12827.1    259    1.655   5      0.571   -          -    2.227
         3569.5 4672.0 4672.0  0.0   2900.0 37504.0   2611.3   93560.0    76168.3   105216.0 101918.0 14080.0 12827.1    259    1.655   5      0.571   -          -    2.227
         3570.5 4672.0 4672.0  0.0   2900.0 37504.0   2712.3   93560.0    76168.3   105216.0 101918.0 14080.0 12827.1    259    1.655   5      0.571   -          -    2.227
         3571.5 4672.0 4672.0  0.0   2900.0 37504.0   2712.3   93560.0    76168.3   105216.0 101918.0 14080.0 12827.1    259    1.655   5      0.571   -          -    2.227
         3572.5 4672.0 4672.0  0.0   2900.0 37504.0   2714.9   93560.0    76168.3   105216.0 101918.0 14080.0 12827.1    259    1.655   5      0.571   -          -    2.227
         3573.6 4672.0 4672.0  0.0   2900.0 37504.0   2714.9   93560.0    76168.3   105216.0 101918.0 14080.0 12827.1    259    1.655   5      0.571   -          -    2.227
         3574.6 4672.0 4672.0  0.0   2900.0 37504.0   2714.9   93560.0    76168.3   105216.0 101918.0 14080.0 12827.1    259    1.655   5      0.571   -          -    2.227
         3575.6 4672.0 4672.0  0.0   2900.0 37504.0   2714.9   93560.0    76168.3   105216.0 101918.0 14080.0 12827.1    259    1.655   5      0.571   -          -    2.227
         3576.6 4672.0 4672.0  0.0   2900.0 37504.0   2714.9   93560.0    76168.3   105216.0 101918.0 14080.0 12827.1    259    1.655   5      0.571   -          -    2.227
         3577.6 4672.0 4672.0  0.0   2900.0 37504.0   2714.9   93560.0    76168.3   105216.0 101918.0 14080.0 12827.1    259    1.655   5      0.571   -          -    2.227
         3578.6 4672.0 4672.0  0.0   2900.0 37504.0   2744.4   93560.0    76168.3   105216.0 101918.0 14080.0 12827.1    259    1.655   5      0.571   -          -    2.227
         3579.6 4672.0 4672.0  0.0   2900.0 37504.0   2744.4   93560.0    76168.3   105216.0 101918.0 14080.0 12827.1    259    1.655   5      0.571   -          -    2.227
         3580.6 4672.0 4672.0  0.0   2900.0 37504.0   2901.9   93560.0    76168.3   105216.0 101918.0 14080.0 12827.1    259    1.655   5      0.571   -          -    2.227
         3581.5 4672.0 4672.0  0.0   2900.0 37504.0   2918.9   93560.0    76168.3   105216.0 101918.0 14080.0 12827.1    259    1.655   5      0.571   -          -    2.227
         3582.5 4672.0 4672.0  0.0   2900.0 37504.0   2921.5   93560.0    76168.3   105216.0 101918.0 14080.0 12827.1    259    1.655   5      0.571   -          -    2.227
         3583.5 4672.0 4672.0  0.0   2900.0 37504.0   2921.5   93560.0    76168.3   105216.0 101918.0 14080.0 12827.1    259    1.655   5      0.571   -          -    2.227
         3584.5 4672.0 4672.0  0.0   2900.0 37504.0   2921.5   93560.0    76168.3   105216.0 101918.0 14080.0 12827.1    259    1.655   5      0.571   -          -    2.227
         3585.5 4672.0 4672.0  0.0   2900.0 37504.0   2921.5   93560.0    76168.3   105216.0 101918.0 14080.0 12827.1    259    1.655   5      0.571   -          -    2.227
         3586.5 4672.0 4672.0  0.0   2900.0 37504.0   2921.5   93560.0    76168.3   105216.0 101918.0 14080.0 12827.1    259    1.655   5      0.571   -          -    2.227
         3587.6 4672.0 4672.0  0.0   2900.0 37504.0   2921.5   93560.0    76168.3   105216.0 101918.0 14080.0 12827.1    259    1.655   5      0.571   -          -    2.227
         3588.6 4672.0 4672.0  0.0   2900.0 37504.0   2924.1   93560.0    76168.3   105216.0 101918.0 14080.0 12827.1    259    1.655   5      0.571   -          -    2.227
         3589.6 4672.0 4672.0  0.0   2900.0 37504.0   2924.1   93560.0    76168.3   105216.0 101918.0 14080.0 12827.1    259    1.655   5      0.571   -          -    2.227
         3590.6 4672.0 4672.0  0.0   2900.0 37504.0   3001.1   93560.0    76168.3   105216.0 101918.0 14080.0 12827.1    259    1.655   5      0.571   -          -    2.227
         3591.6 4672.0 4672.0  0.0   2900.0 37504.0   3001.1   93560.0    76168.3   105216.0 101918.0 14080.0 12827.1    259    1.655   5      0.571   -          -    2.227
         3592.6 4672.0 4672.0  0.0   2900.0 37504.0   3003.7   93560.0    76168.3   105216.0 101918.0 14080.0 12827.1    259    1.655   5      0.571   -          -    2.227
         3593.6 4672.0 4672.0  0.0   2900.0 37504.0   3003.7   93560.0    76168.3   105216.0 101918.0 14080.0 12827.1    259    1.655   5      0.571   -          -    2.227
         3594.6 4672.0 4672.0  0.0   2900.0 37504.0   3003.7   93560.0    76168.3   105216.0 101918.0 14080.0 12827.1    259    1.655   5      0.571   -          -    2.227
         3595.6 4672.0 4672.0  0.0   2900.0 37504.0   3003.7   93560.0    76168.3   105216.0 101918.0 14080.0 12827.1    259    1.655   5      0.571   -          -    2.227
         3596.6 4672.0 4672.0  0.0   2900.0 37504.0   3003.7   93560.0    76168.3   105216.0 101918.0 14080.0 12827.1    259    1.655   5      0.571   -          -    2.227
         3597.5 4672.0 4672.0  0.0   2900.0 37504.0   3003.7   93560.0    76168.3   105216.0 101918.0 14080.0 12827.1    259    1.655   5      0.571   -          -    2.227
         3598.5 4672.0 4672.0  0.0   2900.0 37504.0   3003.7   93560.0    76168.3   105216.0 101918.0 14080.0 12827.1    259    1.655   5      0.571   -          -    2.227
         3599.5 4672.0 4672.0  0.0   2900.0 37504.0   3003.7   93560.0    76168.3   105216.0 101918.0 14080.0 12827.1    259    1.655   5      0.571   -          -    2.227
         3600.5 4672.0 4672.0  0.0   2900.0 37504.0   3080.7   93560.0    76168.3   105216.0 101918.0 14080.0 12827.1    259    1.655   5      0.571   -          -    2.227
         3601.6 4672.0 4672.0  0.0   2900.0 37504.0   3080.7   93560.0    76168.3   105216.0 101918.0 14080.0 12827.1    259    1.655   5      0.571   -          -    2.227
         3602.6 4672.0 4672.0  0.0   2900.0 37504.0   3083.3   93560.0    76168.3   105216.0 101918.0 14080.0 12827.1    259    1.655   5      0.571   -          -    2.227
         3603.6 4672.0 4672.0  0.0   2900.0 37504.0   3083.3   93560.0    76168.3   105216.0 101918.0 14080.0 12827.1    259    1.655   5      0.571   -          -    2.227
         3604.6 4672.0 4672.0  0.0   2900.0 37504.0   3083.3   93560.0    76168.3   105216.0 101918.0 14080.0 12827.1    259    1.655   5      0.571   -          -    2.227
         3605.6 4672.0 4672.0  0.0   2900.0 37504.0   3083.3   93560.0    76168.3   105216.0 101918.0 14080.0 12827.1    259    1.655   5      0.571   -          -    2.227
         3606.6 4672.0 4672.0  0.0   2900.0 37504.0   3083.3   93560.0    76168.3   105216.0 101918.0 14080.0 12827.1    259    1.655   5      0.571   -          -    2.227
         3607.6 4672.0 4672.0  0.0   2900.0 37504.0   3083.3   93560.0    76168.3   105216.0 101918.0 14080.0 12827.1    259    1.655   5      0.571   -          -    2.227
         3608.6 4672.0 4672.0  0.0   2900.0 37504.0   3083.3   93560.0    76168.3   105216.0 101918.0 14080.0 12827.1    259    1.655   5      0.571   -          -    2.227
         3609.6 4672.0 4672.0  0.0   2900.0 37504.0   3083.3   93560.0    76168.3   105216.0 101918.0 14080.0 12827.1    259    1.655   5      0.571   -          -    2.227
         3610.6 4672.0 4672.0  0.0   2900.0 37504.0   3265.4   93560.0    76168.3   105216.0 101918.0 14080.0 12827.1    259    1.655   5      0.571   -          -    2.227
         3611.6 4672.0 4672.0  0.0   2900.0 37504.0   3282.5   93560.0    76168.3   105216.0 101918.0 14080.0 12827.1    259    1.655   5      0.571   -          -    2.227
         3612.5 4672.0 4672.0  0.0   2900.0 37504.0   3285.0   93560.0    76168.3   105216.0 101918.0 14080.0 12827.1    259    1.655   5      0.571   -          -    2.227
         3613.6 4672.0 4672.0  0.0   2900.0 37504.0   3285.0   93560.0    76168.3   105216.0 101918.0 14080.0 12827.1    259    1.655   5      0.571   -          -    2.227
         3614.6 4672.0 4672.0  0.0   2900.0 37504.0   3285.0   93560.0    76168.3   105216.0 101918.0 14080.0 12827.1    259    1.655   5      0.571   -          -    2.227
         3615.6 4672.0 4672.0  0.0   2900.0 37504.0   3285.0   93560.0    76168.3   105216.0 101918.0 14080.0 12827.1    259    1.655   5      0.571   -          -    2.227
         3616.6 4672.0 4672.0  0.0   2900.0 37504.0   3285.0   93560.0    76168.3   105216.0 101918.0 14080.0 12827.1    259    1.655   5      0.571   -          -    2.227
         3617.6 4672.0 4672.0  0.0   2900.0 37504.0   3285.0   93560.0    76168.3   105216.0 101918.0 14080.0 12827.1    259    1.655   5      0.571   -          -    2.227
         3618.6 4672.0 4672.0  0.0   2900.0 37504.0   3285.0   93560.0    76168.3   105216.0 101918.0 14080.0 12827.1    259    1.655   5      0.571   -          -    2.227
         3619.6 4672.0 4672.0  0.0   2900.0 37504.0   3285.0   93560.0    76168.3   105216.0 101918.0 14080.0 12827.1    259    1.655   5      0.571   -          -    2.227
         3620.6 4672.0 4672.0  0.0   2900.0 37504.0   3362.2   93560.0    76168.3   105216.0 101918.0 14080.0 12827.1    259    1.655   5      0.571   -          -    2.227
         3621.6 4672.0 4672.0  0.0   2900.0 37504.0   3362.2   93560.0    76168.3   105216.0 101918.0 14080.0 12827.1    259    1.655   5      0.571   -          -    2.227
         3622.6 4672.0 4672.0  0.0   2900.0 37504.0   3367.4   93560.0    76168.3   105216.0 101918.0 14080.0 12827.1    259    1.655   5      0.571   -          -    2.227
         3623.6 4672.0 4672.0  0.0   2900.0 37504.0   3367.4   93560.0    76168.3   105216.0 101918.0 14080.0 12827.1    259    1.655   5      0.571   -          -    2.227
         3624.5 4672.0 4672.0  0.0   2900.0 37504.0   3367.4   93560.0    76168.3   105216.0 101918.0 14080.0 12827.1    259    1.655   5      0.571   -          -    2.227
         3625.5 4672.0 4672.0  0.0   2900.0 37504.0   3370.0   93560.0    76168.3   105216.0 101918.0 14080.0 12827.1    259    1.655   5      0.571   -          -    2.227
         3626.6 4672.0 4672.0  0.0   2900.0 37504.0   3370.0   93560.0    76168.3   105216.0 101918.0 14080.0 12827.1    259    1.655   5      0.571   -          -    2.227
         3627.6 4672.0 4672.0  0.0   2900.0 37504.0   3370.0   93560.0    76168.3   105216.0 101918.0 14080.0 12827.1    259    1.655   5      0.571   -          -    2.227
         3628.6 4672.0 4672.0  0.0   2900.0 37504.0   3370.0   93560.0    76168.3   105216.0 101918.0 14080.0 12827.1    259    1.655   5      0.571   -          -    2.227
         3629.6 4672.0 4672.0  0.0   2900.0 37504.0   3370.0   93560.0    76168.3   105216.0 101918.0 14080.0 12827.1    259    1.655   5      0.571   -          -    2.227
         3630.6 4672.0 4672.0  0.0   2900.0 37504.0   3447.6   93560.0    76168.3   105216.0 101918.0 14080.0 12827.1    259    1.655   5      0.571   -          -    2.227
         3631.6 4672.0 4672.0  0.0   2900.0 37504.0   3447.6   93560.0    76168.3   105216.0 101918.0 14080.0 12827.1    259    1.655   5      0.571   -          -    2.227
         3632.6 4672.0 4672.0  0.0   2900.0 37504.0   3450.2   93560.0    76168.3   105216.0 101918.0 14080.0 12827.1    259    1.655   5      0.571   -          -    2.227
         3633.6 4672.0 4672.0  0.0   2900.0 37504.0   3450.2   93560.0    76168.3   105216.0 101918.0 14080.0 12827.1    259    1.655   5      0.571   -          -    2.227
         3634.6 4672.0 4672.0  0.0   2900.0 37504.0   3450.2   93560.0    76168.3   105216.0 101918.0 14080.0 12827.1    259    1.655   5      0.571   -          -    2.227
         3635.6 4672.0 4672.0  0.0   2900.0 37504.0   3450.2   93560.0    76168.3   105216.0 101918.0 14080.0 12827.1    259    1.655   5      0.571   -          -    2.227
         3636.6 4672.0 4672.0  0.0   2900.0 37504.0   3450.2   93560.0    76168.3   105216.0 101918.0 14080.0 12827.1    259    1.655   5      0.571   -          -    2.227
         3637.6 4672.0 4672.0  0.0   2900.0 37504.0   3450.2   93560.0    76168.3   105216.0 101918.0 14080.0 12827.1    259    1.655   5      0.571   -          -    2.227
         3638.6 4672.0 4672.0  0.0   2900.0 37504.0   3450.2   93560.0    76168.3   105216.0 101918.0 14080.0 12827.1    259    1.655   5      0.571   -          -    2.227
         3639.6 4672.0 4672.0  0.0   2900.0 37504.0   3494.2   93560.0    76168.3   105216.0 101918.0 14080.0 12827.1    259    1.655   5      0.571   -          -    2.227
         3640.6 4672.0 4672.0  0.0   2900.0 37504.0   3585.4   93560.0    76168.3   105216.0 101918.0 14080.0 12827.1    259    1.655   5      0.571   -          -    2.227
         3641.6 4672.0 4672.0  0.0   2900.0 37504.0   3602.4   93560.0    76168.3   105216.0 101918.0 14080.0 12827.1    259    1.655   5      0.571   -          -    2.227
         3642.6 4672.0 4672.0  0.0   2900.0 37504.0   3605.0   93560.0    76168.3   105216.0 101918.0 14080.0 12827.1    259    1.655   5      0.571   -          -    2.227
         3643.6 4672.0 4672.0  0.0   2900.0 37504.0   3605.0   93560.0    76168.3   105216.0 101918.0 14080.0 12827.1    259    1.655   5      0.571   -          -    2.227
         3644.6 4672.0 4672.0  0.0   2900.0 37504.0   3605.0   93560.0    76168.3   105216.0 101918.0 14080.0 12827.1    259    1.655   5      0.571   -          -    2.227
         3645.6 4672.0 4672.0  0.0   2900.0 37504.0   3605.0   93560.0    76168.3   105216.0 101918.0 14080.0 12827.1    259    1.655   5      0.571   -          -    2.227
         3646.6 4672.0 4672.0  0.0   2900.0 37504.0   3605.0   93560.0    76168.3   105216.0 101918.0 14080.0 12827.1    259    1.655   5      0.571   -          -    2.227
         3647.6 4672.0 4672.0  0.0   2900.0 37504.0   3605.0   93560.0    76168.3   105216.0 101918.0 14080.0 12827.1    259    1.655   5      0.571   -          -    2.227
         3648.6 4672.0 4672.0  0.0   2900.0 37504.0   3605.0   93560.0    76168.3   105216.0 101918.0 14080.0 12827.1    259    1.655   5      0.571   -          -    2.227
         3649.6 4672.0 4672.0  0.0   2900.0 37504.0   3605.0   93560.0    76168.3   105216.0 101918.0 14080.0 12827.1    259    1.655   5      0.571   -          -    2.227
         3650.6 4672.0 4672.0  0.0   2900.0 37504.0   3682.0   93560.0    76168.3   105216.0 101918.0 14080.0 12827.1    259    1.655   5      0.571   -          -    2.227
         3651.6 4672.0 4672.0  0.0   2900.0 37504.0   3682.0   93560.0    76168.3   105216.0 101918.0 14080.0 12827.1    259    1.655   5      0.571   -          -    2.227
         3652.6 4672.0 4672.0  0.0   2900.0 37504.0   3684.6   93560.0    76168.3   105216.0 101918.0 14080.0 12827.1    259    1.655   5      0.571   -          -    2.227
         3653.6 4672.0 4672.0  0.0   2900.0 37504.0   3684.6   93560.0    76168.3   105216.0 101918.0 14080.0 12827.1    259    1.655   5      0.571   -          -    2.227
         3654.6 4672.0 4672.0  0.0   2900.0 37504.0   3684.6   93560.0    76168.3   105216.0 101918.0 14080.0 12827.1    259    1.655   5      0.571   -          -    2.227
         3655.6 4672.0 4672.0  0.0   2900.0 37504.0   3690.9   93560.0    76168.3   105216.0 101918.0 14080.0 12827.1    259    1.655   5      0.571   -          -    2.227
         3656.6 4672.0 4672.0  0.0   2900.0 37504.0   3690.9   93560.0    76168.3   105216.0 101918.0 14080.0 12827.1    259    1.655   5      0.571   -          -    2.227
         3657.6 4672.0 4672.0  0.0   2900.0 37504.0   3690.9   93560.0    76168.3   105216.0 101918.0 14080.0 12827.1    259    1.655   5      0.571   -          -    2.227
         3658.6 4672.0 4672.0  0.0   2900.0 37504.0   3690.9   93560.0    76168.3   105216.0 101918.0 14080.0 12827.1    259    1.655   5      0.571   -          -    2.227
         3659.6 4672.0 4672.0  0.0   2900.0 37504.0   3690.9   93560.0    76168.3   105216.0 101918.0 14080.0 12827.1    259    1.655   5      0.571   -          -    2.227
         3660.6 4672.0 4672.0  0.0   2900.0 37504.0   3775.8   93560.0    76168.3   105216.0 101918.0 14080.0 12827.1    259    1.655   5      0.571   -          -    2.227
         3661.6 4672.0 4672.0  0.0   2900.0 37504.0   3775.8   93560.0    76168.3   105216.0 101918.0 14080.0 12827.1    259    1.655   5      0.571   -          -    2.227
         3662.6 4672.0 4672.0  0.0   2900.0 37504.0   3781.0   93560.0    76168.3   105216.0 101918.0 14080.0 12827.1    259    1.655   5      0.571   -          -    2.227
         3663.6 4672.0 4672.0  0.0   2900.0 37504.0   3781.0   93560.0    76168.3   105216.0 101918.0 14080.0 12827.1    259    1.655   5      0.571   -          -    2.227
         3664.6 4672.0 4672.0  0.0   2900.0 37504.0   3781.0   93560.0    76168.3   105216.0 101918.0 14080.0 12827.1    259    1.655   5      0.571   -          -    2.227
         3665.6 4672.0 4672.0  0.0   2900.0 37504.0   3781.0   93560.0    76168.3   105216.0 101918.0 14080.0 12827.1    259    1.655   5      0.571   -          -    2.227
         3666.6 4672.0 4672.0  0.0   2900.0 37504.0   3781.0   93560.0    76168.3   105216.0 101918.0 14080.0 12827.1    259    1.655   5      0.571   -          -    2.227
         3667.6 4672.0 4672.0  0.0   2900.0 37504.0   3781.0   93560.0    76168.3   105216.0 101918.0 14080.0 12827.1    259    1.655   5      0.571   -          -    2.227
         3668.6 4672.0 4672.0  0.0   2900.0 37504.0   3781.0   93560.0    76168.3   105216.0 101918.0 14080.0 12827.1    259    1.655   5      0.571   -          -    2.227
         3669.6 4672.0 4672.0  0.0   2900.0 37504.0   3781.0   93560.0    76168.3   105216.0 101918.0 14080.0 12827.1    259    1.655   5      0.571   -          -    2.227
         3670.6 4672.0 4672.0  0.0   2900.0 37504.0   3953.5   93560.0    76168.3   105216.0 101918.0 14080.0 12827.1    259    1.655   5      0.571   -          -    2.227
         3671.6 4672.0 4672.0  0.0   2900.0 37504.0   3970.5   93560.0    76168.3   105216.0 101918.0 14080.0 12827.1    259    1.655   5      0.571   -          -    2.227
         3672.6 4672.0 4672.0  0.0   2900.0 37504.0   3973.1   93560.0    76168.3   105216.0 101918.0 14080.0 12827.1    259    1.655   5      0.571   -          -    2.227
         3673.6 4672.0 4672.0  0.0   2900.0 37504.0   3973.1   93560.0    76168.3   105216.0 101918.0 14080.0 12827.1    259    1.655   5      0.571   -          -    2.227
         3674.6 4672.0 4672.0  0.0   2900.0 37504.0   3975.6   93560.0    76168.3   105216.0 101918.0 14080.0 12827.1    259    1.655   5      0.571   -          -    2.227
         3675.6 4672.0 4672.0  0.0   2900.0 37504.0   3975.6   93560.0    76168.3   105216.0 101918.0 14080.0 12827.1    259    1.655   5      0.571   -          -    2.227
         3676.6 4672.0 4672.0  0.0   2900.0 37504.0   3975.6   93560.0    76168.3   105216.0 101918.0 14080.0 12827.1    259    1.655   5      0.571   -          -    2.227
         3677.6 4672.0 4672.0  0.0   2900.0 37504.0   3975.6   93560.0    76168.3   105216.0 101918.0 14080.0 12827.1    259    1.655   5      0.571   -          -    2.227
         3678.6 4672.0 4672.0  0.0   2900.0 37504.0   3975.6   93560.0    76168.3   105216.0 101918.0 14080.0 12827.1    259    1.655   5      0.571   -          -    2.227
         3679.6 4672.0 4672.0  0.0   2900.0 37504.0   3975.6   93560.0    76168.3   105216.0 101918.0 14080.0 12827.1    259    1.655   5      0.571   -          -    2.227
         3680.6 4672.0 4672.0  0.0   2900.0 37504.0   4053.6   93560.0    76168.3   105216.0 101918.0 14080.0 12827.1    259    1.655   5      0.571   -          -    2.227
         3681.6 4672.0 4672.0  0.0   2900.0 37504.0   4053.6   93560.0    76168.3   105216.0 101918.0 14080.0 12827.1    259    1.655   5      0.571   -          -    2.227
         3682.6 4672.0 4672.0  0.0   2900.0 37504.0   4056.2   93560.0    76168.3   105216.0 101918.0 14080.0 12827.1    259    1.655   5      0.571   -          -    2.227
         3683.6 4672.0 4672.0  0.0   2900.0 37504.0   4056.2   93560.0    76168.3   105216.0 101918.0 14080.0 12827.1    259    1.655   5      0.571   -          -    2.227
         3684.6 4672.0 4672.0  0.0   2900.0 37504.0   4056.2   93560.0    76168.3   105216.0 101918.0 14080.0 12827.1    259    1.655   5      0.571   -          -    2.227
         3685.6 4672.0 4672.0  0.0   2900.0 37504.0   4056.2   93560.0    76168.3   105216.0 101918.0 14080.0 12827.1    259    1.655   5      0.571   -          -    2.227
         3686.6 4672.0 4672.0  0.0   2900.0 37504.0   4056.2   93560.0    76168.3   105216.0 101918.0 14080.0 12827.1    259    1.655   5      0.571   -          -    2.227
         3687.6 4672.0 4672.0  0.0   2900.0 37504.0   4056.2   93560.0    76168.3   105216.0 101918.0 14080.0 12827.1    259    1.655   5      0.571   -          -    2.227
         3688.6 4672.0 4672.0  0.0   2900.0 37504.0   4056.2   93560.0    76168.3   105216.0 101918.0 14080.0 12827.1    259    1.655   5      0.571   -          -    2.227
         3689.6 4672.0 4672.0  0.0   2900.0 37504.0   4056.2   93560.0    76168.3   105216.0 101918.0 14080.0 12827.1    259    1.655   5      0.571   -          -    2.227
         3690.6 4672.0 4672.0  0.0   2900.0 37504.0   4133.2   93560.0    76168.3   105216.0 101918.0 14080.0 12827.1    259    1.655   5      0.571   -          -    2.227
         3691.6 4672.0 4672.0  0.0   2900.0 37504.0   4133.2   93560.0    76168.3   105216.0 101918.0 14080.0 12827.1    259    1.655   5      0.571   -          -    2.227
         3692.6 4672.0 4672.0  0.0   2900.0 37504.0   4135.8   93560.0    76168.3   105216.0 101918.0 14080.0 12827.1    259    1.655   5      0.571   -          -    2.227
         3693.6 4672.0 4672.0  0.0   2900.0 37504.0   4135.8   93560.0    76168.3   105216.0 101918.0 14080.0 12827.1    259    1.655   5      0.571   -          -    2.227
         3694.6 4672.0 4672.0  0.0   2900.0 37504.0   4135.8   93560.0    76168.3   105216.0 101918.0 14080.0 12827.1    259    1.655   5      0.571   -          -    2.227
         3695.6 4672.0 4672.0  0.0   2900.0 37504.0   4135.8   93560.0    76168.3   105216.0 101918.0 14080.0 12827.1    259    1.655   5      0.571   -          -    2.227
         3696.6 4672.0 4672.0  0.0   2900.0 37504.0   4135.8   93560.0    76168.3   105216.0 101918.0 14080.0 12827.1    259    1.655   5      0.571   -          -    2.227
         3697.6 4672.0 4672.0  0.0   2900.0 37504.0   4135.8   93560.0    76168.3   105216.0 101918.0 14080.0 12827.1    259    1.655   5      0.571   -          -    2.227
         3698.6 4672.0 4672.0  0.0   2900.0 37504.0   4135.8   93560.0    76168.3   105216.0 101918.0 14080.0 12827.1    259    1.655   5      0.571   -          -    2.227
         3699.6 4672.0 4672.0  0.0   2900.0 37504.0   4138.4   93560.0    76168.3   105216.0 101918.0 14080.0 12827.1    259    1.655   5      0.571   -          -    2.227
         3700.6 4672.0 4672.0  0.0   2900.0 37504.0   4294.9   93560.0    76168.3   105216.0 101918.0 14080.0 12827.1    259    1.655   5      0.571   -          -    2.227
         3701.6 4672.0 4672.0  0.0   2900.0 37504.0   4311.9   93560.0    76168.3   105216.0 101918.0 14080.0 12827.1    259    1.655   5      0.571   -          -    2.227
         3702.6 4672.0 4672.0  0.0   2900.0 37504.0   4314.5   93560.0    76168.3   105216.0 101918.0 14080.0 12827.1    259    1.655   5      0.571   -          -    2.227
         3703.6 4672.0 4672.0  0.0   2900.0 37504.0   4314.5   93560.0    76168.3   105216.0 101918.0 14080.0 12827.1    259    1.655   5      0.571   -          -    2.227
         3704.6 4672.0 4672.0  0.0   2900.0 37504.0   4314.5   93560.0    76168.3   105216.0 101918.0 14080.0 12827.1    259    1.655   5      0.571   -          -    2.227
         3705.6 4672.0 4672.0  0.0   2900.0 37504.0   4314.5   93560.0    76168.3   105216.0 101918.0 14080.0 12827.1    259    1.655   5      0.571   -          -    2.227
         3706.6 4672.0 4672.0  0.0   2900.0 37504.0   4314.5   93560.0    76168.3   105216.0 101918.0 14080.0 12827.1    259    1.655   5      0.571   -          -    2.227
         3707.6 4672.0 4672.0  0.0   2900.0 37504.0   4314.5   93560.0    76168.3   105216.0 101918.0 14080.0 12827.1    259    1.655   5      0.571   -          -    2.227
         3708.6 4672.0 4672.0  0.0   2900.0 37504.0   4314.5   93560.0    76168.3   105216.0 101918.0 14080.0 12827.1    259    1.655   5      0.571   -          -    2.227
         3709.6 4672.0 4672.0  0.0   2900.0 37504.0   4314.5   93560.0    76168.3   105216.0 101918.0 14080.0 12827.1    259    1.655   5      0.571   -          -    2.227
         3710.6 4672.0 4672.0  0.0   2900.0 37504.0   4391.5   93560.0    76168.3   105216.0 101918.0 14080.0 12827.1    259    1.655   5      0.571   -          -    2.227
         3711.6 4672.0 4672.0  0.0   2900.0 37504.0   4391.5   93560.0    76168.3   105216.0 101918.0 14080.0 12827.1    259    1.655   5      0.571   -          -    2.227
         3712.6 4672.0 4672.0  0.0   2900.0 37504.0   4394.1   93560.0    76168.3   105216.0 101918.0 14080.0 12827.1    259    1.655   5      0.571   -          -    2.227
         3713.6 4672.0 4672.0  0.0   2900.0 37504.0   4394.1   93560.0    76168.3   105216.0 101918.0 14080.0 12827.1    259    1.655   5      0.571   -          -    2.227
         3714.6 4672.0 4672.0  0.0   2900.0 37504.0   4394.1   93560.0    76168.3   105216.0 101918.0 14080.0 12827.1    259    1.655   5      0.571   -          -    2.227
         3715.6 4672.0 4672.0  0.0   2900.0 37504.0   4403.5   93560.0    76168.3   105216.0 101918.0 14080.0 12827.1    259    1.655   5      0.571   -          -    2.227
         3716.6 4672.0 4672.0  0.0   2900.0 37504.0   4403.5   93560.0    76168.3   105216.0 101918.0 14080.0 12827.1    259    1.655   5      0.571   -          -    2.227
         3717.6 4672.0 4672.0  0.0   2900.0 37504.0   4403.5   93560.0    76168.3   105216.0 101918.0 14080.0 12827.1    259    1.655   5      0.571   -          -    2.227
         3718.6 4672.0 4672.0  0.0   2900.0 37504.0   4403.5   93560.0    76168.3   105216.0 101918.0 14080.0 12827.1    259    1.655   5      0.571   -          -    2.227
         3719.6 4672.0 4672.0  0.0   2900.0 37504.0   4403.5   93560.0    76168.3   105216.0 101918.0 14080.0 12827.1    259    1.655   5      0.571   -          -    2.227
         3720.6 4672.0 4672.0  0.0   2900.0 37504.0   4480.6   93560.0    76168.3   105216.0 101918.0 14080.0 12827.1    259    1.655   5      0.571   -          -    2.227
         3721.6 4672.0 4672.0  0.0   2900.0 37504.0   4480.6   93560.0    76168.3   105216.0 101918.0 14080.0 12827.1    259    1.655   5      0.571   -          -    2.227
         3722.6 4672.0 4672.0  0.0   2900.0 37504.0   4483.2   93560.0    76168.3   105216.0 101918.0 14080.0 12827.1    259    1.655   5      0.571   -          -    2.227
         3723.6 4672.0 4672.0  0.0   2900.0 37504.0   4483.2   93560.0    76168.3   105216.0 101918.0 14080.0 12827.1    259    1.655   5      0.571   -          -    2.227
         3724.6 4672.0 4672.0  0.0   2900.0 37504.0   4483.2   93560.0    76168.3   105216.0 101918.0 14080.0 12827.1    259    1.655   5      0.571   -          -    2.227
         3725.6 4672.0 4672.0  0.0   2900.0 37504.0   4483.2   93560.0    76168.3   105216.0 101918.0 14080.0 12827.1    259    1.655   5      0.571   -          -    2.227
         3726.6 4672.0 4672.0  0.0   2900.0 37504.0   4483.2   93560.0    76168.3   105216.0 101918.0 14080.0 12827.1    259    1.655   5      0.571   -          -    2.227
         3727.6 4672.0 4672.0  0.0   2900.0 37504.0   4485.8   93560.0    76168.3   105216.0 101918.0 14080.0 12827.1    259    1.655   5      0.571   -          -    2.227
         3728.6 4672.0 4672.0  0.0   2900.0 37504.0   4485.8   93560.0    76168.3   105216.0 101918.0 14080.0 12827.1    259    1.655   5      0.571   -          -    2.227
         3729.6 4672.0 4672.0  0.0   2900.0 37504.0   4485.8   93560.0    76168.3   105216.0 101918.0 14080.0 12827.1    259    1.655   5      0.571   -          -    2.227
         3730.6 4672.0 4672.0  0.0   2900.0 37504.0   4642.4   93560.0    76168.3   105216.0 101918.0 14080.0 12827.1    259    1.655   5      0.571   -          -    2.227
         3731.6 4672.0 4672.0  0.0   2900.0 37504.0   4659.4   93560.0    76168.3   105216.0 101918.0 14080.0 12827.1    259    1.655   5      0.571   -          -    2.227
         3732.6 4672.0 4672.0  0.0   2900.0 37504.0   4662.0   93560.0    76168.3   105216.0 101918.0 14080.0 12827.1    259    1.655   5      0.571   -          -    2.227
         3733.6 4672.0 4672.0  0.0   2900.0 37504.0   4662.0   93560.0    76168.3   105216.0 101918.0 14080.0 12827.1    259    1.655   5      0.571   -          -    2.227
         3734.6 4672.0 4672.0  0.0   2900.0 37504.0   4662.0   93560.0    76168.3   105216.0 101918.0 14080.0 12827.1    259    1.655   5      0.571   -          -    2.227
         3735.6 4672.0 4672.0  0.0   2900.0 37504.0   4662.0   93560.0    76168.3   105216.0 101918.0 14080.0 12827.1    259    1.655   5      0.571   -          -    2.227
         3736.6 4672.0 4672.0  0.0   2900.0 37504.0   4664.6   93560.0    76168.3   105216.0 101918.0 14080.0 12827.1    259    1.655   5      0.571   -          -    2.227
         3737.6 4672.0 4672.0  0.0   2900.0 37504.0   4664.6   93560.0    76168.3   105216.0 101918.0 14080.0 12827.1    259    1.655   5      0.571   -          -    2.227
         3738.6 4672.0 4672.0  0.0   2900.0 37504.0   4664.6   93560.0    76168.3   105216.0 101918.0 14080.0 12827.1    259    1.655   5      0.571   -          -    2.227
         3739.6 4672.0 4672.0  0.0   2900.0 37504.0   4664.6   93560.0    76168.3   105216.0 101918.0 14080.0 12827.1    259    1.655   5      0.571   -          -    2.227
         3740.6 4672.0 4672.0  0.0   2900.0 37504.0   4741.9   93560.0    76168.3   105216.0 101918.0 14080.0 12827.1    259    1.655   5      0.571   -          -    2.227
         3741.6 4672.0 4672.0  0.0   2900.0 37504.0   4741.9   93560.0    76168.3   105216.0 101918.0 14080.0 12827.1    259    1.655   5      0.571   -          -    2.227
         3742.6 4672.0 4672.0  0.0   2900.0 37504.0   4744.5   93560.0    76168.3   105216.0 101918.0 14080.0 12827.1    259    1.655   5      0.571   -          -    2.227
         3743.6 4672.0 4672.0  0.0   2900.0 37504.0   4744.5   93560.0    76168.3   105216.0 101918.0 14080.0 12827.1    259    1.655   5      0.571   -          -    2.227
         3744.6 4672.0 4672.0  0.0   2900.0 37504.0   4744.5   93560.0    76168.3   105216.0 101918.0 14080.0 12827.1    259    1.655   5      0.571   -          -    2.227
         3745.6 4672.0 4672.0  0.0   2900.0 37504.0   4744.5   93560.0    76168.3   105216.0 101918.0 14080.0 12827.1    259    1.655   5      0.571   -          -    2.227
         3746.6 4672.0 4672.0  0.0   2900.0 37504.0   4744.5   93560.0    76168.3   105216.0 101918.0 14080.0 12827.1    259    1.655   5      0.571   -          -    2.227
         3747.6 4672.0 4672.0  0.0   2900.0 37504.0   4744.5   93560.0    76168.3   105216.0 101918.0 14080.0 12827.1    259    1.655   5      0.571   -          -    2.227
         3748.6 4672.0 4672.0  0.0   2900.0 37504.0   4744.5   93560.0    76168.3   105216.0 101918.0 14080.0 12827.1    259    1.655   5      0.571   -          -    2.227
         3749.6 4672.0 4672.0  0.0   2900.0 37504.0   4744.5   93560.0    76168.3   105216.0 101918.0 14080.0 12827.1    259    1.655   5      0.571   -          -    2.227
         3750.6 4672.0 4672.0  0.0   2900.0 37504.0   4782.9   93560.0    76168.3   105216.0 101918.0 14080.0 12827.1    259    1.655   5      0.571   -          -    2.227
